Building native CUDA modules...
/home/zhouxingshi/conda/miniconda3/envs/alpha-beta-crown/lib/python3.7/site-packages/torch/utils/cpp_extension.py:3: DeprecationWarning: the imp module is deprecated in favour of importlib; see the module's documentation for alternative uses
  import imp
CUDA modules have been built.
Configurations:

general:
  device: cuda
  seed: 100
  conv_mode: patches
  deterministic: false
  double_fp: false
  loss_reduction_func: sum
  record_bounds: false
  csv_name: acasxu_instances.csv
  onnx_path: null
  vnnlib_path: null
  results_file: null
  root_path: ../../../../../vnncomp2021/benchmarks/acasxu
model:
  path: null
data:
  start: 182
  end: 183
  num_outputs: 10
  mean: 0.0
  std: 1.0
  pkl_path: null
  dataset: ACASXU
  data_filter_path: null
specification:
  type: lp
  norm: .inf
  epsilon: null
solver:
  no_float64_last_iter: false
  no_amp: false
  early_stop_patience: 10
  alpha-crown:
    alpha: true
    lr_alpha: 0.1
    iteration: 100
    share_slopes: true
    no_joint_opt: false
    lr_decay: 0.98
  beta-crown:
    batch_size: 1000
    min_batch_size_ratio: 0.1
    lr_alpha: 0.01
    lr_beta: 0.05
    lr_decay: 0.98
    optimizer: adam
    iteration: 10
    beta: true
    beta_warmup: true
  intermediate_refinement:
    enabled: false
    batch_size: 10
    opt_coeffs: false
    opt_bias: false
    lr: 0.05
    layers: [-1]
    max_domains: 1000
    solver_pkg: gurobi
  mip:
    parallel_solvers: null
    solver_threads: 1
    refine_neuron_timeout: 15
    refine_neuron_time_percentage: 0.8
    early_stop: true
bab:
  max_domains: 200000
  decision_thresh: 0
  timeout: 360
  get_upper_bound: false
  dfs_percent: 0.0
  cut:
    enabled: false
    bab_cut: false
    lp_cut: false
    method: null
    lr_decay: 1
    iteration: 500
    lr_beta: 0.01
    number_cuts: 50
    add_implied_cuts: false
    add_input_cuts: false
    _tmp_cuts: null
    _eran_cuts: null
    skip_bab: false
    max_num: 1000000000
    incomplete: false
  branching:
    method: sb
    candidates: 3
    reduceop: min
    input_split:
      enable: false
      use_alpha_patience: 20
      attack_patience: 80
  attack:
    enabled: false
    beam_candidates: 8
    beam_depth: 7
    max_dive_fix_ratio: 0.8
    min_local_free_ratio: 0.2
    mip_timeout: 30.0
    mip_start_iteration: 5
    max_dive_domains: -1
    num_dive_constraints: 50
    dive_rate: 0.2
    adv_dive: false
    adv_pool_threshold: null
    refined_mip_attacker: false
    refined_batch_size: null
  solve_slope: false
attack:
  pgd_order: before

Experiments at Mon May  2 22:05:50 2022 on ubuntu

 %%%%%%%%%%%%%%%%%%%%%%%%%%%%%%%%%%% idx: 0 %%%%%%%%%%%%%%%%%%%%%%%%%%%%%%%%%%%%%%%%
##### [182] True label: [3 3 3], Tested against: [0 1 2], onnx_path: ACASXU_run2a_1_9_batch_2000.onnx, vnnlib_path: prop_7.vnnlib ######
calculate grad on input: False
initial CROWN bounds: tensor([[-504.8442, -228.3389, -476.4805]], device='cuda:0') tensor([[204.3519, 370.2764, 305.2224]], device='cuda:0')
tensor([[-504.8442, -228.3389, -476.4805]], device='cuda:0')
decision time: 0.8098080158233643
insert to domain / total batch time: 0.000277/0.832808
length of domains: 2
Current lb:-195.12855529785156
2 neurons visited

decision time: 0.11460471153259277
insert to domain / total batch time: 0.000492/0.137808
length of domains: 4
Current lb:-176.70867919921875
6 neurons visited

decision time: 0.11464238166809082
insert to domain / total batch time: 0.000920/0.138345
length of domains: 8
Current lb:-137.23289489746094
14 neurons visited

decision time: 0.12139129638671875
insert to domain / total batch time: 0.002175/0.146550
length of domains: 16
Current lb:-121.7908706665039
30 neurons visited

decision time: 0.11882638931274414
insert to domain / total batch time: 0.004540/0.146852
length of domains: 32
Current lb:-108.80388641357422
62 neurons visited

decision time: 0.1223301887512207
insert to domain / total batch time: 0.011147/0.157913
length of domains: 64
Current lb:-100.76685333251953
126 neurons visited

decision time: 0.13161540031433105
insert to domain / total batch time: 0.025717/0.182557
length of domains: 128
Current lb:-81.7552719116211
254 neurons visited

decision time: 0.1373271942138672
insert to domain / total batch time: 0.055588/0.220688
length of domains: 256
Current lb:-77.3519515991211
510 neurons visited

decision time: 0.15971803665161133
insert to domain / total batch time: 0.125578/0.317438
length of domains: 512
Current lb:-63.79262161254883
1022 neurons visited

decision time: 0.20575666427612305
insert to domain / total batch time: 0.279308/0.526824
length of domains: 1024
Current lb:-54.17905807495117
2046 neurons visited

decision time: 0.3380920886993408
insert to domain / total batch time: 0.617173/1.022683
length of domains: 2024
Current lb:-50.16923904418945
4046 neurons visited

decision time: 0.3303816318511963
insert to domain / total batch time: 0.671916/1.069371
length of domains: 3024
Current lb:-43.227447509765625
6046 neurons visited

decision time: 0.3269228935241699
insert to domain / total batch time: 0.691026/1.084855
length of domains: 4024
Current lb:-37.86652374267578
8046 neurons visited

decision time: 0.32332396507263184
insert to domain / total batch time: 0.695697/1.085255
length of domains: 5024
Current lb:-28.71148109436035
10046 neurons visited

decision time: 0.3227221965789795
insert to domain / total batch time: 0.710076/1.099057
length of domains: 6024
Current lb:-25.466848373413086
12046 neurons visited

decision time: 0.32187366485595703
insert to domain / total batch time: 0.817703/1.206180
length of domains: 7024
Current lb:-22.2054443359375
14046 neurons visited

decision time: 0.32119035720825195
insert to domain / total batch time: 0.738819/1.126685
length of domains: 8024
Current lb:-15.820201873779297
16046 neurons visited

decision time: 0.32340121269226074
insert to domain / total batch time: 0.763485/1.153545
length of domains: 9024
Current lb:-12.620474815368652
18046 neurons visited

decision time: 0.32284116744995117
insert to domain / total batch time: 0.756929/1.146575
length of domains: 10023
Current lb:-10.09449577331543
20046 neurons visited

decision time: 0.3235330581665039
insert to domain / total batch time: 0.772518/1.162910
length of domains: 11023
Current lb:-10.460593223571777
22046 neurons visited

decision time: 0.32683229446411133
insert to domain / total batch time: 0.770756/1.164861
length of domains: 12023
Current lb:-10.08847713470459
24046 neurons visited

decision time: 0.322829008102417
insert to domain / total batch time: 0.773277/1.162989
length of domains: 13019
Current lb:-10.51622486114502
26046 neurons visited

decision time: 0.32308149337768555
insert to domain / total batch time: 0.878996/1.269073
length of domains: 14019
Current lb:-10.38772964477539
28046 neurons visited

decision time: 0.32328343391418457
insert to domain / total batch time: 0.793126/1.183312
length of domains: 15011
Current lb:-10.139202117919922
30046 neurons visited

decision time: 0.32236385345458984
insert to domain / total batch time: 0.788867/1.178321
length of domains: 16011
Current lb:-10.04262924194336
32046 neurons visited

decision time: 0.32572197914123535
insert to domain / total batch time: 0.797475/1.190300
length of domains: 17006
Current lb:-8.300135612487793
34046 neurons visited

decision time: 0.3244655132293701
insert to domain / total batch time: 0.800362/1.192301
length of domains: 18006
Current lb:-9.464529037475586
36046 neurons visited

calculate grad on input: False
alpha-CROWN optimizable variables initialized.
best_l after optimization: 94.12047576904297 with beta sum per layer: []
alpha/beta optimization time: 4.029437065124512
initial CROWN bounds: tensor([[-160.9515,  -94.1205, -158.5606]], device='cuda:0',
       grad_fn=<AsStridedBackward>) None
decision time: 0.12109088897705078
best_l after optimization: 154.77471923828125 with beta sum per layer: []
alpha/beta optimization time: 2.324352979660034
insert to domain / total batch time: 0.000347/2.448793
length of domains: 2
Current lb:-78.56964111328125
36048 neurons visited

decision time: 0.12035870552062988
best_l after optimization: 232.74166870117188 with beta sum per layer: []
alpha/beta optimization time: 0.6529538631439209
insert to domain / total batch time: 0.000528/0.777401
length of domains: 4
Current lb:-61.9361686706543
36052 neurons visited

decision time: 0.1208188533782959
best_l after optimization:/home/zhouxingshi/conda/miniconda3/envs/alpha-beta-crown/lib/python3.7/site-packages/onnx2pytorch/convert/operations.py:110: UserWarning: The given NumPy array is not writeable, and PyTorch does not support non-writeable tensors. This means you can write to the underlying (supposedly non-writeable) NumPy array using the tensor. You may want to copy the array to protect its data or make it writeable before converting it to a tensor. This type of warning will be suppressed for the rest of this program. (Triggered internally at  /opt/conda/conda-bld/pytorch_1627336316785/work/torch/csrc/utils/tensor_numpy.cpp:143.)
  weight = torch.from_numpy(numpy_helper.to_array(params[0]))
/mnt/data1/zhouxing/gputest/CROWN-GENERAL/tests/gpu_tests/vnncomp/acasxu/../../../../complete_verifier/bab_verification_input_split.py:208: VisibleDeprecationWarning: Creating an ndarray from ragged nested sequences (which is a list-or-tuple of lists-or-tuples-or ndarrays with different lengths or shapes) is deprecated. If you meant to do this, you must specify 'dtype=object' when creating the ndarray
  ret = np.array(ret)
/mnt/data1/zhouxing/gputest/CROWN-GENERAL/tests/gpu_tests/vnncomp/acasxu/../../../../complete_verifier/bab_verification_input_split.py:225: ResourceWarning: unclosed file <_io.TextIOWrapper name='../../../../../vnncomp2021/benchmarks/acasxu/acasxu_instances.csv' mode='r' encoding='UTF-8'>
  main()
ResourceWarning: Enable tracemalloc to get the object allocation traceback
 379.2235107421875 with beta sum per layer: []
alpha/beta optimization time: 0.6544656753540039
insert to domain / total batch time: 0.000905/0.781576
length of domains: 8
Current lb:-53.70146560668945
36060 neurons visited

decision time: 0.12286138534545898
best_l after optimization: 628.630615234375 with beta sum per layer: []
alpha/beta optimization time: 0.6552834510803223
insert to domain / total batch time: 0.002223/0.789340
length of domains: 16
Current lb:-45.12042999267578
36076 neurons visited

decision time: 0.12791752815246582
best_l after optimization: 990.8994140625 with beta sum per layer: []
alpha/beta optimization time: 0.6588134765625
insert to domain / total batch time: 0.004101/0.807236
length of domains: 32
Current lb:-38.27199172973633
36108 neurons visited

decision time: 0.12959599494934082
best_l after optimization: 1432.186279296875 with beta sum per layer: []
alpha/beta optimization time: 0.6625938415527344
insert to domain / total batch time: 0.010944/0.834210
length of domains: 64
Current lb:-32.12824630737305
36172 neurons visited

decision time: 0.13715457916259766
best_l after optimization: 2032.091064453125 with beta sum per layer: []
alpha/beta optimization time: 0.6680071353912354
insert to domain / total batch time: 0.023880/0.889083
length of domains: 128
Current lb:-28.090436935424805
36300 neurons visited

decision time: 0.15270543098449707
best_l after optimization: 3182.472900390625 with beta sum per layer: []
alpha/beta optimization time: 0.6835789680480957
insert to domain / total batch time: 0.056973/1.012852
length of domains: 256
Current lb:-25.126955032348633
36556 neurons visited

decision time: 0.186661958694458
best_l after optimization: 5013.69140625 with beta sum per layer: []
alpha/beta optimization time: 0.7326245307922363
insert to domain / total batch time: 0.127334/1.284053
length of domains: 512
Current lb:-21.933212280273438
37068 neurons visited

decision time: 0.2575087547302246
best_l after optimization: 6853.04736328125 with beta sum per layer: []
alpha/beta optimization time: 0.9036030769348145
insert to domain / total batch time: 0.280521/1.984735
length of domains: 1024
Current lb:-18.54432487487793
38092 neurons visited

decision time: 0.44811129570007324
best_l after optimization: 9559.4296875 with beta sum per layer: []
alpha/beta optimization time: 1.363419771194458
insert to domain / total batch time: 0.706959/3.469861
length of domains: 2024
Current lb:-16.437618255615234
40092 neurons visited

decision time: 0.4421398639678955
best_l after optimization: 11127.3447265625 with beta sum per layer: []
alpha/beta optimization time: 1.3267786502838135
insert to domain / total batch time: 0.691611/3.392440
length of domains: 3024
Current lb:-14.203786849975586
42092 neurons visited

decision time: 0.44367289543151855
best_l after optimization: 8639.677734375 with beta sum per layer: []
alpha/beta optimization time: 1.343520164489746
insert to domain / total batch time: 0.715918/3.525570
length of domains: 4024
Current lb:-12.058072090148926
44092 neurons visited

decision time: 0.4439535140991211
best_l after optimization: 7604.9658203125 with beta sum per layer: []
alpha/beta optimization time: 1.354024887084961
insert to domain / total batch time: 0.721188/3.637408
length of domains: 5024
Current lb:-10.139369010925293
46092 neurons visited

decision time: 0.45200371742248535
best_l after optimization: 7832.90380859375 with beta sum per layer: []
alpha/beta optimization time: 1.3390891551971436
insert to domain / total batch time: 0.865007/3.595482
length of domains: 6024
Current lb:-8.658674240112305
48092 neurons visited

decision time: 0.4466423988342285
best_l after optimization: 6666.7607421875 with beta sum per layer: []
alpha/beta optimization time: 1.3563966751098633
insert to domain / total batch time: 0.747411/3.502321
length of domains: 7024
Current lb:-7.0635552406311035
50092 neurons visited

decision time: 0.4544494152069092
best_l after optimization: 6693.14404296875 with beta sum per layer: []
alpha/beta optimization time: 1.4070324897766113
insert to domain / total batch time: 0.746906/3.744328
length of domains: 8024
Current lb:-5.958011150360107
52092 neurons visited

decision time: 0.4907350540161133
best_l after optimization: 5968.443359375 with beta sum per layer: []
alpha/beta optimization time: 1.4021446704864502
insert to domain / total batch time: 0.772167/3.877404
length of domains: 9024
Current lb:-4.9401984214782715
54092 neurons visited

decision time: 0.45819520950317383
best_l after optimization: 5100.9814453125 with beta sum per layer: []
alpha/beta optimization time: 1.4291625022888184
insert to domain / total batch time: 0.775368/3.637279
length of domains: 10024
Current lb:-4.040148735046387
56092 neurons visited

decision time: 0.4571707248687744
best_l after optimization: 4943.3486328125 with beta sum per layer: []
alpha/beta optimization time: 1.3981595039367676
insert to domain / total batch time: 0.784830/3.883013
length of domains: 11024
Current lb:-3.552216053009033
58092 neurons visited

decision time: 0.4552762508392334
best_l after optimization: 4747.8447265625 with beta sum per layer: []
alpha/beta optimization time: 1.3586015701293945
insert to domain / total batch time: 0.791049/3.646274
length of domains: 12024
Current lb:-3.3806917667388916
60092 neurons visited

decision time: 0.4595634937286377
best_l after optimization: 4617.14013671875 with beta sum per layer: []
alpha/beta optimization time: 1.3515956401824951
insert to domain / total batch time: 0.783817/3.880332
length of domains: 13024
Current lb:-3.2455615997314453
62092 neurons visited

attacking loss tensor(-0.0003, device='cuda:0', grad_fn=<MeanBackward0>)
attacking loss tensor(-0.0002, device='cuda:0', grad_fn=<MeanBackward0>)
adversarial example found! [-0.02027205 -0.01961819 -0.01989569 -0.02041287 -0.02011261]
Image 182 against [0 1 2] verify end, Time cost: 86.31931972503662
[[182 -3.2455615997314453 62092 86.31931972503662 array([0, 1, 2])]]
[['183' 'SAT']]
time mean: 86.31931972503662, branches mean: 62092.0
final verified acc: 18500.0%[1]
Total verification count: 1 total verified: 185
mean time [total:1]: 86.31931972503662
mean time [cnt:1]: 86.31931972503662
