Configurations:

general:
  device: cuda
  seed: 100
  conv_mode: patches
  deterministic: false
  double_fp: false
  loss_reduction_func: sum
  record_bounds: false
  sparse_alpha: true
  save_adv_example: false
  precompile_jit: false
  complete_verifier: bab
  enable_incomplete_verification: true
  csv_name: null
  results_file: out.txt
  root_path: ''
model:
  name: cnn_4layer_mix4
  path: cifar_cnn_a_mix4.model
  onnx_path: null
  onnx_path_prefix: ''
  cache_onnx_conversion: false
  onnx_quirks: null
  input_shape: null
  onnx_loader: default_onnx_and_vnnlib_loader
  onnx_optimization_flags: none
data:
  start: 19
  end: 20
  select_instance: null
  num_outputs: 10
  mean: 0.0
  std: 1.0
  pkl_path: null
  dataset: CIFAR_SDP
  data_filter_path: null
  data_idx_file: null
specification:
  type: lp
  robustness_type: verified-acc
  norm: .inf
  epsilon: 0.00784313725
  vnnlib_path: null
  vnnlib_path_prefix: ''
solver:
  batch_size: 4096
  min_batch_size_ratio: 0.1
  use_float64_in_last_iteration: false
  early_stop_patience: 10
  start_save_best: 0.5
  bound_prop_method: alpha-crown
  init_bound_prop_method: same
  prune_after_crown: false
  crown:
    batch_size: 1000000000
    max_crown_size: 1000000000
  alpha-crown:
    alpha: true
    lr_alpha: 0.1
    iteration: 100
    share_slopes: false
    no_joint_opt: false
    lr_decay: 0.98
    full_conv_alpha: true
  beta-crown:
    lr_alpha: 0.01
    lr_beta: 0.05
    lr_decay: 0.98
    optimizer: adam
    iteration: 20
    beta: true
    beta_warmup: true
    enable_opt_interm_bounds: false
    all_node_split_LP: false
  forward:
    refine: false
    dynamic: false
    max_dim: 10000
  intermediate_refinement:
    enabled: false
    batch_size: 10
    opt_coeffs: false
    opt_bias: false
    lr: 0.05
    layers: [-1]
    max_domains: 1000
  multi_class:
    multi_class_method: allclass_domain
    label_batch_size: 32
    skip_with_refined_bound: true
  mip:
    parallel_solvers: null
    solver_threads: 1
    refine_neuron_timeout: 15
    refine_neuron_time_percentage: 0.8
    early_stop: true
    adv_warmup: true
    mip_solver: gurobi
bab:
  initial_max_domains: 1
  max_domains: .inf
  decision_thresh: 0
  timeout: 30
  timeout_scale: 1
  override_timeout: null
  get_upper_bound: false
  dfs_percent: 0.0
  pruning_in_iteration: true
  pruning_in_iteration_ratio: 0.2
  sort_targets: false
  batched_domain_list: true
  optimized_intermediate_layers: ''
  interm_transfer: true
  cut:
    enabled: false
    bab_cut: false
    lp_cut: false
    method: null
    lr: 0.01
    lr_decay: 1.0
    iteration: 100
    bab_iteration: -1
    early_stop_patience: -1
    lr_beta: 0.02
    number_cuts: 50
    topk_cuts_in_filter: 100
    batch_size_primal: 100
    max_num: 1000000000
    patches_cut: false
    cplex_cuts: false
    cplex_cuts_wait: 0
    cplex_cuts_revpickup: true
    cut_reference_bounds: true
    fix_intermediate_bounds: false
    _tmp_cuts: null
    fixed_cuts: false
    _eran_cuts: null
    add_implied_cuts: false
    add_input_cuts: false
  branching:
    method: kfsb
    candidates: 3
    reduceop: min
    sb_coeff_thresh: 0.001
    branching_input_and_activation: false
    branching_input_and_activation_order: [input, relu]
    branching_input_iterations: 30
    branching_relu_iterations: 50
    sort_domain_interval: -1
    input_split:
      enable: false
      enhanced_bound_prop_method: alpha-crown
      enhanced_branching_method: naive
      enhanced_bound_patience: 100000000.0
      attack_patience: 100000000.0
      adv_check: 0
  attack:
    enabled: false
    beam_candidates: 8
    beam_depth: 7
    max_dive_fix_ratio: 0.8
    min_local_free_ratio: 0.2
    mip_start_iteration: 5
    mip_timeout: 30.0
    adv_pool_threshold: null
    refined_mip_attacker: false
    refined_batch_size: null
attack:
  pgd_order: before
  pgd_steps: 100
  pgd_restarts: 50
  pgd_early_stop: true
  pgd_lr_decay: 0.99
  pgd_alpha: auto
  pgd_loss_mode: null
  enable_mip_attack: false
  cex_path: ./test_cex.txt
  attack_mode: PGD
  gama_lambda: 10.0
  gama_decay: 0.9
  check_clean: false
  input_split:
    pgd_steps: 100
    pgd_restarts: 30
    pgd_alpha: auto
  input_split_enhanced:
    pgd_steps: 200
    pgd_restarts: 5000000
    pgd_alpha: auto
  input_split_check_adv:
    pgd_steps: 5
    pgd_restarts: 5
    pgd_alpha: auto
debug:
  lp_test: null

Experiments at Thu Dec 22 00:20:00 2022 on diablo.cs.ucla.edu
Sequential(
  (0): Conv2d(3, 16, kernel_size=(4, 4), stride=(2, 2), padding=(1, 1))
  (1): ReLU()
  (2): Conv2d(16, 32, kernel_size=(4, 4), stride=(2, 2), padding=(1, 1))
  (3): ReLU()
  (4): Flatten()
  (5): Linear(in_features=2048, out_features=100, bias=True)
  (6): ReLU()
  (7): Linear(in_features=100, out_features=10, bias=True)
)
############################
Sampled data loaded. Data already preprocessed!
Shape: torch.Size([200, 3, 32, 32]) torch.Size([200]) torch.Size([200])
X range: tensor(2.12560368) tensor(-1.98888886) tensor(-0.01308715)
############################
Internal results will be saved to Verified_ret_[cnn_4layer_mix4]_start=19_end=20_iter=20_b=4096_timeout=30_branching=kfsb-min-3_lra-init=0.1_lra=0.01_lrb=0.05_PGD=before_cplex_cuts=False_multiclass=allclass_domain.npy.

 %%%%%%%%%%%%%%%%%%%%%%%%%%%%%%%%%%% idx: 0, vnnlib ID: 19 %%%%%%%%%%%%%%%%%%%%%%%%%%%%%%%%%%%%%%%%
Attack parameters: initialization=uniform, steps=100, restarts=50, alpha=0.008051544427871704, initialization=uniform, GAMA=False
Model output of first 5 examples:
 tensor([[-19.95204163, -23.01272392, -16.49953651, -14.64277744, -15.90678024,
         -15.11271095, -15.73008347, -18.56428909, -21.39385223, -22.75593376]],
       device='cuda:0')
Adv example prediction (first 2 examples and 2 restarts):
 tensor([[[-20.50424576, -23.72096062, -17.01714706, -15.12072754, -16.33715248,
          -15.41938019, -16.41077614, -18.85702515, -21.95722580, -23.33178902],
         [-20.50424576, -23.72096062, -17.01714706, -15.12072754, -16.33715248,
          -15.41938019, -16.41077614, -18.85702515, -21.95722580, -23.33178902]]],
       device='cuda:0')
PGD attack margin (first 2 examles and 10 specs):
 tensor([[[5.38351822, 8.60023308, 1.89641953, 1.21642494, 0.29865265,
          1.29004860, 3.73629761, 6.83649826, 8.21106148]]], device='cuda:0')
number of violation:  0
Attack finished in 1.2607 seconds.
PGD attack failed
Model prediction is: tensor([[-19.95204163, -23.01272392, -16.49953651, -14.64277744, -15.90678024,
         -15.11271095, -15.73008347, -18.56428909, -21.39385223, -22.75593376]],
       device='cuda:0')
layer /input.4 using sparse-features alpha with shape [624]; unstable size 624; total size 4096 (torch.Size([1, 16, 16, 16]))
layer /input.4 start_node /input.8 using sparse-spec alpha with unstable size 332 total_size 2048 output_shape (32, 8, 8)
layer /input.4 start_node /input.12 using sparse-spec alpha with unstable size 21 total_size 100 output_shape torch.Size([100])
layer /input.4 start_node /23 using full alpha with unstable size None total_size 9 output_shape 9
layer /12 using sparse-features alpha with shape [332]; unstable size 332; total size 2048 (torch.Size([1, 32, 8, 8]))
layer /12 start_node /input.12 using sparse-spec alpha with unstable size 21 total_size 100 output_shape torch.Size([100])
layer /12 start_node /23 using full alpha with unstable size None total_size 9 output_shape 9
layer /22 using sparse-features alpha with shape [21]; unstable size 21; total size 100 (torch.Size([1, 100]))
layer /22 start_node /23 using full alpha with unstable size None total_size 9 output_shape 9
Optimizable variables initialized.
initial CROWN bounds: tensor([[ 3.85006952,  6.56638050,  0.72854471,  0.16635013,  0.09236519,
         -0.16829371,  2.54186106,  4.97395611,  6.48725367]], device='cuda:0') None
best_l after optimization: 25.75708770751953 with beta sum per layer: []
alpha/beta optimization time: 5.732909917831421
initial alpha-CROWN bounds: tensor([[ 3.92190576,  6.63770151,  0.78050625,  0.20929790,  0.10922243,
         -0.07384872,  2.59734821,  5.03754425,  6.53741074]], device='cuda:0')
Worst class: (+ rhs) -0.07384872436523438
Total VNNLIB file length: 9, max property batch size: 1, total number of batches: 9/home/zhouxingshi/gputest/CROWN-GENERAL/complete_verifier/utils.py:528: UserWarning: To copy construct from a tensor, it is recommended to use sourceTensor.clone().detach() or sourceTensor.clone().detach().requires_grad_(True), rather than torch.tensor(sourceTensor).
  eps_temp = torch.tensor(preprocess_cifar(eps_temp, perturbation=True)).reshape(1,-1,1,1)
/home/zhouxingshi/gputest/CROWN-GENERAL/complete_verifier/branching_domains.py:970: UserWarning: To copy construct from a tensor, it is recommended to use sourceTensor.clone().detach() or sourceTensor.clone().detach().requires_grad_(True), rather than torch.tensor(sourceTensor).
  return torch.tensor(arguments.Config["bab"]["decision_thresh"] + 1e-7)

lA shape: [torch.Size([1, 9, 16, 16, 16]), torch.Size([1, 9, 32, 8, 8]), torch.Size([1, 9, 100])]

Properties batch 0, size 1
Remaining timeout: 19.133283138275146
##### Instance 0 first 10 spec matrices: [[[-1.  0.  0.  1.  0.  0.  0.  0.  0.  0.]]]
thresholds: [0] ######
Initial alpha-CROWN verified for spec index [0] with bound 3.921905755996704.

Properties batch 1, size 1
Remaining timeout: 18.99172282218933
##### Instance 0 first 10 spec matrices: [[[ 0. -1.  0.  1.  0.  0.  0.  0.  0.  0.]]]
thresholds: [0] ######
Initial alpha-CROWN verified for spec index [0] with bound 6.637701511383057.

Properties batch 2, size 1
Remaining timeout: 18.951215267181396
##### Instance 0 first 10 spec matrices: [[[ 0.  0. -1.  1.  0.  0.  0.  0.  0.  0.]]]
thresholds: [0] ######
Initial alpha-CROWN verified for spec index [0] with bound 0.7805062532424927.

Properties batch 3, size 1
Remaining timeout: 18.91113305091858
##### Instance 0 first 10 spec matrices: [[[ 0.  0.  0.  1. -1.  0.  0.  0.  0.  0.]]]
thresholds: [0] ######
Initial alpha-CROWN verified for spec index [0] with bound 0.20929789543151855.

Properties batch 4, size 1
Remaining timeout: 18.8700852394104
##### Instance 0 first 10 spec matrices: [[[ 0.  0.  0.  1.  0. -1.  0.  0.  0.  0.]]]
thresholds: [0] ######
Initial alpha-CROWN verified for spec index [0] with bound 0.1092224270105362.

Properties batch 5, size 1
Remaining timeout: 18.829519510269165
##### Instance 0 first 10 spec matrices: [[[ 0.  0.  0.  1.  0.  0. -1.  0.  0.  0.]]]
thresholds: [0] ######
Remaining spec index [0] with bounds tensor([[-0.07384872]], device='cuda:0') need to verify.
Model prediction is: tensor([-19.95204163, -23.01272392, -16.49953651, -14.64277744, -15.90678024,
        -15.11271095, -15.73008347, -18.56428909, -21.39385223, -22.75593376],
       device='cuda:0')
build_the_model_with_refined_bounds batch [0/1]
setting alpha for layer /input.4 start_node /23 with alignment adjustment
setting alpha for layer /12 start_node /23 with alignment adjustment
setting alpha for layer /22 start_node /23 with alignment adjustment
all slope initialized
directly get lb and ub from refined bounds
lA shapes: [torch.Size([1, 1, 16, 16, 16]), torch.Size([1, 1, 32, 8, 8]), torch.Size([1, 1, 100])]
c shape: torch.Size([1, 1, 10])
alpha-CROWN with fixed intermediate bounds: tensor([[-0.07384872]], device='cuda:0') tensor([[inf]], device='cuda:0')
Keeping slopes for these layers: ['/23']
Keeping slopes for these layers: ['/23']
layer 0 name BoundConv(name="/input") size torch.Size([4096]) unstable 624
layer 1 name BoundConv(name="/input.8") size torch.Size([2048]) unstable 330
layer 2 name BoundLinear(name="/input.12") size torch.Size([100]) unstable 21
-----------------
# of unstable neurons: 975
-----------------

batch:  torch.Size([1, 16, 16, 16]) pre split depth:  8
batch:  torch.Size([1, 16, 16, 16]) post split depth:  8
splitting decisions: 
split level 0: [2, 83] 
split level 1: [2, 64] 
split level 2: [2, 0] 
split level 3: [2, 78] 
split level 4: [2, 72] 
split level 5: [2, 85] 
split level 6: [1, 220] 
split level 7: [1, 221] 
(256, 3, 32, 32) torch.Size([256, 1, 10]) torch.Size([256, 1])

all verified at 0th iter
pruning_in_iteration open status: False
ratio of positive domain = 256 / 256 = 1.0
pruning-in-iteration extra time: 0.0001049041748046875
Tensors transferred: pre=3.0488M lA=1.5244M alpha=0.4771M beta=0.0020M
This batch time : update_bounds func: 0.0427	 prepare: 0.0160	 bound: 0.0081	 transfer: 0.0135	 finalize: 0.0045
Accumulated time: update_bounds func: 0.0427	 prepare: 0.0160	 bound: 0.0081	 transfer: 0.0135	 finalize: 0.0045
batch bounding time:  0.04275941848754883
length of domains: 0
Total time: 0.5162	 pickout: 0.0009	 decision: 0.4468	 get_bound: 0.0671	 add_domain: 0.0013
Accumulated time:	 pickout: 0.0009	 decision: 0.4468	 get_bound: 0.0671	 add_domain: 0.0013
No domains left, verification finished!
Current (lb-rhs): 1.0000000116860974e-07
256 domains visited
Cumulative time: 0.5642259120941162


Properties batch 6, size 1
Remaining timeout: 18.159950733184814
##### Instance 0 first 10 spec matrices: [[[ 0.  0.  0.  1.  0.  0.  0. -1.  0.  0.]]]
thresholds: [0] ######
Initial alpha-CROWN verified for spec index [0] with bound 2.597348213195801.

Properties batch 7, size 1
Remaining timeout: 18.11426067352295
##### Instance 0 first 10 spec matrices: [[[ 0.  0.  0.  1.  0.  0.  0.  0. -1.  0.]]]
thresholds: [0] ######
Initial alpha-CROWN verified for spec index [0] with bound 5.037544250488281.

Properties batch 8, size 1
Remaining timeout: 18.073875188827515
##### Instance 0 first 10 spec matrices: [[[ 0.  0.  0.  1.  0.  0.  0.  0.  0. -1.]]]
thresholds: [0] ######
Initial alpha-CROWN verified for spec index [0] with bound 6.537410736083984.
Result: safe in 11.9662 seconds
############# Summary #############
Final verified acc: 100.0% (total 1 examples)
Problem instances count: 1 , total verified (safe/unsat): 1 , total falsified (unsafe/sat): 0 , timeout: 0
mean time for ALL instances (total 1): 11.966120029580344, max time: 11.96623969078064
mean time for verified SAFE instances (total 1): 11.96623969078064, max time: 11.96623969078064
safe (total 1), index: [0]
