Configurations:

general:
  device: cuda
  seed: 100
  conv_mode: patches
  deterministic: false
  double_fp: false
  loss_reduction_func: sum
  record_bounds: false
  sparse_alpha: true
  save_adv_example: false
  precompile_jit: false
  complete_verifier: bab
  enable_incomplete_verification: true
  csv_name: null
  results_file: out.txt
  root_path: ''
model:
  name: cnn_4layer_b4
  path: cifar_cnn_b_adv4.model
  onnx_path: null
  onnx_path_prefix: ''
  cache_onnx_conversion: false
  onnx_quirks: null
  input_shape: null
  onnx_loader: default_onnx_and_vnnlib_loader
  onnx_optimization_flags: none
data:
  start: 13
  end: 14
  select_instance: null
  num_outputs: 10
  mean: 0.0
  std: 1.0
  pkl_path: null
  dataset: CIFAR_SDP
  data_filter_path: null
  data_idx_file: null
specification:
  type: lp
  robustness_type: verified-acc
  norm: .inf
  epsilon: 0.00784313725
  vnnlib_path: null
  vnnlib_path_prefix: ''
solver:
  batch_size: 256
  min_batch_size_ratio: 0.1
  use_float64_in_last_iteration: false
  early_stop_patience: 10
  start_save_best: 0.5
  bound_prop_method: alpha-crown
  init_bound_prop_method: same
  prune_after_crown: false
  crown:
    batch_size: 1000000000
    max_crown_size: 1000000000
  alpha-crown:
    alpha: true
    lr_alpha: 0.1
    iteration: 100
    share_slopes: false
    no_joint_opt: false
    lr_decay: 0.98
    full_conv_alpha: true
  beta-crown:
    lr_alpha: 0.01
    lr_beta: 0.05
    lr_decay: 0.98
    optimizer: adam
    iteration: 20
    beta: true
    beta_warmup: true
    enable_opt_interm_bounds: false
    all_node_split_LP: false
  forward:
    refine: false
    dynamic: false
    max_dim: 10000
  intermediate_refinement:
    enabled: false
    batch_size: 10
    opt_coeffs: false
    opt_bias: false
    lr: 0.05
    layers: [-1]
    max_domains: 1000
  multi_class:
    multi_class_method: allclass_domain
    label_batch_size: 32
    skip_with_refined_bound: true
  mip:
    parallel_solvers: null
    solver_threads: 1
    refine_neuron_timeout: 15
    refine_neuron_time_percentage: 0.8
    early_stop: true
    adv_warmup: true
    mip_solver: gurobi
bab:
  initial_max_domains: 1
  max_domains: .inf
  decision_thresh: 0
  timeout: 60
  timeout_scale: 1
  override_timeout: null
  get_upper_bound: false
  dfs_percent: 0.0
  pruning_in_iteration: true
  pruning_in_iteration_ratio: 0.2
  sort_targets: false
  batched_domain_list: true
  optimized_intermediate_layers: ''
  interm_transfer: true
  cut:
    enabled: false
    bab_cut: false
    lp_cut: false
    method: null
    lr: 0.01
    lr_decay: 1.0
    iteration: 100
    bab_iteration: -1
    early_stop_patience: -1
    lr_beta: 0.02
    number_cuts: 50
    topk_cuts_in_filter: 100
    batch_size_primal: 100
    max_num: 1000000000
    patches_cut: false
    cplex_cuts: false
    cplex_cuts_wait: 0
    cplex_cuts_revpickup: true
    cut_reference_bounds: true
    fix_intermediate_bounds: false
    _tmp_cuts: null
    fixed_cuts: false
    _eran_cuts: null
    add_implied_cuts: false
    add_input_cuts: false
  branching:
    method: kfsb
    candidates: 3
    reduceop: min
    sb_coeff_thresh: 0.001
    branching_input_and_activation: false
    branching_input_and_activation_order: [input, relu]
    branching_input_iterations: 30
    branching_relu_iterations: 50
    sort_domain_interval: -1
    input_split:
      enable: false
      enhanced_bound_prop_method: alpha-crown
      enhanced_branching_method: naive
      enhanced_bound_patience: 100000000.0
      attack_patience: 100000000.0
      adv_check: 0
  attack:
    enabled: false
    beam_candidates: 8
    beam_depth: 7
    max_dive_fix_ratio: 0.8
    min_local_free_ratio: 0.2
    mip_start_iteration: 5
    mip_timeout: 30.0
    adv_pool_threshold: null
    refined_mip_attacker: false
    refined_batch_size: null
attack:
  pgd_order: before
  pgd_steps: 100
  pgd_restarts: 50
  pgd_early_stop: true
  pgd_lr_decay: 0.99
  pgd_alpha: auto
  pgd_loss_mode: null
  enable_mip_attack: false
  cex_path: ./test_cex.txt
  attack_mode: PGD
  gama_lambda: 10.0
  gama_decay: 0.9
  check_clean: false
  input_split:
    pgd_steps: 100
    pgd_restarts: 30
    pgd_alpha: auto
  input_split_enhanced:
    pgd_steps: 200
    pgd_restarts: 5000000
    pgd_alpha: auto
  input_split_check_adv:
    pgd_steps: 5
    pgd_restarts: 5
    pgd_alpha: auto
debug:
  lp_test: null

Experiments at Thu Dec 22 00:25:55 2022 on diablo.cs.ucla.edu
Sequential(
  (0): ZeroPad2d((1, 2, 1, 2))
  (1): Conv2d(3, 32, kernel_size=(5, 5), stride=(2, 2))
  (2): ReLU()
  (3): Conv2d(32, 128, kernel_size=(4, 4), stride=(2, 2), padding=(1, 1))
  (4): ReLU()
  (5): Flatten()
  (6): Linear(in_features=8192, out_features=250, bias=True)
  (7): ReLU()
  (8): Linear(in_features=250, out_features=10, bias=True)
)
############################
Sampled data loaded. Data already preprocessed!
Shape: torch.Size([200, 3, 32, 32]) torch.Size([200]) torch.Size([200])
X range: tensor(2.12560368) tensor(-1.98888886) tensor(-0.01308715)
############################
Internal results will be saved to Verified_ret_[cnn_4layer_b4]_start=13_end=14_iter=20_b=256_timeout=60_branching=kfsb-min-3_lra-init=0.1_lra=0.01_lrb=0.05_PGD=before_cplex_cuts=False_multiclass=allclass_domain.npy.

 %%%%%%%%%%%%%%%%%%%%%%%%%%%%%%%%%%% idx: 0, vnnlib ID: 13 %%%%%%%%%%%%%%%%%%%%%%%%%%%%%%%%%%%%%%%%
Attack parameters: initialization=uniform, steps=100, restarts=50, alpha=0.008051544427871704, initialization=uniform, GAMA=False
Model output of first 5 examples:
 tensor([[-69.58036804, -68.23901367, -72.20266724, -73.98355865, -74.29905701,
         -74.83490753, -73.73512268, -76.19071960, -70.38563538, -71.32451630]],
       device='cuda:0')
Adv example prediction (first 2 examples and 2 restarts):
 tensor([[[-67.20500946, -66.64300537, -69.76654816, -71.68446350, -71.80747986,
          -72.53759003, -71.41729736, -73.79641724, -68.03512573, -69.41106415],
         [-67.20500946, -66.64300537, -69.76654816, -71.68446350, -71.80747986,
          -72.53759003, -71.41729736, -73.79641724, -68.03512573, -69.41106415]]],
       device='cuda:0')
PGD attack margin (first 2 examles and 10 specs):
 tensor([[[0.56200409, 3.12354279, 5.04145813, 5.16447449, 5.89458466,
          4.77429199, 7.15341187, 1.39212036, 2.76805878]]], device='cuda:0')
number of violation:  0
Attack finished in 2.1834 seconds.
PGD attack failed
Model prediction is: tensor([[-69.58036804, -68.23901367, -72.20266724, -73.98355865, -74.29905701,
         -74.83490753, -73.73512268, -76.19071960, -70.38563538, -71.32451630]],
       device='cuda:0')
layer /input.8 using sparse-features alpha with shape [1364]; unstable size 1364; total size 8192 (torch.Size([1, 32, 16, 16]))
layer /input.8 start_node /input.12 using sparse-spec alpha with unstable size 480 total_size 8192 output_shape (128, 8, 8)
layer /input.8 start_node /input.16 using sparse-spec alpha with unstable size 32 total_size 250 output_shape torch.Size([250])
layer /input.8 start_node /48 using full alpha with unstable size None total_size 9 output_shape 9
layer /37 using sparse-features alpha with shape [480]; unstable size 480; total size 8192 (torch.Size([1, 128, 8, 8]))
layer /37 start_node /input.16 using sparse-spec alpha with unstable size 32 total_size 250 output_shape torch.Size([250])
layer /37 start_node /48 using full alpha with unstable size None total_size 9 output_shape 9
layer /47 using sparse-features alpha with shape [32]; unstable size 32; total size 250 (torch.Size([1, 250]))
layer /47 start_node /48 using full alpha with unstable size None total_size 9 output_shape 9
Optimizable variables initialized.
initial CROWN bounds: tensor([[-0.50705051,  1.63922405,  3.68693256,  3.40120316,  4.48710918,
          3.38283539,  5.03883934,  0.34705353,  2.01091838]], device='cuda:0') None
best_l after optimization: 24.190839767456055 with beta sum per layer: []
alpha/beta optimization time: 6.170918703079224
initial alpha-CROWN bounds: tensor([[-0.44245148,  1.71655083,  3.76597834,  3.49993420,  4.56639719,
          3.45605850,  5.15340042,  0.41723251,  2.05773926]], device='cuda:0')
Worst class: (+ rhs) -0.44245147705078125
Total VNNLIB file length: 9, max property batch size: 1, total number of batches: 9
lA shape: [torch.Size([1, 9, 32, 16, 16]), torch.Size([1, 9, 128, 8, 8]), torch.Size([1, 9, 250])]

Properties batch 0, size 1
Remaining timeout: 47.90317916870117
##### Instance 0 first 10 spec matrices: [[[-1.  1.  0.  0.  0.  0.  0.  0.  0.  0.]]]
thresholds: [0] ######
Remaining spec index [0] with bounds tensor([[-0.44245148]], device='cuda:0') need to verify.
Model prediction is: tensor([-69.58036804, -68.23901367, -72.20266724, -73.98355865, -74.29905701,
        -74.83490753, -73.73512268, -76.19071960, -70.38563538, -71.32451630],
       device='cuda:0')
build_the_model_with_refined_bounds batch [0/1]
setting alpha for layer /input.8 start_node /48 with alignment adjustment
setting alpha for layer /37 start_node /48 with alignment adjustment
setting alpha for layer /47 start_node /48 with alignment adjustment
all slope initialized
directly get lb and ub from refined bounds
lA shapes: [torch.Size([1, 1, 32, 16, 16]), torch.Size([1, 1, 128, 8, 8]), torch.Size([1, 1, 250])]
c shape: torch.Size([1, 1, 10])
alpha-CROWN with fixed intermediate bounds: tensor([[-0.44245148]], device='cuda:0') tensor([[inf]], device='cuda:0')
Keeping slopes for these layers: ['/48']
Keeping slopes for these layers: ['/48']
layer 0 name BoundConv(name="/input.4") size torch.Size([8192]) unstable 1364
layer 1 name BoundConv(name="/input.12") size torch.Size([8192]) unstable 469
layer 2 name BoundLinear(name="/input.16") size torch.Size([250]) unstable 32
-----------------
# of unstable neurons: 1865
-----------------

batch:  torch.Size([1, 32, 16, 16]) pre split depth:  4
batch:  torch.Size([1, 32, 16, 16]) post split depth:  4
splitting decisions: 
split level 0: [2, 28] 
split level 1: [2, 54] 
split level 2: [2, 95] 
split level 3: [2, 18] 
(16, 3, 32, 32) torch.Size([16, 1, 10]) torch.Size([16, 1])
pruning_in_iteration open status: True
ratio of positive domain = 14 / 16 = 0.875
pruning-in-iteration extra time: 0.015556573867797852
Tensors transferred: pre=0.5076M lA=0.0317M alpha=0.0573M beta=0.0001M
This batch time : update_bounds func: 0.7102	 prepare: 0.0029	 bound: 0.7051	 transfer: 0.0017	 finalize: 0.0004
Accumulated time: update_bounds func: 0.7102	 prepare: 0.0029	 bound: 0.7051	 transfer: 0.0017	 finalize: 0.0004
batch bounding time:  0.7102422714233398
Current worst splitting domains lb-rhs (depth):
-0.11891 (4), -0.11489 (4), 
length of domains: 2
Total time: 1.1694	 pickout: 0.0010	 decision: 0.4506	 get_bound: 0.7122	 add_domain: 0.0055
Accumulated time:	 pickout: 0.0010	 decision: 0.4506	 get_bound: 0.7122	 add_domain: 0.0055
Current (lb-rhs): -0.11890792846679688
14 domains visited
Cumulative time: 1.2826201915740967

batch:  torch.Size([2, 32, 16, 16]) pre split depth:  3
batch:  torch.Size([2, 32, 16, 16]) post split depth:  3
splitting decisions: 
split level 0: [2, 31] [2, 31] 
split level 1: [2, 145] [2, 145] 
split level 2: [2, 97] [2, 97] 
(16, 3, 32, 32) torch.Size([16, 1, 10]) torch.Size([16, 1])
pruning_in_iteration open status: True
ratio of positive domain = 8 / 16 = 0.5
pruning-in-iteration extra time: 0.01259160041809082
Tensors transferred: pre=0.5076M lA=0.1269M alpha=0.0573M beta=0.0001M
This batch time : update_bounds func: 0.2784	 prepare: 0.0025	 bound: 0.2738	 transfer: 0.0017	 finalize: 0.0004
Accumulated time: update_bounds func: 0.9886	 prepare: 0.0054	 bound: 0.9789	 transfer: 0.0033	 finalize: 0.0008
batch bounding time:  0.27849268913269043
Current worst splitting domains lb-rhs (depth):
-0.02066 (7), -0.01984 (7), -0.01761 (7), -0.01695 (7), -0.00820 (7), -0.00785 (7), -0.00643 (7), -0.00618 (7), 
length of domains: 8
Total time: 0.3108	 pickout: 0.0011	 decision: 0.0266	 get_bound: 0.2806	 add_domain: 0.0025
Accumulated time:	 pickout: 0.0020	 decision: 0.4773	 get_bound: 0.9928	 add_domain: 0.0081
Current (lb-rhs): -0.020661354064941406
22 domains visited
Cumulative time: 1.5937604904174805

batch:  torch.Size([8, 32, 16, 16]) pre split depth:  1
batch:  torch.Size([8, 32, 16, 16]) post split depth:  1
splitting decisions: 
split level 0: [2, 171] [2, 171] [2, 171] [2, 171] [2, 171] [2, 171] [2, 171] [2, 171] 
(16, 3, 32, 32) torch.Size([16, 1, 10]) torch.Size([16, 1])
pruning_in_iteration open status: True
ratio of positive domain = 14 / 16 = 0.875
pruning-in-iteration extra time: 0.012294292449951172
Tensors transferred: pre=0.5076M lA=0.0317M alpha=0.0573M beta=0.0001M
This batch time : update_bounds func: 0.2763	 prepare: 0.0024	 bound: 0.2719	 transfer: 0.0016	 finalize: 0.0004
Accumulated time: update_bounds func: 1.2649	 prepare: 0.0077	 bound: 1.2508	 transfer: 0.0049	 finalize: 0.0012
batch bounding time:  0.27637457847595215
Current worst splitting domains lb-rhs (depth):
-0.00146 (8), -0.00082 (8), 
length of domains: 2
Total time: 0.3064	 pickout: 0.0011	 decision: 0.0272	 get_bound: 0.2764	 add_domain: 0.0017
Accumulated time:	 pickout: 0.0031	 decision: 0.5045	 get_bound: 1.2692	 add_domain: 0.0098
Current (lb-rhs): -0.0014629364013671875
36 domains visited
Cumulative time: 1.9004392623901367

batch:  torch.Size([2, 32, 16, 16]) pre split depth:  3
batch:  torch.Size([2, 32, 16, 16]) post split depth:  3
splitting decisions: 
split level 0: [1, 6819] [1, 6819] 
split level 1: [2, 24] [2, 24] 
split level 2: [2, 212] [2, 212] 
(16, 3, 32, 32) torch.Size([16, 1, 10]) torch.Size([16, 1])

all verified at 0th iter
pruning_in_iteration open status: False
ratio of positive domain = 16 / 16 = 1.0
pruning-in-iteration extra time: 0.00011181831359863281
Tensors transferred: pre=0.5076M lA=0.2538M alpha=0.0573M beta=0.0002M
This batch time : update_bounds func: 0.0127	 prepare: 0.0025	 bound: 0.0082	 transfer: 0.0016	 finalize: 0.0004
Accumulated time: update_bounds func: 1.2777	 prepare: 0.0102	 bound: 1.2590	 transfer: 0.0065	 finalize: 0.0016
batch bounding time:  0.012759208679199219
length of domains: 0
Total time: 0.0405	 pickout: 0.0009	 decision: 0.0240	 get_bound: 0.0145	 add_domain: 0.0011
Accumulated time:	 pickout: 0.0040	 decision: 0.5285	 get_bound: 1.2838	 add_domain: 0.0109
No domains left, verification finished!
Current (lb-rhs): 1.0000000116860974e-07
52 domains visited
Cumulative time: 1.9417436122894287


Properties batch 1, size 1
Remaining timeout: 45.69121241569519
##### Instance 0 first 10 spec matrices: [[[ 0.  1. -1.  0.  0.  0.  0.  0.  0.  0.]]]
thresholds: [0] ######
Initial alpha-CROWN verified for spec index [0] with bound 1.7165508270263672.

Properties batch 2, size 1
Remaining timeout: 45.64112210273743
##### Instance 0 first 10 spec matrices: [[[ 0.  1.  0. -1.  0.  0.  0.  0.  0.  0.]]]
thresholds: [0] ######
Initial alpha-CROWN verified for spec index [0] with bound 3.7659783363342285.

Properties batch 3, size 1
Remaining timeout: 45.59482789039612
##### Instance 0 first 10 spec matrices: [[[ 0.  1.  0.  0. -1.  0.  0.  0.  0.  0.]]]
thresholds: [0] ######
Initial alpha-CROWN verified for spec index [0] with bound 3.499934196472168.

Properties batch 4, size 1
Remaining timeout: 45.548929929733276
##### Instance 0 first 10 spec matrices: [[[ 0.  1.  0.  0.  0. -1.  0.  0.  0.  0.]]]
thresholds: [0] ######
Initial alpha-CROWN verified for spec index [0] with bound 4.566397190093994.

Properties batch 5, size 1
Remaining timeout: 45.50301790237427
##### Instance 0 first 10 spec matrices: [[[ 0.  1.  0.  0.  0.  0. -1.  0.  0.  0.]]]
thresholds: [0] ######
Initial alpha-CROWN verified for spec index [0] with bound 3.4560585021972656.

Properties batch 6, size 1
Remaining timeout: 45.45607566833496
##### Instance 0 first 10 spec matrices: [[[ 0.  1.  0.  0.  0.  0.  0. -1.  0.  0.]]]
thresholds: [0] ######
Initial alpha-CROWN verified for spec index [0] with bound 5.153400421142578.

Properties batch 7, size 1
Remaining timeout: 45.40973663330078
##### Instance 0 first 10 spec matrices: [[[ 0.  1.  0.  0.  0.  0.  0.  0. -1.  0.]]]
thresholds: [0] ######
Initial alpha-CROWN verified for spec index [0] with bound 0.4172325134277344.

Properties batch 8, size 1
Remaining timeout: 45.363503217697144
##### Instance 0 first 10 spec matrices: [[[ 0.  1.  0.  0.  0.  0.  0.  0.  0. -1.]]]
thresholds: [0] ######
Initial alpha-CROWN verified for spec index [0] with bound 2.0577392578125./home/zhouxingshi/gputest/CROWN-GENERAL/complete_verifier/utils.py:528: UserWarning: To copy construct from a tensor, it is recommended to use sourceTensor.clone().detach() or sourceTensor.clone().detach().requires_grad_(True), rather than torch.tensor(sourceTensor).
  eps_temp = torch.tensor(preprocess_cifar(eps_temp, perturbation=True)).reshape(1,-1,1,1)
/home/zhouxingshi/gputest/CROWN-GENERAL/complete_verifier/branching_domains.py:970: UserWarning: To copy construct from a tensor, it is recommended to use sourceTensor.clone().detach() or sourceTensor.clone().detach().requires_grad_(True), rather than torch.tensor(sourceTensor).
  return torch.tensor(arguments.Config["bab"]["decision_thresh"] + 1e-7)

Result: safe in 14.6831 seconds
############# Summary #############
Final verified acc: 100.0% (total 1 examples)
Problem instances count: 1 , total verified (safe/unsat): 1 , total falsified (unsafe/sat): 0 , timeout: 0
mean time for ALL instances (total 1): 14.682941711613767, max time: 14.683088541030884
mean time for verified SAFE instances (total 1): 14.683088541030884, max time: 14.683088541030884
safe (total 1), index: [0]
