Configurations:

general:
  device: cuda
  seed: 100
  conv_mode: patches
  deterministic: false
  double_fp: false
  loss_reduction_func: max
  record_bounds: false
  sparse_alpha: true
  save_adv_example: false
  precompile_jit: false
  mode: verified-acc
  complete_verifier: bab
  enable_incomplete_verification: false
  get_crown_verified_acc: false
  csv_name: acasxu_instances.csv
  results_file: null
  root_path: ../../vnncomp2021/benchmarks/acasxu
model:
  path: null
  cache_onnx_conversion: false
  onnx_quirks: null
  name: mnist_9_200
  onnx_path: null
  onnx_path_prefix: ''
  onnx_optimization_flags: none
data:
  start: 26
  end: 27
  select_instance: null
  num_outputs: 5
  mean: 0.0
  std: 1.0
  pkl_path: null
  dataset: ACASXU
  data_filter_path: null
  data_idx_file: null
specification:
  type: lp
  norm: .inf
  epsilon: null
  vnnlib_path: null
  vnnlib_path_prefix: ''
solver:
  batch_size: 1000
  no_float64_last_iter: true
  no_amp: false
  early_stop_patience: 10
  start_save_best: 2
  bound_prop_method: crown
  prune_after_crown: false
  crown:
    batch_size: 1000000000
    max_crown_size: 1000000000
  alpha-crown:
    alpha: true
    lr_alpha: 0.1
    iteration: 10
    share_slopes: true
    no_joint_opt: false
    lr_decay: 0.98
    full_conv_alpha: true
  beta-crown:
    min_batch_size_ratio: 0.1
    lr_alpha: 0.01
    lr_beta: 0.05
    lr_decay: 0.98
    optimizer: adam
    iteration: 10
    beta: true
    beta_warmup: true
    enable_opt_interm_bounds: false
    all_node_split_LP: false
  forward:
    refine: false
    dynamic: false
    max_dim: 10000
  intermediate_refinement:
    enabled: false
    batch_size: 10
    opt_coeffs: false
    opt_bias: false
    lr: 0.05
    layers: [-1]
    max_domains: 1000
    solver_pkg: gurobi
  multi_class:
    multi_class_method: allclass_domain
    label_batch_size: 32
    skip_with_refined_bound: true
  mip:
    parallel_solvers: null
    solver_threads: 1
    refine_neuron_timeout: 15
    refine_neuron_time_percentage: 0.8
    early_stop: true
    adv_warmup: true
bab:
  initial_max_domains: 1
  max_domains: 200000
  decision_thresh: 0
  timeout: 360
  timeout_scale: 1
  override_timeout: null
  get_upper_bound: false
  dfs_percent: 0.0
  pruning_in_iteration: true
  pruning_in_iteration_ratio: 0.2
  sort_targets: false
  batched_domain_list: true
  optimized_intermediate_layers: ''
  interm_transfer: true
  cut:
    enabled: false
    bab_cut: false
    lp_cut: false
    method: null
    lr_decay: 1.0
    iteration: 100
    bab_iteration: -1
    early_stop_patience: -1
    lr_beta: 0.02
    number_cuts: 50
    topk_cuts_in_filter: 100
    batch_size_primal: 100
    add_implied_cuts: false
    add_input_cuts: false
    _tmp_cuts: null
    _eran_cuts: null
    max_num: 1000000000
    fixed_cuts: false
    patches_cut: false
    cplex_cuts: false
    cplex_cuts_wait: 0
    cplex_cuts_revpickup: true
    cut_reference_bounds: true
    fix_intermediate_bounds: false
    lr: 0.01
  branching:
    method: naive
    candidates: 3
    reduceop: min
    sb_coeff_thresh: 0.01
    input_split:
      enable: true
      enhanced_bound_prop_method: alpha-crown
      enhanced_branching_method: sb-fast
      enhanced_bound_patience: 20
      attack_patience: 80
      adv_check: 0
      sort_domain_interval: -1
  attack:
    enabled: false
    beam_candidates: 8
    beam_depth: 7
    max_dive_fix_ratio: 0.8
    min_local_free_ratio: 0.2
    mip_timeout: 30.0
    mip_start_iteration: 5
    max_dive_domains: -1
    num_dive_constraints: 50
    dive_rate: 0.2
    adv_dive: false
    adv_pool_threshold: null
    refined_mip_attacker: false
    refined_batch_size: null
attack:
  pgd_order: after
  pgd_steps: 100
  pgd_restarts: 30
  pgd_early_stop: true
  pgd_lr_decay: 0.99
  pgd_alpha: auto
  pgd_loss_mode: null
  attack_mode: PGD
  gama_lambda: 10.0
  gama_decay: 0.9
  check_clean: false
  input_split:
    pgd_steps: 100
    pgd_restarts: 30
    pgd_alpha: auto
  input_split_enhanced:
    pgd_steps: 200
    pgd_restarts: 5000000
    pgd_alpha: auto
  input_split_check_adv:
    pgd_steps: 5
    pgd_restarts: 5
    pgd_alpha: auto
  enable_mip_attack: false
  cex_path: ./test_cex.txt
debug:
  lp_test: null

Experiments at Tue Aug 23 11:53:07 2022 on diablo.cs.ucla.edu
saving results to a-b-crown_[acasxu_instances]_start=26_end=27_iter=10_b=1000_timeout=360_branching=naive-min-3_lra-init=0.1_lra=0.01_lrb=0.05_PGD=after_cplex_cuts=False_initial_max_domains=1.npz
customized start/end sample from 26 to 27

 %%%%%%%%%%%%%%%%%%%%%%%%%%%%%%%%%%% idx: 0, vnnlib ID: 26 %%%%%%%%%%%%%%%%%%%%%%%%%%%%%%%%%%%%%%%%
Using onnx ACASXU_run2a_3_9_batch_2000.onnx
Using vnnlib prop_1.vnnlib
Precompiled vnnlib file found at ../../vnncomp2021/benchmarks/acasxu/prop_1.vnnlib.compiled
Loading onnx ../../vnncomp2021/benchmarks/acasxu/ACASXU_run2a_3_9_batch_2000.onnx wih quirks {}
ConvertModel(
  (Sub_input_Sub): sub()
  (Flatten_Operation_1_Flatten): Flatten()
  (MatMul_Operation_1_Add): Linear(in_features=5, out_features=50, bias=True)
  (Relu_relu_1): ReLU(inplace=True)
  (MatMul_Operation_2_Add): Linear(in_features=50, out_features=50, bias=True)
  (Relu_relu_2): ReLU(inplace=True)
  (MatMul_Operation_3_Add): Linear(in_features=50, out_features=50, bias=True)
  (Relu_relu_3): ReLU(inplace=True)
  (MatMul_Operation_4_Add): Linear(in_features=50, out_features=50, bias=True)
  (Relu_relu_4): ReLU(inplace=True)
  (MatMul_Operation_5_Add): Linear(in_features=50, out_features=50, bias=True)
  (Relu_relu_5): ReLU(inplace=True)
  (MatMul_Operation_6_Add): Linear(in_features=50, out_features=50, bias=True)
  (Relu_relu_6): ReLU(inplace=True)
  (MatMul_linear_7_Add): Linear(in_features=50, out_features=5, bias=True)
)
Attack parameters: initialization=uniform, steps=100, restarts=30, alpha=0.125, initialization=uniform, GAMA=False
model output: tensor([[ 0.04041365,  0.02154966, -0.02028928,  0.02293529, -0.01640560]],
       device='cuda:0')
pgd prediction: tensor([[[ 0.06080884,  0.02715663, -0.02088569,  0.02847337, -0.01627024]]],
       device='cuda:0')
pgd attack margin tensor([[[3.93031669]]], device='cuda:0')
number of violation:  0
Attack finished in 1.1680 seconds.
pgd attack failed
Total VNNLIB file length: 1, max property batch size: 1, total number of batches: 1

Properties batch 0, size 1
Remaining timeout: 112.59092545509338
##### [0] Spec matrix: [[[-1.  0.  0.  0.  0.]]], thresh: [-3.99112565] ######
Model prediction is: tensor([ 0.04041365,  0.02154966, -0.02028928,  0.02293529, -0.01640560],
       device='cuda:0')
initial crown bounds (first 10): tensor([-15211.58593750], device='cuda:0')
pgd prediction: tensor([[[ 0.04977491,  0.03053064, -0.02083418,  0.03137153, -0.01634053]]],
       device='cuda:0', grad_fn=<SliceBackward0>)
pgd attack margin tensor([[[3.94135070]]], device='cuda:0', grad_fn=<SliceBackward0>)
number of violation:  0
Total time: 1.1234  pickout: 0.0003  decision: 0.0030  bounding: 1.1192  add_domain: 0.0009
length of domains: 64
Current (lb-rhs): -1542.311279296875
64 branch and bound domains visited

Adv attack time: 0.0225s
Total time: 0.0336  pickout: 0.0003  decision: 0.0008  bounding: 0.0317  add_domain: 0.0008
length of domains: 128
Current (lb-rhs): -1104.33544921875
192 branch and bound domains visited

Adv attack time: 0.0203s
Total time: 0.0329  pickout: 0.0003  decision: 0.0007  bounding: 0.0311  add_domain: 0.0008
length of domains: 188
Current (lb-rhs): -615.081787109375
448 branch and bound domains visited

Adv attack time: 0.0202s
Total time: 0.0333  pickout: 0.0003  decision: 0.0007  bounding: 0.0315  add_domain: 0.0009
length of domains: 197
Current (lb-rhs): -520.7642211914062
824 branch and bound domains visited

Adv attack time: 0.0203s
Total time: 0.0327  pickout: 0.0003  decision: 0.0007  bounding: 0.0309  add_domain: 0.0008
length of domains: 170
Current (lb-rhs): -334.77789306640625
1218 branch and bound domains visited

Adv attack time: 0.0201s
Total time: 0.0329  pickout: 0.0003  decision: 0.0007  bounding: 0.0311  add_domain: 0.0008
length of domains: 251
Current (lb-rhs): -314.7803649902344
1558 branch and bound domains visited

Adv attack time: 0.0201s
Total time: 0.0335  pickout: 0.0003  decision: 0.0007  bounding: 0.0316  add_domain: 0.0008/home/zhouxingshi/onnx2pytorch/onnx2pytorch/convert/operations.py:154: UserWarning: The given NumPy array is not writable, and PyTorch does not support non-writable tensors. This means writing to this tensor will result in undefined behavior. You may want to copy the array to protect its data or make it writable before converting it to a tensor. This type of warning will be suppressed for the rest of this program. (Triggered internally at  /opt/conda/conda-bld/pytorch_1646755953518/work/torch/csrc/utils/tensor_numpy.cpp:178.)
  weight = torch.from_numpy(numpy_helper.to_array(params[0]))
/home/zhouxingshi/onnx2pytorch/onnx2pytorch/convert/model.py:154: UserWarning: Using experimental implementation that allows 'batch_size > 1'.Batchnorm layers could potentially produce false outputs.
  "Using experimental implementation that allows 'batch_size > 1'."

length of domains: 227
Current (lb-rhs): -73.2637939453125
2060 branch and bound domains visited

Adv attack time: 0.0201s
Total time: 0.0331  pickout: 0.0003  decision: 0.0007  bounding: 0.0313  add_domain: 0.0008
length of domains: 349
Current (lb-rhs): -63.88977813720703
2514 branch and bound domains visited

Adv attack time: 0.0201s
Total time: 0.0335  pickout: 0.0003  decision: 0.0007  bounding: 0.0317  add_domain: 0.0009
length of domains: 654
Current (lb-rhs): -62.79894256591797
3212 branch and bound domains visited

Adv attack time: 0.0201s
Total time: 0.0377  pickout: 0.0003  decision: 0.0007  bounding: 0.0354  add_domain: 0.0013
length of domains: 1187
Current (lb-rhs): -62.019386291503906
4520 branch and bound domains visited

Adv attack time: 0.0231s
Total time: 0.0431  pickout: 0.0003  decision: 0.0007  bounding: 0.0411  add_domain: 0.0009
length of domains: 638
Current (lb-rhs): -62.019386291503906
6520 branch and bound domains visited

Adv attack time: 0.0203s
Total time: 0.0330  pickout: 0.0003  decision: 0.0007  bounding: 0.0311  add_domain: 0.0009
length of domains: 932
Current (lb-rhs): -12.299070358276367
7796 branch and bound domains visited

Adv attack time: 0.0204s
Total time: 0.0364  pickout: 0.0003  decision: 0.0007  bounding: 0.0344  add_domain: 0.0010
length of domains: 1168
Current (lb-rhs): -10.178621292114258
9660 branch and bound domains visited

Adv attack time: 0.0209s
Total time: 0.0375  pickout: 0.0003  decision: 0.0008  bounding: 0.0355  add_domain: 0.0010
length of domains: 1894
Current (lb-rhs): -9.803426742553711
11660 branch and bound domains visited

Adv attack time: 0.0204s
Total time: 0.0388  pickout: 0.0003  decision: 0.0008  bounding: 0.0361  add_domain: 0.0015
length of domains: 2594
Current (lb-rhs): -9.480133056640625
13660 branch and bound domains visited

Adv attack time: 0.0207s
Total time: 0.0377  pickout: 0.0003  decision: 0.0008  bounding: 0.0357  add_domain: 0.0009
length of domains: 1720
Current (lb-rhs): -9.480133056640625
15660 branch and bound domains visited

Adv attack time: 0.0219s
Total time: 0.0347  pickout: 0.0003  decision: 0.0006  bounding: 0.0331  add_domain: 0.0007
length of domains: 1132
Current (lb-rhs): -9.439725875854492
17660 branch and bound domains visited

Adv attack time: 0.0200s
Total time: 0.0378  pickout: 0.0003  decision: 0.0008  bounding: 0.0358  add_domain: 0.0010
length of domains: 1271
Current (lb-rhs): -9.439725875854492
19660 branch and bound domains visited

Adv attack time: 0.0210s
Total time: 0.0373  pickout: 0.0003  decision: 0.0008  bounding: 0.0353  add_domain: 0.0009
length of domains: 392
Current (lb-rhs): -9.439725875854492
21660 branch and bound domains visited

Adv attack time: 0.0205s
Total time: 0.0334  pickout: 0.0003  decision: 0.0007  bounding: 0.0314  add_domain: 0.0009
length of domains: 357
Current (lb-rhs): -9.199487686157227
22444 branch and bound domains visited

Adv attack time: 0.0209s
Total time: 0.0332  pickout: 0.0003  decision: 0.0007  bounding: 0.0313  add_domain: 0.0009
length of domains: 402
Current (lb-rhs): -8.49593734741211
23158 branch and bound domains visited

Adv attack time: 0.0204s
Total time: 0.0336  pickout: 0.0003  decision: 0.0007  bounding: 0.0321  add_domain: 0.0005
length of domains: 0
No domains left, verification finished!
The lower bound of last batch is -2.008859634399414
Result: safe in 7.4539 seconds
############# Summary #############
Final verified acc: 100.0% [total 1 examples]
Total verification count: 1 , total verified safe: 1 , verified unsafe: 0 , timeout: 0
mean time (bab) [total:1]: 4.04473090171814
mean time [1] 7.453853368759155 max time 7.453853368759155
safe (total 1): [0]
