Configurations:

general:
  device: cuda
  seed: 100
  conv_mode: patches
  deterministic: false
  double_fp: false
  loss_reduction_func: max
  record_bounds: false
  sparse_alpha: true
  save_adv_example: false
  precompile_jit: false
  mode: verified-acc
  complete_verifier: bab
  enable_incomplete_verification: false
  get_crown_verified_acc: false
  csv_name: acasxu_instances.csv
  results_file: null
  root_path: ../../vnncomp2021/benchmarks/acasxu
model:
  path: null
  cache_onnx_conversion: false
  onnx_quirks: null
  name: mnist_9_200
  onnx_path: null
  onnx_path_prefix: ''
  onnx_optimization_flags: none
data:
  start: 184
  end: 185
  select_instance: null
  num_outputs: 5
  mean: 0.0
  std: 1.0
  pkl_path: null
  dataset: ACASXU
  data_filter_path: null
  data_idx_file: null
specification:
  type: lp
  norm: .inf
  epsilon: null
  vnnlib_path: null
  vnnlib_path_prefix: ''
solver:
  batch_size: 1000
  no_float64_last_iter: true
  no_amp: false
  early_stop_patience: 10
  start_save_best: 2
  bound_prop_method: crown
  prune_after_crown: false
  crown:
    batch_size: 1000000000
    max_crown_size: 1000000000
  alpha-crown:
    alpha: true
    lr_alpha: 0.1
    iteration: 10
    share_slopes: true
    no_joint_opt: false
    lr_decay: 0.98
    full_conv_alpha: true
  beta-crown:
    min_batch_size_ratio: 0.1
    lr_alpha: 0.01
    lr_beta: 0.05
    lr_decay: 0.98
    optimizer: adam
    iteration: 10
    beta: true
    beta_warmup: true
    enable_opt_interm_bounds: false
    all_node_split_LP: false
  forward:
    refine: false
    dynamic: false
    max_dim: 10000
  intermediate_refinement:
    enabled: false
    batch_size: 10
    opt_coeffs: false
    opt_bias: false
    lr: 0.05
    layers: [-1]
    max_domains: 1000
    solver_pkg: gurobi
  multi_class:
    multi_class_method: allclass_domain
    label_batch_size: 32
    skip_with_refined_bound: true
  mip:
    parallel_solvers: null
    solver_threads: 1
    refine_neuron_timeout: 15
    refine_neuron_time_percentage: 0.8
    early_stop: true
    adv_warmup: true
bab:
  initial_max_domains: 1
  max_domains: 200000
  decision_thresh: 0
  timeout: 360
  timeout_scale: 1
  override_timeout: null
  get_upper_bound: false
  dfs_percent: 0.0
  pruning_in_iteration: true
  pruning_in_iteration_ratio: 0.2
  sort_targets: false
  batched_domain_list: true
  optimized_intermediate_layers: ''
  interm_transfer: true
  cut:
    enabled: false
    bab_cut: false
    lp_cut: false
    method: null
    lr_decay: 1.0
    iteration: 100
    bab_iteration: -1
    early_stop_patience: -1
    lr_beta: 0.02
    number_cuts: 50
    topk_cuts_in_filter: 100
    batch_size_primal: 100
    add_implied_cuts: false
    add_input_cuts: false
    _tmp_cuts: null
    _eran_cuts: null
    max_num: 1000000000
    fixed_cuts: false
    patches_cut: false
    cplex_cuts: false
    cplex_cuts_wait: 0
    cplex_cuts_revpickup: true
    cut_reference_bounds: true
    fix_intermediate_bounds: false
    lr: 0.01
  branching:
    method: naive
    candidates: 3
    reduceop: min
    sb_coeff_thresh: 0.01
    input_split:
      enable: true
      enhanced_bound_prop_method: alpha-crown
      enhanced_branching_method: sb-fast
      enhanced_bound_patience: 20
      attack_patience: 80
      adv_check: 0
      sort_domain_interval: -1
  attack:
    enabled: false
    beam_candidates: 8
    beam_depth: 7
    max_dive_fix_ratio: 0.8
    min_local_free_ratio: 0.2
    mip_timeout: 30.0
    mip_start_iteration: 5
    max_dive_domains: -1
    num_dive_constraints: 50
    dive_rate: 0.2
    adv_dive: false
    adv_pool_threshold: null
    refined_mip_attacker: false
    refined_batch_size: null
attack:
  pgd_order: after
  pgd_steps: 100
  pgd_restarts: 30
  pgd_early_stop: true
  pgd_lr_decay: 0.99
  pgd_alpha: auto
  pgd_loss_mode: null
  attack_mode: PGD
  gama_lambda: 10.0
  gama_decay: 0.9
  check_clean: false
  input_split:
    pgd_steps: 100
    pgd_restarts: 30
    pgd_alpha: auto
  input_split_enhanced:
    pgd_steps: 200
    pgd_restarts: 5000000
    pgd_alpha: auto
  input_split_check_adv:
    pgd_steps: 5
    pgd_restarts: 5
    pgd_alpha: auto
  enable_mip_attack: false
  cex_path: ./test_cex.txt
debug:
  lp_test: null

Experiments at Tue Aug 23 12:00:10 2022 on diablo.cs.ucla.edu
saving results to a-b-crown_[acasxu_instances]_start=184_end=185_iter=10_b=1000_timeout=360_branching=naive-min-3_lra-init=0.1_lra=0.01_lrb=0.05_PGD=after_cplex_cuts=False_initial_max_domains=1.npz
customized start/end sample from 184 to 185

 %%%%%%%%%%%%%%%%%%%%%%%%%%%%%%%%%%% idx: 0, vnnlib ID: 184 %%%%%%%%%%%%%%%%%%%%%%%%%%%%%%%%%%%%%%%%
Using onnx ACASXU_run2a_3_3_batch_2000.onnx
Using vnnlib prop_9.vnnlib
Precompiled vnnlib file found at ../../vnncomp2021/benchmarks/acasxu/prop_9.vnnlib.compiled
Loading onnx ../../vnncomp2021/benchmarks/acasxu/ACASXU_run2a_3_3_batch_2000.onnx wih quirks {}
ConvertModel(
  (Sub_input_Sub): sub()
  (Flatten_Operation_1_Flatten): Flatten()
  (MatMul_Operation_1_Add): Linear(in_features=5, out_features=50, bias=True)
  (Relu_relu_1): ReLU(inplace=True)
  (MatMul_Operation_2_Add): Linear(in_features=50, out_features=50, bias=True)
  (Relu_relu_2): ReLU(inplace=True)
  (MatMul_Operation_3_Add): Linear(in_features=50, out_features=50, bias=True)
  (Relu_relu_3): ReLU(inplace=True)
  (MatMul_Operation_4_Add): Linear(in_features=50, out_features=50, bias=True)
  (Relu_relu_4): ReLU(inplace=True)
  (MatMul_Operation_5_Add): Linear(in_features=50, out_features=50, bias=True)
  (Relu_relu_5): ReLU(inplace=True)
  (MatMul_Operation_6_Add): Linear(in_features=50, out_features=50, bias=True)
  (Relu_relu_6): ReLU(inplace=True)
  (MatMul_linear_7_Add): Linear(in_features=50, out_features=5, bias=True)
)
Attack parameters: initialization=uniform, steps=100, restarts=30, alpha=0.015625, initialization=uniform, GAMA=False
model output: tensor([[0.23860432, 0.24305248, 0.25350052, 0.18614218, 0.27979663]],
       device='cuda:0')
pgd prediction: tensor([[[0.03309735, 0.02799048, 0.02860897, 0.02604106, 0.03150154],
         [0.03309735, 0.02799048, 0.02860897, 0.02604106, 0.03150154]]],
       device='cuda:0')
pgd attack margin tensor([[[0.00705630, 0.00194942, 0.00256791, 0.00546048]]], device='cuda:0')
number of violation:  0
Attack finished in 1.0859 seconds.
pgd attack failed
Total VNNLIB file length: 4, max property batch size: 1, total number of batches: 4

Properties batch 0, size 1
Remaining timeout: 112.80546855926514
##### [0] Spec matrix: [[[ 1.  0.  0. -1.  0.]]], thresh: [0.] ######
Model prediction is: tensor([0.23860432, 0.24305248, 0.25350052, 0.18614218, 0.27979663],
       device='cuda:0')
initial crown bounds (first 10): tensor([-39.20408630], device='cuda:0')
pgd prediction: tensor([[[0.03315540, 0.02802550, 0.02869549, 0.02609397, 0.03150120]]],
       device='cuda:0', grad_fn=<SliceBackward0>)
pgd attack margin tensor([[[0.00706144]]], device='cuda:0', grad_fn=<SliceBackward0>)
number of violation:  0
Total time: 1.0607  pickout: 0.0003  decision: 0.0022  bounding: 1.0574  add_domain: 0.0007
length of domains: 64
Current (lb-rhs): -4.664458751678467
64 branch and bound domains visited

Adv attack time: 0.0167s
Total time: 0.0277  pickout: 0.0002  decision: 0.0006  bounding: 0.0262  add_domain: 0.0007
length of domains: 128
Current (lb-rhs): -2.71299409866333
192 branch and bound domains visited

Adv attack time: 0.0160s
Total time: 0.0272  pickout: 0.0002  decision: 0.0005  bounding: 0.0258  add_domain: 0.0007
length of domains: 251
Current (lb-rhs): -1.4375872611999512
448 branch and bound domains visited

Adv attack time: 0.0160s
Total time: 0.0290  pickout: 0.0002  decision: 0.0005  bounding: 0.0275  add_domain: 0.0007
length of domains: 433
Current (lb-rhs): -0.9849759340286255
950 branch and bound domains visited

Adv attack time: 0.0161s
Total time: 0.0288  pickout: 0.0002  decision: 0.0005  bounding: 0.0273  add_domain: 0.0007
length of domains: 514
Current (lb-rhs): -0.5249209403991699
1816 branch and bound domains visited

Adv attack time: 0.0160s
Total time: 0.0272  pickout: 0.0002  decision: 0.0005  bounding: 0.0257  add_domain: 0.0007
length of domains: 285
Current (lb-rhs): -0.3999095559120178
2844 branch and bound domains visited

Adv attack time: 0.0184s
Total time: 0.0336  pickout: 0.0003  decision: 0.0008  bounding: 0.0317  add_domain: 0.0007
length of domains: 181
Current (lb-rhs): -0.14891839027404785
3414 branch and bound domains visited

Adv attack time: 0.0165s
Total time: 0.0276  pickout: 0.0002  decision: 0.0006  bounding: 0.0261  add_domain: 0.0007
length of domains: 235
Current (lb-rhs): -0.13815367221832275
3776 branch and bound domains visited

Adv attack time: 0.0163s
Total time: 0.0274  pickout: 0.0002  decision: 0.0006  bounding: 0.0259  add_domain: 0.0007
length of domains: 285
Current (lb-rhs): -0.12177920341491699
4246 branch and bound domains visited

Adv attack time: 0.0161s
Total time: 0.0274  pickout: 0.0002  decision: 0.0006  bounding: 0.0259  add_domain: 0.0007
length of domains: 71
Current (lb-rhs): -0.05438417196273804
4816 branch and bound domains visited

Adv attack time: 0.0162s
Total time: 0.0275  pickout: 0.0002  decision: 0.0005  bounding: 0.0261  add_domain: 0.0006
length of domains: 23
Current (lb-rhs): -0.03534756600856781
4958 branch and bound domains visited

Adv attack time: 0.0161s
Total time: 0.0274  pickout: 0.0002  decision: 0.0008  bounding: 0.0257  add_domain: 0.0006
length of domains: 27
Current (lb-rhs): -0.020381689071655273
5050 branch and bound domains visited

Adv attack time: 0.0179s
Total time: 0.0272  pickout: 0.0002  decision: 0.0006  bounding: 0.0258  add_domain: 0.0006
length of domains: 1
Current (lb-rhs): -0.005171045660972595
5104 branch and bound domains visited

Adv attack time: 0.0173s
Total time: 0.0266  pickout: 0.0002  decision: 0.0021  bounding: 0.0240  add_domain: 0.0003
length of domains: 0
No domains left, verification finished!
The lower bound of last batch is 0.024917885661125183

Properties batch 1, size 1
Remaining timeout: 109.50880336761475
##### [0] Spec matrix: [[[ 0.  1.  0. -1.  0.]]], thresh: [0.] ######
Model prediction is: tensor([0.23860432, 0.24305248, 0.25350052, 0.18614218, 0.27979663],
       device='cuda:0')
initial crown bounds (first 10): tensor([-7.27742434], device='cuda:0')
pgd prediction: tensor([[[0.03488615, 0.02888835, 0.03132529, 0.02611750, 0.03492996]]],
       device='cuda:0', grad_fn=<SliceBackward0>)
pgd attack margin tensor([[[0.00277085]]], device='cuda:0', grad_fn=<SliceBackward0>)
number of violation:  0
Total time: 0.0302  pickout: 0.0002  decision: 0.0021  bounding: 0.0272  add_domain: 0.0007
length of domains: 64
Current (lb-rhs): -1.1704109907150269
64 branch and bound domains visited

Adv attack time: 0.0166s
Total time: 0.0274  pickout: 0.0002  decision: 0.0005  bounding: 0.0260  add_domain: 0.0007
length of domains: 128
Current (lb-rhs): -0.7973511219024658
192 branch and bound domains visited

Adv attack time: 0.0165s
Total time: 0.0273  pickout: 0.0002  decision: 0.0005  bounding: 0.0259  add_domain: 0.0007
length of domains: 219
Current (lb-rhs): -0.4267822802066803
448 branch and bound domains visited

Adv attack time: 0.0167s
Total time: 0.0277  pickout: 0.0002  decision: 0.0005  bounding: 0.0263  add_domain: 0.0007
length of domains: 320
Current (lb-rhs): -0.28314223885536194
886 branch and bound domains visited

Adv attack time: 0.0166s
Total time: 0.0278  pickout: 0.0002  decision: 0.0006  bounding: 0.0264  add_domain: 0.0007
length of domains: 274
Current (lb-rhs): -0.21397623419761658
1526 branch and bound domains visited

Adv attack time: 0.0165s
Total time: 0.0273  pickout: 0.0002  decision: 0.0005  bounding: 0.0258  add_domain: 0.0007
length of domains: 71
Current (lb-rhs): -0.1500472128391266
2074 branch and bound domains visited

Adv attack time: 0.0165s
Total time: 0.0271  pickout: 0.0002  decision: 0.0005  bounding: 0.0257  add_domain: 0.0007
length of domains: 42
Current (lb-rhs): -0.14009776711463928
2216 branch and bound domains visited

Adv attack time: 0.0165s
Total time: 0.0280  pickout: 0.0002  decision: 0.0005  bounding: 0.0266  add_domain: 0.0007
length of domains: 59
Current (lb-rhs): -0.11796585470438004
2300 branch and bound domains visited

Adv attack time: 0.0167s
Total time: 0.0277  pickout: 0.0002  decision: 0.0005  bounding: 0.0263  add_domain: 0.0006
length of domains: 12
Current (lb-rhs): -0.048828125
2418 branch and bound domains visited

Adv attack time: 0.0166s
Total time: 0.0271  pickout: 0.0002  decision: 0.0008  bounding: 0.0257  add_domain: 0.0003
length of domains: 0
No domains left, verification finished!
The lower bound of last batch is 0.0320134162902832

Properties batch 2, size 1
Remaining timeout: 108.66811990737915
##### [0] Spec matrix: [[[ 0.  0.  1. -1.  0.]]], thresh: [0.] ######
Model prediction is: tensor([0.23860432, 0.24305248, 0.25350052, 0.18614218, 0.27979663],
       device='cuda:0')
initial crown bounds (first 10): tensor([-36.91603851], device='cuda:0')
pgd prediction: tensor([[[0.03304221, 0.02934189, 0.02896728, 0.02473259, 0.03214262]]],
       device='cuda:0', grad_fn=<SliceBackward0>)
pgd attack margin tensor([[[0.00423469]]], device='cuda:0', grad_fn=<SliceBackward0>)
number of violation:  0
Total time: 0.0335  pickout: 0.0002  decision: 0.0021  bounding: 0.0305  add_domain: 0.0007
length of domains: 64
Current (lb-rhs): -5.2860517501831055
64 branch and bound domains visited

Adv attack time: 0.0166s
Total time: 0.0273  pickout: 0.0002  decision: 0.0005  bounding: 0.0259  add_domain: 0.0007
length of domains: 128
Current (lb-rhs): -3.5963938236236572
192 branch and bound domains visited

Adv attack time: 0.0164s
Total time: 0.0273  pickout: 0.0002  decision: 0.0005  bounding: 0.0259  add_domain: 0.0007
length of domains: 256
Current (lb-rhs): -1.7691822052001953
448 branch and bound domains visited

Adv attack time: 0.0165s
Total time: 0.0278  pickout: 0.0002  decision: 0.0006  bounding: 0.0264  add_domain: 0.0007
length of domains: 505
Current (lb-rhs): -1.2297134399414062
960 branch and bound domains visited

Adv attack time: 0.0164s
Total time: 0.0351  pickout: 0.0002  decision: 0.0006  bounding: 0.0334  add_domain: 0.0009
length of domains: 728
Current (lb-rhs): -0.7412607669830322
1970 branch and bound domains visited

Adv attack time: 0.0177s
Total time: 0.0308  pickout: 0.0003  decision: 0.0006  bounding: 0.0292  add_domain: 0.0007
length of domains: 472
Current (lb-rhs): -0.5578742623329163
3426 branch and bound domains visited

Adv attack time: 0.0166s
Total time: 0.0274  pickout: 0.0002  decision: 0.0006  bounding: 0.0259  add_domain: 0.0007
length of domains: 304
Current (lb-rhs): -0.34437036514282227
4370 branch and bound domains visited

Adv attack time: 0.0166s
Total time: 0.0276  pickout: 0.0002  decision: 0.0006  bounding: 0.0261  add_domain: 0.0008
length of domains: 328
Current (lb-rhs): -0.3127037286758423
4978 branch and bound domains visited

Adv attack time: 0.0169s
Total time: 0.0274  pickout: 0.0002  decision: 0.0006  bounding: 0.0259  add_domain: 0.0007
length of domains: 169
Current (lb-rhs): -0.13458824157714844
5634 branch and bound domains visited

Adv attack time: 0.0165s
Total time: 0.0273  pickout: 0.0002  decision: 0.0006  bounding: 0.0259  add_domain: 0.0007
length of domains: 34
Current (lb-rhs): -0.03451281785964966
5972 branch and bound domains visited

Adv attack time: 0.0166s
Total time: 0.0272  pickout: 0.0002  decision: 0.0005  bounding: 0.0258  add_domain: 0.0006
length of domains: 6
Current (lb-rhs): -0.01446622610092163
6040 branch and bound domains visited

Adv attack time: 0.0163s
Total time: 0.0278  pickout: 0.0002  decision: 0.0014  bounding: 0.0258  add_domain: 0.0003
length of domains: 0
No domains left, verification finished!
The lower bound of last batch is 0.0066623687744140625

Properties batch 3, size 1
Remaining timeout: 107.73151206970215
##### [0] Spec matrix: [[[ 0.  0.  0. -1.  1.]]], thresh: [0.] ######
Model prediction is: tensor([0.23860432, 0.24305248, 0.25350052, 0.18614218, 0.27979663],
       device='cuda:0')
initial crown bounds (first 10): tensor([-43.89530182], device='cuda:0')
pgd prediction: tensor([[[0.03321087, 0.02805901, 0.02876505, 0.02613499, 0.03152738]]],
       device='cuda:0', grad_fn=<SliceBackward0>)
pgd attack margin tensor([[[0.00539239]]], device='cuda:0', grad_fn=<SliceBackward0>)/home/zhouxingshi/onnx2pytorch/onnx2pytorch/convert/operations.py:154: UserWarning: The given NumPy array is not writable, and PyTorch does not support non-writable tensors. This means writing to this tensor will result in undefined behavior. You may want to copy the array to protect its data or make it writable before converting it to a tensor. This type of warning will be suppressed for the rest of this program. (Triggered internally at  /opt/conda/conda-bld/pytorch_1646755953518/work/torch/csrc/utils/tensor_numpy.cpp:178.)
  weight = torch.from_numpy(numpy_helper.to_array(params[0]))
/home/zhouxingshi/onnx2pytorch/onnx2pytorch/convert/model.py:154: UserWarning: Using experimental implementation that allows 'batch_size > 1'.Batchnorm layers could potentially produce false outputs.
  "Using experimental implementation that allows 'batch_size > 1'."

number of violation:  0
Total time: 0.0304  pickout: 0.0002  decision: 0.0021  bounding: 0.0274  add_domain: 0.0007
length of domains: 64
Current (lb-rhs): -5.512802600860596
64 branch and bound domains visited

Adv attack time: 0.0166s
Total time: 0.0274  pickout: 0.0002  decision: 0.0005  bounding: 0.0260  add_domain: 0.0007
length of domains: 128
Current (lb-rhs): -3.811826705932617
192 branch and bound domains visited

Adv attack time: 0.0164s
Total time: 0.0273  pickout: 0.0002  decision: 0.0006  bounding: 0.0259  add_domain: 0.0007
length of domains: 254
Current (lb-rhs): -1.9117870330810547
448 branch and bound domains visited

Adv attack time: 0.0164s
Total time: 0.0280  pickout: 0.0002  decision: 0.0006  bounding: 0.0266  add_domain: 0.0007
length of domains: 477
Current (lb-rhs): -1.4295951128005981
956 branch and bound domains visited

Adv attack time: 0.0164s
Total time: 0.0288  pickout: 0.0002  decision: 0.0005  bounding: 0.0273  add_domain: 0.0007
length of domains: 609
Current (lb-rhs): -0.665199875831604
1910 branch and bound domains visited

Adv attack time: 0.0165s
Total time: 0.0294  pickout: 0.0002  decision: 0.0006  bounding: 0.0280  add_domain: 0.0007
length of domains: 263
Current (lb-rhs): -0.5316611528396606
3128 branch and bound domains visited

Adv attack time: 0.0165s
Total time: 0.0274  pickout: 0.0002  decision: 0.0005  bounding: 0.0260  add_domain: 0.0007
length of domains: 114
Current (lb-rhs): -0.11711466312408447
3654 branch and bound domains visited

Adv attack time: 0.0164s
Total time: 0.0273  pickout: 0.0002  decision: 0.0005  bounding: 0.0259  add_domain: 0.0007
length of domains: 94
Current (lb-rhs): -0.07970404624938965
3882 branch and bound domains visited

Adv attack time: 0.0166s
Total time: 0.0273  pickout: 0.0002  decision: 0.0005  bounding: 0.0259  add_domain: 0.0007
length of domains: 42
Current (lb-rhs): -0.03018629550933838
4070 branch and bound domains visited

Adv attack time: 0.0164s
Total time: 0.0318  pickout: 0.0002  decision: 0.0006  bounding: 0.0302  add_domain: 0.0007
length of domains: 22
Current (lb-rhs): -0.02063491940498352
4154 branch and bound domains visited

Adv attack time: 0.0190s
Total time: 0.0279  pickout: 0.0004  decision: 0.0009  bounding: 0.0260  add_domain: 0.0007
length of domains: 13
Current (lb-rhs): -0.0039154887199401855
4242 branch and bound domains visited

Adv attack time: 0.0168s
Total time: 0.0263  pickout: 0.0002  decision: 0.0008  bounding: 0.0246  add_domain: 0.0006
length of domains: 10
Current (lb-rhs): -0.0016421675682067871
4294 branch and bound domains visited

Adv attack time: 0.0166s
Total time: 0.0267  pickout: 0.0002  decision: 0.0011  bounding: 0.0247  add_domain: 0.0006
length of domains: 2
Current (lb-rhs): -7.545948028564453e-05
4374 branch and bound domains visited

Adv attack time: 0.0162s
Total time: 0.0243  pickout: 0.0002  decision: 0.0017  bounding: 0.0220  add_domain: 0.0003
length of domains: 0
No domains left, verification finished!
The lower bound of last batch is 0.002359628677368164
Result: safe in 9.3021 seconds
############# Summary #############
Final verified acc: 100.0% [total 1 examples]
Total verification count: 1 , total verified safe: 1 , verified unsafe: 0 , timeout: 0
mean time (bab) [total:1]: 6.107468128204346
mean time [1] 9.302087306976318 max time 9.302087306976318
safe (total 1): [0]
