Configurations:

general:
  device: cuda
  seed: 100
  conv_mode: patches
  deterministic: false
  double_fp: false
  loss_reduction_func: max
  record_bounds: false
  sparse_alpha: true
  save_adv_example: false
  precompile_jit: false
  mode: verified-acc
  complete_verifier: bab
  enable_incomplete_verification: false
  get_crown_verified_acc: false
  csv_name: acasxu_instances.csv
  results_file: null
  root_path: ../../vnncomp2021/benchmarks/acasxu
model:
  path: null
  cache_onnx_conversion: false
  onnx_quirks: null
  name: mnist_9_200
  onnx_path: null
  onnx_path_prefix: ''
  onnx_optimization_flags: none
data:
  start: 185
  end: 186
  select_instance: null
  num_outputs: 5
  mean: 0.0
  std: 1.0
  pkl_path: null
  dataset: ACASXU
  data_filter_path: null
  data_idx_file: null
specification:
  type: lp
  norm: .inf
  epsilon: null
  vnnlib_path: null
  vnnlib_path_prefix: ''
solver:
  batch_size: 1000
  no_float64_last_iter: true
  no_amp: false
  early_stop_patience: 10
  start_save_best: 2
  bound_prop_method: crown
  prune_after_crown: false
  crown:
    batch_size: 1000000000
    max_crown_size: 1000000000
  alpha-crown:
    alpha: true
    lr_alpha: 0.1
    iteration: 10
    share_slopes: true
    no_joint_opt: false
    lr_decay: 0.98
    full_conv_alpha: true
  beta-crown:
    min_batch_size_ratio: 0.1
    lr_alpha: 0.01
    lr_beta: 0.05
    lr_decay: 0.98
    optimizer: adam
    iteration: 10
    beta: true
    beta_warmup: true
    enable_opt_interm_bounds: false
    all_node_split_LP: false
  forward:
    refine: false
    dynamic: false
    max_dim: 10000
  intermediate_refinement:
    enabled: false
    batch_size: 10
    opt_coeffs: false
    opt_bias: false
    lr: 0.05
    layers: [-1]
    max_domains: 1000
    solver_pkg: gurobi
  multi_class:
    multi_class_method: allclass_domain
    label_batch_size: 32
    skip_with_refined_bound: true
  mip:
    parallel_solvers: null
    solver_threads: 1
    refine_neuron_timeout: 15
    refine_neuron_time_percentage: 0.8
    early_stop: true
    adv_warmup: true
bab:
  initial_max_domains: 1
  max_domains: 200000
  decision_thresh: 0
  timeout: 360
  timeout_scale: 1
  override_timeout: null
  get_upper_bound: false
  dfs_percent: 0.0
  pruning_in_iteration: true
  pruning_in_iteration_ratio: 0.2
  sort_targets: false
  batched_domain_list: true
  optimized_intermediate_layers: ''
  interm_transfer: true
  cut:
    enabled: false
    bab_cut: false
    lp_cut: false
    method: null
    lr_decay: 1.0
    iteration: 100
    bab_iteration: -1
    early_stop_patience: -1
    lr_beta: 0.02
    number_cuts: 50
    topk_cuts_in_filter: 100
    batch_size_primal: 100
    add_implied_cuts: false
    add_input_cuts: false
    _tmp_cuts: null
    _eran_cuts: null
    max_num: 1000000000
    fixed_cuts: false
    patches_cut: false
    cplex_cuts: false
    cplex_cuts_wait: 0
    cplex_cuts_revpickup: true
    cut_reference_bounds: true
    fix_intermediate_bounds: false
    lr: 0.01
  branching:
    method: naive
    candidates: 3
    reduceop: min
    sb_coeff_thresh: 0.01
    input_split:
      enable: true
      enhanced_bound_prop_method: alpha-crown
      enhanced_branching_method: sb-fast
      enhanced_bound_patience: 20
      attack_patience: 80
      adv_check: 0
      sort_domain_interval: -1
  attack:
    enabled: false
    beam_candidates: 8
    beam_depth: 7
    max_dive_fix_ratio: 0.8
    min_local_free_ratio: 0.2
    mip_timeout: 30.0
    mip_start_iteration: 5
    max_dive_domains: -1
    num_dive_constraints: 50
    dive_rate: 0.2
    adv_dive: false
    adv_pool_threshold: null
    refined_mip_attacker: false
    refined_batch_size: null
attack:
  pgd_order: after
  pgd_steps: 100
  pgd_restarts: 30
  pgd_early_stop: true
  pgd_lr_decay: 0.99
  pgd_alpha: auto
  pgd_loss_mode: null
  attack_mode: PGD
  gama_lambda: 10.0
  gama_decay: 0.9
  check_clean: false
  input_split:
    pgd_steps: 100
    pgd_restarts: 30
    pgd_alpha: auto
  input_split_enhanced:
    pgd_steps: 200
    pgd_restarts: 5000000
    pgd_alpha: auto
  input_split_check_adv:
    pgd_steps: 5
    pgd_restarts: 5
    pgd_alpha: auto
  enable_mip_attack: false
  cex_path: ./test_cex.txt
debug:
  lp_test: null

Experiments at Tue Aug 23 12:00:22 2022 on diablo.cs.ucla.edu
saving results to a-b-crown_[acasxu_instances]_start=185_end=186_iter=10_b=1000_timeout=360_branching=naive-min-3_lra-init=0.1_lra=0.01_lrb=0.05_PGD=after_cplex_cuts=False_initial_max_domains=1.npz
customized start/end sample from 185 to 186

 %%%%%%%%%%%%%%%%%%%%%%%%%%%%%%%%%%% idx: 0, vnnlib ID: 185 %%%%%%%%%%%%%%%%%%%%%%%%%%%%%%%%%%%%%%%%
Using onnx ACASXU_run2a_4_5_batch_2000.onnx
Using vnnlib prop_10.vnnlib
Precompiled vnnlib file found at ../../vnncomp2021/benchmarks/acasxu/prop_10.vnnlib.compiled
Loading onnx ../../vnncomp2021/benchmarks/acasxu/ACASXU_run2a_4_5_batch_2000.onnx wih quirks {}
ConvertModel(
  (Sub_input_Sub): sub()
  (Flatten_Operation_1_Flatten): Flatten()
  (MatMul_Operation_1_Add): Linear(in_features=5, out_features=50, bias=True)
  (Relu_relu_1): ReLU(inplace=True)
  (MatMul_Operation_2_Add): Linear(in_features=50, out_features=50, bias=True)
  (Relu_relu_2): ReLU(inplace=True)
  (MatMul_Operation_3_Add): Linear(in_features=50, out_features=50, bias=True)
  (Relu_relu_3): ReLU(inplace=True)
  (MatMul_Operation_4_Add): Linear(in_features=50, out_features=50, bias=True)
  (Relu_relu_4): ReLU(inplace=True)
  (MatMul_Operation_5_Add): Linear(in_features=50, out_features=50, bias=True)
  (Relu_relu_5): ReLU(inplace=True)
  (MatMul_Operation_6_Add): Linear(in_features=50, out_features=50, bias=True)
  (Relu_relu_6): ReLU(inplace=True)
  (MatMul_linear_7_Add): Linear(in_features=50, out_features=5, bias=True)
)
Attack parameters: initialization=uniform, steps=100, restarts=30, alpha=0.0625, initialization=uniform, GAMA=False
model output: tensor([[-0.02065150, -0.01903160,  0.01813790, -0.01843230,  0.01836400]],
       device='cuda:0')
pgd prediction: tensor([[[-0.02065150, -0.01903160,  0.01813790, -0.01843230,  0.01836400],
         [-0.02065150, -0.01903160,  0.01813790, -0.01843230,  0.01836400]]],
       device='cuda:0')
pgd attack margin tensor([[[0.00161990, 0.03878940, 0.00221920, 0.03901550]]], device='cuda:0')
number of violation:  0
Attack finished in 1.0746 seconds.
pgd attack failed
Total VNNLIB file length: 4, max property batch size: 1, total number of batches: 4

Properties batch 0, size 1
Remaining timeout: 112.83863568305969
##### [0] Spec matrix: [[[-1.  1.  0.  0.  0.]]], thresh: [0.] ######
Model prediction is: tensor([-0.02065150, -0.01903160,  0.01813790, -0.01843230,  0.01836400],
       device='cuda:0')
initial crown bounds (first 10): tensor([-279.44894409], device='cuda:0')
pgd prediction: tensor([[[-0.02065150, -0.01903160,  0.01813790, -0.01843230,  0.01836400]]],
       device='cuda:0', grad_fn=<SliceBackward0>)
pgd attack margin tensor([[[0.00161990]]], device='cuda:0', grad_fn=<SliceBackward0>)
number of violation:  0
Total time: 1.0657  pickout: 0.0002  decision: 0.0028  bounding: 1.0619  add_domain: 0.0008
length of domains: 64
Current (lb-rhs): -25.37835693359375
64 branch and bound domains visited

Adv attack time: 0.0205s
Total time: 0.0280  pickout: 0.0002  decision: 0.0006  bounding: 0.0265  add_domain: 0.0007
length of domains: 128
Current (lb-rhs): -23.968721389770508
192 branch and bound domains visited

Adv attack time: 0.0176s
Total time: 0.0275  pickout: 0.0002  decision: 0.0006  bounding: 0.0260  add_domain: 0.0007
length of domains: 148
Current (lb-rhs): -3.854389190673828
448 branch and bound domains visited

Adv attack time: 0.0174s
Total time: 0.0273  pickout: 0.0002  decision: 0.0005  bounding: 0.0258  add_domain: 0.0007
length of domains: 246
Current (lb-rhs): -3.0552141666412354
744 branch and bound domains visited

Adv attack time: 0.0187s
Total time: 0.0313  pickout: 0.0002  decision: 0.0006  bounding: 0.0298  add_domain: 0.0007
length of domains: 335
Current (lb-rhs): -1.4197497367858887
1236 branch and bound domains visited

Adv attack time: 0.0176s
Total time: 0.0280  pickout: 0.0002  decision: 0.0005  bounding: 0.0266  add_domain: 0.0007
length of domains: 559
Current (lb-rhs): -1.298121452331543
1906 branch and bound domains visited

Adv attack time: 0.0174s
Total time: 0.0285  pickout: 0.0002  decision: 0.0006  bounding: 0.0271  add_domain: 0.0007
length of domains: 29
Current (lb-rhs): -0.2883742153644562
3024 branch and bound domains visited

Adv attack time: 0.0175s
Total time: 0.0274  pickout: 0.0002  decision: 0.0005  bounding: 0.0260  add_domain: 0.0006
length of domains: 18
Current (lb-rhs): -0.2285962849855423
3082 branch and bound domains visited

Adv attack time: 0.0174s
Total time: 0.0278  pickout: 0.0002  decision: 0.0008  bounding: 0.0261  add_domain: 0.0006
length of domains: 42
Current (lb-rhs): -0.17837296426296234
3154 branch and bound domains visited

Adv attack time: 0.0174s
Total time: 0.0271  pickout: 0.0002  decision: 0.0005  bounding: 0.0260  add_domain: 0.0003
length of domains: 0
No domains left, verification finished!
The lower bound of last batch is 0.0015869293129071593

Properties batch 1, size 1
Remaining timeout: 109.68211555480957
##### [0] Spec matrix: [[[-1.  0.  1.  0.  0.]]], thresh: [0.] ######
Model prediction is: tensor([-0.02065150, -0.01903160,  0.01813790, -0.01843230,  0.01836400],
       device='cuda:0')
initial crown bounds (first 10): tensor([-246.20326233], device='cuda:0')
pgd prediction: tensor([[[-0.02065150, -0.01903160,  0.01813790, -0.01843230,  0.01836400]]],
       device='cuda:0', grad_fn=<SliceBackward0>)
pgd attack margin tensor([[[0.03878940]]], device='cuda:0', grad_fn=<SliceBackward0>)
number of violation:  0
Total time: 0.0307  pickout: 0.0002  decision: 0.0021  bounding: 0.0277  add_domain: 0.0007
length of domains: 54
Current (lb-rhs): -23.223167419433594
64 branch and bound domains visited

Adv attack time: 0.0175s
Total time: 0.0274  pickout: 0.0002  decision: 0.0005  bounding: 0.0260  add_domain: 0.0007
length of domains: 94
Current (lb-rhs): -21.952768325805664
172 branch and bound domains visited

Adv attack time: 0.0174s
Total time: 0.0274  pickout: 0.0002  decision: 0.0005  bounding: 0.0260  add_domain: 0.0007
length of domains: 124
Current (lb-rhs): -3.5997438430786133
360 branch and bound domains visited

Adv attack time: 0.0174s
Total time: 0.0287  pickout: 0.0002  decision: 0.0006  bounding: 0.0273  add_domain: 0.0007
length of domains: 186
Current (lb-rhs): -2.784264326095581
608 branch and bound domains visited

Adv attack time: 0.0174s
Total time: 0.0279  pickout: 0.0002  decision: 0.0006  bounding: 0.0264  add_domain: 0.0007
length of domains: 116
Current (lb-rhs): -1.3044464588165283
980 branch and bound domains visited

Adv attack time: 0.0177s
Total time: 0.0272  pickout: 0.0002  decision: 0.0005  bounding: 0.0258  add_domain: 0.0007
length of domains: 150
Current (lb-rhs): -1.1884169578552246
1212 branch and bound domains visited

Adv attack time: 0.0174s
Total time: 0.0275  pickout: 0.0002  decision: 0.0005  bounding: 0.0261  add_domain: 0.0006
length of domains: 4
Current (lb-rhs): -0.02633132040500641
1512 branch and bound domains visited

Adv attack time: 0.0169s
Total time: 0.0279  pickout: 0.0002  decision: 0.0014  bounding: 0.0260  add_domain: 0.0003
length of domains: 0
No domains left, verification finished!
The lower bound of last batch is 0.03878939896821976

Properties batch 2, size 1
Remaining timeout: 108.9161925315857
##### [0] Spec matrix: [[[-1.  0.  0.  1.  0.]]], thresh: [0.] ######
Model prediction is: tensor([-0.02065150, -0.01903160,  0.01813790, -0.01843230,  0.01836400],
       device='cuda:0')
initial crown bounds (first 10): tensor([-319.02188110], device='cuda:0')
pgd prediction: tensor([[[-0.02065150, -0.01903160,  0.01813790, -0.01843230,  0.01836400]]],
       device='cuda:0', grad_fn=<SliceBackward0>)
pgd attack margin tensor([[[0.00221920]]], device='cuda:0', grad_fn=<SliceBackward0>)
number of violation:  0
Total time: 0.0313  pickout: 0.0002  decision: 0.0021  bounding: 0.0284  add_domain: 0.0007
length of domains: 62
Current (lb-rhs): -27.681255340576172
64 branch and bound domains visited

Adv attack time: 0.0175s
Total time: 0.0277  pickout: 0.0002  decision: 0.0005  bounding: 0.0262  add_domain: 0.0007
length of domains: 122
Current (lb-rhs): -26.146133422851562
188 branch and bound domains visited

Adv attack time: 0.0173s
Total time: 0.0274  pickout: 0.0002  decision: 0.0006  bounding: 0.0260  add_domain: 0.0007
length of domains: 146
Current (lb-rhs): -4.315319061279297
432 branch and bound domains visited

Adv attack time: 0.0174s
Total time: 0.0273  pickout: 0.0002  decision: 0.0006  bounding: 0.0258  add_domain: 0.0007
length of domains: 246
Current (lb-rhs): -3.4357786178588867
724 branch and bound domains visited

Adv attack time: 0.0173s
Total time: 0.0280  pickout: 0.0002  decision: 0.0006  bounding: 0.0265  add_domain: 0.0007
length of domains: 326
Current (lb-rhs): -1.5971176624298096
1216 branch and bound domains visited

Adv attack time: 0.0173s
Total time: 0.0280  pickout: 0.0002  decision: 0.0006  bounding: 0.0265  add_domain: 0.0007
length of domains: 555
Current (lb-rhs): -1.4560620784759521
1868 branch and bound domains visited

Adv attack time: 0.0173s
Total time: 0.0285  pickout: 0.0002  decision: 0.0006  bounding: 0.0271  add_domain: 0.0007
length of domains: 20
Current (lb-rhs): -0.14804446697235107
2978 branch and bound domains visited

Adv attack time: 0.0176s
Total time: 0.0278  pickout: 0.0002  decision: 0.0008  bounding: 0.0261  add_domain: 0.0007
length of domains: 33
Current (lb-rhs): -0.08666028082370758
3058 branch and bound domains visited

Adv attack time: 0.0180s
Total time: 0.0293  pickout: 0.0002  decision: 0.0006  bounding: 0.0277  add_domain: 0.0008
length of domains: 58
Current (lb-rhs): -0.08409413695335388
3124 branch and bound domains visited

Adv attack time: 0.0185s
Total time: 0.0278  pickout: 0.0002  decision: 0.0006  bounding: 0.0265  add_domain: 0.0003
length of domains: 0
No domains left, verification finished!
The lower bound of last batch is 0.0021869668271392584

Properties batch 3, size 1
Remaining timeout: 108.06162786483765
##### [0] Spec matrix: [[[-1.  0.  0.  0.  1.]]], thresh: [0.] ######
Model prediction is: tensor([-0.02065150, -0.01903160,  0.01813790, -0.01843230,  0.01836400],
       device='cuda:0')
initial crown bounds (first 10): tensor([-236.60505676], device='cuda:0')
pgd prediction: tensor([[[-0.02065150, -0.01903160,  0.01813790, -0.01843230,  0.01836400]]],
       device='cuda:0', grad_fn=<SliceBackward0>)
pgd attack margin tensor([[[0.03901550]]], device='cuda:0', grad_fn=<SliceBackward0>)
number of violation:  0
Total time: 0.0322  pickout: 0.0002  decision: 0.0021  bounding: 0.0293  add_domain: 0.0007
length of domains: 58
Current (lb-rhs): -22.584739685058594
64 branch and bound domains visited

Adv attack time: 0.0175s
Total time: 0.0276  pickout: 0.0002  decision: 0.0005  bounding: 0.0262  add_domain: 0.0007
length of domains: 94
Current (lb-rhs): -21.345237731933594
180 branch and bound domains visited

Adv attack time: 0.0173s
Total time: 0.0271  pickout: 0.0002  decision: 0.0006  bounding: 0.0257  add_domain: 0.0007
length of domains: 110
Current (lb-rhs): -3.46423602104187
368 branch and bound domains visited

Adv attack time: 0.0174s
Total time: 0.0275  pickout: 0.0002  decision: 0.0005  bounding: 0.0260  add_domain: 0.0007
length of domains: 173
Current (lb-rhs): -2.723450183868408
588 branch and bound domains visited

Adv attack time: 0.0173s
Total time: 0.0278  pickout: 0.0002  decision: 0.0006  bounding: 0.0263  add_domain: 0.0007
length of domains: 105
Current (lb-rhs): -1.2821152210235596
934 branch and bound domains visited

Adv attack time: 0.0174s
Total time: 0.0272  pickout: 0.0002  decision: 0.0005  bounding: 0.0258  add_domain: 0.0007
length of domains: 133
Current (lb-rhs): -1.1684489250183105
1144 branch and bound domains visited

Adv attack time: 0.0174s
Total time: 0.0374  pickout: 0.0002  decision: 0.0007  bounding: 0.0356  add_domain: 0.0009
length of domains: 2
Current (lb-rhs): -0.014456674456596375
1410 branch and bound domains visited

Adv attack time: 0.0246s
Total time: 0.0286  pickout: 0.0002  decision: 0.0018  bounding: 0.0263  add_domain: 0.0003
length of domains:/home/zhouxingshi/onnx2pytorch/onnx2pytorch/convert/operations.py:154: UserWarning: The given NumPy array is not writable, and PyTorch does not support non-writable tensors. This means writing to this tensor will result in undefined behavior. You may want to copy the array to protect its data or make it writable before converting it to a tensor. This type of warning will be suppressed for the rest of this program. (Triggered internally at  /opt/conda/conda-bld/pytorch_1646755953518/work/torch/csrc/utils/tensor_numpy.cpp:178.)
  weight = torch.from_numpy(numpy_helper.to_array(params[0]))
/home/zhouxingshi/onnx2pytorch/onnx2pytorch/convert/model.py:154: UserWarning: Using experimental implementation that allows 'batch_size > 1'.Batchnorm layers could potentially produce false outputs.
  "Using experimental implementation that allows 'batch_size > 1'."
 0
No domains left, verification finished!
The lower bound of last batch is 0.039015501737594604
Result: safe in 8.7367 seconds
############# Summary #############
Final verified acc: 100.0% [total 1 examples]
Total verification count: 1 , total verified safe: 1 , verified unsafe: 0 , timeout: 0
mean time (bab) [total:1]: 5.575271844863892
mean time [1] 8.736700296401978 max time 8.736700296401978
safe (total 1): [0]
