/home/zhouxingshi/conda/miniconda3/lib/python3.9/site-packages/onnx2pytorch/convert/operations.py:70: UserWarning: The given NumPy array is not writeable, and PyTorch does not support non-writeable tensors. This means you can write to the underlying (supposedly non-writeable) NumPy array using the tensor. You may want to copy the array to protect its data or make it writeable before converting it to a tensor. This type of warning will be suppressed for the rest of this program. (Triggered internally at  /pytorch/torch/csrc/utils/tensor_numpy.cpp:143.)
  op = value_wrapper(torch.from_numpy(extract_attributes(node)["constant"]))
/home/zhouxingshi/conda/miniconda3/lib/python3.9/site-packages/torch/nn/functional.py:2113: TracerWarning: Converting a tensor to a Python boolean might cause the trace to be incorrect. We can't record the data flow of Python values, so this value will be treated as a constant in the future. This means that the trace might not generalize to other inputs!
  if size_prods == 1:
/home/zhouxingshi/conda/miniconda3/lib/python3.9/site-packages/torch/onnx/symbolic_helper.py:677: UserWarning: ONNX export mode is set to inference mode, but operator batch_norm is set to training  mode. The model will be exported in inference, as specified by the export mode.
  warnings.warn("ONNX export mode is set to " + training_mode +
Experiments at Thu Nov  4 13:05:08 2021 on ubuntu
Namespace(solve_slope=True, load='../../vnncomp2021/benchmarks/eran', device='cuda', seed=100, norm=inf, batch_size=64, refinement_batch_size=-1, no_warm=False, no_beta=False, max_subproblems_list=200000, decision_thresh=0, timeout=360, start=59, end=60, branching_method='kfsb', branching_candidates=3, branching_reduceop='min', lr_init_alpha=0.1, init_iteration=100, lr_alpha=0.01, lr_beta=0.05, lr_decay=0.98, optimizer='adam', iteration=50, beta_warmup=True, opt_coeffs=False, opt_bias=False, opt_intermediate_beta=False, lr_intermediate_beta=0.05, intermediate_refinement_layers=[-1], max_refinement_domains=1000, conv_mode='patches', deterministic=False, double_fp=False, share_slopes=False, loss_reduction_func='min', mip_multi_proc=None, mip_threads=1, mip_refine_timeout=0.8, mip_perneuron_refine_timeout=15, record_lb=False, no_joint_opt=False, csv_name='eran_instances.csv', onnx_path=None, vnnlib_path=None, results_file=None, data='MNIST', model='cresnet5_16_avg_bn', increase_TO=False, pgd_order='before', complete_verifier='skip', incomplete=True)
saving results to vnn-comp_[eran_instances]_start=59_end=60_iter=50_b=64_int-beta=False_timeout=360_branching=kfsb-min-3_lra-init=0.1_lra=0.01_lrb=0.05_PGD=before.npz
customized start/end sample from 59 to 60

 %%%%%%%%%%%%%%%%%%%%%%%%%%%%%%%%%%% idx: 0 %%%%%%%%%%%%%%%%%%%%%%%%%%%%%%%%%%%%%%%%
args.loss_reduction_func change: min -> min
args.init_iteration change: 100 -> 1000
args.lr_decay change: 0.98 -> 0.999
args.pgd_order change: before -> before
args.complete_verifier change: skip -> skip
##### PGD attack: True label: 1, Tested against: [0, 2, 3, 4, 5, 6, 7, 8, 9] ######
pgd prediction: tensor([-15.4687,   0.3406,  -8.0588, -11.4311,  -7.8029, -10.5218,  -9.4028,
         -9.1984,  -6.2522,  -9.7026], device='cuda:0',
       grad_fn=<SqueezeBackward1>)
attack margin tensor([15.8093,     inf,  8.3994, 11.7717,  8.1434, 10.8624,  9.7434,  9.5390,
         6.5928, 10.0432], device='cuda:0', grad_fn=<RsubBackward1>)
untargeted pgd failed
Model prediction is: tensor([[-19.6652,   0.2360,  -9.2802, -13.7092,  -9.7208, -12.9633, -11.6576,
         -10.2555,  -9.2037, -12.3011]], device='cuda:0',
       grad_fn=<AddBackward0>)
alpha-CROWN optimizable variables initialized.

all verified at 91th iter
best_l after optimization: -0.021719545125961304 with beta sum per layer: []
optimal alpha/beta time: 14.13599967956543
initial alpha-CROWN bounds: tensor([[0.2915, 0.1447, 1.8556, 0.1238, 1.0685, 0.1573, 1.5356, 0.0908, 0.0217]],
       device='cuda:0', grad_fn=<AsStridedBackward>) None
verified with init bound!
Result: safe-incomplete in 19.3767 seconds


[]
############# Summary #############
Final verified acc: 100.0% [total 1 examples]
Total verification count: 1 , total verified safe: 1 , verified unsafe: 0 , timeout: 0
max time 19.376712322235107
safe-incomplete (total 1): [0]
