Experiments at Fri Nov  5 00:48:18 2021 on huan-Naples-server
saving results to vnn-comp_[cifar2020_instances]_start=44_end=45_iter=50_b=200_int-beta=False_timeout=360_branching=kfsb-max-10_lra-init=0.1_lra=0.01_lrb=0.01_PGD=before.npz
customized start/end sample from 44 to 45

 %%%%%%%%%%%%%%%%%%%%%%%%%%%%%%%%%%% idx: 0 %%%%%%%%%%%%%%%%%%%%%%%%%%%%%%%%%%%%%%%%
##### PGD attack: True label: 9, Tested against: [0, 1, 2, 3, 4, 5, 6, 7, 8] ######
pgd prediction: tensor([ 5.4902,  0.2657,  2.7600, -1.0245, -2.4728, -2.1666, -0.8696,  2.3422,
         0.1458,  5.8187], device='cuda:0', grad_fn=<SqueezeBackward1>)
attack margin tensor([0.3284, 5.5530, 3.0587, 6.8432, 8.2915, 7.9853, 6.6883, 3.4765, 5.6729,
           inf], device='cuda:0', grad_fn=<RsubBackward1>)
untargeted pgd failed
Model prediction is: tensor([[ 4.9294e+00,  3.5428e-01,  2.6970e+00, -1.0065e+00, -2.6282e+00,
         -2.0981e+00, -8.1195e-01,  2.3155e+00, -5.0922e-03,  6.1863e+00]],
       device='cuda:0', grad_fn=<AddBackward0>)
alpha-CROWN optimizable variables initialized.
initial CROWN bounds: tensor([[-0.3737,  4.0945,  1.3643,  5.3294,  6.4459,  6.3959,  5.1015,  1.8886,
          4.1377]], device='cuda:0') None
best_l after optimization: -35.77345657348633 with beta sum per layer: []
optimal alpha/beta time: 8.465133428573608
initial alpha-CROWN bounds: tensor([[-0.2462,  4.2123,  1.5379,  5.4944,  6.6347,  6.5577,  5.2523,  2.0259,
          4.3044]], device='cuda:0', grad_fn=<AsStridedBackward>) None
##### [0] True label: 9, Tested against: 0, onnx_path: nets/cifar10_2_255_simplified.onnx, vnnlib_path: specs/cifar10/cifar10_spec_idx_50_eps_0.00784_n1.vnnlib ######
Model prediction is: tensor([[ 4.9294e+00,  3.5428e-01,  2.6970e+00, -1.0065e+00, -2.6282e+00,
         -2.0981e+00, -8.1195e-01,  2.3155e+00, -5.0922e-03,  6.1863e+00]],
       device='cuda:0', grad_fn=<AddBackward0>)
alpha-CROWN optimizable variables initialized.
setting alpha for layer /12 start_node /13
setting alpha for layer /12 start_node /15
setting alpha for layer /12 start_node /18
not setting layer /12 start_node /20 because shape mismatch (torch.Size([2, 1, 1, 32, 32, 32]) != torch.Size([2, 9, 1, 32, 32, 32]))
setting alpha for layer /14 start_node /15
setting alpha for layer /14 start_node /18
not setting layer /14 start_node /20 because shape mismatch (torch.Size([2, 1, 1, 32, 16, 16]) != torch.Size([2, 9, 1, 32, 16, 16]))
setting alpha for layer /16 start_node /18
not setting layer /16 start_node /20 because shape mismatch (torch.Size([2, 1, 1, 128, 8, 8]) != torch.Size([2, 9, 1, 128, 8, 8]))
not setting layer /19 start_node /20 because shape mismatch (torch.Size([2, 1, 1, 250]) != torch.Size([2, 9, 1, 250]))
0 /11 torch.Size([1, 32, 32, 32])
1 /13 torch.Size([1, 32, 16, 16])
2 /15 torch.Size([1, 128, 8, 8])
3 /18 torch.Size([1, 250])
best_l after optimization: 0.24602293968200684 with beta sum per layer: []
optimal alpha/beta time: 1.5216755867004395
alpha-CROWN with fixed intermediate bounds: tensor([[-0.2460]], device='cuda:0', grad_fn=<AsStridedBackward>) None
-0.24602293968200684
layer 0 size torch.Size([32768]) unstable 1269
layer 1 size torch.Size([8192]) unstable 629
layer 2 size torch.Size([8192]) unstable 488
layer 3 size torch.Size([250]) unstable 34
# of unstable neurons: 2420
remaining dive domains: 0/-1, dive_rate:0.0
splitting decisions: [[3, 78]]
single_node_split: True
regular batch size: 2*1, diving batch size 1*0
best_l after optimization: -0.01549530029296875 with beta sum per layer: [0.0, 0.0, 0.0, 0.0]
optimal alpha/beta time: 0.8415927886962891
This batch time : update_bounds func: 0.8438	 prepare: 0.0012	 bound: 0.8418	 transfer: 0.0006	 finalize: 0.0002
Accumulated time: update_bounds func: 0.8438	 prepare: 0.0012	 bound: 0.8418	 transfer: 0.0006	 finalize: 0.0002
batch bounding time:  0.8439178466796875
Current worst splitting domains [lb, ub] (depth):
[-0.24430, 98.753975] (1), 
length of domains: 1
Total time: 0.8961	 pickout: 0.0012	 decision: 0.0509	 get_bound: 0.8439	 add_domain: 0.0001
Current lb:-0.24429643154144287
2 neurons visited
0 diving domains visited
Cumulative time: 2.8266236782073975

remaining dive domains: 0/-1, dive_rate:0.0
splitting decisions: [[3, 81]]
single_node_split: True
regular batch size: 2*1, diving batch size 1*0
best_l after optimization: 0.16915780305862427 with beta sum per layer: [0.0, 0.0, 0.0, 0.0]
optimal alpha/beta time: 0.5386133193969727
This batch time : update_bounds func: 0.5408	 prepare: 0.0012	 bound: 0.5388	 transfer: 0.0006	 finalize: 0.0002
Accumulated time: update_bounds func: 1.3847	 prepare: 0.0024	 bound: 1.3805	 transfer: 0.0006	 finalize: 0.0005
batch bounding time:  0.5409131050109863
Current worst splitting domains [lb, ub] (depth):
[-0.22066, 98.753975] (2), 
length of domains: 1
Total time: 0.5920	 pickout: 0.0011	 decision: 0.0499	 get_bound: 0.5409	 add_domain: 0.0001
Current lb:-0.220664381980896
4 neurons visited
0 diving domains visited
Cumulative time: 3.418667793273926

remaining dive domains: 0/-1, dive_rate:0.0
splitting decisions: [[3, 184]]
single_node_split: True
regular batch size: 2*1, diving batch size 1*0
best_l after optimization: 0.201023131608963 with beta sum per layer: [0.0, 0.0, 0.0, 0.2026926428079605]
optimal alpha/beta time: 0.540184736251831
This batch time : update_bounds func: 0.5424	 prepare: 0.0012	 bound: 0.5404	 transfer: 0.0006	 finalize: 0.0002
Accumulated time: update_bounds func: 1.9271	 prepare: 0.0036	 bound: 1.9209	 transfer: 0.0006	 finalize: 0.0007
batch bounding time:  0.5425152778625488
Current worst splitting domains [lb, ub] (depth):
[-0.21881, 98.753975] (3), 
length of domains: 1
Total time: 0.5937	 pickout: 0.0011	 decision: 0.0500	 get_bound: 0.5425	 add_domain: 0.0001
Current lb:-0.21880602836608887
6 neurons visited
0 diving domains visited
Cumulative time: 4.01245379447937

remaining dive domains: 0/-1, dive_rate:0.0
splitting decisions: [[3, 112]]
single_node_split: True
regular batch size: 2*1, diving batch size 1*0
best_l after optimization: 0.24496692419052124 with beta sum per layer: [0.0, 0.0, 0.0, 0.3031286895275116]
optimal alpha/beta time: 0.5380880832672119
This batch time : update_bounds func: 0.5403	 prepare: 0.0012	 bound: 0.5383	 transfer: 0.0006	 finalize: 0.0002
Accumulated time: update_bounds func: 2.4674	 prepare: 0.0048	 bound: 2.4592	 transfer: 0.0006	 finalize: 0.0009
batch bounding time:  0.540412187576294
Current worst splitting domains [lb, ub] (depth):
[-0.16879, 98.753975] (4), [-0.07618, 98.753975] (4), 
length of domains: 2
Total time: 0.5917	 pickout: 0.0011	 decision: 0.0501	 get_bound: 0.5404	 add_domain: 0.0001
Current lb:-0.16878533363342285
8 neurons visited
0 diving domains visited
Cumulative time: 4.604289770126343

remaining dive domains: 0/-1, dive_rate:0.0
splitting decisions: [[3, 24], [3, 24]]
single_node_split: True
regular batch size: 2*2, diving batch size 1*0
best_l after optimization: 0.17470616102218628 with beta sum per layer: [0.0, 0.0, 0.0, 1.160647988319397]
optimal alpha/beta time: 0.542830228805542
This batch time : update_bounds func: 0.5456	 prepare: 0.0014	 bound: 0.5430	 transfer: 0.0008	 finalize: 0.0004
Accumulated time: update_bounds func: 3.0131	 prepare: 0.0062	 bound: 3.0022	 transfer: 0.0008	 finalize: 0.0013
batch bounding time:  0.5456998348236084
Current worst splitting domains [lb, ub] (depth):
[-0.16734, 98.753975] (5), [-0.05981, 98.753975] (5), 
length of domains: 2
Total time: 0.6002	 pickout: 0.0014	 decision: 0.0529	 get_bound: 0.5457	 add_domain: 0.0001
Current lb:-0.1673433780670166
12 neurons visited
0 diving domains visited
Cumulative time: 5.204595327377319

remaining dive domains: 0/-1, dive_rate:0.0
splitting decisions: [[3, 17], [3, 17]]
single_node_split: True
regular batch size: 2*2, diving batch size 1*0
best_l after optimization: 0.12577593326568604 with beta sum per layer: [0.0, 0.0, 0.0, 1.8245232105255127]
optimal alpha/beta time: 0.5427815914154053
This batch time : update_bounds func: 0.5456	 prepare: 0.0013	 bound: 0.5430	 transfer: 0.0008	 finalize: 0.0004
Accumulated time: update_bounds func: 3.5586	 prepare: 0.0075	 bound: 3.5451	 transfer: 0.0008	 finalize: 0.0017
batch bounding time:  0.5457193851470947
Current worst splitting domains [lb, ub] (depth):
[-0.14324, 98.753975] (6), [-0.02120, 98.753975] (6), 
length of domains: 2
Total time: 0.5990	 pickout: 0.0014	 decision: 0.0517	 get_bound: 0.5457	 add_domain: 0.0001
Current lb:-0.14323747158050537
16 neurons visited
0 diving domains visited
Cumulative time: 5.80366325378418

remaining dive domains: 0/-1, dive_rate:0.0
splitting decisions: [[3, 97], [3, 97]]
single_node_split: True
regular batch size: 2*2, diving batch size 1*0
best_l after optimization: 0.09444773197174072 with beta sum per layer: [0.0, 0.0, 0.0, 2.0957655906677246]
optimal alpha/beta time: 0.5429360866546631
This batch time : update_bounds func: 0.5457	 prepare: 0.0014	 bound: 0.5431	 transfer: 0.0009	 finalize: 0.0004
Accumulated time: update_bounds func: 4.1043	 prepare: 0.0089	 bound: 4.0882	 transfer: 0.0009	 finalize: 0.0020
batch bounding time:  0.545804500579834
Current worst splitting domains [lb, ub] (depth):
[-0.09909, 98.753975] (7), [-0.06582, 98.753975] (7), 
length of domains: 2
Total time: 0.6018	 pickout: 0.0042	 decision: 0.0516	 get_bound: 0.5458	 add_domain: 0.0001
Current lb:-0.09908890724182129
20 neurons visited
0 diving domains visited
Cumulative time: 6.405549764633179

remaining dive domains: 0/-1, dive_rate:0.0
splitting decisions: [[3, 115], [3, 115]]
single_node_split: True
regular batch size: 2*2, diving batch size 1*0
best_l after optimization: 0.12074166536331177 with beta sum per layer: [0.0, 0.0, 0.0, 1.3606770038604736]
optimal alpha/beta time: 0.5421483516693115
This batch time : update_bounds func: 0.5449	 prepare: 0.0014	 bound: 0.5423	 transfer: 0.0009	 finalize: 0.0004
Accumulated time: update_bounds func: 4.6493	 prepare: 0.0102	 bound: 4.6306	 transfer: 0.0009	 finalize: 0.0024
batch bounding time:  0.5450417995452881
Current worst splitting domains [lb, ub] (depth):
[-0.09188, 98.753975] (8), [-0.05538, 98.753975] (8), 
length of domains: 2
Total time: 0.5980	 pickout: 0.0014	 decision: 0.0514	 get_bound: 0.5451	 add_domain: 0.0001
Current lb:-0.09188342094421387
24 neurons visited
0 diving domains visited
Cumulative time: 7.003640174865723

remaining dive domains: 0/-1, dive_rate:0.0
splitting decisions: [[2, 5994], [2, 5994]]
single_node_split: True
regular batch size: 2*2, diving batch size 1*0
best_l after optimization: 0.18910419940948486 with beta sum per layer: [0.0, 0.0, 0.5909065008163452, 1.1107343435287476]
optimal alpha/beta time: 0.5492885112762451
This batch time : update_bounds func: 0.5521	 prepare: 0.0014	 bound: 0.5495	 transfer: 0.0009	 finalize: 0.0004
Accumulated time: update_bounds func: 5.2014	 prepare: 0.0116	 bound: 5.1800	 transfer: 0.0009	 finalize: 0.0027
batch bounding time:  0.552191972732544
Current worst splitting domains [lb, ub] (depth):
[-0.08643, 98.753975] (9), [-0.04891, 98.753975] (9), [-0.04503, 98.753975] (9), [-0.00874, 98.753975] (9), 
length of domains: 4
Total time: 0.6053	 pickout: 0.0014	 decision: 0.0515	 get_bound: 0.5522	 add_domain: 0.0003
Current lb:-0.08642721176147461
28 neurons visited
0 diving domains visited
Cumulative time: 7.609027147293091

remaining dive domains: 0/-1, dive_rate:0.0
splitting decisions: [[2, 5993], [3, 15], [3, 15], [3, 15]]
single_node_split: True
regular batch size: 2*4, diving batch size 1*0
best_l after optimization: 0.17571008205413818 with beta sum per layer: [0.0, 0.0, 2.053983211517334, 2.2891669273376465]
optimal alpha/beta time: 0.5593662261962891
This batch time : update_bounds func: 0.5644	 prepare: 0.0019	 bound: 0.5596	 transfer: 0.0023	 finalize: 0.0006
Accumulated time: update_bounds func: 5.7658	 prepare: 0.0135	 bound: 5.7396	 transfer: 0.0023	 finalize: 0.0034
batch bounding time:  0.5645174980163574
Current worst splitting domains [lb, ub] (depth):
[-0.07812, 98.753975] (10), [-0.05359, 98.753975] (10), [-0.02694, 98.753975] (10), [-0.02513, 98.753975] (10), [-0.01016, 98.753975] (10), [-0.00933, 98.753975] (10), 
length of domains: 6
Total time: 0.6214	 pickout: 0.0021	 decision: 0.0543	 get_bound: 0.5645	 add_domain: 0.0004
Current lb:-0.07812023162841797
36 neurons visited
0 diving domains visited
Cumulative time: 8.230527877807617

remaining dive domains: 0/-1, dive_rate:0.0
splitting decisions: [[3, 15], [3, 15], [2, 5993], [2, 5993], [2, 7462], [2, 5993]]
single_node_split: True
regular batch size: 2*6, diving batch size 1*0
best_l after optimization: 0.17401230335235596 with beta sum per layer: [0.0, 0.0, 3.9437670707702637, 2.4364805221557617]
optimal alpha/beta time: 0.5670578479766846
This batch time : update_bounds func: 0.5735	 prepare: 0.0022	 bound: 0.5673	 transfer: 0.0032	 finalize: 0.0009
Accumulated time: update_bounds func: 6.3393	 prepare: 0.0157	 bound: 6.3069	 transfer: 0.0032	 finalize: 0.0043
batch bounding time:  0.573631763458252
Current worst splitting domains [lb, ub] (depth):
[-0.05598, 98.753975] (11), [-0.05537, 98.753975] (11), [-0.02850, 98.753975] (11), [-0.02769, 98.753975] (11), [-0.01803, 98.753975] (11), [-0.01624, 98.753975] (11), [-0.00194, 98.753975] (11), 
length of domains: 7
Total time: 0.6472	 pickout: 0.0141	 decision: 0.0590	 get_bound: 0.5737	 add_domain: 0.0005
Current lb:-0.0559844970703125
48 neurons visited
0 diving domains visited
Cumulative time: 8.877878904342651

remaining dive domains: 0/-1, dive_rate:0.0
splitting decisions: [[2, 787], [2, 787], [2, 787], [2, 787], [3, 52], [2, 7461], [2, 5993]]
single_node_split: True
regular batch size: 2*7, diving batch size 1*0
best_l after optimization: 0.14051401615142822 with beta sum per layer: [0.0, 0.0, 4.5199079513549805, 2.5288987159729004]
optimal alpha/beta time: 0.5725996494293213
This batch time : update_bounds func: 0.5815	 prepare: 0.0024	 bound: 0.5728	 transfer: 0.0052	 finalize: 0.0010
Accumulated time: update_bounds func: 6.9208	 prepare: 0.0180	 bound: 6.8797	 transfer: 0.0052	 finalize: 0.0053
batch bounding time:  0.5815699100494385
Current worst splitting domains [lb, ub] (depth):
[-0.05450, 98.753975] (12), [-0.05367, 98.753975] (12), [-0.02657, 98.753975] (12), [-0.02560, 98.753975] (12), [-0.01046, 98.753975] (12), [-0.00901, 98.753975] (12), [-0.00781, 98.753975] (12), 
length of domains: 7
Total time: 0.6459	 pickout: 0.0032	 decision: 0.0606	 get_bound: 0.5816	 add_domain: 0.0005
Current lb:-0.054503679275512695
62 neurons visited
0 diving domains visited
Cumulative time: 9.52402377128601

remaining dive domains: 0/-1, dive_rate:0.0
splitting decisions: [[2, 7461], [3, 52], [2, 7462], [3, 52], [2, 787], [3, 52], [2, 7462]]
single_node_split: True
regular batch size: 2*7, diving batch size 1*0
best_l after optimization: 0.12084591388702393 with beta sum per layer: [0.0, 0.0, 3.8084895610809326, 1.879672884941101]
optimal alpha/beta time: 0.570927619934082
This batch time : update_bounds func: 0.5782	 prepare: 0.0024	 bound: 0.5711	 transfer: 0.0037	 finalize: 0.0010
Accumulated time: update_bounds func: 7.4990	 prepare: 0.0204	 bound: 7.4508	 transfer: 0.0037	 finalize: 0.0063
batch bounding time:  0.5783438682556152
Current worst splitting domains [lb, ub] (depth):
[-0.04979, 98.753975] (13), [-0.03513, 98.753975] (13), [-0.02943, 98.753975] (13), [-0.02644, 98.753975] (13), [-0.02473, 98.753975] (13), [-0.00882, 98.753975] (13), [-0.00648, 98.753975] (13), [-0.00262, 98.753975] (13), 
length of domains: 8
Total time: 0.6405	 pickout: 0.0027	 decision: 0.0588	 get_bound: 0.5784	 add_domain: 0.0006
Current lb:-0.049793243408203125
76 neurons visited
0 diving domains visited
Cumulative time: 10.164687395095825

remaining dive domains: 0/-1, dive_rate:0.0
splitting decisions: [[2, 7462], [2, 7461], [2, 7461], [3, 52], [2, 7461], [3, 52], [2, 7461], [2, 7461]]
single_node_split: True
regular batch size: 2*8, diving batch size 1*0
best_l after optimization: 0.09303557872772217 with beta sum per layer: [0.0, 0.0, 5.06689977645874, 2.554269313812256]
optimal alpha/beta time: 0.5728425979614258
This batch time : update_bounds func: 0.5791	 prepare: 0.0025	 bound: 0.5730	 transfer: 0.0022	 finalize: 0.0013
Accumulated time: update_bounds func: 8.0781	 prepare: 0.0230	 bound: 8.0238	 transfer: 0.0022	 finalize: 0.0076
batch bounding time:  0.5792036056518555
Current worst splitting domains [lb, ub] (depth):
[-0.04786, 98.753975] (14), [-0.03058, 98.753975] (14), [-0.02480, 98.753975] (14), [-0.01973, 98.753975] (14), [-0.00965, 98.753975] (14), [-0.00729, 98.753975] (14), [-0.00589, 98.753975] (14), [-0.00265, 98.753975] (14), [-0.00216, 98.753975] (14), [-0.00187, 98.753975] (14), 
length of domains: 10
Total time: 0.6457	 pickout: 0.0033	 decision: 0.0625	 get_bound: 0.5794	 add_domain: 0.0006
Current lb:-0.04785966873168945
92 neurons visited
0 diving domains visited
Cumulative time: 10.810620546340942

remaining dive domains: 0/-1, dive_rate:0.0
splitting decisions: [[3, 52], [3, 134], [3, 134], [3, 52], [3, 52], [3, 134], [3, 134], [3, 134], [3, 134], [2, 7462]]
single_node_split: True
regular batch size: 2*10, diving batch size 1*0
best_l after optimization: -0.03942859172821045 with beta sum per layer: [0.0, 0.0, 5.822951316833496, 1.9016677141189575]
optimal alpha/beta time: 0.5843145847320557
This batch time : update_bounds func: 0.5930	 prepare: 0.0029	 bound: 0.5845	 transfer: 0.0040	 finalize: 0.0016
Accumulated time: update_bounds func: 8.6711	 prepare: 0.0258	 bound: 8.6083	 transfer: 0.0040	 finalize: 0.0092
batch bounding time:  0.5931265354156494
Current worst splitting domains [lb, ub] (depth):
[-0.02885, 98.753975] (15), [-0.02461, 98.753975] (15), [-0.02415, 98.753975] (15), [-0.01823, 98.753975] (15), [-0.00027, 98.753975] (15), [-0.00014, 98.753975] (15), 
length of domains: 6
Total time: 0.6644	 pickout: 0.0036	 decision: 0.0671	 get_bound: 0.5932	 add_domain: 0.0005
Current lb:-0.028848886489868164
112 neurons visited
0 diving domains visited
Cumulative time: 11.4752357006073

remaining dive domains: 0/-1, dive_rate:0.0
splitting decisions: [[3, 134], [3, 134], [2, 369], [2, 369], [3, 134], [3, 134]]
single_node_split: True
regular batch size: 2*6, diving batch size 1*0
best_l after optimization: 0.0015933513641357422 with beta sum per layer: [0.0, 0.0, 2.502211570739746, 1.1661617755889893]
optimal alpha/beta time: 0.5627663135528564
This batch time : update_bounds func: 0.5679	 prepare: 0.0022	 bound: 0.5630	 transfer: 0.0017	 finalize: 0.0010
Accumulated time: update_bounds func: 9.2390	 prepare: 0.0280	 bound: 9.1713	 transfer: 0.0017	 finalize: 0.0102
batch bounding time:  0.5680058002471924
Current worst splitting domains [lb, ub] (depth):
[-0.02246, 98.753975] (16), [-0.01985, 98.753975] (16), [-0.01801, 98.753975] (16), [-0.01372, 98.753975] (16), [-0.00036, 98.753975] (16), 
length of domains: 5
Total time: 0.6284	 pickout: 0.0030	 decision: 0.0570	 get_bound: 0.5681	 add_domain: 0.0004
Current lb:-0.02246236801147461
124 neurons visited
0 diving domains visited
Cumulative time: 12.103798627853394

remaining dive domains: 0/-1, dive_rate:0.0
splitting decisions: [[2, 369], [2, 7462], [2, 369], [2, 7462], [2, 7462]]
single_node_split: True
regular batch size: 2*5, diving batch size 1*0
best_l after optimization: 0.02488720417022705 with beta sum per layer: [0.0, 0.0, 1.0145421028137207, 0.9620461463928223]
optimal alpha/beta time: 0.5602455139160156
This batch time : update_bounds func: 0.5648	 prepare: 0.0019	 bound: 0.5604	 transfer: 0.0015	 finalize: 0.0009
Accumulated time: update_bounds func: 9.8039	 prepare: 0.0299	 bound: 9.7317	 transfer: 0.0015	 finalize: 0.0111
batch bounding time:  0.5649445056915283
Current worst splitting domains [lb, ub] (depth):
[-0.01810, 98.753975] (17), [-0.01810, 98.753975] (17), [-0.01341, 98.753975] (17), [-0.01188, 98.753975] (17), 
length of domains: 4
Total time: 0.6233	 pickout: 0.0025	 decision: 0.0555	 get_bound: 0.5650	 add_domain: 0.0003
Current lb:-0.01810276508331299
134 neurons visited
0 diving domains visited
Cumulative time: 12.72722315788269

remaining dive domains: 0/-1, dive_rate:0.0
splitting decisions: [[2, 5389], [2, 5389], [2, 5389], [2, 5389]]
single_node_split: True
regular batch size: 2*4, diving batch size 1*0
best_l after optimization: 0.04634428024291992 with beta sum per layer: [0.0, 0.0, 0.2795379161834717, 1.0154075622558594]
optimal alpha/beta time: 0.5553717613220215
This batch time : update_bounds func: 0.5595	 prepare: 0.0018	 bound: 0.5556	 transfer: 0.0014	 finalize: 0.0008
Accumulated time: update_bounds func: 10.3634	 prepare: 0.0317	 bound: 10.2872	 transfer: 0.0014	 finalize: 0.0119
batch bounding time:  0.5595946311950684
Current worst splitting domains [lb, ub] (depth):
[-0.01697, 98.753975] (18), [-0.01692, 98.753975] (18), [-0.01224, 98.753975] (18), [-0.01071, 98.753975] (18), 
length of domains: 4
Total time: 0.6191	 pickout: 0.0054	 decision: 0.0538	 get_bound: 0.5596	 add_domain: 0.0004
Current lb:-0.01696634292602539
142 neurons visited
0 diving domains visited
Cumulative time: 13.346492767333984

remaining dive domains: 0/-1, dive_rate:0.0
splitting decisions: [[2, 5355], [2, 5355], [2, 5355], [2, 5355]]
single_node_split: True
regular batch size: 2*4, diving batch size 1*0
best_l after optimization: 0.04416191577911377 with beta sum per layer: [0.0, 0.0, 0.31250786781311035, 1.0228171348571777]
optimal alpha/beta time: 0.5577301979064941
This batch time : update_bounds func: 0.5618	 prepare: 0.0018	 bound: 0.5579	 transfer: 0.0013	 finalize: 0.0008
Accumulated time: update_bounds func: 10.9252	 prepare: 0.0335	 bound: 10.8452	 transfer: 0.0013	 finalize: 0.0126
batch bounding time:  0.5619263648986816
Current worst splitting domains [lb, ub] (depth):
[-0.01584, 98.753975] (19), [-0.01578, 98.753975] (19), [-0.01100, 98.753975] (19), [-0.00954, 98.753975] (19), 
length of domains: 4
Total time: 0.6182	 pickout: 0.0021	 decision: 0.0538	 get_bound: 0.5619	 add_domain: 0.0004
Current lb:-0.015838265419006348
150 neurons visited
0 diving domains visited
Cumulative time: 13.964805126190186

remaining dive domains: 0/-1, dive_rate:0.0
splitting decisions: [[2, 5986], [2, 5986], [2, 5986], [2, 5986]]
single_node_split: True
regular batch size: 2*4, diving batch size 1*0
best_l after optimization: 0.030522584915161133 with beta sum per layer: [0.0, 0.0, 0.4530652165412903, 0.9316486716270447]
optimal alpha/beta time: 0.564455509185791
This batch time : update_bounds func: 0.5685	 prepare: 0.0018	 bound: 0.5646	 transfer: 0.0013	 finalize: 0.0008
Accumulated time: update_bounds func: 11.4938	 prepare: 0.0352	 bound: 11.4098	 transfer: 0.0013	 finalize: 0.0134
batch bounding time:  0.568634033203125
Current worst splitting domains [lb, ub] (depth):
[-0.01162, 98.753975] (20), [-0.01154, 98.753975] (20), [-0.00689, 98.753975] (20), [-0.00549, 98.753975] (20), 
length of domains: 4
Total time: 0.6248	 pickout: 0.0020	 decision: 0.0538	 get_bound: 0.5687	 add_domain: 0.0004
Current lb:-0.011623740196228027
158 neurons visited
0 diving domains visited
Cumulative time: 14.589754343032837

remaining dive domains: 0/-1, dive_rate:0.0
splitting decisions: [[2, 3594], [2, 3594], [2, 3594], [2, 3594]]
single_node_split: True
regular batch size: 2*4, diving batch size 1*0
best_l after optimization: -0.0003554821014404297 with beta sum per layer: [0.0, 0.0, 0.024868829175829887, 1.0077292919158936]
optimal alpha/beta time: 0.5546653270721436
This batch time : update_bounds func: 0.5590	 prepare: 0.0018	 bound: 0.5549	 transfer: 0.0015	 finalize: 0.0008
Accumulated time: update_bounds func: 12.0527	 prepare: 0.0370	 bound: 11.9646	 transfer: 0.0015	 finalize: 0.0142
batch bounding time:  0.5590569972991943
Current worst splitting domains [lb, ub] (depth):
[-0.00436, 98.753975] (21), [-0.00402, 98.753975] (21), [-0.00124, 98.753975] (21), [-0.00108, 98.753975] (21), 
length of domains: 4
Total time: 0.6153	 pickout: 0.0020	 decision: 0.0538	 get_bound: 0.5591	 add_domain: 0.0004
Current lb:-0.004355669021606445
166 neurons visited
0 diving domains visited
Cumulative time: 15.205151319503784

remaining dive domains: 0/-1, dive_rate:0.0
splitting decisions: [[2, 5932], [2, 5932], [2, 5932], [2, 5932]]
single_node_split: True
regular batch size: 2*4, diving batch size 1*0

all verified at 0th iter
best_l after optimization: -0.0468134880065918 with beta sum per layer: [0.0, 0.0, 0.049737658351659775, 0.0]
optimal alpha/beta time: 0.007892370223999023
This batch time : update_bounds func: 0.0118	 prepare: 0.0018	 bound: 0.0081	 transfer: 0.0013	 finalize: 0.0006/home/huan/miniconda3/envs/huanpy37/lib/python3.7/site-packages/onnx2pytorch/convert/layer.py:25: UserWarning: The given NumPy array is not writeable, and PyTorch does not support non-writeable tensors. This means you can write to the underlying (supposedly non-writeable) NumPy array using the tensor. You may want to copy the array to protect its data or make it writeable before converting it to a tensor. This type of warning will be suppressed for the rest of this program. (Triggered internally at  /opt/conda/conda-bld/pytorch_1627336316785/work/torch/csrc/utils/tensor_numpy.cpp:143.)
  layer.weight.data = torch.from_numpy(numpy_helper.to_array(weight))

Accumulated time: update_bounds func: 12.0645	 prepare: 0.0387	 bound: 11.9727	 transfer: 0.0013	 finalize: 0.0148
batch bounding time:  0.011896848678588867
Current worst splitting domains [lb, ub] (depth):

length of domains: 0
Total time: 0.0709	 pickout: 0.0023	 decision: 0.0567	 get_bound: 0.0119	 add_domain: 0.0000
No domains left, verification finished!
Cumulative time: 15.276226282119751

Image 0 against label 0 verify end, Time cost: 15.353020429611206
##### [0] True label: 9, Tested against: 1, onnx_path: nets/cifar10_2_255_simplified.onnx, vnnlib_path: specs/cifar10/cifar10_spec_idx_50_eps_0.00784_n1.vnnlib ######
init opt crown verified for label 1 with bound 4.212303161621094
Image 0 against label 1 verify end, Time cost: 0.00034046173095703125
##### [0] True label: 9, Tested against: 2, onnx_path: nets/cifar10_2_255_simplified.onnx, vnnlib_path: specs/cifar10/cifar10_spec_idx_50_eps_0.00784_n1.vnnlib ######
init opt crown verified for label 2 with bound 1.5378953218460083
Image 0 against label 2 verify end, Time cost: 0.00029087066650390625
##### [0] True label: 9, Tested against: 3, onnx_path: nets/cifar10_2_255_simplified.onnx, vnnlib_path: specs/cifar10/cifar10_spec_idx_50_eps_0.00784_n1.vnnlib ######
init opt crown verified for label 3 with bound 5.49444580078125
Image 0 against label 3 verify end, Time cost: 0.00027108192443847656
##### [0] True label: 9, Tested against: 4, onnx_path: nets/cifar10_2_255_simplified.onnx, vnnlib_path: specs/cifar10/cifar10_spec_idx_50_eps_0.00784_n1.vnnlib ######
init opt crown verified for label 4 with bound 6.634693145751953
Image 0 against label 4 verify end, Time cost: 0.0002658367156982422
##### [0] True label: 9, Tested against: 5, onnx_path: nets/cifar10_2_255_simplified.onnx, vnnlib_path: specs/cifar10/cifar10_spec_idx_50_eps_0.00784_n1.vnnlib ######
init opt crown verified for label 5 with bound 6.557673454284668
Image 0 against label 5 verify end, Time cost: 0.000278472900390625
##### [0] True label: 9, Tested against: 6, onnx_path: nets/cifar10_2_255_simplified.onnx, vnnlib_path: specs/cifar10/cifar10_spec_idx_50_eps_0.00784_n1.vnnlib ######
init opt crown verified for label 6 with bound 5.252328872680664
Image 0 against label 6 verify end, Time cost: 0.00026869773864746094
##### [0] True label: 9, Tested against: 7, onnx_path: nets/cifar10_2_255_simplified.onnx, vnnlib_path: specs/cifar10/cifar10_spec_idx_50_eps_0.00784_n1.vnnlib ######
init opt crown verified for label 7 with bound 2.02589750289917
Image 0 against label 7 verify end, Time cost: 0.0002644062042236328
##### [0] True label: 9, Tested against: 8, onnx_path: nets/cifar10_2_255_simplified.onnx, vnnlib_path: specs/cifar10/cifar10_spec_idx_50_eps_0.00784_n1.vnnlib ######
init opt crown verified for label 8 with bound 4.304389476776123
Image 0 against label 8 verify end, Time cost: 0.00026988983154296875
Result: safe-bab in 29.4064 seconds


[[  0.         999.         174.          15.35302043   0.        ]
 [  0.           4.21230316   0.           0.00034046   1.        ]
 [  0.           1.53789532   0.           0.00029087   2.        ]
 [  0.           5.4944458    0.           0.00027108   3.        ]
 [  0.           6.63469315   0.           0.00026584   4.        ]
 [  0.           6.55767345   0.           0.00027847   5.        ]
 [  0.           5.25232887   0.           0.0002687    6.        ]
 [  0.           2.0258975    0.           0.00026441   7.        ]
 [  0.           4.30438948   0.           0.00026989   8.        ]]
############# Summary #############
Final verified acc: 100.0% [total 1 examples]
Total verification count: 1 , total verified safe: 1 , verified unsafe: 0 , timeout: 0
mean time [total:1]: 15.355270147323608
mean time [cnt:1]: 15.355270147323608
max time 29.406359434127808
safe-bab (total 1): [0]
