Configurations:

general:
  device: cuda
  seed: 100
  conv_mode: patches
  deterministic: false
  double_fp: false
  loss_reduction_func: sum
  record_bounds: false
  sparse_alpha: true
  save_adv_example: false
  precompile_jit: false
  complete_verifier: bab
  enable_incomplete_verification: true
  get_crown_verified_acc: false
  csv_name: null
  results_file: out.txt
  root_path: ''
model:
  name: cnn_4layer_adv4
  path: cifar_cnn_a_adv4.model
  onnx_path: null
  onnx_path_prefix: ''
  cache_onnx_conversion: false
  onnx_quirks: null
  input_shape: null
  onnx_loader: default_onnx_and_vnnlib_loader
  onnx_optimization_flags: none
data:
  start: 199
  end: 200
  select_instance: null
  num_outputs: 10
  mean: 0.0
  std: 1.0
  pkl_path: null
  dataset: CIFAR_SDP
  data_filter_path: null
  data_idx_file: null
specification:
  type: lp
  robustness_type: verified-acc
  norm: .inf
  epsilon: 0.00784313725
  vnnlib_path: null
  vnnlib_path_prefix: ''
solver:
  batch_size: 4096
  min_batch_size_ratio: 0.1
  use_float64_in_last_iteration: false
  early_stop_patience: 10
  start_save_best: 0.5
  bound_prop_method: alpha-crown
  prune_after_crown: false
  crown:
    batch_size: 1000000000
    max_crown_size: 1000000000
  alpha-crown:
    alpha: true
    lr_alpha: 0.1
    iteration: 100
    share_slopes: false
    no_joint_opt: false
    lr_decay: 0.98
    full_conv_alpha: true
  beta-crown:
    lr_alpha: 0.01
    lr_beta: 0.05
    lr_decay: 0.98
    optimizer: adam
    iteration: 20
    beta: true
    beta_warmup: true
    enable_opt_interm_bounds: false
    all_node_split_LP: false
  forward:
    refine: false
    dynamic: false
    max_dim: 10000
  multi_class:
    multi_class_method: allclass_domain
    label_batch_size: 32
    skip_with_refined_bound: true
  mip:
    parallel_solvers: null
    solver_threads: 1
    refine_neuron_timeout: 15
    refine_neuron_time_percentage: 0.8
    early_stop: true
    adv_warmup: true
    mip_solver: gurobi
bab:
  initial_max_domains: 1
  max_domains: .inf
  decision_thresh: 0
  timeout: 30
  timeout_scale: 1
  override_timeout: null
  get_upper_bound: false
  dfs_percent: 0.0
  pruning_in_iteration: true
  pruning_in_iteration_ratio: 0.2
  sort_targets: false
  batched_domain_list: true
  optimized_intermediate_layers: ''
  interm_transfer: true
  cut:
    enabled: false
    bab_cut: false
    lp_cut: false
    method: null
    lr: 0.01
    lr_decay: 1.0
    iteration: 100
    bab_iteration: -1
    early_stop_patience: -1
    lr_beta: 0.02
    number_cuts: 50
    topk_cuts_in_filter: 100
    batch_size_primal: 100
    _tmp_cuts: null
    max_num: 1000000000
    fixed_cuts: false
    patches_cut: false
    cplex_cuts: false
    cplex_cuts_wait: 0
    cplex_cuts_revpickup: true
    cut_reference_bounds: true
    fix_intermediate_bounds: false
  branching:
    method: kfsb
    candidates: 3
    reduceop: min
    sb_coeff_thresh: 0.001
    input_split:
      enable: false
      enhanced_bound_prop_method: alpha-crown
      enhanced_branching_method: naive
      enhanced_bound_patience: 100000000.0
      attack_patience: 100000000.0
      adv_check: 0
      sort_domain_interval: -1
  attack:
    enabled: false
    beam_candidates: 8
    beam_depth: 7
    max_dive_fix_ratio: 0.8
    min_local_free_ratio: 0.2
    mip_start_iteration: 5
    mip_timeout: 30.0
    adv_pool_threshold: null
    refined_mip_attacker: false
    refined_batch_size: null
attack:
  pgd_order: skip
  pgd_steps: 100
  pgd_restarts: 50
  pgd_early_stop: true
  pgd_lr_decay: 0.99
  pgd_alpha: auto
  pgd_loss_mode: null
  enable_mip_attack: false
  cex_path: ./test_cex.txt
  attack_mode: PGD
  gama_lambda: 10.0
  gama_decay: 0.9
  check_clean: false
  input_split:
    pgd_steps: 100
    pgd_restarts: 30
    pgd_alpha: auto
  input_split_enhanced:
    pgd_steps: 200
    pgd_restarts: 5000000
    pgd_alpha: auto
  input_split_check_adv:
    pgd_steps: 5
    pgd_restarts: 5
    pgd_alpha: auto
debug:
  lp_test: null

Experiments at Wed Sep 14 14:55:28 2022 on diablo.cs.ucla.edu
Sequential(
  (0): Conv2d(3, 16, kernel_size=(4, 4), stride=(2, 2), padding=(1, 1))
  (1): ReLU()
  (2): Conv2d(16, 32, kernel_size=(4, 4), stride=(2, 2), padding=(1, 1))
  (3): ReLU()
  (4): Flatten()
  (5): Linear(in_features=2048, out_features=100, bias=True)
  (6): ReLU()
  (7): Linear(in_features=100, out_features=10, bias=True)
)
############################
Sampled data loaded. Data already preprocessed!
Shape: torch.Size([200, 3, 32, 32]) torch.Size([200]) torch.Size([200])
X range: tensor(2.12560368) tensor(-1.98888886) tensor(-0.01308715)
############################
Internal results will be saved to Verified_ret_[cnn_4layer_adv4]_start=199_end=200_iter=20_b=4096_timeout=30_branching=kfsb-min-3_lra-init=0.1_lra=0.01_lrb=0.05_PGD=skip_cplex_cuts=False_multiclass=allclass_domain.npy.

 %%%%%%%%%%%%%%%%%%%%%%%%%%%%%%%%%%% idx: 0, vnnlib ID: 199 %%%%%%%%%%%%%%%%%%%%%%%%%%%%%%%%%%%%%%%%
Model prediction is: tensor([[-6.18024445, -5.98002243, -5.06597948, -4.94513512, -5.08981609,
         -5.01497507, -4.47184372, -5.60709667, -6.87614250, -5.18200159]],
       device='cuda:0')
layer /input.4 using sparse-features alpha with shape [543]; unstable size 543; total size 4096 (torch.Size([1, 16, 16, 16]))
layer /input.4 start_node /input.8 using sparse-spec alpha with unstable size 203 total_size 2048 output_shape (32, 8, 8)
layer /input.4 start_node /input.12 using sparse-spec alpha with unstable size 6 total_size 100 output_shape torch.Size([100])
layer /input.4 start_node /23 using full alpha with unstable size None total_size 9 output_shape 9
layer /12 using sparse-features alpha with shape [203]; unstable size 203; total size 2048 (torch.Size([1, 32, 8, 8]))
layer /12 start_node /input.12 using sparse-spec alpha with unstable size 6 total_size 100 output_shape torch.Size([100])
layer /12 start_node /23 using full alpha with unstable size None total_size 9 output_shape 9
layer /22 using sparse-features alpha with shape [6]; unstable size 6; total size 100 (torch.Size([1, 100]))
layer /22 start_node /23 using full alpha with unstable size None total_size 9 output_shape 9
Optimizable variables initialized.
initial CROWN bounds: tensor([[ 0.73734778,  0.50935650,  0.11531413,  0.06424809,  0.13350654,
          0.12348163,  0.50896800,  1.37839329, -0.26445675]], device='cuda:0') None
best_l after optimization: 3.5444653034210205 with beta sum per layer: []
alpha/beta optimization time: 5.758601427078247
initial alpha-CROWN bounds: tensor([[ 0.76942450,  0.55314827,  0.13137043,  0.07712168,  0.14933813,
          0.13836396,  0.53112853,  1.41479445, -0.22022438]], device='cuda:0')
Worst class: (+ rhs) -0.22022438049316406
Total VNNLIB file length: 9, max property batch size: 1, total number of batches: 9
lA shape: [torch.Size([1, 9, 16, 16, 16]), torch.Size([1, 9, 32, 8, 8]), torch.Size([1, 9, 100])]

Properties batch 0, size 1
Remaining timeout: 20.21391749382019
##### Instance 0 first 10 spec matrices: [[[-1.  0.  0.  0.  0.  0.  1.  0.  0.  0.]]]
thresholds: [0] ######
Initial alpha-CROWN verified for spec index [0] with bound 0.7694244980812073.

Properties batch 1, size 1
Remaining timeout: 20.135395526885986
##### Instance 0 first 10 spec matrices: [[[ 0. -1.  0.  0.  0.  0.  1.  0.  0.  0.]]]
thresholds: [0] ######
Initial alpha-CROWN verified for spec index [0] with bound 0.5531482696533203.

Properties batch 2, size 1
Remaining timeout: 20.095046997070312
##### Instance 0 first 10 spec matrices: [[[ 0.  0. -1.  0.  0.  0.  1.  0.  0.  0.]]]
thresholds: [0] ######
Initial alpha-CROWN verified for spec index [0] with bound 0.1313704252243042.

Properties batch 3, size 1
Remaining timeout: 20.054692268371582
##### Instance 0 first 10 spec matrices: [[[ 0.  0.  0. -1.  0.  0.  1.  0.  0.  0.]]]
thresholds: [0] ######
Initial alpha-CROWN verified for spec index [0] with bound 0.07712167501449585.

Properties batch 4, size 1
Remaining timeout: 20.014524459838867
##### Instance 0 first 10 spec matrices: [[[ 0.  0.  0.  0. -1.  0.  1.  0.  0.  0.]]]
thresholds: [0] ######
Initial alpha-CROWN verified for spec index [0] with bound 0.14933812618255615.

Properties batch 5, size 1
Remaining timeout: 19.97281813621521
##### Instance 0 first 10 spec matrices: [[[ 0.  0.  0.  0.  0. -1.  1.  0.  0.  0.]]]
thresholds: [0] ######
Initial alpha-CROWN verified for spec index [0] with bound 0.13836395740509033.

Properties batch 6, size 1
Remaining timeout: 19.929592609405518
##### Instance 0 first 10 spec matrices: [[[ 0.  0.  0.  0.  0.  0.  1. -1.  0.  0.]]]
thresholds: [0] ######
Initial alpha-CROWN verified for spec index [0] with bound 0.5311285257339478.

Properties batch 7, size 1
Remaining timeout: 19.88812828063965
##### Instance 0 first 10 spec matrices: [[[ 0.  0.  0.  0.  0.  0.  1.  0. -1.  0.]]]
thresholds: [0] ######
Initial alpha-CROWN verified for spec index [0] with bound 1.4147944450378418.

Properties batch 8, size 1
Remaining timeout: 19.848918437957764
##### Instance 0 first 10 spec matrices: [[[ 0.  0.  0.  0.  0.  0.  1.  0.  0. -1.]]]
thresholds: [0] ######
Remaining spec index [0] with bounds tensor([[-0.22022438]], device='cuda:0') need to verify.
Model prediction is: tensor([-6.18024445, -5.98002243, -5.06597948, -4.94513512, -5.08981609,
        -5.01497507, -4.47184372, -5.60709667, -6.87614250, -5.18200159],
       device='cuda:0')
build_the_model_with_refined_bounds batch [0/1]
setting alpha for layer /input.4 start_node /23 with alignment adjustment
setting alpha for layer /12 start_node /23 with alignment adjustment
setting alpha for layer /22 start_node /23 with alignment adjustment
all slope initialized
directly get lb and ub from refined bounds
lA shapes: [torch.Size([1, 1, 16, 16, 16]), torch.Size([1, 1, 32, 8, 8]), torch.Size([1, 1, 100])]
c shape: torch.Size([1, 1, 10])
alpha-CROWN with fixed intermediate bounds: tensor([[-0.22022438]], device='cuda:0') tensor([[inf]], device='cuda:0')
Keeping slopes for these layers: ['/23']
Keeping slopes for these layers: ['/23']
layer 0 size torch.Size([4096]) unstable 543
layer 1 size torch.Size([2048]) unstable 202
layer 2 size torch.Size([100]) unstable 6
-----------------
# of unstable neurons: 751
-----------------

batch:  torch.Size([1, 16, 16, 16]) pre split depth:  8
batch:  torch.Size([1, 16, 16, 16]) post split depth:  8
splitting decisions: 
split level 0: [1, 924] 
split level 1: [2, 27] 
split level 2: [1, 555] 
split level 3: [2, 62] 
split level 4: [1, 996] 
split level 5: [1, 1243] 
split level 6: [1, 370] 
split level 7: [1, 947] 
(256, 3, 32, 32) torch.Size([256, 1, 10]) torch.Size([256, 1])
pruning_in_iteration open status: True
ratio of positive domain = 114 / 256 = 0.4453125
pruning-in-iteration extra time: 0.014336109161376953
Tensors transferred: pre=3.0488M lA=0.8515M alpha=0.3672M beta=0.0020M
This batch time : update_bounds func: 0.6826	 prepare: 0.0262	 bound: 0.6343	 transfer: 0.0123	 finalize: 0.0095
Accumulated time: update_bounds func: 0.6826	 prepare: 0.0262	 bound: 0.6343	 transfer: 0.0123	 finalize: 0.0095
batch bounding time:  0.6826944351196289
Current worst splitting domains lb-rhs (depth):
-0.17847 (8), -0.17580 (8), -0.17430 (8), -0.17165 (8), -0.16932 (8), -0.16726 (8), -0.16547 (8), -0.16546 (8), -0.16415 (8), -0.16217 (8), -0.16209 (8), -0.16059 (8), -0.15964 (8), -0.15950 (8), -0.15697 (8), -0.15651 (8), -0.15621 (8), -0.15304 (8), -0.15300 (8), -0.15126 (8), 
length of domains: 142
Total time: 1.1978	 pickout: 0.0015	 decision: 0.4529	 get_bound: 0.7328	 add_domain: 0.0105
Accumulated time:	 pickout: 0.0015	 decision: 0.4529	 get_bound: 0.7328	 add_domain: 0.0105
Current (lb-rhs): -0.1784677505493164
114 domains visited
Cumulative time: 1.251255750656128

batch:  torch.Size([142, 16, 16, 16]) pre split depth:  1
batch:  torch.Size([142, 16, 16, 16]) post split depth:  1
splitting decisions: 
split level 0: [1, 349] [1, 349] [1, 349] [1, 349] [1, 373] [1, 373] [1, 916] [1, 180] [1, 373] [1, 373] 
(284, 3, 32, 32) torch.Size([284, 1, 10]) torch.Size([284, 1])
pruning_in_iteration open status: False
ratio of positive domain = 55 / 284 = 0.19366197183098588
pruning-in-iteration extra time: 0.0001347064971923828
Tensors transferred: pre=3.3823M lA=1.6911M alpha=0.4073M beta=0.0024M
This batch time : update_bounds func: 0.2940	 prepare: 0.0328	 bound: 0.2402	 transfer: 0.0100	 finalize: 0.0105
Accumulated time: update_bounds func: 0.9766	 prepare: 0.0590	 bound: 0.8744	 transfer: 0.0223	 finalize: 0.0201
batch bounding time:  0.2940046787261963
Current worst splitting domains lb-rhs (depth):
-0.17413 (9), -0.17143 (9), -0.16964 (9), -0.16701 (9), -0.16484 (9), -0.16298 (9), -0.16120 (9), -0.16079 (9), -0.15990 (9), -0.15786 (9), -0.15731 (9), -0.15704 (9), -0.15590 (9), -0.15462 (9), -0.15457 (9), -0.15437 (9), -0.15434 (9), -0.15195 (9), -0.15190 (9), -0.15170 (9), 
length of domains: 229
Total time: 0.3661	 pickout: 0.0020	 decision: 0.0546	 get_bound: 0.2941	 add_domain: 0.0154
Accumulated time:	 pickout: 0.0035	 decision: 0.5075	 get_bound: 1.0269	 add_domain: 0.0259
Current (lb-rhs): -0.1741323471069336
169 domains visited
Cumulative time: 1.6181881427764893

batch:  torch.Size([229, 16, 16, 16]) pre split depth:  1
batch:  torch.Size([229, 16, 16, 16]) post split depth:  1
splitting decisions: 
split level 0: [1, 180] [1, 180] [1, 916] [1, 916] [1, 926] [1, 926] [1, 916] [1, 916] [1, 926] [1, 926] 
(458, 3, 32, 32) torch.Size([458, 1, 10]) torch.Size([458, 1])
pruning_in_iteration open status: False
ratio of positive domain = 44 / 458 = 0.09606986899563319
pruning-in-iteration extra time: 0.000156402587890625
Tensors transferred: pre=5.4545M lA=2.7273M alpha=0.6569M beta=0.0044M
This batch time : update_bounds func: 0.3267	 prepare: 0.0518	 bound: 0.2409	 transfer: 0.0166	 finalize: 0.0169
Accumulated time: update_bounds func: 1.3033	 prepare: 0.1107	 bound: 1.1153	 transfer: 0.0389	 finalize: 0.0370
batch bounding time:  0.3267707824707031
Current worst splitting domains lb-rhs (depth):
-0.17047 (10), -0.16850 (10), -0.16581 (10), -0.16386 (10), -0.16077 (10), -0.15936 (10), -0.15824 (10), -0.15675 (10), -0.15658 (10), -0.15629 (10), -0.15593 (10), -0.15505 (10), -0.15319 (10), -0.15315 (10), -0.15242 (10), -0.15212 (10), -0.15129 (10), -0.15123 (10), -0.15119 (10), -0.15037 (10), 
length of domains: 414
Total time: 0.4264	 pickout: 0.0025	 decision: 0.0725	 get_bound: 0.3268	 add_domain: 0.0245
Accumulated time:	 pickout: 0.0060	 decision: 0.5800	 get_bound: 1.3537	 add_domain: 0.0504
Current (lb-rhs): -0.17047452926635742
213 domains visited
Cumulative time: 2.045773506164551

batch:  torch.Size([414, 16, 16, 16]) pre split depth:  1
batch:  torch.Size([414, 16, 16, 16]) post split depth:  1
splitting decisions: 
split level 0: [1, 349] [1, 1633] [1, 180] [1, 916] [1, 349] [1, 1633] [1, 180] [1, 916] [1, 349] [1, 1633] 
(828, 3, 32, 32) torch.Size([828, 1, 10]) torch.Size([828, 1])
pruning_in_iteration open status: False
ratio of positive domain = 86 / 828 = 0.10386473429951693
pruning-in-iteration extra time: 0.0001423358917236328
Tensors transferred: pre=9.8611M lA=4.9305M alpha=1.1876M beta=0.0087M
This batch time : update_bounds func: 0.4033	 prepare: 0.0925	 bound: 0.2533	 transfer: 0.0257	 finalize: 0.0307
Accumulated time: update_bounds func: 1.7066	 prepare: 0.2032	 bound: 1.3686	 transfer: 0.0646	 finalize: 0.0677
batch bounding time:  0.40331554412841797
Current worst splitting domains lb-rhs (depth):
-0.16563 (11), -0.16482 (11), -0.16365 (11), -0.16284 (11), -0.16089 (11), -0.16010 (11), -0.15886 (11), -0.15807 (11), -0.15590 (11), -0.15511 (11), -0.15455 (11), -0.15374 (11), -0.15313 (11), -0.15232 (11), -0.15163 (11), -0.15152 (11), -0.15146 (11), -0.15085 (11), -0.15074 (11), -0.15071 (11), 
length of domains: 742
Total time: 0.5658	 pickout: 0.0052	 decision: 0.1144	 get_bound: 0.4034	 add_domain: 0.0429
Accumulated time:	 pickout: 0.0112	 decision: 0.6944	 get_bound: 1.7571	 add_domain: 0.0933
Current (lb-rhs): -0.16562891006469727
299 domains visited
Cumulative time: 2.6134696006774902

batch:  torch.Size([742, 16, 16, 16]) pre split depth:  1
batch:  torch.Size([742, 16, 16, 16]) post split depth:  1
splitting decisions: 
split level 0: [1, 1633] [1, 349] [0, 1127] [1, 1265] [1, 1633] [1, 349] [0, 1127] [1, 1265] [1, 1633] [1, 349] 
(1484, 3, 32, 32) torch.Size([1484, 1, 10]) torch.Size([1484, 1])
pruning_in_iteration open status: False
ratio of positive domain = 168 / 1484 = 0.1132075471698113
pruning-in-iteration extra time: 0.000141143798828125
Tensors transferred: pre=17.6737M lA=8.8368M alpha=2.1285M beta=0.0184M
This batch time : update_bounds func: 0.5827	 prepare: 0.1710	 bound: 0.3055	 transfer: 0.0462	 finalize: 0.0579
Accumulated time: update_bounds func: 2.2893	 prepare: 0.3742	 bound: 1.6741	 transfer: 0.1108	 finalize: 0.1257
batch bounding time:  0.582740306854248
Current worst splitting domains lb-rhs (depth):
-0.16243 (12), -0.16161 (12), -0.16079 (12), -0.15997 (12), -0.15764 (12), -0.15684 (12), -0.15597 (12), -0.15518 (12), -0.15277 (12), -0.15197 (12), -0.15149 (12), -0.15068 (12), -0.15009 (12), -0.14997 (12), -0.14928 (12), -0.14915 (12), -0.14844 (12), -0.14834 (12), -0.14765 (12), -0.14755 (12), 
length of domains: 1315
Total time: 0.9713	 pickout: 0.0104	 decision: 0.2338	 get_bound: 0.5828	 add_domain: 0.1443
Accumulated time:	 pickout: 0.0216	 decision: 0.9282	 get_bound: 2.3399	 add_domain: 0.2376
Current (lb-rhs): -0.16242694854736328
468 domains visited
Cumulative time: 3.587894916534424

batch:  torch.Size([1315, 16, 16, 16]) pre split depth:  1
batch:  torch.Size([1315, 16, 16, 16]) post split depth:  1
splitting decisions: 
split level 0: [1, 715] [1, 1746] [1, 1108] [1, 373] [1, 715] [1, 1746] [1, 1265] [1, 715] [1, 1746] [1, 1265] 
(2630, 3, 32, 32) torch.Size([2630, 1, 10]) torch.Size([2630, 1])
pruning_in_iteration open status: False
ratio of positive domain = 218 / 2630 = 0.08288973384030418
pruning-in-iteration extra time: 0.0001430511474609375
Tensors transferred: pre=31.3219M lA=15.6610M alpha=3.7723M beta=0.0351M
This batch time : update_bounds func: 1.0009	 prepare: 0.3195	 bound: 0.4873	 transfer: 0.0861	 finalize: 0.1046
Accumulated time: update_bounds func: 3.2901	 prepare: 0.6936	 bound: 2.1614	 transfer: 0.1969	 finalize: 0.2303
batch bounding time:  1.0012640953063965
Current worst splitting domains lb-rhs (depth):
-0.15956 (13), -0.15874 (13), -0.15787 (13), -0.15705 (13), -0.15474 (13), -0.15462 (13), -0.15394 (13), -0.15384 (13), -0.15304 (13), -0.15224 (13), -0.14995 (13), -0.14981 (13), -0.14915 (13), -0.14904 (13), -0.14865 (13), -0.14783 (13), -0.14706 (13), -0.14695 (13), -0.14624 (13), -0.14614 (13), 
length of domains: 2409
Total time: 1.6644	 pickout: 0.0161	 decision: 0.3659	 get_bound: 1.0013	 add_domain: 0.2810
Accumulated time:	 pickout: 0.0377	 decision: 1.2941	 get_bound: 3.3412	 add_domain: 0.5185
Current (lb-rhs): -0.15955734252929688
689 domains visited
Cumulative time: 5.257924318313599

batch:  torch.Size([2409, 16, 16, 16]) pre split depth:  1
batch:  torch.Size([2409, 16, 16, 16]) post split depth:  1
splitting decisions: 
split level 0: [1, 1746] [1, 180] [1, 1265] [1, 1746] [1, 180] [1, 1257] [1, 1746] [1, 180] [1, 1746] [1, 180] 
(4818, 3, 32, 32) torch.Size([4818, 1, 10]) torch.Size([4818, 1])
pruning_in_iteration open status: False
ratio of positive domain = 317 / 4818 = 0.06579493565794936
pruning-in-iteration extra time: 0.00014352798461914062
Tensors transferred: pre=57.3799M lA=28.6899M alpha=6.9106M beta=0.0689M
This batch time : update_bounds func: 1.8980	 prepare: 0.5543	 bound: 0.8557	 transfer: 0.2321	 finalize: 0.2495
Accumulated time: update_bounds func: 5.1882	 prepare: 1.2480	 bound: 3.0171	 transfer: 0.4290	 finalize: 0.4797
batch bounding time:  1.918043613433838
Current worst splitting domains lb-rhs (depth):
-0.15608 (14), -0.15526 (14), -0.15447 (14), -0.15365 (14), -0.15201 (14), -0.15131 (14), -0.15119 (14), -0.15112 (14), -0.15051 (14), -0.15038 (14), -0.15033 (14), -0.14967 (14), -0.14956 (14), -0.14887 (14), -0.14704 (14), -0.14648 (14), -0.14634 (14), -0.14626 (14), -0.14608 (14), -0.14567 (14), 
length of domains: 4498
Total time: 3.1696	 pickout: 0.0781	 decision: 0.5985	 get_bound: 1.9182	 add_domain: 0.5748
Accumulated time:	 pickout: 0.1158	 decision: 1.8926	 get_bound: 5.2594	 add_domain: 1.0933
Current (lb-rhs): -0.15608453750610352
1009 domains visited
Cumulative time: 8.442339420318604

batch:  torch.Size([4096, 16, 16, 16]) pre split depth:  1
batch:  torch.Size([4096, 16, 16, 16]) post split depth:  1
splitting decisions: 
split level 0: [1, 715] [1, 180] [1, 926] [1, 1241] [1, 180] [1, 926] [1, 1633] [1, 180] [1, 926] [1, 180] 
(8192, 3, 32, 32) torch.Size([8192, 1, 10]) torch.Size([8192, 1])
pruning_in_iteration open status: False
ratio of positive domain = 346 / 8192 = 0.042236328125
pruning-in-iteration extra time: 0.0001678466796875
Tensors transferred: pre=97.5625M lA=48.7812M alpha=11.7500M beta=0.1250M
This batch time : update_bounds func: 3.2092	 prepare: 0.9334	 bound: 1.4448	 transfer: 0.4851	 finalize: 0.3352
Accumulated time: update_bounds func: 8.3973	 prepare: 2.1813	 bound: 4.4620	 transfer: 0.9141	 finalize: 0.8149
batch bounding time:  3.2300219535827637
Current worst splitting domains lb-rhs (depth):
-0.15608 (14), -0.15139 (15), -0.15131 (14), -0.15079 (15), -0.15059 (15), -0.14993 (15), -0.14977 (15), -0.14911 (15), -0.14807 (15), -0.14746 (15), -0.14726 (15), -0.14723 (15), -0.14665 (15), -0.14663 (15), -0.14662 (15), -0.14648 (14), -0.14645 (15), -0.14644 (15), -0.14603 (15), -0.14584 (15), 
length of domains: 8245
Total time: 5.5500	 pickout: 0.0520	 decision: 1.1304	 get_bound: 3.2302	 add_domain: 1.1374
Accumulated time:	 pickout: 0.1678	 decision: 3.0230	 get_bound: 8.4896	 add_domain: 2.2307
Current (lb-rhs): -0.15608453750610352
1358 domains visited
Cumulative time: 14.037205696105957

batch:  torch.Size([4096, 16, 16, 16]) pre split depth:  1
batch:  torch.Size([4096, 16, 16, 16]) post split depth:  1
splitting decisions: 
split level 0: [1, 1746] [1, 349] [1, 349] [1, 1746] [1, 715] [1, 1746] [1, 715] [1, 1746] [1, 715] [1, 1746] 
(8192, 3, 32, 32) torch.Size([8192, 1, 10]) torch.Size([8192, 1])
pruning_in_iteration open status: False
ratio of positive domain = 429 / 8192 = 0.0523681640625
pruning-in-iteration extra time: 0.00016117095947265625
Tensors transferred: pre=97.5625M lA=48.7812M alpha=11.7500M beta=0.1328M
This batch time : update_bounds func: 3.2652	 prepare: 0.9350	 bound: 1.4470	 transfer: 0.4760	 finalize: 0.3195
Accumulated time: update_bounds func: 11.6625	 prepare: 3.1163	 bound: 5.9089	 transfer: 1.3900	 finalize: 1.1344
batch bounding time:  3.2855377197265625
Current worst splitting domains lb-rhs (depth):
-0.15608 (14), -0.15131 (14), -0.15079 (15), -0.14993 (15), -0.14911 (15), -0.14872 (16), -0.14772 (16), -0.14746 (15), -0.14690 (16), -0.14665 (15), -0.14662 (15), -0.14648 (14), -0.14603 (15), -0.14584 (15), -0.14577 (15), -0.14538 (16), -0.14524 (14), -0.14511 (15), -0.14495 (15), -0.14458 (16), 
length of domains: 11912
Total time: 5.0498	 pickout: 0.0491	 decision: 1.0586	 get_bound: 3.2857	 add_domain: 0.6564
Accumulated time:	 pickout: 0.2169	 decision: 4.0816	 get_bound: 11.7753	 add_domain: 2.8871
Current (lb-rhs): -0.15608453750610352
1787 domains visited
Cumulative time: 19.135236501693726

batch:  torch.Size([4096, 16, 16, 16]) pre split depth:  1
batch:  torch.Size([4096, 16, 16, 16]) post split depth:  1
splitting decisions: 
split level 0: [1, 1241] [1, 1241] [1, 1241] [1, 1241] [1, 1241] [1, 1241] [1, 1241] [1, 1241] [1, 1241] [1, 1241] 
(8192, 3, 32, 32) torch.Size([8192, 1, 10]) torch.Size([8192, 1])
pruning_in_iteration open status: False
ratio of positive domain = 517 / 8192 = 0.0631103515625
pruning-in-iteration extra time: 0.00014328956604003906
Tensors transferred: pre=97.5625M lA=48.7812M alpha=11.7500M beta=0.1406M
This batch time : update_bounds func: 3.2308	 prepare: 0.9658	 bound: 1.4464	 transfer: 0.4828	 finalize: 0.3247
Accumulated time: update_bounds func: 14.8933	 prepare: 4.0821	 bound: 7.3553	 transfer: 1.8729	 finalize: 1.4591
batch bounding time:  3.2510931491851807
Current worst splitting domains lb-rhs (depth):
-0.15608 (14), -0.15131 (14), -0.15079 (15), -0.14993 (15), -0.14911 (15), -0.14872 (16), -0.14772 (16), -0.14746 (15), -0.14690 (16), -0.14665 (15), -0.14662 (15), -0.14648 (14), -0.14603 (15), -0.14584 (15), -0.14577 (15), -0.14538 (16), -0.14524 (14), -0.14511 (15), -0.14495 (15), -0.14458 (16), 
length of domains: 15491<frozen importlib._bootstrap>:219: RuntimeWarning: numpy.ufunc size changed, may indicate binary incompatibility. Expected 216 from C header, got 232 from PyObject
/home/zhouxingshi/miniconda3/envs/zshi/lib/python3.8/site-packages/onnx/mapping.py:27: DeprecationWarning: `np.object` is a deprecated alias for the builtin `object`. To silence this warning, use `object` by itself. Doing this will not modify any behavior and is safe. 
Deprecated in NumPy 1.20; for more details and guidance: https://numpy.org/devdocs/release/1.20.0-notes.html#deprecations
  int(TensorProto.STRING): np.dtype(np.object)
/home/zhouxingshi/gputest/CROWN-GENERAL_release/complete_verifier/utils.py:505: UserWarning: To copy construct from a tensor, it is recommended to use sourceTensor.clone().detach() or sourceTensor.clone().detach().requires_grad_(True), rather than torch.tensor(sourceTensor).
  eps_temp = torch.tensor(preprocess_cifar(eps_temp, perturbation=True)).reshape(1,-1,1,1)

Total time: 5.1168	 pickout: 0.0531	 decision: 1.1150	 get_bound: 3.2512	 add_domain: 0.6975
Accumulated time:	 pickout: 0.2700	 decision: 5.1966	 get_bound: 15.0265	 add_domain: 3.5846
Current (lb-rhs): -0.15608453750610352
2304 domains visited
Time out!!!!!!!!
Result: unknown in 34.6268 seconds
############# Summary #############
Final verified acc: 0.0% (total 1 examples)
Problem instances count: 1 , total verified (safe/unsat): 0 , total falsified (unsafe/sat): 0 , timeout: 1
mean time (total 1): 34.6264707232841, max time: 34.62681698799133
unknown (total 1): [0]
