Building native CUDA modules...
/home/zhouxingshi/miniconda3/envs/alpha-beta-crown/lib/python3.7/site-packages/torch/utils/cpp_extension.py:3: DeprecationWarning: the imp module is deprecated in favour of importlib; see the module's documentation for alternative uses
  import imp
CUDA modules have been built.
Configurations:

general:
  device: cuda
  seed: 100
  conv_mode: patches
  deterministic: false
  double_fp: false
  loss_reduction_func: sum
  record_bounds: false
  mode: verified-acc
  complete_verifier: bab
  enable_incomplete_verification: true
  get_crown_verified_acc: false
model:
  path: cifar_cnn_a_adv4.model
  name: cnn_4layer_adv4
data:
  start: 183
  end: 184
  num_outputs: 10
  mean: 0.0
  std: 1.0
  pkl_path: null
  dataset: CIFAR_SDP
  data_filter_path: null
  data_idx_file: null
specification:
  type: lp
  norm: .inf
  epsilon: 0.00784313725
solver:
  no_float64_last_iter: false
  no_amp: false
  early_stop_patience: 10
  alpha-crown:
    alpha: true
    lr_alpha: 0.1
    iteration: 100
    share_slopes: false
    no_joint_opt: false
    lr_decay: 0.98
  beta-crown:
    batch_size: 4096
    min_batch_size_ratio: 0.1
    lr_alpha: 0.01
    lr_beta: 0.05
    lr_decay: 0.98
    optimizer: adam
    iteration: 20
    beta: true
    beta_warmup: true
  intermediate_refinement:
    enabled: false
    batch_size: 10
    opt_coeffs: false
    opt_bias: false
    lr: 0.05
    layers: [-1]
    max_domains: 1000
    solver_pkg: gurobi
  mip:
    parallel_solvers: null
    solver_threads: 1
    refine_neuron_timeout: 15
    refine_neuron_time_percentage: 0.8
    early_stop: true
bab:
  max_domains: 200000
  decision_thresh: 0
  timeout: 30
  get_upper_bound: false
  dfs_percent: 0.0
  cut:
    enabled: false
    bab_cut: false
    lp_cut: false
    method: null
    lr_decay: 1
    iteration: 500
    lr_beta: 0.01
    number_cuts: 50
    add_implied_cuts: false
    add_input_cuts: false
    _tmp_cuts: null
    _eran_cuts: null
    skip_bab: false
    max_num: 1000000000
    incomplete: false
  branching:
    method: kfsb
    candidates: 3
    reduceop: min
    input_split:
      enable: false
      use_alpha_patience: 20
      attack_patience: 80
  attack:
    enabled: false
    beam_candidates: 8
    beam_depth: 7
    max_dive_fix_ratio: 0.8
    min_local_free_ratio: 0.2
    mip_timeout: 30.0
    mip_start_iteration: 5
    max_dive_domains: -1
    num_dive_constraints: 50
    dive_rate: 0.2
    adv_dive: false
    adv_pool_threshold: null
    refined_mip_attacker: false
    refined_batch_size: null
attack:
  pgd_order: before
  use_auto_attack: false
  use_diversed_pgd: false
  enable_mip_attack: false
  pgd_steps: 100
  pgd_restarts: 50
  pgd_early_stop: true
  pgd_lr_decay: 0.99
  pgd_alpha: auto
debug:
  lp_test: null

Experiments at Mon May  2 20:52:58 2022 on diablo.cs.ucla.edu
Sequential(
  (0): Conv2d(3, 16, kernel_size=(4, 4), stride=(2, 2), padding=(1, 1))
  (1): ReLU()
  (2): Conv2d(16, 32, kernel_size=(4, 4), stride=(2, 2), padding=(1, 1))
  (3): ReLU()
  (4): Flatten()
  (5): Linear(in_features=2048, out_features=100, bias=True)
  (6): ReLU()
  (7): Linear(in_features=100, out_features=10, bias=True)
)
############################
Sampled data loaded. Data already preprocessed!
Shape: torch.Size([200, 3, 32, 32]) torch.Size([200]) torch.Size([200])
X range: tensor(2.1256) tensor(-1.9889) tensor(-0.0131)
############################
epsilon after preprocessing: tensor([[[[0.0317]],

         [[0.0322]],

         [[0.0300]]]]), data_max = tensor([[[[2.0587]],

         [[2.1256]],

         [[2.1154]]]]), data_min = tensor([[[[-1.9889]],

         [[-1.9807]],

         [[-1.7076]]]])
Task length: 1
saving results to Verified_ret_[cnn_4layer_adv4]_start=183_end=184_iter=20_b=4096_timeout=30_branching=kfsb-min-3_lra-init=0.1_lra=0.01_lrb=0.05_PGD=before.npy

 %%%%%%%%%%%%%%%%%%%%%%%%%%%%%%%%%%% idx: 0 img ID: 183 %%%%%%%%%%%%%%%%%%%%%%%%%%%%%%%%%%%%%%%%
predicted label 4, correct label 4, image norm 1611.343505859375, logits tensor([-6.9905, -8.9764, -4.0905, -5.1314, -3.5933, -5.1810, -3.9452, -5.8268,
        -8.3398, -8.9314], device='cuda:0', grad_fn=<SelectBackward>)
##### PGD attack: True label: 4, Tested against: ['all'] ######
pgd prediction: tensor([-7.3248, -9.3129, -4.4152, -5.4216, -3.9631, -5.4742, -4.0787, -6.2403,
        -8.7033, -9.2843], device='cuda:0', grad_fn=<SqueezeBackward1>)
attack margin tensor([3.3617, 5.3498, 0.4521, 1.4585,    inf, 1.5111, 0.1156, 2.2772, 4.7402,
        5.3211], device='cuda:0', grad_fn=<RsubBackward1>)
untargeted pgd failed
Model prediction is: tensor([[-6.9905, -8.9764, -4.0905, -5.1314, -3.5933, -5.1810, -3.9452, -5.8268,
         -8.3398, -8.9314]], device='cuda:0')
alpha-CROWN optimizable variables initialized.
initial CROWN bounds: tensor([[ 2.6027,  4.0788,  0.2212,  1.1334,  1.1824, -0.0948,  1.8538,  3.7264,
          4.0983]], device='cuda:0') None
best_l after optimization: -19.08820343017578 with beta sum per layer: []
alpha/beta optimization time: 7.78879189491272
initial alpha-CROWN bounds: tensor([[ 2.6444,  4.1339,  0.2349,  1.1512,  1.1999, -0.0795,  1.8700,  3.7799,
          4.1535]], device='cuda:0', grad_fn=<AsStridedBackward>)
worst class: tensor(-0.0795, device='cuda:0', grad_fn=<MinBackward1>)
Sorted order for labels to verify: [6, 2, 3, 5, 7, 0, 8, 9, 1, 4]
##### [0:183] Tested against 6 ######
Model prediction is: tensor([[-6.9905, -8.9764, -4.0905, -5.1314, -3.5933, -5.1810, -3.9452, -5.8268,
         -8.3398, -8.9314]], device='cuda:0')
alpha-CROWN optimizable variables initialized.
setting alpha for layer /10 start_node /11
setting alpha for layer /10 start_node /21
not setting layer /10 start_node /23 because shape mismatch (torch.Size([2, 1, 1, 16, 16, 16]) != torch.Size([2, 9, 1, 16, 16, 16]))
setting alpha for layer /12 start_node /21
not setting layer /12 start_node /23 because shape mismatch (torch.Size([2, 1, 1, 32, 8, 8]) != torch.Size([2, 9, 1, 32, 8, 8]))
not setting layer /22 start_node /23 because shape mismatch (torch.Size([2, 1, 1, 100]) != torch.Size([2, 9, 1, 100]))
0 /9 torch.Size([1, 16, 16, 16])
1 /11 torch.Size([1, 32, 8, 8])
2 /21 torch.Size([1, 100])
best_l after optimization: 0.07947719097137451 with beta sum per layer: []
alpha/beta optimization time: 2.0422163009643555
alpha-CROWN with fixed intermediate bounds: tensor([[-0.0795]], device='cuda:0', grad_fn=<AsStridedBackward>) None
-0.07947719097137451
layer 0 size torch.Size([4096]) unstable 769
layer 1 size torch.Size([2048]) unstable 279
layer 2 size torch.Size([100]) unstable 8
-----------------
# of unstable neurons: 1056
-----------------

remaining dive domains: 0/-1, dive_rate:0.0
batch:  torch.Size([1, 16, 16, 16]) pre split depth:  8
batch:  torch.Size([1, 16, 16, 16]) post split depth:  8
splitting decisions: 
split level 0: [2, 47] 
split level 1: [2, 90] 
split level 2: [2, 79] 
split level 3: [2, 46] 
split level 4: [1, 1836] 
split level 5: [1, 181] 
split level 6: [1, 1828] 
split level 7: [1, 1489] 
regular batch size: 2*128, diving batch size 1*0

all verified at 0th iter
best_l after optimization: -29.663448333740234 with beta sum per layer: [0.0, 0.0, 0.0]
alpha/beta optimization time: 0.010942220687866211
This batch time : update_bounds func: 0.0559	 prepare: 0.0183	 bound: 0.0112	 transfer: 0.0109	 finalize: 0.0148
Accumulated time: update_bounds func: 0.0559	 prepare: 0.0183	 bound: 0.0112	 transfer: 0.0109	 finalize: 0.0148
batch bounding time:  0.05612683296203613
Current worst splitting domains [lb, ub] (depth):

length of domains: 0
Total time: 0.3565	 pickout: 0.0009	 decision: 0.2675	 get_bound: 0.0881	 add_domain: 0.0001
No domains left, verification finished!
Global ub: inf, batch ub: inf
Cumulative time: 3.24367094039917

Image 183 label 6 verification end, final lower bound 1.0000000116860974e-07, upper bound inf, time: 3.3029704093933105
183 1.0000000116860974e-07
##### [0:183] Tested against 2 ######
Initial alpha-CROWN verified for label 2 with bound 0.23486363887786865
Image 183 label 2 verification end, final lower bound 0.23486363887786865, upper bound inf, time: 0.00039196014404296875
183 0.23486363887786865
##### [0:183] Tested against 3 ######
Initial alpha-CROWN verified for label 3 with bound 1.15120267868042
Image 183 label 3 verification end, final lower bound 1.15120267868042, upper bound inf, time: 0.0003819465637207031
183 1.15120267868042
##### [0:183] Tested against 5 ######
Initial alpha-CROWN verified for label 5 with bound 1.199942946434021/home/zhouxingshi/gputest/CROWN-GENERAL/complete_verifier/utils.py:462: UserWarning: To copy construct from a tensor, it is recommended to use sourceTensor.clone().detach() or sourceTensor.clone().detach().requires_grad_(True), rather than torch.tensor(sourceTensor).
  eps_temp = torch.tensor(preprocess_cifar(eps_temp, perturbation=True)).reshape(1,-1,1,1)

Image 183 label 5 verification end, final lower bound 1.199942946434021, upper bound inf, time: 0.0004591941833496094
183 1.199942946434021
##### [0:183] Tested against 7 ######
Initial alpha-CROWN verified for label 7 with bound 1.8700491189956665
Image 183 label 7 verification end, final lower bound 1.8700491189956665, upper bound inf, time: 0.0003902912139892578
183 1.8700491189956665
##### [0:183] Tested against 0 ######
Initial alpha-CROWN verified for label 0 with bound 2.6443657875061035
Image 183 label 0 verification end, final lower bound 2.6443657875061035, upper bound inf, time: 0.0003848075866699219
183 2.6443657875061035
##### [0:183] Tested against 8 ######
Initial alpha-CROWN verified for label 8 with bound 3.7799036502838135
Image 183 label 8 verification end, final lower bound 3.7799036502838135, upper bound inf, time: 0.0003867149353027344
183 3.7799036502838135
##### [0:183] Tested against 9 ######
Initial alpha-CROWN verified for label 9 with bound 4.153501987457275
Image 183 label 9 verification end, final lower bound 4.153501987457275, upper bound inf, time: 0.0003826618194580078
183 4.153501987457275
##### [0:183] Tested against 1 ######
Initial alpha-CROWN verified for label 1 with bound 4.133885860443115
Image 183 label 1 verification end, final lower bound 4.133885860443115, upper bound inf, time: 0.0003795623779296875
183 4.133885860443115
##### [0:183] Tested against 4 ######
groundtruth label, skip!
Result: image 183 verification success (with branch and bound)!
Wall time: 14.207179069519043

number of correctly classified examples: 1
incorrectly classified idx (total 0): []
attack success idx (total 0): []
verification success idx (total 1): [183]
verification failure idx (total 0): []
final verified acc: 100.0%[1]
verifier is called on 1 examples.
total verified: 1
mean time [cnt:1] (excluding attack success): 12.94472861289978
