Experiments at Thu Nov  4 23:02:45 2021 on CCI-2CPKMH3
Sequential(
  (0): Conv2d(3, 16, kernel_size=(4, 4), stride=(2, 2), padding=(1, 1))
  (1): ReLU()
  (2): Conv2d(16, 32, kernel_size=(4, 4), stride=(2, 2), padding=(1, 1))
  (3): ReLU()
  (4): Flatten()
  (5): Linear(in_features=2048, out_features=100, bias=True)
  (6): ReLU()
  (7): Linear(in_features=100, out_features=10, bias=True)
)
############################
Sampled data loaded. Data already preprocessed!
Shape: torch.Size([200, 3, 32, 32]) torch.Size([200]) torch.Size([200])
X range: tensor(2.1256) tensor(-1.9889) tensor(-0.0131)
############################
epsilon after preprocession: tensor([[[[0.0317]],

         [[0.0322]],

         [[0.0300]]]]), data_max = tensor([[[[2.0587]],

         [[2.1256]],

         [[2.1154]]]]), data_min = tensor([[[[-1.9889]],

         [[-1.9807]],

         [[-1.7076]]]])
Task length: 1
saving results to Verified_ret_[cnn_4layer_mix4]_start=92_end=93_iter=20_b=4096_int-beta=False_timeout=30_branching=kfsb-min-3_lra-init=0.1_lra=0.01_lrb=0.05_PGD=skip.npy

 %%%%%%%%%%%%%%%%%%%%%%%%%%%%%%%%%%% idx: 0 img ID: 92 %%%%%%%%%%%%%%%%%%%%%%%%%%%%%%%%%%%%%%%%
predicted label  5  correct label  5 logits tensor([-22.8693, -22.7425, -18.8375, -17.0775, -18.2238, -16.8974, -19.1091,
        -18.7904, -26.2104, -21.3066], device='cuda:0',
       grad_fn=<SelectBackward>)
Model prediction is: tensor([[-22.8693, -22.7425, -18.8375, -17.0775, -18.2238, -16.8974, -19.1091,
         -18.7904, -26.2104, -21.3066]], device='cuda:0',
       grad_fn=<AddBackward0>)
alpha-CROWN optimizable variables initialized.
initial CROWN bounds: tensor([[ 4.6633,  4.0336,  0.9363, -0.1225,  0.2394,  1.0592,  0.7927,  7.6372,
          2.9054]], device='cuda:0') None
best_l after optimization: -22.544214248657227 with beta sum per layer: []
optimal alpha/beta time: 3.3147034645080566
initial alpha-CROWN bounds: tensor([[ 4.7053,  4.0963,  0.9752, -0.0995,  0.2727,  1.0842,  0.8489,  7.6958,
          2.9653]], device='cuda:0', grad_fn=<AsStridedBackward>) None
##### [0:92] Tested against 3 ######
Model prediction is: tensor([[-22.8693, -22.7425, -18.8375, -17.0775, -18.2238, -16.8974, -19.1091,
         -18.7904, -26.2104, -21.3066]], device='cuda:0',
       grad_fn=<AddBackward0>)
alpha-CROWN optimizable variables initialized.
setting alpha for layer /10 start_node /11
setting alpha for layer /10 start_node /21
not setting layer /10 start_node /23 because shape mismatch (torch.Size([2, 1, 1, 16, 16, 16]) != torch.Size([2, 9, 1, 16, 16, 16]))
setting alpha for layer /12 start_node /21
not setting layer /12 start_node /23 because shape mismatch (torch.Size([2, 1, 1, 32, 8, 8]) != torch.Size([2, 9, 1, 32, 8, 8]))
not setting layer /22 start_node /23 because shape mismatch (torch.Size([2, 1, 1, 100]) != torch.Size([2, 9, 1, 100]))
0 /9 torch.Size([1, 16, 16, 16])
1 /11 torch.Size([1, 32, 8, 8])
2 /21 torch.Size([1, 100])
best_l after optimization: 0.09953165054321289 with beta sum per layer: []
optimal alpha/beta time: 0.7306568622589111
alpha-CROWN with fixed intermediate bounds: tensor([[-0.0995]], device='cuda:0', grad_fn=<AsStridedBackward>) None
-0.09953165054321289
layer 0 size torch.Size([4096]) unstable 669
layer 1 size torch.Size([2048]) unstable 235
layer 2 size torch.Size([100]) unstable 16
# of unstable neurons: 920
remaining dive domains: 0/-1, dive_rate:0.0
splitting decisions: [[2, 67]]
single_node_split: True
regular batch size: 2*1, diving batch size 1*0
best_l after optimization: 0.16113996505737305 with beta sum per layer: [0.0, 0.0, 0.02449583075940609]
optimal alpha/beta time: 0.31172823905944824
This batch time : update_bounds func: 0.3129	 prepare: 0.0006	 bound: 0.3118	 transfer: 0.0003	 finalize: 0.0001
Accumulated time: update_bounds func: 0.3129	 prepare: 0.0006	 bound: 0.3118	 transfer: 0.0003	 finalize: 0.0001
batch bounding time:  0.312943696975708
Current worst splitting domains [lb, ub] (depth):
[-0.08750, 98.900467] (1), [-0.07364, 98.900467] (1), 
length of domains: 2
Total time: 0.3220	 pickout: 0.0004	 decision: 0.0087	 get_bound: 0.3130	 add_domain: 0.0001
Current lb:-0.08749967813491821
2 neurons visited
0 diving domains visited
Cumulative time: 1.24784517288208

remaining dive domains: 0/-1, dive_rate:0.0
splitting decisions: [[2, 7], [2, 7]]
single_node_split: True
regular batch size: 2*2, diving batch size 1*0
best_l after optimization: 0.28429725766181946 with beta sum per layer: [0.0, 0.0, 0.05896635353565216]
optimal alpha/beta time: 0.11717391014099121
This batch time : update_bounds func: 0.1185	 prepare: 0.0007	 bound: 0.1173	 transfer: 0.0003	 finalize: 0.0002
Accumulated time: update_bounds func: 0.4314	 prepare: 0.0013	 bound: 0.4291	 transfer: 0.0003	 finalize: 0.0003
batch bounding time:  0.11856269836425781
Current worst splitting domains [lb, ub] (depth):
[-0.07959, 98.900467] (2), [-0.07691, 98.900467] (2), [-0.06515, 98.900467] (2), [-0.06265, 98.900467] (2), 
length of domains: 4
Total time: 0.1278	 pickout: 0.0004	 decision: 0.0088	 get_bound: 0.1186	 add_domain: 0.0001
Current lb:-0.07958769798278809
6 neurons visited
0 diving domains visited
Cumulative time: 1.3757140636444092

remaining dive domains: 0/-1, dive_rate:0.0
splitting decisions: [[2, 83], [2, 83], [2, 83], [2, 83]]
single_node_split: True
regular batch size: 2*4, diving batch size 1*0
best_l after optimization: 0.24229949712753296 with beta sum per layer: [0.0, 0.0, 0.5715063810348511]
optimal alpha/beta time: 0.1974785327911377
This batch time : update_bounds func: 0.1991	 prepare: 0.0008	 bound: 0.1976	 transfer: 0.0003	 finalize: 0.0004
Accumulated time: update_bounds func: 0.6305	 prepare: 0.0022	 bound: 0.6267	 transfer: 0.0003	 finalize: 0.0007
batch bounding time:  0.19917583465576172
Current worst splitting domains [lb, ub] (depth):
[-0.07246, 98.900467] (3), [-0.07035, 98.900467] (3), [-0.05764, 98.900467] (3), [-0.05543, 98.900467] (3), [-0.02213, 98.900467] (3), 
length of domains: 5
Total time: 0.2086	 pickout: 0.0005	 decision: 0.0088	 get_bound: 0.1992	 add_domain: 0.0001
Current lb:-0.07246369123458862
14 neurons visited
0 diving domains visited
Cumulative time: 1.5843544006347656

remaining dive domains: 0/-1, dive_rate:0.0
splitting decisions: [[2, 57], [2, 57], [2, 57], [2, 57], [2, 57]]
single_node_split: True
regular batch size: 2*5, diving batch size 1*0
best_l after optimization: 0.4835517704486847 with beta sum per layer: [0.0, 0.0, 0.23704269528388977]
optimal alpha/beta time: 0.15215516090393066
This batch time : update_bounds func: 0.1540	 prepare: 0.0009	 bound: 0.1523	 transfer: 0.0004	 finalize: 0.0004
Accumulated time: update_bounds func: 0.7845	 prepare: 0.0031	 bound: 0.7790	 transfer: 0.0004	 finalize: 0.0011
batch bounding time:  0.15403175354003906
Current worst splitting domains [lb, ub] (depth):
[-0.06622, 98.900467] (4), [-0.06520, 98.900467] (4), [-0.06401, 98.900467] (4), [-0.06312, 98.900467] (4), [-0.05119, 98.900467] (4), [-0.05011, 98.900467] (4), [-0.04906, 98.900467] (4), [-0.04832, 98.900467] (4), [-0.01506, 98.900467] (4), [-0.01128, 98.900467] (4), 
length of domains: 10
Total time: 0.1784	 pickout: 0.0014	 decision: 0.0227	 get_bound: 0.1540	 add_domain: 0.0002
Current lb:-0.06621748208999634
24 neurons visited
0 diving domains visited
Cumulative time: 1.7628092765808105

remaining dive domains: 0/-1, dive_rate:0.0
splitting decisions: [[2, 0], [2, 0], [2, 0], [2, 0], [2, 0], [2, 0], [2, 0], [2, 0], [2, 0], [2, 0]]
single_node_split: True
regular batch size: 2*10, diving batch size 1*0
best_l after optimization: 0.6007829308509827 with beta sum per layer: [0.0, 0.0, 0.8594481945037842]
optimal alpha/beta time: 0.12024807929992676
This batch time : update_bounds func: 0.1227	 prepare: 0.0012	 bound: 0.1204	 transfer: 0.0005	 finalize: 0.0006
Accumulated time: update_bounds func: 0.9071	 prepare: 0.0043	 bound: 0.8993	 transfer: 0.0005	 finalize: 0.0017
batch bounding time:  0.12270641326904297
Current worst splitting domains [lb, ub] (depth):
[-0.06069, 98.900467] (5), [-0.05981, 98.900467] (5), [-0.05882, 98.900467] (5), [-0.05786, 98.900467] (5), [-0.04568, 98.900467] (5), [-0.04470, 98.900467] (5), [-0.04391, 98.900467] (5), [-0.04322, 98.900467] (5), [-0.03703, 98.900467] (5), [-0.03519, 98.900467] (5), [-0.02987, 98.900467] (5), [-0.02837, 98.900467] (5), [-0.02245, 98.900467] (5), [-0.01886, 98.900467] (5), [-0.01055, 98.900467] (5), [-0.00838, 98.900467] (5), [-0.00774, 98.900467] (5), [-0.00451, 98.900467] (5), 
length of domains: 18
Total time: 0.1337	 pickout: 0.0008	 decision: 0.0097	 get_bound: 0.1227	 add_domain: 0.0004
Current lb:-0.06068688631057739
44 neurons visited
0 diving domains visited
Cumulative time: 1.8966264724731445

remaining dive domains: 0/-1, dive_rate:0.0
splitting decisions: [[2, 4], [2, 4], [2, 4], [2, 4], [2, 4], [2, 4], [2, 4], [2, 4], [2, 4], [2, 4]]
single_node_split: True
regular batch size: 2*18, diving batch size 1*0
best_l after optimization: 1.0080260038375854 with beta sum per layer: [0.0, 0.0, 1.6557064056396484]
optimal alpha/beta time: 0.19082403182983398
This batch time : update_bounds func: 0.1945	 prepare: 0.0017	 bound: 0.1909	 transfer: 0.0009	 finalize: 0.0010
Accumulated time: update_bounds func: 1.1016	 prepare: 0.0060	 bound: 1.0903	 transfer: 0.0009	 finalize: 0.0026
batch bounding time:  0.19457602500915527
Current worst splitting domains [lb, ub] (depth):
[-0.05555, 98.900467] (6), [-0.05458, 98.900467] (6), [-0.05442, 98.900467] (6), [-0.05370, 98.900467] (6), [-0.05367, 98.900467] (6), [-0.05270, 98.900467] (6), [-0.05244, 98.900467] (6), [-0.05156, 98.900467] (6), [-0.04061, 98.900467] (6), [-0.03957, 98.900467] (6), [-0.03895, 98.900467] (6), [-0.03839, 98.900467] (6), [-0.03820, 98.900467] (6), [-0.03769, 98.900467] (6), [-0.03649, 98.900467] (6), [-0.03646, 98.900467] (6), [-0.03139, 98.900467] (6), [-0.03017, 98.900467] (6), [-0.02915, 98.900467] (6), [-0.02811, 98.900467] (6), 
length of domains: 31
Total time: 0.2066	 pickout: 0.0013	 decision: 0.0100	 get_bound: 0.1946	 add_domain: 0.0006
Current lb:-0.055548906326293945
80 neurons visited
0 diving domains visited
Cumulative time: 2.1033966541290283

remaining dive domains: 0/-1, dive_rate:0.0
splitting decisions: [[2, 31], [2, 31], [2, 31], [2, 31], [2, 31], [2, 31], [2, 31], [2, 31], [2, 31], [2, 31]]
single_node_split: True
regular batch size: 2*31, diving batch size 1*0
best_l after optimization: 0.23762133717536926 with beta sum per layer: [0.0, 0.0, 4.815417289733887]
optimal alpha/beta time: 0.17627167701721191
This batch time : update_bounds func: 0.1824	 prepare: 0.0025	 bound: 0.1764	 transfer: 0.0019	 finalize: 0.0015
Accumulated time: update_bounds func: 1.2841	 prepare: 0.0085	 bound: 1.2666	 transfer: 0.0019	 finalize: 0.0041
batch bounding time:  0.18250346183776855
Current worst splitting domains [lb, ub] (depth):
[-0.05281, 98.900467] (7), [-0.05191, 98.900467] (7), [-0.05163, 98.900467] (7), [-0.05099, 98.900467] (7), [-0.05091, 98.900467] (7), [-0.05009, 98.900467] (7), [-0.04968, 98.900467] (7), [-0.04886, 98.900467] (7), [-0.03781, 98.900467] (7), [-0.03689, 98.900467] (7), [-0.03624, 98.900467] (7), [-0.03558, 98.900467] (7), [-0.03531, 98.900467] (7), [-0.03496, 98.900467] (7), [-0.03360, 98.900467] (7), [-0.03353, 98.900467] (7), [-0.02818, 98.900467] (7), [-0.02651, 98.900467] (7), [-0.02598, 98.900467] (7), [-0.02523, 98.900467] (7), 
length of domains: 29
Total time: 0.2127	 pickout: 0.0030	 decision: 0.0265	 get_bound: 0.1825	 add_domain: 0.0006
Current lb:-0.052812278270721436
142 neurons visited
0 diving domains visited
Cumulative time: 2.316328525543213

remaining dive domains: 0/-1, dive_rate:0.0
splitting decisions: [[1, 1699], [1, 1699], [1, 1699], [1, 1699], [1, 1699], [1, 1699], [1, 1699], [1, 1699], [1, 1699], [1, 1699]]
single_node_split: True
regular batch size: 2*29, diving batch size 1*0
best_l after optimization: 1.6763094663619995 with beta sum per layer: [0.0, 0.4213501811027527, 2.0199549198150635]
optimal alpha/beta time: 0.12128424644470215
This batch time : update_bounds func: 0.1264	 prepare: 0.0024	 bound: 0.1214	 transfer: 0.0012	 finalize: 0.0014
Accumulated time: update_bounds func: 1.4105	 prepare: 0.0109	 bound: 1.3880	 transfer: 0.0012	 finalize: 0.0055
batch bounding time:  0.12648844718933105
Current worst splitting domains [lb, ub] (depth):
[-0.05122, 98.900467] (8), [-0.05016, 98.900467] (8), [-0.05007, 98.900467] (8), [-0.04998, 98.900467] (8), [-0.04941, 98.900467] (8), [-0.04923, 98.900467] (8), [-0.04907, 98.900467] (8), [-0.04893, 98.900467] (8), [-0.04862, 98.900467] (8), [-0.04832, 98.900467] (8), [-0.04812, 98.900467] (8), [-0.04809, 98.900467] (8), [-0.04765, 98.900467] (8), [-0.04745, 98.900467] (8), [-0.04709, 98.900467] (8), [-0.04643, 98.900467] (8), [-0.03622, 98.900467] (8), [-0.03551, 98.900467] (8), [-0.03492, 98.900467] (8), [-0.03473, 98.900467] (8), 
length of domains: 56
Total time: 0.1401	 pickout: 0.0019	 decision: 0.0106	 get_bound: 0.1265	 add_domain: 0.0012
Current lb:-0.05121505260467529
200 neurons visited
0 diving domains visited
Cumulative time: 2.4566378593444824

remaining dive domains: 0/-1, dive_rate:0.0
splitting decisions: [[1, 606], [1, 606], [1, 606], [1, 606], [1, 723], [1, 606], [1, 606], [1, 606], [1, 723], [1, 606]]
single_node_split: True
regular batch size: 2*56, diving batch size 1*0
best_l after optimization: 1.497936725616455 with beta sum per layer: [0.0, 3.65531587600708, 8.254676818847656]
optimal alpha/beta time: 0.12202858924865723
This batch time : update_bounds func: 0.1320	 prepare: 0.0047	 bound: 0.1221	 transfer: 0.0025	 finalize: 0.0026
Accumulated time: update_bounds func: 1.5425	 prepare: 0.0156	 bound: 1.5102	 transfer: 0.0025	 finalize: 0.0081
batch bounding time:  0.13207316398620605
Current worst splitting domains [lb, ub] (depth):
[-0.05018, 98.900467] (9), [-0.04941, 98.900467] (9), [-0.04913, 98.900467] (9), [-0.04906, 98.900467] (9), [-0.04894, 98.900467] (9), [-0.04831, 98.900467] (9), [-0.04827, 98.900467] (9), [-0.04817, 98.900467] (9), [-0.04817, 98.900467] (9), [-0.04817, 98.900467] (9), [-0.04804, 98.900467] (9), [-0.04789, 98.900467] (9), [-0.04776, 98.900467] (9), [-0.04740, 98.900467] (9), [-0.04738, 98.900467] (9), [-0.04731, 98.900467] (9), [-0.04722, 98.900467] (9), [-0.04714, 98.900467] (9), [-0.04709, 98.900467] (9), [-0.04702, 98.900467] (9), 
length of domains: 93
Total time: 0.1504	 pickout: 0.0035	 decision: 0.0127	 get_bound: 0.1322	 add_domain: 0.0021
Current lb:-0.050182044506073
312 neurons visited
0 diving domains visited
Cumulative time: 2.6074516773223877

remaining dive domains: 0/-1, dive_rate:0.0
splitting decisions: [[1, 723], [1, 723], [1, 723], [1, 133], [1, 723], [1, 133], [1, 723], [1, 723], [1, 133], [1, 606]]
single_node_split: True
regular batch size: 2*93, diving batch size 1*0
best_l after optimization: 3.7031092643737793 with beta sum per layer: [0.0, 9.55668830871582, 9.482884407043457]
optimal alpha/beta time: 0.13445830345153809
This batch time : update_bounds func: 0.1507	 prepare: 0.0072	 bound: 0.1346	 transfer: 0.0046	 finalize: 0.0043
Accumulated time: update_bounds func: 1.6932	 prepare: 0.0227	 bound: 1.6447	 transfer: 0.0046	 finalize: 0.0124
batch bounding time:  0.15084528923034668
Current worst splitting domains [lb, ub] (depth):
[-0.04903, 98.900467] (10), [-0.04865, 98.900467] (10), [-0.04825, 98.900467] (10), [-0.04808, 98.900467] (10), [-0.04794, 98.900467] (10), [-0.04787, 98.900467] (10), [-0.04780, 98.900467] (10), [-0.04761, 98.900467] (10), [-0.04752, 98.900467] (10), [-0.04747, 98.900467] (10), [-0.04724, 98.900467] (10), [-0.04721, 98.900467] (10), [-0.04716, 98.900467] (10), [-0.04709, 98.900467] (10), [-0.04702, 98.900467] (10), [-0.04699, 98.900467] (10), [-0.04678, 98.900467] (10), [-0.04676, 98.900467] (10), [-0.04676, 98.900467] (10), [-0.04673, 98.900467] (10), 
length of domains: 153
Total time: 0.1773	 pickout: 0.0058	 decision: 0.0168	 get_bound: 0.1510	 add_domain: 0.0038
Current lb:-0.049033284187316895
498 neurons visited
0 diving domains visited
Cumulative time: 2.7854244709014893

remaining dive domains: 0/-1, dive_rate:0.0
splitting decisions: [[1, 133], [1, 133], [1, 133], [1, 133], [1, 723], [1, 133], [1, 133], [1, 133], [1, 723], [1, 133]]
single_node_split: True
regular batch size: 2*153, diving batch size 1*0
best_l after optimization: 6.5712151527404785 with beta sum per layer: [0.0, 18.376848220825195, 14.276613235473633]
optimal alpha/beta time: 0.14855384826660156
This batch time : update_bounds func: 0.1740	 prepare: 0.0112	 bound: 0.1487	 transfer: 0.0068	 finalize: 0.0071
Accumulated time: update_bounds func: 1.8672	 prepare: 0.0339	 bound: 1.7934	 transfer: 0.0068	 finalize: 0.0196
batch bounding time:  0.17412185668945312
Current worst splitting domains [lb, ub] (depth):
[-0.04802, 98.900467] (11), [-0.04763, 98.900467] (11), [-0.04741, 98.900467] (11), [-0.04724, 98.900467] (11), [-0.04707, 98.900467] (11), [-0.04704, 98.900467] (11), [-0.04698, 98.900467] (11), [-0.04685, 98.900467] (11), [-0.04677, 98.900467] (11), [-0.04677, 98.900467] (11), [-0.04663, 98.900467] (11), [-0.04661, 98.900467] (11), [-0.04647, 98.900467] (11), [-0.04646, 98.900467] (11), [-0.04645, 98.900467] (11), [-0.04628, 98.900467] (11), [-0.04627, 98.900467] (11), [-0.04625, 98.900467] (11), [-0.04621, 98.900467] (11), [-0.04619, 98.900467] (11), 
length of domains: 255
Total time: 0.2123	 pickout: 0.0093	 decision: 0.0224	 get_bound: 0.1743	 add_domain: 0.0062
Current lb:-0.04802054166793823
804 neurons visited
0 diving domains visited
Cumulative time: 2.9986109733581543

remaining dive domains: 0/-1, dive_rate:0.0
splitting decisions: [[2, 53], [2, 53], [2, 53], [2, 53], [2, 53], [2, 53], [2, 53], [2, 53], [2, 53], [2, 53]]
single_node_split: True
regular batch size: 2*255, diving batch size 1*0
best_l after optimization: 7.7333502769470215 with beta sum per layer: [0.0, 51.726680755615234, 25.341861724853516]
optimal alpha/beta time: 0.18335175514221191
This batch time : update_bounds func: 0.2245	 prepare: 0.0190	 bound: 0.1835	 transfer: 0.0096	 finalize: 0.0120
Accumulated time: update_bounds func: 2.0917	 prepare: 0.0529	 bound: 1.9769	 transfer: 0.0096	 finalize: 0.0316
batch bounding time:  0.22475266456604004
Current worst splitting domains [lb, ub] (depth):
[-0.04707, 98.900467] (12), [-0.04668, 98.900467] (12), [-0.04639, 98.900467] (12), [-0.04629, 98.900467] (12), [-0.04612, 98.900467] (12), [-0.04605, 98.900467] (12), [-0.04603, 98.900467] (12), [-0.04590, 98.900467] (12), [-0.04585, 98.900467] (12), [-0.04582, 98.900467] (12), [-0.04566, 98.900467] (12), [-0.04561, 98.900467] (12), [-0.04552, 98.900467] (12), [-0.04549, 98.900467] (12), [-0.04544, 98.900467] (12), [-0.04534, 98.900467] (12), [-0.04529, 98.900467] (12), [-0.04529, 98.900467] (12), [-0.04528, 98.900467] (12), [-0.04526, 98.900467] (12), 
length of domains: 386
Total time: 0.3005	 pickout: 0.0154	 decision: 0.0319	 get_bound: 0.2251	 add_domain: 0.0281
Current lb:-0.047065794467926025
1314 neurons visited
0 diving domains visited
Cumulative time: 3.3009276390075684

remaining dive domains: 0/-1, dive_rate:0.0
splitting decisions: [[1, 219], [1, 219], [1, 219], [1, 219], [1, 219], [1, 219], [1, 219], [1, 219], [1, 219], [1, 219]]
single_node_split: True
regular batch size: 2*386, diving batch size 1*0
best_l after optimization: 17.934829711914062 with beta sum per layer: [0.0, 120.15974426269531, 24.498077392578125]
optimal alpha/beta time: 0.2294771671295166
This batch time : update_bounds func: 0.2909	 prepare: 0.0279	 bound: 0.2296	 transfer: 0.0142	 finalize: 0.0186
Accumulated time: update_bounds func: 2.3827	 prepare: 0.0808	 bound: 2.2065	 transfer: 0.0142	 finalize: 0.0502
batch bounding time:  0.2912411689758301
Current worst splitting domains [lb, ub] (depth):
[-0.04619, 98.900467] (13), [-0.04581, 98.900467] (13), [-0.04545, 98.900467] (13), [-0.04541, 98.900467] (13), [-0.04526, 98.900467] (13), [-0.04524, 98.900467] (13), [-0.04510, 98.900467] (13), [-0.04504, 98.900467] (13), [-0.04503, 98.900467] (13), [-0.04498, 98.900467] (13), [-0.04478, 98.900467] (13), [-0.04469, 98.900467] (13), [-0.04467, 98.900467] (13), [-0.04467, 98.900467] (13), [-0.04451, 98.900467] (13), [-0.04448, 98.900467] (13), [-0.04447, 98.900467] (13), [-0.04445, 98.900467] (13), [-0.04442, 98.900467] (13), [-0.04432, 98.900467] (13), 
length of domains: 713
Total time: 0.3828	 pickout: 0.0273	 decision: 0.0438	 get_bound: 0.2917	 add_domain: 0.0200
Current lb:-0.046188294887542725
2086 neurons visited
0 diving domains visited
Cumulative time: 3.686264991760254

remaining dive domains: 0/-1, dive_rate:0.0
splitting decisions: [[1, 1592], [1, 1592], [1, 1592], [1, 1592], [1, 1592], [1, 1592], [1, 1592], [1, 905], [1, 1592], [1, 1592]]
single_node_split: True
regular batch size: 2*713, diving batch size 1*0
best_l after optimization: 33.42158126831055 with beta sum per layer: [0.0, 246.563232421875, 43.1790885925293]
optimal alpha/beta time: 0.537177562713623
This batch time : update_bounds func: 0.6526	 prepare: 0.0515	 bound: 0.5373	 transfer: 0.0281	 finalize: 0.0345
Accumulated time: update_bounds func: 3.0353	 prepare: 0.1323	 bound: 2.7438	 transfer: 0.0281	 finalize: 0.0847
batch bounding time:  0.6530647277832031
Current worst splitting domains [lb, ub] (depth):
[-0.04543, 98.900467] (14), [-0.04506, 98.900467] (14), [-0.04496, 98.900467] (14), [-0.04466, 98.900467] (14), [-0.04464, 98.900467] (14), [-0.04459, 98.900467] (14), [-0.04445, 98.900467] (14), [-0.04442, 98.900467] (14), [-0.04431, 98.900467] (14), [-0.04428, 98.900467] (14), [-0.04421, 98.900467] (14), [-0.04419, 98.900467] (14), [-0.04419, 98.900467] (14), [-0.04417, 98.900467] (14), [-0.04403, 98.900467] (14), [-0.04400, 98.900467] (14), [-0.04399, 98.900467] (14), [-0.04391, 98.900467] (14), [-0.04388, 98.900467] (14), [-0.04384, 98.900467] (14), 
length of domains: 1360
Total time: 0.8313	 pickout: 0.0438	 decision: 0.0931	 get_bound: 0.6539	 add_domain: 0.0404
Current lb:-0.04542851448059082
3512 neurons visited
0 diving domains visited
Cumulative time: 4.5229620933532715

remaining dive domains: 0/-1, dive_rate:0.0
splitting decisions: [[1, 905], [1, 905], [1, 905], [1, 905], [1, 905], [1, 905], [1, 421], [1, 905], [1, 905], [1, 905]]
single_node_split: True
regular batch size: 2*1360, diving batch size 1*0
best_l after optimization: 60.774452209472656 with beta sum per layer: [0.0, 639.3704833984375, 81.91993713378906]
optimal alpha/beta time: 0.6009335517883301
This batch time : update_bounds func: 0.8262	 prepare: 0.1006	 bound: 0.6011	 transfer: 0.0585	 finalize: 0.0638
Accumulated time: update_bounds func: 3.8614	 prepare: 0.2329	 bound: 3.3449	 transfer: 0.0585	 finalize: 0.1484
batch bounding time:  0.8270611763000488
Current worst splitting domains [lb, ub] (depth):
[-0.04468, 98.900467] (15), [-0.04437, 98.900467] (15), [-0.04432, 98.900467] (15), [-0.04421, 98.900467] (15), [-0.04403, 98.900467] (15), [-0.04390, 98.900467] (15), [-0.04390, 98.900467] (15), [-0.04389, 98.900467] (15), [-0.04385, 98.900467] (15), [-0.04365, 98.900467] (15), [-0.04360, 98.900467] (15), [-0.04359, 98.900467] (15), [-0.04357, 98.900467] (15), [-0.04357, 98.900467] (15), [-0.04354, 98.900467] (15), [-0.04353, 98.900467] (15), [-0.04343, 98.900467] (15), [-0.04342, 98.900467] (15), [-0.04341, 98.900467] (15), [-0.04338, 98.900467] (15), 
length of domains: 2544
Total time: 1.2072	 pickout: 0.0876	 decision: 0.1820	 get_bound: 0.8287	 add_domain: 0.1089
Current lb:-0.044675350189208984
6232 neurons visited
0 diving domains visited
Cumulative time: 5.740237474441528

remaining dive domains: 0/-1, dive_rate:0.0
splitting decisions: [[1, 421], [1, 421], [1, 421], [1, 421], [1, 421], [1, 421], [1, 421], [1, 421], [1, 421], [1, 905]]
single_node_split: True
regular batch size: 2*2544, diving batch size 1*0
best_l after optimization: 108.18955993652344 with beta sum per layer: [0.0, 1583.6932373046875, 153.72500610351562]
optimal alpha/beta time: 1.0521273612976074
This batch time : update_bounds func: 1.5792	 prepare: 0.1971	 bound: 1.0523	 transfer: 0.1222	 finalize: 0.2024
Accumulated time: update_bounds func: 5.4406	 prepare: 0.4301	 bound: 4.3971	 transfer: 0.1222	 finalize: 0.3509
batch bounding time:  1.580944538116455
Current worst splitting domains [lb, ub] (depth):
[-0.04397, 98.900467] (16), [-0.04365, 98.900467] (16), [-0.04361, 98.900467] (16), [-0.04350, 98.900467] (16), [-0.04331, 98.900467] (16), [-0.04321, 98.900467] (16), [-0.04319, 98.900467] (16), [-0.04317, 98.900467] (16), [-0.04314, 98.900467] (16), [-0.04291, 98.900467] (16), [-0.04289, 98.900467] (16), [-0.04286, 98.900467] (16), [-0.04285, 98.900467] (16), [-0.04284, 98.900467] (16), [-0.04282, 98.900467] (16), [-0.04281, 98.900467] (16), [-0.04274, 98.900467] (16), [-0.04270, 98.900467] (16), [-0.04270, 98.900467] (16), [-0.04261, 98.900467] (16), 
length of domains: 4834
Total time: 2.2796	 pickout: 0.1807	 decision: 0.3587	 get_bound: 1.5841	 add_domain: 0.1560
Current lb:-0.04396688938140869
11320 neurons visited
0 diving domains visited
Cumulative time: 8.046573877334595

remaining dive domains: 0/-1, dive_rate:0.0
splitting decisions: [[1, 581], [1, 581], [1, 581], [1, 581], [1, 581], [1, 581], [1, 581], [1, 581], [1, 581], [1, 1683]]
single_node_split: True
regular batch size: 2*4096, diving batch size 1*0
best_l after optimization: 186.62344360351562 with beta sum per layer: [6.528581142425537, 3104.090087890625, 222.55877685546875]
optimal alpha/beta time: 1.7684307098388672
This batch time : update_bounds func: 2.6266	 prepare: 0.3091	 bound: 1.7686	 transfer: 0.2040	 finalize: 0.3375
Accumulated time: update_bounds func: 8.0672	 prepare: 0.7391	 bound: 6.1657	 transfer: 0.2040	 finalize: 0.6884
batch bounding time:  2.629221200942993
Current worst splitting domains [lb, ub] (depth):
[-0.04353, 98.900467] (17), [-0.04321, 98.900467] (17), [-0.04318, 98.900467] (17), [-0.04306, 98.900467] (17), [-0.04289, 98.900467] (17), [-0.04277, 98.900467] (17), [-0.04274, 98.900467] (17), [-0.04273, 98.900467] (17), [-0.04271, 98.900467] (17), [-0.04246, 98.900467] (17), [-0.04243, 98.900467] (17), [-0.04241, 98.900467] (17), [-0.04241, 98.900467] (17), [-0.04239, 98.900467] (17), [-0.04233, 98.900467] (17), [-0.04230, 98.900467] (17), [-0.04230, 98.900467] (17), [-0.04227, 98.900467] (17), [-0.04224, 98.900467] (17), [-0.04214, 98.900467] (17), 
length of domains: 8888
Total time: 3.9709	 pickout: 0.3236	 decision: 0.6510	 get_bound: 2.6341	 add_domain: 0.3623
Current lb:-0.04352712631225586
19512 neurons visited
0 diving domains visited
Cumulative time: 12.04983139038086

remaining dive domains: 0/-1, dive_rate:0.0
splitting decisions: [[1, 739], [1, 739], [1, 582], [1, 739], [1, 582], [1, 739], [1, 739], [1, 739], [1, 582], [1, 739]]
single_node_split: True
regular batch size: 2*4096, diving batch size 1*0
best_l after optimization: 233.99639892578125 with beta sum per layer: [63.40473937988281, 3644.958251953125, 75.4141845703125]
optimal alpha/beta time: 1.6402668952941895
This batch time : update_bounds func: 2.5547	 prepare: 0.2889	 bound: 1.6404	 transfer: 0.2080	 finalize: 0.4100
Accumulated time: update_bounds func: 10.6220	 prepare: 1.0280	 bound: 7.8062	 transfer: 0.2080	 finalize: 1.0984
batch bounding time:  2.5579416751861572
Current worst splitting domains [lb, ub] (depth):
[-0.04313, 98.900467] (18), [-0.04282, 98.900467] (18), [-0.04280, 98.900467] (18), [-0.04267, 98.900467] (18), [-0.04253, 98.900467] (18), [-0.04238, 98.900467] (18), [-0.04235, 98.900467] (18), [-0.04235, 98.900467] (18), [-0.04233, 98.900467] (18), [-0.04206, 98.900467] (18), [-0.04204, 98.900467] (18), [-0.04203, 98.900467] (18), [-0.04203, 98.900467] (18), [-0.04202, 98.900467] (18), [-0.04191, 98.900467] (18), [-0.04190, 98.900467] (18), [-0.04188, 98.900467] (18), [-0.04188, 98.900467] (18), [-0.04180, 98.900467] (18), [-0.04175, 98.900467] (18), 
length of domains: 12984
Total time: 3.7581	 pickout: 0.3018	 decision: 0.5983	 get_bound: 2.5637	 add_domain: 0.2944
Current lb:-0.043134212493896484
27704 neurons visited
0 diving domains visited
Cumulative time: 15.841818571090698

remaining dive domains: 0/-1, dive_rate:0.0
splitting decisions: [[0, 293], [0, 293], [0, 293], [0, 293], [0, 293], [0, 293], [0, 293], [0, 293], [0, 293], [0, 293]]
single_node_split: True
regular batch size: 2*4096, diving batch size 1*0
best_l after optimization: 257.2198791503906 with beta sum per layer: [139.83932495117188, 3575.53466796875, 38.13447570800781]
optimal alpha/beta time: 1.6474764347076416
This batch time : update_bounds func: 2.7125	 prepare: 0.3233	 bound: 1.6476	 transfer: 0.2011	 finalize: 0.5331
Accumulated time: update_bounds func: 13.3345	 prepare: 1.3513	 bound: 9.4538	 transfer: 0.2011	 finalize: 1.6315
batch bounding time:  2.715954542160034
Current worst splitting domains [lb, ub] (depth):
[-0.04254, 98.900467] (19), [-0.04225, 98.900467] (19), [-0.04222, 98.900467] (19), [-0.04222, 98.900467] (19), [-0.04207, 98.900467] (19), [-0.04199, 98.900467] (19), [-0.04194, 98.900467] (19), [-0.04193, 98.900467] (19), [-0.04179, 98.900467] (19), [-0.04178, 98.900467] (19), [-0.04175, 98.900467] (19), [-0.04175, 98.900467] (19), [-0.04175, 98.900467] (19), [-0.04169, 98.900467] (19), [-0.04152, 98.900467] (19), [-0.04149, 98.900467] (19), [-0.04148, 98.900467] (19), [-0.04147, 98.900467] (19), [-0.04146, 98.900467] (19), [-0.04145, 98.900467] (19), 
length of domains: 17080
Total time: 4.0431	 pickout: 0.3222	 decision: 0.6900	 get_bound: 2.7221	 add_domain: 0.3088
Current lb:-0.04253542423248291
35896 neurons visited
0 diving domains visited
Cumulative time: 19.918747425079346

remaining dive domains: 0/-1, dive_rate:0.0
splitting decisions: [[2, 20], [2, 20], [2, 20], [2, 20], [2, 20], [2, 20], [2, 20], [2, 20], [2, 20], [2, 20]]
single_node_split: True
regular batch size: 2*4096, diving batch size 1*0
best_l after optimization: 249.85560607910156 with beta sum per layer: [112.79048156738281, 3274.533203125, 65.51544189453125]
optimal alpha/beta time: 1.6623427867889404
This batch time : update_bounds func: 2.6405	 prepare: 0.3336	 bound: 1.6625	 transfer: 0.2128	 finalize: 0.4232
Accumulated time: update_bounds func: 15.9749	 prepare: 1.6849	 bound: 11.1163	 transfer: 0.2128	 finalize: 2.0547
batch bounding time:  2.643465042114258
Current worst splitting domains [lb, ub] (depth):
[-0.04201, 98.900467] (20), [-0.04173, 98.900467] (20), [-0.04169, 98.900467] (20), [-0.04169, 98.900467] (20), [-0.04155, 98.900467] (20), [-0.04146, 98.900467] (20), [-0.04141, 98.900467] (20), [-0.04139, 98.900467] (20), [-0.04127, 98.900467] (20), [-0.04126, 98.900467] (20), [-0.04123, 98.900467] (20), [-0.04123, 98.900467] (20), [-0.04122, 98.900467] (20), [-0.04116, 98.900467] (20), [-0.04099, 98.900467] (20), [-0.04097, 98.900467] (20), [-0.04095, 98.900467] (20), [-0.04095, 98.900467] (20), [-0.04094, 98.900467] (20), [-0.04093, 98.900467] (20), 
length of domains: 21176
Total time: 4.0835	 pickout: 0.3338	 decision: 0.7797	 get_bound: 2.6490	 add_domain: 0.3211
Current lb:-0.042011260986328125
44088 neurons visited
0 diving domains visited
Cumulative time: 24.037256717681885

remaining dive domains: 0/-1, dive_rate:0.0
splitting decisions: [[1, 1683], [1, 1683], [1, 1683], [1, 715], [1, 1683], [1, 1683], [1, 715], [1, 715], [1, 1683], [1, 1683]]
single_node_split: True
regular batch size: 2*4096, diving batch size 1*0
best_l after optimization: 239.1102294921875 with beta sum per layer: [68.53355407714844, 2519.1142578125, 89.40892028808594]
optimal alpha/beta time: 1.6618103981018066
This batch time : update_bounds func: 2.6914	 prepare: 0.3398	 bound: 1.6620	 transfer: 0.1992	 finalize: 0.4811
Accumulated time: update_bounds func: 18.6664	 prepare: 2.0247	 bound: 12.7783	 transfer: 0.1992	 finalize: 2.5357
batch bounding time:  2.6950321197509766
Current worst splitting domains [lb, ub] (depth):
[-0.04148, 98.900467] (21), [-0.04120, 98.900467] (21), [-0.04116, 98.900467] (21), [-0.04102, 98.900467] (21), [-0.04094, 98.900467] (21), [-0.04093, 98.900467] (21), [-0.04090, 98.900467] (21), [-0.04074, 98.900467] (21), [-0.04073, 98.900467] (21), [-0.04069, 98.900467] (21), [-0.04069, 98.900467] (21), [-0.04067, 98.900467] (21), [-0.04065, 98.900467] (21), [-0.04063, 98.900467] (21), [-0.04060, 98.900467] (21), [-0.04048, 98.900467] (21), [-0.04046, 98.900467] (21), [-0.04045, 98.900467] (21), [-0.04043, 98.900467] (21), [-0.04043, 98.900467] (21), 
length of domains: 25272
Total time: 4.2957	 pickout: 0.3336	 decision: 0.9281	 get_bound: 2.7016	 add_domain: 0.3324
Current lb:-0.041480839252471924
52280 neurons visited
0 diving domains visited
Time out!!!!!!!!
Image 92 pidx 3 verify end, final lower bound -0.041480839252471924, upper bound 98.90046691894531, time: 28.664202213287354/home/kx46@drexel.edu/workspace/CROWN-GENERAL/complete_verifier/utils.py:312: UserWarning: To copy construct from a tensor, it is recommended to use sourceTensor.clone().detach() or sourceTensor.clone().detach().requires_grad_(True), rather than torch.tensor(sourceTensor).
  eps_temp = torch.tensor(preprocess_cifar(eps_temp, perturbation=True)).reshape(1,-1,1,1)

92 -0.041480839252471924
[[   92.             0.             0.             3.67258596
      0.            -1.                    inf            inf]
 [   92.            -0.04148084 52280.            28.66420221
      0.             3.            98.90046692            inf]]
final verified acc: 0.0%[1]
Total verification count: 1 total verified: 0
mean time [cnt:1] (excluding attack success): 32.336788177490234
