Experiments at Sat Nov  6 00:10:40 2021 on CCI-2CPKMH3
Namespace(batch_size=500, branching_candidates=3, branching_method='sb', conv_mode='patches', csv_name='acasxu_instances.csv', data='ACASXU', deterministic=False, device='cuda', double_fp=False, end=119, increase_TO=False, iteration=10, load='../../../../vnncomp2021/benchmarks/acasxu', lr_alpha=0.01, lr_init_alpha=0.1, max_subproblems_list=200000, model='cresnet5_16_avg_bn', norm=inf, onnx_path=None, results_file=None, seed=100, share_slopes=True, single_prop=False, solve_slope=False, start=118, timeout=360, vnnlib_path=None)

 %%%%%%%%%%%%%%%%%%%%%%%%%%%%%%%%%%% idx: 0 %%%%%%%%%%%%%%%%%%%%%%%%%%%%%%%%%%%%%%%%
##### [118] True label: [0 0 0 0], Tested against: [1 2 3 4], onnx_path: ACASXU_run2a_4_2_batch_2000.onnx, vnnlib_path: prop_3.vnnlib ######
calculate grad on input: False
initial CROWN bounds: tensor([[-0.3814, -0.6159, -0.9356, -0.9121]], device='cuda:0') tensor([[0.6031, 0.6643, 1.1417, 1.0039]], device='cuda:0')
tensor([[-0.3814, -0.6159, -0.9356, -0.9121]], device='cuda:0')
decision time: 0.08015918731689453
insert to domain / total batch time: 0.000110/0.096260
length of domains: 2
Current lb:-0.34262219071388245
2 neurons visited

decision time: 0.0848386287689209
insert to domain / total batch time: 0.000206/0.100901
length of domains: 4
Current lb:-0.35028430819511414
6 neurons visited

decision time: 0.08020901679992676
insert to domain / total batch time: 0.000672/0.097128
length of domains: 8
Current lb:-0.36198583245277405
14 neurons visited

decision time: 0.08042597770690918
insert to domain / total batch time: 0.001541/0.097749
length of domains: 16
Current lb:-0.33995938301086426
30 neurons visited

decision time: 0.08237266540527344
insert to domain / total batch time: 0.001702/0.100422
length of domains: 32
Current lb:-0.35023486614227295
62 neurons visited

decision time: 0.08436250686645508
insert to domain / total batch time: 0.003551/0.105021
length of domains: 64
Current lb:-0.3471921980381012
126 neurons visited

decision time: 0.09223198890686035
insert to domain / total batch time: 0.013574/0.122943
length of domains: 128
Current lb:-0.3470316529273987
254 neurons visited

decision time: 0.09345245361328125
insert to domain / total batch time: 0.030331/0.142860
length of domains: 256
Current lb:-0.34626060724258423
510 neurons visited

decision time: 0.10600876808166504
insert to domain / total batch time: 0.068537/0.195542
length of domains: 512
Current lb:-0.34622514247894287
1022 neurons visited

decision time: 0.14191627502441406
insert to domain / total batch time: 0.144128/0.312966
length of domains: 1012
Current lb:-0.3577428162097931
2022 neurons visited

decision time: 0.13285231590270996
insert to domain / total batch time: 0.166757/0.326378
length of domains: 1512
Current lb:-0.35768014192581177
3022 neurons visited

decision time: 0.13262248039245605
insert to domain / total batch time: 0.170038/0.329844
length of domains: 2012
Current lb:-0.3576675355434418
4022 neurons visited

decision time: 0.13414382934570312
insert to domain / total batch time: 0.173671/0.338736
length of domains: 2512
Current lb:-0.35762783885002136
5022 neurons visited

decision time: 0.13435697555541992
insert to domain / total batch time: 0.187306/0.348963
length of domains: 3012
Current lb:-0.3576192259788513
6022 neurons visited

decision time: 0.1339890956878662
insert to domain / total batch time: 0.175517/0.336813
length of domains: 3512
Current lb:-0.3576192259788513
7022 neurons visited

decision time: 0.13709163665771484
insert to domain / total batch time: 0.181346/0.345054
length of domains: 4012
Current lb:-0.3576176166534424
8022 neurons visited

decision time: 0.13371539115905762
insert to domain / total batch time: 0.189150/0.350036
length of domains: 4512
Current lb:-0.35761913657188416
9022 neurons visited

decision time: 0.13335084915161133
insert to domain / total batch time: 0.196364/0.357193
length of domains: 5012
Current lb:-0.3576185703277588
10022 neurons visited

decision time: 0.13665008544921875
insert to domain / total batch time: 0.185672/0.349025
length of domains: 5512
Current lb:-0.35761865973472595
11022 neurons visited

decision time: 0.1334826946258545
insert to domain / total batch time: 0.200809/0.361369
length of domains: 6012
Current lb:-0.35761865973472595
12022 neurons visited

decision time: 0.1335923671722412
insert to domain / total batch time: 0.188859/0.349473
length of domains: 6512
Current lb:-0.35761865973472595
13022 neurons visited

decision time: 0.13619709014892578
insert to domain / total batch time: 0.194680/0.357762
length of domains: 7012
Current lb:-0.35761865973472595
14022 neurons visited

decision time: 0.13330888748168945
insert to domain / total batch time: 0.219711/0.382071
length of domains: 7512
Current lb:-0.35761865973472595
15022 neurons visited

decision time: 0.13363242149353027
insert to domain / total batch time: 0.198859/0.359753
length of domains: 8012
Current lb:-0.35761865973472595
16022 neurons visited

decision time: 0.13267087936401367
insert to domain / total batch time: 0.202165/0.361696
length of domains: 8512
Current lb:-0.35761865973472595
17022 neurons visited

decision time: 0.136857271194458
insert to domain / total batch time: 0.207465/0.371600
length of domains: 9012
Current lb:-0.35761865973472595
18022 neurons visited

decision time: 0.13422107696533203
insert to domain / total batch time: 0.212819/0.373790
length of domains: 9512
Current lb:-0.35761865973472595
19022 neurons visited

decision time: 0.13361501693725586
insert to domain / total batch time: 0.211687/0.372688
length of domains: 10012
Current lb:-0.35761865973472595
20022 neurons visited

decision time: 0.1332697868347168
insert to domain / total batch time: 0.206704/0.367177
length of domains: 10512
Current lb:-0.35761865973472595
21022 neurons visited

decision time: 0.13759851455688477
insert to domain / total batch time: 0.207505/0.372286
length of domains: 11012
Current lb:-0.35761865973472595
22022 neurons visited

decision time: 0.1328446865081787
insert to domain / total batch time: 0.204145/0.363640
length of domains: 11512
Current lb:-0.35761865973472595
23022 neurons visited

decision time: 0.13242769241333008
insert to domain / total batch time: 0.206050/0.365811
length of domains: 12012
Current lb:-0.35761865973472595
24022 neurons visited

decision time: 0.13181686401367188
insert to domain / total batch time: 0.197951/0.356698
length of domains: 12512
Current lb:-0.35761865973472595
25022 neurons visited

decision time: 0.13747859001159668
insert to domain / total batch time: 0.199511/0.364109
length of domains: 13012
Current lb:-0.35761865973472595
26022 neurons visited

decision time: 0.13318991661071777
insert to domain / total batch time: 0.210178/0.370521
length of domains: 13512
Current lb:-0.35761865973472595
27022 neurons visited

decision time: 0.13321471214294434
insert to domain / total batch time: 0.208289/0.368653
length of domains: 14012
Current lb:-0.35761865973472595
28022 neurons visited

decision time: 0.13716626167297363
insert to domain / total batch time: 0.205983/0.370618
length of domains: 14512
Current lb:-0.35761865973472595
29022 neurons visited

decision time: 0.13257789611816406
insert to domain / total batch time: 0.238075/0.401419
length of domains: 15012
Current lb:-0.35761865973472595
30022 neurons visited

decision time: 0.13366985321044922
insert to domain / total batch time: 0.211948/0.373092
length of domains: 15512
Current lb:-0.35761865973472595
31022 neurons visited

decision time: 0.13316774368286133
insert to domain / total batch time: 0.209493/0.369779
length of domains: 16012
Current lb:-0.35761865973472595
32022 neurons visited

decision time: 0.13239145278930664
insert to domain / total batch time: 0.208281/0.371526
length of domains: 16512
Current lb:-0.35761865973472595
33022 neurons visited

decision time: 0.13730192184448242
insert to domain / total batch time: 0.208602/0.373140
length of domains: 17012
Current lb:-0.35761865973472595
34022 neurons visited

decision time: 0.13330817222595215
insert to domain / total batch time: 0.212492/0.373338
length of domains:/home/kx46@drexel.edu/anaconda3/envs/pyt18/lib/python3.7/site-packages/onnx/mapping.py:27: DeprecationWarning: `np.object` is a deprecated alias for the builtin `object`. To silence this warning, use `object` by itself. Doing this will not modify any behavior and is safe. 
Deprecated in NumPy 1.20; for more details and guidance: https://numpy.org/devdocs/release/1.20.0-notes.html#deprecations
  int(TensorProto.STRING): np.dtype(np.object)
/home/kx46@drexel.edu/anaconda3/envs/pyt18/lib/python3.7/site-packages/onnx2pytorch/convert/operations.py:110: UserWarning: The given NumPy array is not writeable, and PyTorch does not support non-writeable tensors. This means you can write to the underlying (supposedly non-writeable) NumPy array using the tensor. You may want to copy the array to protect its data or make it writeable before converting it to a tensor. This type of warning will be suppressed for the rest of this program. (Triggered internally at  /opt/conda/conda-bld/pytorch_1627336316785/work/torch/csrc/utils/tensor_numpy.cpp:143.)
  weight = torch.from_numpy(numpy_helper.to_array(params[0]))
bab_verification_input_split.py:252: VisibleDeprecationWarning: Creating an ndarray from ragged nested sequences (which is a list-or-tuple of lists-or-tuples-or ndarrays with different lengths or shapes) is deprecated. If you meant to do this, you must specify 'dtype=object' when creating the ndarray.
  ret = np.array(ret)
bab_verification_input_split.py:274: ResourceWarning: unclosed file <_io.TextIOWrapper name='../../../../vnncomp2021/benchmarks/acasxu/acasxu_instances.csv' mode='r' encoding='UTF-8'>
  main(args)
ResourceWarning: Enable tracemalloc to get the object allocation traceback
 17512
Current lb:-0.35761865973472595
35022 neurons visited

decision time: 0.13303542137145996
insert to domain / total batch time: 0.209440/0.369774
length of domains: 18012
Current lb:-0.35761865973472595
36022 neurons visited

decision time: 0.13410329818725586
insert to domain / total batch time: 0.207982/0.369981
length of domains: 18512
Current lb:-0.35761865973472595
37022 neurons visited

decision time: 0.13327431678771973
insert to domain / total batch time: 0.208825/0.369455
length of domains: 19012
Current lb:-0.35761865973472595
38022 neurons visited

decision time: 0.13226914405822754
insert to domain / total batch time: 0.214088/0.373583
length of domains: 19512
Current lb:-0.35761865973472595
39022 neurons visited

decision time: 0.13343572616577148
insert to domain / total batch time: 0.214791/0.375313
length of domains: 20012
Current lb:-0.35761865973472595
40022 neurons visited

decision time: 0.13326501846313477
insert to domain / total batch time: 0.221236/0.382468
length of domains: 20512
Current lb:-0.35761865973472595
41022 neurons visited

decision time: 0.13326168060302734
insert to domain / total batch time: 0.219632/0.380091
length of domains: 21012
Current lb:-0.35761865973472595
42022 neurons visited

decision time: 0.1341555118560791
insert to domain / total batch time: 0.222614/0.384149
length of domains: 21512
Current lb:-0.35761865973472595
43022 neurons visited

decision time: 0.13393378257751465
insert to domain / total batch time: 0.222339/0.383312
length of domains: 22012
Current lb:-0.35761865973472595
44022 neurons visited

decision time: 0.13383984565734863
insert to domain / total batch time: 0.260082/0.420676
length of domains: 22512
Current lb:-0.35761865973472595
45022 neurons visited

decision time: 0.13273024559020996
insert to domain / total batch time: 0.221834/0.381782
length of domains: 23012
Current lb:-0.35761865973472595
46022 neurons visited

decision time: 0.13352751731872559
insert to domain / total batch time: 0.215308/0.376405
length of domains: 23512
Current lb:-0.35761865973472595
47022 neurons visited

decision time: 0.1331949234008789
insert to domain / total batch time: 0.214630/0.374736
length of domains: 24012
Current lb:-0.35761865973472595
48022 neurons visited

decision time: 0.13452386856079102
insert to domain / total batch time: 0.209584/0.371157
length of domains: 24512
Current lb:-0.35761865973472595
49022 neurons visited

decision time: 0.1332540512084961
insert to domain / total batch time: 0.207261/0.368678
length of domains: 25012
Current lb:-0.35761865973472595
50022 neurons visited

decision time: 0.13329219818115234
insert to domain / total batch time: 0.215343/0.375967
length of domains: 25512
Current lb:-0.35761865973472595
51022 neurons visited

decision time: 0.13366460800170898
insert to domain / total batch time: 0.215148/0.376262
length of domains: 26012
Current lb:-0.35761865973472595
52022 neurons visited

decision time: 0.13393020629882812
insert to domain / total batch time: 0.221742/0.382650
length of domains: 26512
Current lb:-0.35761865973472595
53022 neurons visited

calculate grad on input: False
alpha-CROWN optimizable variables initialized.
best_l after optimization: 0.17763474583625793 with beta sum per layer: []
optimal alpha/beta time: 0.8661212921142578
initial CROWN bounds: tensor([[-0.1776, -0.3420, -0.4449, -0.5561]], device='cuda:0',
       grad_fn=<AsStridedBackward>) None
decision time: 0.10909867286682129
best_l after optimization: 0.21319818496704102 with beta sum per layer: []
optimal alpha/beta time: 0.7704012393951416
insert to domain / total batch time: 0.000136/0.880961
length of domains: 2
Current lb:-0.10837939381599426
53024 neurons visited

decision time: 0.10808610916137695
best_l after optimization: 0.27186018228530884 with beta sum per layer: []
optimal alpha/beta time: 0.4772469997406006
insert to domain / total batch time: 0.000285/0.587196
length of domains: 4
Current lb:-0.07186127454042435
53028 neurons visited

decision time: 0.10982489585876465
best_l after optimization: 0.27790820598602295 with beta sum per layer: []
optimal alpha/beta time: 0.4748044013977051
insert to domain / total batch time: 0.000562/0.587598
length of domains: 8
Current lb:-0.04099423438310623
53036 neurons visited

decision time: 0.11078524589538574
best_l after optimization: 0.21187633275985718 with beta sum per layer: []
optimal alpha/beta time: 0.4858365058898926
insert to domain / total batch time: 0.001176/0.601726
length of domains: 15
Current lb:-0.019390523433685303
53052 neurons visited

decision time: 0.11193323135375977
best_l after optimization: -0.0076568853110075 with beta sum per layer: []
optimal alpha/beta time: 0.4848766326904297
insert to domain / total batch time: 0.001070/0.604396
length of domains: 12
Current lb:-0.005289018154144287
53082 neurons visited

decision time: 0.11213016510009766

all verified at 1th iter
best_l after optimization: -0.17712938785552979 with beta sum per layer: []
optimal alpha/beta time: 0.07388830184936523
insert to domain / total batch time: 0.000389/0.191708
length of domains: 0
No domains left, verification finished!
Image 118 against [1 2 3 4] verify end, Time cost: 24.984858512878418
[[118, 999, 53106, 24.984858512878418, array([1, 2, 3, 4])]]
[[118 999 53106 24.984858512878418 array([1, 2, 3, 4])]]
[['119' 'UNSAT']]
time mean: 24.984858512878418, branches mean: 53106.0, number of timeout: 0
final verified acc: 18600.0%[1]
Total verification count: 1 total verified: 186
mean time [total:1]: 24.984858512878418
mean time [cnt:1]: 24.984858512878418
Namespace(batch_size=500, branching_candidates=3, branching_method='sb', conv_mode='patches', csv_name='acasxu_instances.csv', data='ACASXU', deterministic=False, device='cuda', double_fp=False, end=119, increase_TO=False, iteration=10, load='../../../../vnncomp2021/benchmarks/acasxu', lr_alpha=0.01, lr_init_alpha=0.1, max_subproblems_list=200000, model='cresnet5_16_avg_bn', norm=inf, onnx_path=None, results_file=None, seed=100, share_slopes=True, single_prop=False, solve_slope=False, start=118, timeout=91.01514148712158, vnnlib_path=None)
