Experiments at Sat Nov  6 00:14:41 2021 on CCI-2CPKMH3
Namespace(batch_size=500, branching_candidates=3, branching_method='sb', conv_mode='patches', csv_name='acasxu_instances.csv', data='ACASXU', deterministic=False, device='cuda', double_fp=False, end=185, increase_TO=False, iteration=10, load='../../../../vnncomp2021/benchmarks/acasxu', lr_alpha=0.01, lr_init_alpha=0.1, max_subproblems_list=200000, model='cresnet5_16_avg_bn', norm=inf, onnx_path=None, results_file=None, seed=100, share_slopes=True, single_prop=False, solve_slope=False, start=184, timeout=360, vnnlib_path=None)

 %%%%%%%%%%%%%%%%%%%%%%%%%%%%%%%%%%% idx: 0 %%%%%%%%%%%%%%%%%%%%%%%%%%%%%%%%%%%%%%%%
##### [184] True label: 0, Tested against: 3, onnx_path: ACASXU_run2a_3_3_batch_2000.onnx, vnnlib_path: prop_9.vnnlib ######
calculate grad on input: False
initial CROWN bounds: tensor([[-39.1719]], device='cuda:0') tensor([[34.9886]], device='cuda:0')
tensor([[-39.1719]], device='cuda:0')
decision time: 0.0834798812866211
insert to domain / total batch time: 0.000333/0.099571
length of domains: 2
Current lb:-26.209609985351562
2 neurons visited

decision time: 0.07983589172363281
insert to domain / total batch time: 0.000225/0.096240
length of domains: 4
Current lb:-14.377983093261719
6 neurons visited

decision time: 0.08119988441467285
insert to domain / total batch time: 0.000482/0.097722
length of domains: 8
Current lb:-7.2035112380981445
14 neurons visited

decision time: 0.08150172233581543
insert to domain / total batch time: 0.001057/0.098952
length of domains: 16
Current lb:-3.992011547088623
30 neurons visited

decision time: 0.0834343433380127
insert to domain / total batch time: 0.002350/0.102090
length of domains: 32
Current lb:-2.287456750869751
62 neurons visited

decision time: 0.08768987655639648
insert to domain / total batch time: 0.005996/0.110510
length of domains: 64
Current lb:-1.6616554260253906
126 neurons visited

decision time: 0.08770966529846191
insert to domain / total batch time: 0.013542/0.118900
length of domains: 122
Current lb:-1.0443342924118042
254 neurons visited

decision time: 0.09406232833862305
insert to domain / total batch time: 0.023852/0.136912
length of domains: 206
Current lb:-0.7787885665893555
498 neurons visited

decision time: 0.10182642936706543
insert to domain / total batch time: 0.021688/0.144589
length of domains: 164
Current lb:-0.5219664573669434
910 neurons visited

decision time: 0.10108613967895508
insert to domain / total batch time: 0.016278/0.136890
length of domains: 123
Current lb:-0.31178516149520874
1238 neurons visited

decision time: 0.09355807304382324
insert to domain / total batch time: 0.011978/0.125028
length of domains: 95
Current lb:-0.21733039617538452
1484 neurons visited

decision time: 0.09178781509399414
insert to domain / total batch time: 0.006662/0.116837
length of domains: 49
Current lb:-0.08573675155639648
1674 neurons visited

decision time: 0.08801555633544922
insert to domain / total batch time: 0.004444/0.109675
length of domains: 37
Current lb:-0.07400321960449219
1772 neurons visited

decision time: 0.08812618255615234
insert to domain / total batch time: 0.002625/0.108095
length of domains: 25
Current lb:-0.04828834533691406
1846 neurons visited

decision time: 0.08412361145019531
insert to domain / total batch time: 0.001462/0.102376
length of domains: 13
Current lb:-0.02525949478149414
1896 neurons visited

decision time: 0.08257937431335449
insert to domain / total batch time: 0.000472/0.099293
length of domains: 4
Current lb:-0.019725143909454346
1922 neurons visited

decision time: 0.0810399055480957
insert to domain / total batch time: 0.000171/0.097177
length of domains: 1
Current lb:-0.0020375102758407593
1930 neurons visited

decision time: 0.0818338394165039
insert to domain / total batch time: 0.000065/0.097559
length of domains: 0
No domains left, verification finished!
Image 184 against 3 verify end, Time cost: 3.6931369304656982
[[184, 999, 1932, 3.6931369304656982, 3]]
##### [184] True label: 1, Tested against: 3, onnx_path: ACASXU_run2a_3_3_batch_2000.onnx, vnnlib_path: prop_9.vnnlib ######
calculate grad on input: False
initial CROWN bounds: tensor([[-7.2721]], device='cuda:0') tensor([[13.4220]], device='cuda:0')
tensor([[-7.2721]], device='cuda:0')
decision time: 0.08033323287963867
insert to domain / total batch time: 0.000121/0.096295
length of domains: 2
Current lb:-4.904767036437988
2 neurons visited

decision time: 0.08055925369262695
insert to domain / total batch time: 0.000223/0.096874
length of domains: 4
Current lb:-2.9429543018341064
6 neurons visited

decision time: 0.08075857162475586
insert to domain / total batch time: 0.000477/0.097515
length of domains: 8
Current lb:-1.6217424869537354
14 neurons visited

decision time: 0.08243536949157715
insert to domain / total batch time: 0.001086/0.099725
length of domains: 16
Current lb:-1.1876413822174072
30 neurons visited

decision time: 0.08352875709533691
insert to domain / total batch time: 0.002104/0.102421
length of domains: 32
Current lb:-0.720757007598877
62 neurons visited

decision time: 0.08593177795410156
insert to domain / total batch time: 0.006341/0.111876
length of domains: 64
Current lb:-0.5228853225708008
126 neurons visited

decision time: 0.08870959281921387
insert to domain / total batch time: 0.013055/0.119464
length of domains: 117
Current lb:-0.34598520398139954
254 neurons visited

decision time: 0.09370660781860352
insert to domain / total batch time: 0.016902/0.129230
length of domains: 134
Current lb:-0.2771534025669098
488 neurons visited

decision time: 0.09618425369262695
insert to domain / total batch time: 0.008733/0.123931
length of domains: 63
Current lb:-0.18594884872436523
756 neurons visited

decision time: 0.09099483489990234
insert to domain / total batch time: 0.003793/0.112553
length of domains: 35
Current lb:-0.1423547863960266
882 neurons visited

decision time: 0.08701086044311523
insert to domain / total batch time: 0.001721/0.106002
length of domains: 10
Current lb:-0.09286177158355713
952 neurons visited

decision time: 0.08310198783874512
insert to domain / total batch time: 0.000498/0.100478
length of domains: 5
Current lb:-0.06853663921356201
972 neurons visited

decision time: 0.08136177062988281
insert to domain / total batch time: 0.000500/0.098235
length of domains: 2
Current lb:-0.023780107498168945
982 neurons visited

decision time: 0.08227324485778809
insert to domain / total batch time: 0.000096/0.098134
length of domains: 0
No domains left, verification finished!
Image 184 against 3 verify end, Time cost: 1.5413978099822998
[[184, 999, 1932, 3.6931369304656982, 3], [184, 999, 986, 1.5413978099822998, 3]]
##### [184] True label: 2, Tested against: 3, onnx_path: ACASXU_run2a_3_3_batch_2000.onnx, vnnlib_path: prop_9.vnnlib ######
calculate grad on input: False
initial CROWN bounds: tensor([[-36.8968]], device='cuda:0') tensor([[30.3198]], device='cuda:0')
tensor([[-36.8968]], device='cuda:0')
decision time: 0.08035755157470703
insert to domain / total batch time: 0.000134/0.096519
length of domains: 2
Current lb:-24.66503143310547
2 neurons visited

decision time: 0.0803523063659668
insert to domain / total batch time: 0.000226/0.096579
length of domains: 4
Current lb:-14.833235740661621
6 neurons visited

decision time: 0.08079075813293457
insert to domain / total batch time: 0.000457/0.097436
length of domains: 8
Current lb:-7.471362590789795
14 neurons visited

decision time: 0.08278822898864746
insert to domain / total batch time: 0.001130/0.100398
length of domains: 16
Current lb:-5.229495048522949
30 neurons visited

decision time: 0.08642196655273438
insert to domain / total batch time: 0.002223/0.105165
length of domains: 32
Current lb:-3.1191909313201904
62 neurons visited

decision time: 0.08536744117736816
insert to domain / total batch time: 0.005845/0.108552
length of domains: 64
Current lb:-2.11452317237854
126 neurons visited

decision time: 0.08907365798950195
insert to domain / total batch time: 0.014223/0.120895
length of domains: 127
Current lb:-1.2529315948486328
254 neurons visited

decision time: 0.09555745124816895
insert to domain / total batch time: 0.027786/0.142690/home/kx46@drexel.edu/anaconda3/envs/pyt18/lib/python3.7/site-packages/onnx/mapping.py:27: DeprecationWarning: `np.object` is a deprecated alias for the builtin `object`. To silence this warning, use `object` by itself. Doing this will not modify any behavior and is safe. 
Deprecated in NumPy 1.20; for more details and guidance: https://numpy.org/devdocs/release/1.20.0-notes.html#deprecations
  int(TensorProto.STRING): np.dtype(np.object)
/home/kx46@drexel.edu/anaconda3/envs/pyt18/lib/python3.7/site-packages/onnx2pytorch/convert/operations.py:110: UserWarning: The given NumPy array is not writeable, and PyTorch does not support non-writeable tensors. This means you can write to the underlying (supposedly non-writeable) NumPy array using the tensor. You may want to copy the array to protect its data or make it writeable before converting it to a tensor. This type of warning will be suppressed for the rest of this program. (Triggered internally at  /opt/conda/conda-bld/pytorch_1627336316785/work/torch/csrc/utils/tensor_numpy.cpp:143.)
  weight = torch.from_numpy(numpy_helper.to_array(params[0]))
bab_verification_input_split.py:274: ResourceWarning: unclosed file <_io.TextIOWrapper name='../../../../vnncomp2021/benchmarks/acasxu/acasxu_instances.csv' mode='r' encoding='UTF-8'>
  main(args)
ResourceWarning: Enable tracemalloc to get the object allocation traceback

length of domains: 226
Current lb:-1.093199372291565
508 neurons visited

decision time: 0.10588717460632324
insert to domain / total batch time: 0.035325/0.162870
length of domains: 260
Current lb:-0.6975266933441162
960 neurons visited

decision time: 0.10667896270751953
insert to domain / total batch time: 0.030102/0.158563
length of domains: 217
Current lb:-0.5091032981872559
1480 neurons visited

decision time: 0.1034700870513916
insert to domain / total batch time: 0.026861/0.150832
length of domains: 201
Current lb:-0.24036264419555664
1914 neurons visited

decision time: 0.10158610343933105
insert to domain / total batch time: 0.013972/0.136169
length of domains: 96
Current lb:-0.20115447044372559
2316 neurons visited

decision time: 0.09095144271850586
insert to domain / total batch time: 0.004404/0.113744
length of domains: 31
Current lb:-0.07052493095397949
2508 neurons visited

decision time: 0.08523082733154297
insert to domain / total batch time: 0.001884/0.103819
length of domains: 15
Current lb:-0.020203769207000732
2570 neurons visited

decision time: 0.08229684829711914
insert to domain / total batch time: 0.000678/0.099854
length of domains: 6
Current lb:-0.011959880590438843
2600 neurons visited

decision time: 0.08141565322875977
insert to domain / total batch time: 0.000220/0.099391
length of domains: 1
Current lb:-0.0044873058795928955
2612 neurons visited

decision time: 0.07989144325256348
insert to domain / total batch time: 0.000076/0.095758
length of domains: 0
No domains left, verification finished!
Image 184 against 3 verify end, Time cost: 2.0356087684631348
[[184, 999, 1932, 3.6931369304656982, 3], [184, 999, 986, 1.5413978099822998, 3], [184, 999, 2614, 2.0356087684631348, 3]]
##### [184] True label: 4, Tested against: 3, onnx_path: ACASXU_run2a_3_3_batch_2000.onnx, vnnlib_path: prop_9.vnnlib ######
calculate grad on input: False
initial CROWN bounds: tensor([[-43.8762]], device='cuda:0') tensor([[34.3534]], device='cuda:0')
tensor([[-43.8762]], device='cuda:0')
decision time: 0.08019661903381348
insert to domain / total batch time: 0.000120/0.096395
length of domains: 2
Current lb:-29.2420654296875
2 neurons visited

decision time: 0.08056402206420898
insert to domain / total batch time: 0.000218/0.096914
length of domains: 4
Current lb:-16.94702911376953
6 neurons visited

decision time: 0.08148884773254395
insert to domain / total batch time: 0.000478/0.098197
length of domains: 8
Current lb:-8.352924346923828
14 neurons visited

decision time: 0.0826411247253418
insert to domain / total batch time: 0.001110/0.100111
length of domains: 16
Current lb:-5.381308555603027
30 neurons visited

decision time: 0.08321762084960938
insert to domain / total batch time: 0.002552/0.102274
length of domains: 32
Current lb:-3.427665948867798
62 neurons visited

decision time: 0.08517575263977051
insert to domain / total batch time: 0.005358/0.107656
length of domains: 64
Current lb:-2.305022716522217
126 neurons visited

decision time: 0.08834052085876465
insert to domain / total batch time: 0.013959/0.119748
length of domains: 125
Current lb:-1.3624662160873413
254 neurons visited

decision time: 0.09497857093811035
insert to domain / total batch time: 0.025948/0.139751
length of domains: 205
Current lb:-1.244433879852295
504 neurons visited

decision time: 0.10190510749816895
insert to domain / total batch time: 0.027040/0.149300
length of domains: 199
Current lb:-0.6484363079071045
914 neurons visited

decision time: 0.10144543647766113
insert to domain / total batch time: 0.017720/0.139693
length of domains: 121
Current lb:-0.44970130920410156
1312 neurons visited

decision time: 0.09490346908569336
insert to domain / total batch time: 0.007926/0.121943
length of domains: 61
Current lb:-0.12125873565673828
1554 neurons visited

decision time: 0.08856821060180664
insert to domain / total batch time: 0.003969/0.110588
length of domains: 33
Current lb:-0.04529845714569092
1676 neurons visited

decision time: 0.0844717025756836
insert to domain / total batch time: 0.002049/0.103613
length of domains: 21
Current lb:-0.026480913162231445
1742 neurons visited

decision time: 0.08388590812683105
insert to domain / total batch time: 0.000757/0.101093
length of domains: 5
Current lb:-0.006112813949584961
1784 neurons visited

decision time: 0.08089923858642578
insert to domain / total batch time: 0.000215/0.097164
length of domains: 2
Current lb:-0.002310037612915039
1794 neurons visited

decision time: 0.08143806457519531
insert to domain / total batch time: 0.000108/0.097620
length of domains: 1
Current lb:-0.0006693005561828613
1798 neurons visited

decision time: 0.08110260963439941
insert to domain / total batch time: 0.000075/0.097158
length of domains: 1
Current lb:-0.0001856684684753418
1800 neurons visited

decision time: 0.08084607124328613
insert to domain / total batch time: 0.000066/0.096759
length of domains: 0
No domains left, verification finished!
Image 184 against 3 verify end, Time cost: 2.0228750705718994
[[184, 999, 1932, 3.6931369304656982, 3], [184, 999, 986, 1.5413978099822998, 3], [184, 999, 2614, 2.0356087684631348, 3], [184, 999, 1802, 2.0228750705718994, 3]]
[[ 184.          999.         1932.            3.69313693    3.        ]
 [ 184.          999.          986.            1.54139781    3.        ]
 [ 184.          999.         2614.            2.03560877    3.        ]
 [ 184.          999.         1802.            2.02287507    3.        ]]
[['185' 'UNSAT']]
time mean: 2.323254644870758, branches mean: 1833.5, number of timeout: 0
final verified acc: 18600.0%[1]
Total verification count: 1 total verified: 186
mean time [total:1]: 9.293018579483032
mean time [cnt:1]: 9.293018579483032
Namespace(batch_size=500, branching_candidates=3, branching_method='sb', conv_mode='patches', csv_name='acasxu_instances.csv', data='ACASXU', deterministic=False, device='cuda', double_fp=False, end=185, increase_TO=False, iteration=10, load='../../../../vnncomp2021/benchmarks/acasxu', lr_alpha=0.01, lr_init_alpha=0.1, max_subproblems_list=200000, model='cresnet5_16_avg_bn', norm=inf, onnx_path=None, results_file=None, seed=100, share_slopes=True, single_prop=False, solve_slope=False, start=184, timeout=106.70698142051697, vnnlib_path=None)
