/home/zhouxingshi/gputest/CROWN-GENERAL_41a3/complete_verifier/utils.py:312: UserWarning: To copy construct from a tensor, it is recommended to use sourceTensor.clone().detach() or sourceTensor.clone().detach().requires_grad_(True), rather than torch.tensor(sourceTensor).
  eps_temp = torch.tensor(preprocess_cifar(eps_temp, perturbation=True)).reshape(1,-1,1,1)
Experiments at Wed Apr 13 13:29:32 2022 on diablo.cs.ucla.edu
Sequential(
  (0): Conv2d(3, 16, kernel_size=(4, 4), stride=(2, 2), padding=(1, 1))
  (1): ReLU()
  (2): Conv2d(16, 32, kernel_size=(4, 4), stride=(2, 2), padding=(1, 1))
  (3): ReLU()
  (4): Flatten()
  (5): Linear(in_features=2048, out_features=100, bias=True)
  (6): ReLU()
  (7): Linear(in_features=100, out_features=10, bias=True)
)
############################
Sampled data loaded. Data already preprocessed!
Shape: torch.Size([200, 3, 32, 32]) torch.Size([200]) torch.Size([200])
X range: tensor(2.1256) tensor(-1.9889) tensor(-0.0131)
############################
epsilon after preprocession: tensor([[[[0.0317]],

         [[0.0322]],

         [[0.0300]]]]), data_max = tensor([[[[2.0587]],

         [[2.1256]],

         [[2.1154]]]]), data_min = tensor([[[[-1.9889]],

         [[-1.9807]],

         [[-1.7076]]]])
Task length: 1
saving results to Verified_ret_[cnn_4layer_mix4]_start=19_end=20_iter=20_b=4096_int-beta=False_timeout=30_branching=kfsb-min-3_lra-init=0.1_lra=0.01_lrb=0.05_PGD=before.npy

 %%%%%%%%%%%%%%%%%%%%%%%%%%%%%%%%%%% idx: 0 img ID: 19 %%%%%%%%%%%%%%%%%%%%%%%%%%%%%%%%%%%%%%%%
predicted label  3  correct label  3 logits tensor([-19.9546, -23.0153, -16.5003, -14.6428, -15.9066, -15.1125, -15.7295,
        -18.5644, -21.3960, -22.7567], device='cuda:0',
       grad_fn=<SelectBackward>)
False
##### PGD attack: True label: 3, Tested against: ['all'] ######
pgd prediction: tensor([-20.5051, -23.7211, -17.0140, -15.1164, -16.3350, -15.4151, -16.4084,
        -18.8523, -21.9575, -23.3265], device='cuda:0',
       grad_fn=<SqueezeBackward1>)
attack margin tensor([5.3886, 8.6047, 1.8975,    inf, 1.2185, 0.2987, 1.2920, 3.7359, 6.8411,
        8.2101], device='cuda:0', grad_fn=<RsubBackward1>)
untargeted pgd failed
Model prediction is: tensor([[-19.9546, -23.0153, -16.5003, -14.6428, -15.9066, -15.1125, -15.7295,
         -18.5644, -21.3960, -22.7567]], device='cuda:0',
       grad_fn=<AddBackward0>)
alpha-CROWN optimizable variables initialized.
initial CROWN bounds: tensor([[ 3.8501,  6.5664,  0.7285,  0.1663,  0.0924, -0.1683,  2.5419,  4.9740,
          6.4873]], device='cuda:0') None
best_l after optimization: -25.749011993408203 with beta sum per layer: []
optimal alpha/beta time: 5.871630668640137
initial alpha-CROWN bounds: tensor([[ 3.9208,  6.6366,  0.7796,  0.2086,  0.1089, -0.0744,  2.5960,  5.0365,
          6.5364]], device='cuda:0', grad_fn=<AsStridedBackward>) None
##### [0:19] Tested against 5 ######
Initial alpha-CROWN verified for label 5 with bound 0.10887479782104492
Image 19 pidx 5 verify end, final lower bound 0.10887479782104492, upper bound inf, time: 0.000545501708984375
19 0.10887479782104492
##### [0:19] Tested against 4 ######
Initial alpha-CROWN verified for label 4 with bound 0.20864272117614746
Image 19 pidx 4 verify end, final lower bound 0.20864272117614746, upper bound inf, time: 0.0004858970642089844
19 0.20864272117614746
##### [0:19] Tested against 6 ######
Model prediction is: tensor([[-19.9546, -23.0153, -16.5003, -14.6428, -15.9066, -15.1125, -15.7295,
         -18.5644, -21.3960, -22.7567]], device='cuda:0',
       grad_fn=<AddBackward0>)
alpha-CROWN optimizable variables initialized.
setting alpha for layer /10 start_node /11
setting alpha for layer /10 start_node /21
not setting layer /10 start_node /23 because shape mismatch (torch.Size([2, 1, 1, 16, 16, 16]) != torch.Size([2, 9, 1, 16, 16, 16]))
setting alpha for layer /12 start_node /21
not setting layer /12 start_node /23 because shape mismatch (torch.Size([2, 1, 1, 32, 8, 8]) != torch.Size([2, 9, 1, 32, 8, 8]))
not setting layer /22 start_node /23 because shape mismatch (torch.Size([2, 1, 1, 100]) != torch.Size([2, 9, 1, 100]))
0 /9 torch.Size([1, 16, 16, 16])
1 /11 torch.Size([1, 32, 8, 8])
2 /21 torch.Size([1, 100])
best_l after optimization: 0.07436609268188477 with beta sum per layer: []
optimal alpha/beta time: 1.4909679889678955
alpha-CROWN with fixed intermediate bounds: tensor([[-0.0744]], device='cuda:0', grad_fn=<AsStridedBackward>) None
-0.07436609268188477
layer 0 size torch.Size([4096]) unstable 624
layer 1 size torch.Size([2048]) unstable 330
layer 2 size torch.Size([100]) unstable 21
# of unstable neurons: 975
remaining dive domains: 0/-1, dive_rate:0.0
splitting decisions: [[2, 83]]
single_node_split: True
regular batch size: 2*1, diving batch size 1*0

all verified at 0th iter
best_l after optimization: -0.12722563743591309 with beta sum per layer: [0.0, 0.0, 0.0]
optimal alpha/beta time: 0.008971214294433594
This batch time : update_bounds func: 0.0115	 prepare: 0.0015	 bound: 0.0092	 transfer: 0.0005	 finalize: 0.0003
Accumulated time: update_bounds func: 0.0115	 prepare: 0.0015	 bound: 0.0092	 transfer: 0.0005	 finalize: 0.0003
batch bounding time:  0.011574745178222656
Current worst splitting domains [lb, ub] (depth):

length of domains: 0
Total time: 0.0319	 pickout: 0.0009	 decision: 0.0194	 get_bound: 0.0116	 add_domain: 0.0000
No domains left, verification finished!
Cumulative time: 1.9566922187805176

Image 19 pidx 6 verify end, final lower bound 999, upper bound 98.9256362915039, time: 2.0165374279022217
19 999
##### [0:19] Tested against 2 ######
Initial alpha-CROWN verified for label 2 with bound 0.779560923576355
Image 19 pidx 2 verify end, final lower bound 0.779560923576355, upper bound inf, time: 0.0005385875701904297
19 0.779560923576355
##### [0:19] Tested against 7 ######
Initial alpha-CROWN verified for label 7 with bound 2.5960493087768555
Image 19 pidx 7 verify end, final lower bound 2.5960493087768555, upper bound inf, time: 0.0004932880401611328
19 2.5960493087768555
##### [0:19] Tested against 0 ######
Initial alpha-CROWN verified for label 0 with bound 3.9207801818847656
Image 19 pidx 0 verify end, final lower bound 3.9207801818847656, upper bound inf, time: 0.0004971027374267578
19 3.9207801818847656
##### [0:19] Tested against 8 ######
Initial alpha-CROWN verified for label 8 with bound 5.036522388458252
Image 19 pidx 8 verify end, final lower bound 5.036522388458252, upper bound inf, time: 0.0004947185516357422
19 5.036522388458252
##### [0:19] Tested against 9 ######
Initial alpha-CROWN verified for label 9 with bound 6.536396503448486
Image 19 pidx 9 verify end, final lower bound 6.536396503448486, upper bound inf, time: 0.0004897117614746094
19 6.536396503448486
##### [0:19] Tested against 1 ######
Initial alpha-CROWN verified for label 1 with bound 6.6366190910339355
Image 19 pidx 1 verify end, final lower bound 6.6366190910339355, upper bound inf, time: 0.0004887580871582031
19 6.6366190910339355
##### [0:19] Tested against 3 ######
correct label, skip!
[[ 19.           0.           0.           0.8672576    0.
   -3.                  inf          inf]
 [ 19.           0.           0.           6.63445449   0.
   -1.                  inf          inf]
 [ 19.           0.1088748    0.           0.0005455    0.
    5.                  inf   0.29865932]
 [ 19.           0.20864272   0.           0.0004859    0.
    4.                  inf   1.218503  ]
 [ 19.         999.           2.           2.01653743   0.
    6.          98.92563629   1.29199696]
 [ 19.           0.77956092   0.           0.00053859   0.
    2.                  inf   1.89754772]
 [ 19.           2.59604931   0.           0.00049329   0.
    7.                  inf   3.73589802]
 [ 19.           3.92078018   0.           0.0004971    0.
    0.                  inf   5.38863468]
 [ 19.           5.03652239   0.           0.00049472   0.
    8.                  inf   6.84109211]
 [ 19.           6.5363965    0.           0.00048971   0.
    9.                  inf   8.21006298]
 [ 19.           6.63661909   0.           0.00048876   0.
    1.                  inf   8.60465145]
 [ 19.           0.           0.           0.           0.
    3.                  inf          inf]]
final verified acc: 100.0%[1]
Total verification count: 1 total verified: 1
mean time [cnt:1] (excluding attack success): 8.655025482177734
