Configurations:

general:
  device: cuda
  seed: 100
  conv_mode: patches
  deterministic: false
  double_fp: false
  loss_reduction_func: sum
  record_bounds: false
  sparse_alpha: true
  save_adv_example: false
  precompile_jit: false
  mode: verified-acc
  complete_verifier: bab
  enable_incomplete_verification: true
  get_crown_verified_acc: false
  csv_name: cifar10_resnet_instances.csv
  results_file: null
  root_path: ../../vnncomp2021/benchmarks/cifar10_resnet
model:
  path: null
  cache_onnx_conversion: false
  onnx_quirks: null
  name: mnist_9_200
  onnx_path: null
  onnx_path_prefix: ''
  onnx_optimization_flags: none
data:
  start: 2
  end: 3
  select_instance: null
  num_outputs: 10
  mean: 0.0
  std: 1.0
  pkl_path: null
  dataset: CIFAR
  data_filter_path: null
  data_idx_file: null
specification:
  type: lp
  norm: .inf
  epsilon: null
  vnnlib_path: null
  vnnlib_path_prefix: ''
solver:
  batch_size: 2000
  no_float64_last_iter: true
  no_amp: false
  early_stop_patience: 10
  start_save_best: 2
  bound_prop_method: alpha-crown
  prune_after_crown: false
  crown:
    batch_size: 1000000000
    max_crown_size: 1000000000
  alpha-crown:
    alpha: true
    lr_alpha: 0.1
    iteration: 100
    share_slopes: false
    no_joint_opt: false
    lr_decay: 0.98
    full_conv_alpha: true
  beta-crown:
    min_batch_size_ratio: 0.1
    lr_alpha: 0.01
    lr_beta: 0.01
    lr_decay: 0.98
    optimizer: adam
    iteration: 50
    beta: true
    beta_warmup: true
    enable_opt_interm_bounds: false
    all_node_split_LP: false
  forward:
    refine: false
    dynamic: false
    max_dim: 10000
  intermediate_refinement:
    enabled: false
    batch_size: 10
    opt_coeffs: false
    opt_bias: false
    lr: 0.05
    layers: [-1]
    max_domains: 1000
    solver_pkg: gurobi
  multi_class:
    multi_class_method: allclass_domain
    label_batch_size: 32
    skip_with_refined_bound: true
  mip:
    parallel_solvers: null
    solver_threads: 1
    refine_neuron_timeout: 15
    refine_neuron_time_percentage: 0.8
    early_stop: true
    adv_warmup: true
bab:
  initial_max_domains: 1
  max_domains: 200000
  decision_thresh: 0
  timeout: 360
  timeout_scale: 1
  override_timeout: null
  get_upper_bound: false
  dfs_percent: 0.0
  pruning_in_iteration: true
  pruning_in_iteration_ratio: 0.2
  sort_targets: false
  batched_domain_list: true
  optimized_intermediate_layers: ''
  interm_transfer: true
  cut:
    enabled: false
    bab_cut: false
    lp_cut: false
    method: null
    lr_decay: 1.0
    iteration: 100
    bab_iteration: -1
    early_stop_patience: -1
    lr_beta: 0.02
    number_cuts: 50
    topk_cuts_in_filter: 100
    batch_size_primal: 100
    add_implied_cuts: false
    add_input_cuts: false
    _tmp_cuts: null
    _eran_cuts: null
    max_num: 1000000000
    fixed_cuts: false
    patches_cut: false
    cplex_cuts: false
    cplex_cuts_wait: 0
    cplex_cuts_revpickup: true
    cut_reference_bounds: true
    fix_intermediate_bounds: false
    lr: 0.01
  branching:
    method: kfsb
    candidates: 3
    reduceop: max
    sb_coeff_thresh: 0.001
    input_split:
      enable: false
      enhanced_bound_prop_method: alpha-crown
      enhanced_branching_method: naive
      enhanced_bound_patience: 100000000.0
      attack_patience: 100000000.0
      adv_check: 0
      sort_domain_interval: -1
  attack:
    enabled: false
    beam_candidates: 8
    beam_depth: 7
    max_dive_fix_ratio: 0.8
    min_local_free_ratio: 0.2
    mip_timeout: 30.0
    mip_start_iteration: 5
    max_dive_domains: -1
    num_dive_constraints: 50
    dive_rate: 0.2
    adv_dive: false
    adv_pool_threshold: null
    refined_mip_attacker: false
    refined_batch_size: null
attack:
  pgd_order: skip
  pgd_steps: 100
  pgd_restarts: 30
  pgd_early_stop: true
  pgd_lr_decay: 0.99
  pgd_alpha: auto
  pgd_loss_mode: null
  attack_mode: PGD
  gama_lambda: 10.0
  gama_decay: 0.9
  check_clean: false
  input_split:
    pgd_steps: 100
    pgd_restarts: 30
    pgd_alpha: auto
  input_split_enhanced:
    pgd_steps: 200
    pgd_restarts: 5000000
    pgd_alpha: auto
  input_split_check_adv:
    pgd_steps: 5
    pgd_restarts: 5
    pgd_alpha: auto
  enable_mip_attack: false
  cex_path: ./test_cex.txt
debug:
  lp_test: null

Experiments at Tue Aug 23 12:06:28 2022 on diablo.cs.ucla.edu
saving results to a-b-crown_[cifar10_resnet_instances]_start=2_end=3_iter=50_b=2000_timeout=360_branching=kfsb-max-3_lra-init=0.1_lra=0.01_lrb=0.01_PGD=skip_cplex_cuts=False_initial_max_domains=1.npz
customized start/end sample from 2 to 3

 %%%%%%%%%%%%%%%%%%%%%%%%%%%%%%%%%%% idx: 0, vnnlib ID: 2 %%%%%%%%%%%%%%%%%%%%%%%%%%%%%%%%%%%%%%%%
Using onnx onnx/resnet_2b.onnx
Using vnnlib vnnlib_properties_pgd_filtered/resnet2b_pgd_filtered/prop_2_eps_0.008.vnnlib
Precompiled vnnlib file found at ../../vnncomp2021/benchmarks/cifar10_resnet/vnnlib_properties_pgd_filtered/resnet2b_pgd_filtered/prop_2_eps_0.008.vnnlib.compiled
Loading onnx ../../vnncomp2021/benchmarks/cifar10_resnet/onnx/resnet_2b.onnx wih quirks {}
ConvertModel(
  (Conv_17): Conv2d(3, 8, kernel_size=(3, 3), stride=(2, 2), padding=(1, 1))
  (Relu_18): ReLU(inplace=True)
  (Conv_19): Conv2d(8, 16, kernel_size=(3, 3), stride=(2, 2), padding=(1, 1))
  (Relu_20): ReLU(inplace=True)
  (Conv_21): Conv2d(16, 16, kernel_size=(3, 3), stride=(1, 1), padding=(1, 1))
  (Conv_22): Conv2d(8, 16, kernel_size=(1, 1), stride=(2, 2))
  (Add_23): Add()
  (Relu_24): ReLU(inplace=True)
  (Conv_25): Conv2d(16, 16, kernel_size=(3, 3), stride=(1, 1), padding=(1, 1))
  (Relu_26): ReLU(inplace=True)
  (Conv_27): Conv2d(16, 16, kernel_size=(3, 3), stride=(1, 1), padding=(1, 1))
  (Add_28): Add()
  (Relu_29): ReLU(inplace=True)
  (Flatten_30): Flatten()
  (Gemm_31): Linear(in_features=1024, out_features=100, bias=True)
  (Relu_32): ReLU(inplace=True)
  (Gemm_33): Linear(in_features=100, out_features=10, bias=True)
)
Model prediction is: tensor([[-2.23438787,  7.70322990, -0.90211803, -0.83948541, -2.48334789,
         -1.97481143, -0.55538791, -2.47979212,  0.32667470,  3.43936920]],
       device='cuda:0')
layer /34 using sparse-features alpha with shape [185]; unstable size 185; total size 2048 (torch.Size([1, 8, 16, 16]))
layer /34 start_node /input.4 using sparse-spec alpha with unstable size 132 total_size 1024 output_shape (16, 8, 8)
layer /34 start_node /39 using sparse-spec alpha with unstable size 133 total_size 1024 output_shape (16, 8, 8)
layer /34 start_node /input.12 using sparse-spec alpha with unstable size 136 total_size 1024 output_shape (16, 8, 8)
layer /34 start_node /44 using sparse-spec alpha with unstable size 274 total_size 1024 output_shape (16, 8, 8)
layer /34 start_node /input.16 using sparse-spec alpha with unstable size 39 total_size 100 output_shape torch.Size([100])
layer /34 start_node /49 using full alpha with unstable size None total_size 9 output_shape 9
layer /36 using sparse-features alpha with shape [132]; unstable size 132; total size 1024 (torch.Size([1, 16, 8, 8]))
layer /36 start_node /39 using sparse-spec alpha with unstable size 133 total_size 1024 output_shape (16, 8, 8)
layer /36 start_node /input.12 using sparse-spec alpha with unstable size 136 total_size 1024 output_shape (16, 8, 8)
layer /36 start_node /44 using sparse-spec alpha with unstable size 274 total_size 1024 output_shape (16, 8, 8)
layer /36 start_node /input.16 using sparse-spec alpha with unstable size 39 total_size 100 output_shape torch.Size([100])
layer /36 start_node /49 using full alpha with unstable size None total_size 9 output_shape 9
layer /input.8 using sparse-features alpha with shape [133]; unstable size 133; total size 1024 (torch.Size([1, 16, 8, 8]))
layer /input.8 start_node /input.12 using sparse-spec alpha with unstable size 136 total_size 1024 output_shape (16, 8, 8)
layer /input.8 start_node /44 using sparse-spec alpha with unstable size 274 total_size 1024 output_shape (16, 8, 8)
layer /input.8 start_node /input.16 using sparse-spec alpha with unstable size 39 total_size 100 output_shape torch.Size([100])
layer /input.8 start_node /49 using full alpha with unstable size None total_size 9 output_shape 9
layer /42 using sparse-features alpha with shape [136]; unstable size 136; total size 1024 (torch.Size([1, 16, 8, 8]))/home/zhouxingshi/onnx2pytorch/onnx2pytorch/convert/layer.py:30: UserWarning: The given NumPy array is not writable, and PyTorch does not support non-writable tensors. This means writing to this tensor will result in undefined behavior. You may want to copy the array to protect its data or make it writable before converting it to a tensor. This type of warning will be suppressed for the rest of this program. (Triggered internally at  /opt/conda/conda-bld/pytorch_1646755953518/work/torch/csrc/utils/tensor_numpy.cpp:178.)
  layer.weight.data = torch.from_numpy(numpy_helper.to_array(weight))
/home/zhouxingshi/onnx2pytorch/onnx2pytorch/convert/model.py:154: UserWarning: Using experimental implementation that allows 'batch_size > 1'.Batchnorm layers could potentially produce false outputs.
  "Using experimental implementation that allows 'batch_size > 1'."
/home/zhouxingshi/gputest/CROWN-GENERAL/complete_verifier/abcrown.py:95: UserWarning: Creating a tensor from a list of numpy.ndarrays is extremely slow. Please consider converting the list to a single numpy.ndarray with numpy.array() before converting to a tensor. (Triggered internally at  /opt/conda/conda-bld/pytorch_1646755953518/work/torch/csrc/utils/tensor_new.cpp:210.)
  arguments.Config["bab"]["decision_thresh"] = torch.tensor([item[1] for item in vnnlib[1]]).to(data)
/home/zhouxingshi/onnx2pytorch/onnx2pytorch/utils.py:21: TracerWarning: Converting a tensor to a Python boolean might cause the trace to be incorrect. We can't record the data flow of Python values, so this value will be treated as a constant in the future. This means that the trace might not generalize to other inputs!
  return value.ndim == 0 or value.shape == torch.Size([1])
/home/zhouxingshi/onnx2pytorch/onnx2pytorch/operations/add.py:34: TracerWarning: Converting a tensor to a Python boolean might cause the trace to be incorrect. We can't record the data flow of Python values, so this value will be treated as a constant in the future. This means that the trace might not generalize to other inputs!
  elif all(x == 1 for x in input[0].shape):

layer /42 start_node /44 using sparse-spec alpha with unstable size 274 total_size 1024 output_shape (16, 8, 8)
layer /42 start_node /input.16 using sparse-spec alpha with unstable size 39 total_size 100 output_shape torch.Size([100])
layer /42 start_node /49 using full alpha with unstable size None total_size 9 output_shape 9
layer /45 using sparse-features alpha with shape [274]; unstable size 274; total size 1024 (torch.Size([1, 16, 8, 8]))
layer /45 start_node /input.16 using sparse-spec alpha with unstable size 39 total_size 100 output_shape torch.Size([100])
layer /45 start_node /49 using full alpha with unstable size None total_size 9 output_shape 9
layer /48 using sparse-features alpha with shape [39]; unstable size 39; total size 100 (torch.Size([1, 100]))
layer /48 start_node /49 using full alpha with unstable size None total_size 9 output_shape 9
Optimizable variables initialized.
initial CROWN bounds: tensor([[6.95298052, 5.54443264, 6.01867676, 7.32537031, 6.90945911, 5.56709909,
         7.35158539, 4.85958624, 2.50487375]], device='cuda:0') None
verified with init bound!
Result: safe-incomplete in 5.2284 seconds
############# Summary #############
Final verified acc: 100.0% [total 1 examples]
Total verification count: 1 , total verified safe: 1 , verified unsafe: 0 , timeout: 0
mean time [1] 5.228416204452515 max time 5.228416204452515
safe-incomplete (total 1): [0]
