/home/kx46@drexel.edu/anaconda3/envs/pyt18/lib/python3.7/site-packages/onnx/mapping.py:27: DeprecationWarning: `np.object` is a deprecated alias for the builtin `object`. To silence this warning, use `object` by itself. Doing this will not modify any behavior and is safe. 
Deprecated in NumPy 1.20; for more details and guidance: https://numpy.org/devdocs/release/1.20.0-notes.html#deprecations
  int(TensorProto.STRING): np.dtype(np.object)
/home/kx46@drexel.edu/anaconda3/envs/pyt18/lib/python3.7/site-packages/onnx2pytorch/convert/operations.py:110: UserWarning: The given NumPy array is not writeable, and PyTorch does not support non-writeable tensors. This means you can write to the underlying (supposedly non-writeable) NumPy array using the tensor. You may want to copy the array to protect its data or make it writeable before converting it to a tensor. This type of warning will be suppressed for the rest of this program. (Triggered internally at  /opt/conda/conda-bld/pytorch_1627336316785/work/torch/csrc/utils/tensor_numpy.cpp:143.)
  weight = torch.from_numpy(numpy_helper.to_array(params[0]))
/home/kx46@drexel.edu/workspace/CROWN-GENERAL/tests/gpu_tests/vnncomp/acasxu/../../../../complete_verifier/bab_verification_input_split.py:262: VisibleDeprecationWarning: Creating an ndarray from ragged nested sequences (which is a list-or-tuple of lists-or-tuples-or ndarrays with different lengths or shapes) is deprecated. If you meant to do this, you must specify 'dtype=object' when creating the ndarray.
  ret = np.array(ret)
/home/kx46@drexel.edu/workspace/CROWN-GENERAL/tests/gpu_tests/vnncomp/acasxu/../../../../complete_verifier/bab_verification_input_split.py:284: ResourceWarning: unclosed file <_io.TextIOWrapper name='../../../../../vnn-comp/vnncomp2021/benchmarks/acasxu/acasxu_instances.csv' mode='r' encoding='UTF-8'>
  main(args)
ResourceWarning: Enable tracemalloc to get the object allocation traceback
merge args:
start 143
end 144
share_slopes True
root_path ../../../../../vnn-comp/vnncomp2021/benchmarks/acasxu
csv_name acasxu_instances.csv
Experiments at Sat Nov  6 00:30:58 2021 on CCI-2CPKMH3
Namespace(batch_size=1000, branching_candidates=3, branching_method='sb', config='/home/kx46@drexel.edu/workspace/CROWN-GENERAL/tests/gpu_tests/vnncomp/acasxu/test7_unsafe.yaml', conv_mode='patches', csv_name='acasxu_instances.csv', dataset='ACASXU', deterministic=False, device='cuda', double_fp=False, end=144, increase_TO=False, iteration=10, load=None, lr_alpha=0.01, lr_init_alpha=0.1, max_subproblems_list=200000, model='cresnet5_16_avg_bn', norm=inf, onnx_path=None, results_file=None, root_path='../../../../../vnn-comp/vnncomp2021/benchmarks/acasxu', seed=100, share_slopes=True, single_prop=False, solve_slope=False, start=143, timeout=360, vnnlib_path=None)

 %%%%%%%%%%%%%%%%%%%%%%%%%%%%%%%%%%% idx: 0 %%%%%%%%%%%%%%%%%%%%%%%%%%%%%%%%%%%%%%%%
##### [143] True label: [0 0 0 0], Tested against: [1 2 3 4], onnx_path: ACASXU_run2a_1_9_batch_2000.onnx, vnnlib_path: prop_4.vnnlib ######
calculate grad on input: False
initial CROWN bounds: tensor([[-0.0023, -0.0023, -0.0034, -0.0032]], device='cuda:0') tensor([[-0.0013, -0.0012, -0.0022, -0.0020]], device='cuda:0')
tensor([[-0.0023, -0.0023, -0.0034, -0.0032]], device='cuda:0')
decision time: 0.057381629943847656
insert to domain / total batch time: 0.000132/0.068981
length of domains: 2
Current lb:-0.002112876158207655
2 neurons visited

adversarial example found! [-0.01994875 -0.01818963 -0.01814318 -0.01727954 -0.01725429]
Image 143 against [1 2 3 4] verify end, Time cost: 0.5154526233673096
[[143 -0.002112876158207655 2 0.5154526233673096 array([1, 2, 3, 4])]]
[['144' 'SAT']]
time mean: 0.5154526233673096, branches mean: 2.0, number of timeout: 1
final verified acc: 18500.0%[1]
Total verification count: 1 total verified: 185
mean time [total:1]: 0.5154526233673096
mean time [cnt:1]: 0.5154526233673096
Namespace(batch_size=1000, branching_candidates=3, branching_method='sb', config='/home/kx46@drexel.edu/workspace/CROWN-GENERAL/tests/gpu_tests/vnncomp/acasxu/test7_unsafe.yaml', conv_mode='patches', csv_name='acasxu_instances.csv', dataset='ACASXU', deterministic=False, device='cuda', double_fp=False, end=144, increase_TO=False, iteration=10, load=None, lr_alpha=0.01, lr_init_alpha=0.1, max_subproblems_list=200000, model='cresnet5_16_avg_bn', norm=inf, onnx_path=None, results_file=None, root_path='../../../../../vnn-comp/vnncomp2021/benchmarks/acasxu', seed=100, share_slopes=True, single_prop=False, solve_slope=False, start=143, timeout=115.48454737663269, vnnlib_path=None)
