/home/kx46@drexel.edu/anaconda3/envs/pyt18/lib/python3.7/site-packages/onnx/mapping.py:27: DeprecationWarning: `np.object` is a deprecated alias for the builtin `object`. To silence this warning, use `object` by itself. Doing this will not modify any behavior and is safe. 
Deprecated in NumPy 1.20; for more details and guidance: https://numpy.org/devdocs/release/1.20.0-notes.html#deprecations
  int(TensorProto.STRING): np.dtype(np.object)
/home/kx46@drexel.edu/anaconda3/envs/pyt18/lib/python3.7/site-packages/onnx2pytorch/convert/operations.py:110: UserWarning: The given NumPy array is not writeable, and PyTorch does not support non-writeable tensors. This means you can write to the underlying (supposedly non-writeable) NumPy array using the tensor. You may want to copy the array to protect its data or make it writeable before converting it to a tensor. This type of warning will be suppressed for the rest of this program. (Triggered internally at  /opt/conda/conda-bld/pytorch_1627336316785/work/torch/csrc/utils/tensor_numpy.cpp:143.)
  weight = torch.from_numpy(numpy_helper.to_array(params[0]))
/home/kx46@drexel.edu/workspace/CROWN-GENERAL/tests/gpu_tests/vnncomp/acasxu/../../../../complete_verifier/bab_verification_input_split.py:284: ResourceWarning: unclosed file <_io.TextIOWrapper name='../../../../../vnn-comp/vnncomp2021/benchmarks/acasxu/acasxu_instances.csv' mode='r' encoding='UTF-8'>
  main(args)
ResourceWarning: Enable tracemalloc to get the object allocation traceback
merge args:
start 26
end 27
share_slopes True
root_path ../../../../../vnn-comp/vnncomp2021/benchmarks/acasxu
csv_name acasxu_instances.csv
Experiments at Sat Nov  6 00:28:48 2021 on CCI-2CPKMH3
Namespace(batch_size=1000, branching_candidates=3, branching_method='sb', config='/home/kx46@drexel.edu/workspace/CROWN-GENERAL/tests/gpu_tests/vnncomp/acasxu/test1_safe.yaml', conv_mode='patches', csv_name='acasxu_instances.csv', dataset='ACASXU', deterministic=False, device='cuda', double_fp=False, end=27, increase_TO=False, iteration=10, load=None, lr_alpha=0.01, lr_init_alpha=0.1, max_subproblems_list=200000, model='cresnet5_16_avg_bn', norm=inf, onnx_path=None, results_file=None, root_path='../../../../../vnn-comp/vnncomp2021/benchmarks/acasxu', seed=100, share_slopes=True, single_prop=False, solve_slope=False, start=26, timeout=360, vnnlib_path=None)

 %%%%%%%%%%%%%%%%%%%%%%%%%%%%%%%%%%% idx: 0 %%%%%%%%%%%%%%%%%%%%%%%%%%%%%%%%%%%%%%%%
##### [26] True label: None, Tested against: 0, onnx_path: ACASXU_run2a_3_9_batch_2000.onnx, vnnlib_path: prop_1.vnnlib ######
calculate grad on input: False
initial CROWN bounds: tensor([[-15207.6787]], device='cuda:0') tensor([[10935.9932]], device='cuda:0')
tensor([[-15207.6787]], device='cuda:0')
decision time: 0.058793067932128906
insert to domain / total batch time: 0.000138/0.070642
length of domains: 2
Current lb:-8086.728515625
2 neurons visited

decision time: 0.059207916259765625
insert to domain / total batch time: 0.000192/0.071199
length of domains: 4
Current lb:-2916.688720703125
6 neurons visited

decision time: 0.05920577049255371
insert to domain / total batch time: 0.000478/0.071531
length of domains: 8
Current lb:-1658.0787353515625
14 neurons visited

decision time: 0.05995678901672363
insert to domain / total batch time: 0.001065/0.072919
length of domains: 16
Current lb:-1308.914794921875
30 neurons visited

decision time: 0.060984134674072266
insert to domain / total batch time: 0.002367/0.075469
length of domains: 28
Current lb:-697.6783447265625
62 neurons visited

decision time: 0.06264495849609375
insert to domain / total batch time: 0.003643/0.078708
length of domains: 40
Current lb:-443.7668762207031
118 neurons visited

decision time: 0.06359291076660156
insert to domain / total batch time: 0.005959/0.082237
length of domains: 62
Current lb:-213.6160888671875
198 neurons visited

decision time: 0.06545829772949219
insert to domain / total batch time: 0.004559/0.083005
length of domains: 39
Current lb:-87.10303497314453
322 neurons visited

decision time: 0.06337404251098633
insert to domain / total batch time: 0.003993/0.080003
length of domains: 42
Current lb:-52.77599334716797
400 neurons visited

decision time: 0.0634603500366211
insert to domain / total batch time: 0.004345/0.080526
length of domains: 43
Current lb:-48.12153625488281
484 neurons visited

decision time: 0.06378412246704102
insert to domain / total batch time: 0.003130/0.079592
length of domains: 30
Current lb:-33.42814254760742
570 neurons visited

decision time: 0.06221175193786621
insert to domain / total batch time: 0.002096/0.076785
length of domains: 21
Current lb:-17.540830612182617
630 neurons visited

decision time: 0.06131482124328613
insert to domain / total batch time: 0.001174/0.074687
length of domains: 11
Current lb:-16.230077743530273
672 neurons visited

decision time: 0.060201168060302734
insert to domain / total batch time: 0.000508/0.072780
length of domains: 5
Current lb:-10.175819396972656
694 neurons visited

decision time: 0.059426307678222656
insert to domain / total batch time: 0.000244/0.071515
length of domains: 2
Current lb:-6.092373371124268
704 neurons visited

decision time: 0.0590822696685791
insert to domain / total batch time: 0.000102/0.070952
length of domains: 0
No domains left, verification finished!
Image 26 against 0 verify end, Time cost: 2.9121897220611572
[[26, 999, 708, 2.9121897220611572, 0]]
[[ 26.         999.         708.           2.91218972   0.        ]]
[['27' 'UNSAT']]
time mean: 2.9121897220611572, branches mean: 708.0, number of timeout: 0
final verified acc: 18600.0%[1]
Total verification count: 1 total verified: 186
mean time [total:1]: 2.9121897220611572
mean time [cnt:1]: 2.9121897220611572
Namespace(batch_size=1000, branching_candidates=3, branching_method='sb', config='/home/kx46@drexel.edu/workspace/CROWN-GENERAL/tests/gpu_tests/vnncomp/acasxu/test1_safe.yaml', conv_mode='patches', csv_name='acasxu_instances.csv', dataset='ACASXU', deterministic=False, device='cuda', double_fp=False, end=27, increase_TO=False, iteration=10, load=None, lr_alpha=0.01, lr_init_alpha=0.1, max_subproblems_list=200000, model='cresnet5_16_avg_bn', norm=inf, onnx_path=None, results_file=None, root_path='../../../../../vnn-comp/vnncomp2021/benchmarks/acasxu', seed=100, share_slopes=True, single_prop=False, solve_slope=False, start=26, timeout=113.08781027793884, vnnlib_path=None)
