/home/zhouxingshi/gputest/CROWN-GENERAL_41a3/complete_verifier/utils.py:365: UserWarning: To copy construct from a tensor, it is recommended to use sourceTensor.clone().detach() or sourceTensor.clone().detach().requires_grad_(True), rather than torch.tensor(sourceTensor).
  eps_temp = torch.tensor(eps_temp / std).reshape(1, -1, 1, 1)
Experiments at Wed Apr 13 13:54:48 2022 on diablo.cs.ucla.edu
Sequential(
  (0): Conv2d(3, 16, kernel_size=(4, 4), stride=(2, 2))
  (1): ReLU()
  (2): Conv2d(16, 32, kernel_size=(4, 4), stride=(2, 2))
  (3): ReLU()
  (4): Flatten()
  (5): Linear(in_features=1152, out_features=100, bias=True)
  (6): ReLU()
  (7): Linear(in_features=100, out_features=10, bias=True)
)
############################
Sampled data loaded. Data already preprocessed!
Shape: torch.Size([1000, 3, 32, 32]) torch.Size([1000]) torch.Size([1000])
X range: tensor(2.7537) tensor(-2.4291) tensor(0.0238)
Note runnerup label is empty here!
############################
epsilon after preprocession: tensor([[[[0.0388]],

         [[0.0393]],

         [[0.0390]]]]), data_max = tensor([[[[2.5141]],

         [[2.5968]],

         [[2.7537]]]]), data_min = tensor([[[[-2.4291]],

         [[-2.4183]],

         [[-2.2214]]]])
Task length: 1
saving results to Verified_ret_[cifar_conv_small]_start=816_end=817_iter=20_b=2048_int-beta=False_timeout=120_branching=kfsb-min-3_lra-init=0.1_lra=0.01_lrb=0.05_PGD=before.npy

 %%%%%%%%%%%%%%%%%%%%%%%%%%%%%%%%%%% idx: 0 img ID: 816 %%%%%%%%%%%%%%%%%%%%%%%%%%%%%%%%%%%%%%%%
predicted label  9  correct label  9 logits tensor([-4.4560,  0.8333, -1.9997,  1.8334, -0.5348, -0.0605,  0.5062,  0.5131,
        -0.0481,  4.8714], device='cuda:0', grad_fn=<SelectBackward>)
False
##### PGD attack: True label: 9, Tested against: ['all'] ######
pgd prediction: tensor([-4.6755,  0.1513, -1.7529,  2.4513, -0.2415,  0.5158,  0.8425,  0.6654,
        -0.3602,  3.8954], device='cuda:0', grad_fn=<SqueezeBackward1>)
attack margin tensor([8.5709, 3.7441, 5.6483, 1.4441, 4.1369, 3.3796, 3.0529, 3.2300, 4.2556,
           inf], device='cuda:0', grad_fn=<RsubBackward1>)
untargeted pgd failed
Model prediction is: tensor([[-4.4560,  0.8333, -1.9997,  1.8334, -0.5348, -0.0605,  0.5062,  0.5131,
         -0.0481,  4.8714]], device='cuda:0', grad_fn=<AddBackward0>)
alpha-CROWN optimizable variables initialized.
initial CROWN bounds: tensor([[ 5.4843,  1.5181,  3.0075, -0.1296,  1.3471,  1.4130,  1.1255,  0.5416,
          1.8790]], device='cuda:0') None

all verified at 7th iter
best_l after optimization: -17.441020965576172 with beta sum per layer: []
optimal alpha/beta time: 2.606358289718628
initial alpha-CROWN bounds: tensor([[5.6208, 1.5923, 3.1452, 0.0099, 1.4943, 1.5567, 1.2419, 0.7728, 2.0072]],
       device='cuda:0', grad_fn=<AsStridedBackward>) None
verified with init bound!
incomplete verified success!
[[816.           0.           0.           1.06853867   0.
   -3.                  inf          inf]
 [816.           0.           0.           3.36868453   0.
   -1.                  inf          inf]]
final verified acc: 100.0%[1]
Total verification count: 1 total verified: 1
mean time [cnt:1] (excluding attack success): 3.3686845302581787
