Building native CUDA modules...
/home/zhouxingshi/conda/miniconda3/envs/alpha-beta-crown/lib/python3.7/site-packages/torch/utils/cpp_extension.py:3: DeprecationWarning: the imp module is deprecated in favour of importlib; see the module's documentation for alternative uses
  import imp
CUDA modules have been built.
Configurations:

general:
  device: cuda
  seed: 100
  conv_mode: patches
  deterministic: false
  double_fp: false
  loss_reduction_func: sum
  record_bounds: false
  mode: verified-acc
  complete_verifier: mip
  enable_incomplete_verification: true
  get_crown_verified_acc: false
  csv_name: mnistfc_instances.csv
  onnx_path: null
  vnnlib_path: null
  results_file: null
  root_path: ../../../../../vnncomp2021/benchmarks/mnistfc
model:
  path: null
  name: mnist_9_200
data:
  start: 7
  end: 8
  num_outputs: 10
  mean: 0.0
  std: 1.0
  pkl_path: null
  dataset: MNIST
  data_filter_path: null
specification:
  type: lp
  norm: .inf
  epsilon: null
solver:
  no_float64_last_iter: false
  no_amp: false
  early_stop_patience: 10
  alpha-crown:
    alpha: true
    lr_alpha: 0.1
    iteration: 100
    share_slopes: false
    no_joint_opt: false
    lr_decay: 0.98
  beta-crown:
    batch_size: 500
    min_batch_size_ratio: 0.1
    lr_alpha: 0.01
    lr_beta: 0.03
    lr_decay: 0.98
    optimizer: adam
    iteration: 20
    beta: true
    beta_warmup: true
  intermediate_refinement:
    enabled: false
    batch_size: 10
    opt_coeffs: false
    opt_bias: false
    lr: 0.05
    layers: [-1]
    max_domains: 1000
    solver_pkg: gurobi
  mip:
    parallel_solvers: 16
    solver_threads: 1
    refine_neuron_timeout: 15
    refine_neuron_time_percentage: 0.8
    early_stop: true
bab:
  max_domains: 200000
  decision_thresh: 0
  timeout: 360
  get_upper_bound: false
  dfs_percent: 0.0
  cut:
    enabled: false
    bab_cut: false
    lp_cut: false
    method: null
    lr_decay: 1
    iteration: 500
    lr_beta: 0.01
    number_cuts: 50
    add_implied_cuts: false
    add_input_cuts: false
    _tmp_cuts: null
    _eran_cuts: null
    skip_bab: false
    max_num: 1000000000
    incomplete: false
  branching:
    method: kfsb
    candidates: 5
    reduceop: max
    input_split:
      enable: false
      use_alpha_patience: 20
      attack_patience: 80
  attack:
    enabled: false
    beam_candidates: 8
    beam_depth: 7
    max_dive_fix_ratio: 0.8
    min_local_free_ratio: 0.2
    mip_timeout: 30.0
    mip_start_iteration: 5
    max_dive_domains: -1
    num_dive_constraints: 50
    dive_rate: 0.2
    adv_dive: false
    adv_pool_threshold: null
    refined_mip_attacker: false
    refined_batch_size: null
attack:
  pgd_order: skip
  enable_mip_attack: false
  pgd_steps: 100
  pgd_restarts: 30
  pgd_early_stop: true
  pgd_lr_decay: 0.99
  pgd_alpha: auto
debug:
  lp_test: null

Experiments at Mon May  2 22:05:12 2022 on ubuntu
saving results to vnn-comp_[mnistfc_instances]_start=7_end=8_iter=20_b=500_timeout=360_branching=kfsb-max-5_lra-init=0.1_lra=0.01_lrb=0.03_PGD=skip.npz
customized start/end sample from 7 to 8

 %%%%%%%%%%%%%%%%%%%%%%%%%%%%%%%%%%% idx: 0 %%%%%%%%%%%%%%%%%%%%%%%%%%%%%%%%%%%%%%%%
Unexpected input shape in onnx: (784, 1), given (1, 28, 28)
arguments.Config["general"]["complete_verifier"] change: mip -> mip
Model prediction is: tensor([[-2.7316e-03,  3.2250e-04, -2.7414e-04, -2.0001e-03, -2.2914e-03,
          7.2663e-03,  1.8848e-04,  2.0193e-03,  3.6198e-03,  1.0018e+00]],
       device='cuda:0')
alpha-CROWN optimizable variables initialized.
initial CROWN bounds: tensor([[-0.6973, -0.7171, -0.7618, -0.7587, -0.6243, -0.8752, -0.6734, -0.7809,
         -1.6473]], device='cuda:0') None
best_l after optimization: 5.679329872131348 with beta sum per layer: []
alpha/beta optimization time: 3.7665019035339355
initial alpha-CROWN bounds: tensor([[-0.4678, -0.5468, -0.5274, -0.4997, -0.5245, -0.5509, -0.4610, -0.6063,
         -1.4950]], device='cuda:0', grad_fn=<AsStridedBackward>)
worst class: tensor(-1.4950, device='cuda:0', grad_fn=<MinBackward1>)
Academic license - for non-commercial use only - expires 2022-10-30
Using license file /home/zhouxingshi/gurobi.lic
mip_multi_proc: 16, mip_threads: 1, total threads used: 16
build_mip_time: 4.459111928939819
finished building Gurobi MIP model, calling optimize function
lower bounds for all target labels: tensor([-0.4678, -0.5468, -0.5274, -0.4997, -0.5245, -0.5509, -0.4610, -0.6063,
        -1.4950,  0.0000], device='cuda:0')
Starting MIP solver for these labels: [0, 1, 2, 3, 4, 5, 6, 7, 8]
/home/zhouxingshi/conda/miniconda3/envs/alpha-beta-crown/lib/python3.7/site-packages/onnx2pytorch/convert/layer.py:25: UserWarning: The given NumPy array is not writeable, and PyTorch does not support non-writeable tensors. This means you can write to the underlying (supposedly non-writeable) NumPy array using the tensor. You may want to copy the array to protect its data or make it writeable before converting it to a tensor. This type of warning will be suppressed for the rest of this program. (Triggered internally at  /opt/conda/conda-bld/pytorch_1627336316785/work/torch/csrc/utils/tensor_numpy.cpp:143.)
  layer.weight.data = torch.from_numpy(numpy_helper.to_array(weight))
solving MIP for lay6_8, status:15, [-1.4950134754180908, inf]=>[-0.9919340916278322, -0.12964294586430847], time: 1.3056433200836182s
solving MIP for lay6_4, status:15, [-0.5245000123977661, inf]=>[0.008921720033528757, 1.0022899742771547], time: 1.8957440853118896s
solving MIP for lay6_3, status:15, [-0.4996512532234192, inf]=>[0.06799993187059895, 0.4822905031936589], time: 1.9667556285858154s
solving MIP for lay6_6, status:15, [-0.46097010374069214, inf]=>[0.03471501331436405, 0.5663582140032541], time: 1.971672534942627s
solving MIP for lay6_0, status:15, [-0.46778205037117004, inf]=>[0.023067990152336133, 0.5973225924647675], time: 2.0266058444976807s
solving MIP for lay6_7, status:15, [-0.6063292026519775, inf]=>[0.016311183672705447, 0.5783414880828892], time: 2.195866346359253s
solving MIP for lay6_1, status:15, [-0.5468015670776367, inf]=>[0.017514397621655665, 0.4031420728992344], time: 2.4082648754119873s
solving MIP for lay6_5, status:15, [-0.5508899688720703, inf]=>[0.04525098893724901, 0.48932830023710044], time: 2.513782262802124s
solving MIP for lay6_2, status:15, [-0.5273925065994263, inf]=>[0.0065528293835193105, 0.5710713726593277], time: 2.8016107082366943s
MIP solved lower bound: tensor([[ 0.0231,  0.0175,  0.0066,  0.0680,  0.0089,  0.0453,  0.0347,  0.0163,
         -0.9919,  0.0000]], device='cuda:0')
MIP solved upper bound: tensor([[ 0.5973,  0.4031,  0.5711,  0.4823,  1.0023,  0.4893,  0.5664,  0.5783,
         -0.1296,  0.0000]], device='cuda:0')
verified unsafe-mip with init mip!
time threshold left for bab: 111.95892286300659
Result: unsafe-mip in 15.5200 seconds


[]
############# Summary #############
Final verified acc: 0.0% [total 1 examples]
Total verification count: 1 , total verified safe: 0 , verified unsafe: 1 , timeout: 0
max time 15.519985914230347
unsafe-mip (total 1): [0]
