Building native CUDA modules...
/home/zhouxingshi/miniconda3/envs/alpha-beta-crown/lib/python3.7/site-packages/torch/utils/cpp_extension.py:3: DeprecationWarning: the imp module is deprecated in favour of importlib; see the module's documentation for alternative uses
  import imp
CUDA modules have been built.
Configurations:

general:
  device: cuda
  seed: 100
  conv_mode: patches
  deterministic: false
  double_fp: false
  loss_reduction_func: sum
  record_bounds: false
  mode: verified-acc
  complete_verifier: bab
  enable_incomplete_verification: true
  get_crown_verified_acc: false
model:
  path: mnist_cnn_a_adv.model
  name: mnist_cnn_4layer
data:
  start: 91
  end: 92
  num_outputs: 10
  mean: 0.0
  std: 1.0
  pkl_path: null
  dataset: MNIST_SDP
  data_filter_path: null
  data_idx_file: null
specification:
  type: lp
  norm: .inf
  epsilon: 0.3
solver:
  no_float64_last_iter: false
  no_amp: false
  early_stop_patience: 10
  alpha-crown:
    alpha: true
    lr_alpha: 0.1
    iteration: 100
    share_slopes: false
    no_joint_opt: false
    lr_decay: 0.98
  beta-crown:
    batch_size: 1024
    min_batch_size_ratio: 0.1
    lr_alpha: 0.01
    lr_beta: 0.05
    lr_decay: 0.98
    optimizer: adam
    iteration: 20
    beta: true
    beta_warmup: true
  intermediate_refinement:
    enabled: false
    batch_size: 10
    opt_coeffs: false
    opt_bias: false
    lr: 0.05
    layers: [-1]
    max_domains: 1000
    solver_pkg: gurobi
  mip:
    parallel_solvers: null
    solver_threads: 1
    refine_neuron_timeout: 15
    refine_neuron_time_percentage: 0.8
    early_stop: true
bab:
  max_domains: 200000
  decision_thresh: 0
  timeout: 180
  get_upper_bound: false
  dfs_percent: 0.0
  cut:
    enabled: false
    bab_cut: false
    lp_cut: false
    method: null
    lr_decay: 1
    iteration: 500
    lr_beta: 0.01
    number_cuts: 50
    add_implied_cuts: false
    add_input_cuts: false
    _tmp_cuts: null
    _eran_cuts: null
    skip_bab: false
    max_num: 1000000000
    incomplete: false
  branching:
    method: kfsb
    candidates: 3
    reduceop: max
    input_split:
      enable: false
      use_alpha_patience: 20
      attack_patience: 80
  attack:
    enabled: false
    beam_candidates: 8
    beam_depth: 7
    max_dive_fix_ratio: 0.8
    min_local_free_ratio: 0.2
    mip_timeout: 30.0
    mip_start_iteration: 5
    max_dive_domains: -1
    num_dive_constraints: 50
    dive_rate: 0.2
    adv_dive: false
    adv_pool_threshold: null
    refined_mip_attacker: false
    refined_batch_size: null
attack:
  pgd_order: before
  use_auto_attack: false
  use_diversed_pgd: false
  enable_mip_attack: false
  pgd_steps: 100
  pgd_restarts: 50
  pgd_early_stop: true
  pgd_lr_decay: 0.99
  pgd_alpha: auto
debug:
  lp_test: null

Experiments at Tue May  3 01:02:51 2022 on diablo.cs.ucla.edu
Sequential(
  (0): Conv2d(1, 16, kernel_size=(4, 4), stride=(2, 2), padding=(1, 1))
  (1): ReLU()
  (2): Conv2d(16, 32, kernel_size=(4, 4), stride=(2, 2), padding=(1, 1))
  (3): ReLU()
  (4): Flatten(start_dim=1, end_dim=-1)
  (5): Linear(in_features=1568, out_features=100, bias=True)
  (6): ReLU()
  (7): Linear(in_features=100, out_features=10, bias=True)
)
############################
Shape: torch.Size([200, 1, 28, 28]) torch.Size([200]) torch.Size([200])
X range: tensor(1.) tensor(0.) tensor(0.1340)
############################
epsilon after preprocessing: 0.30000001192092896, data_max = tensor([[[[1.]]]]), data_min = tensor([[[[0.]]]])
Task length: 1
saving results to Verified_ret_[mnist_cnn_4layer]_start=91_end=92_iter=20_b=1024_timeout=180_branching=kfsb-max-3_lra-init=0.1_lra=0.01_lrb=0.05_PGD=before.npy

 %%%%%%%%%%%%%%%%%%%%%%%%%%%%%%%%%%% idx: 0 img ID: 91 %%%%%%%%%%%%%%%%%%%%%%%%%%%%%%%%%%%%%%%%
predicted label 0, correct label 0, image norm 139.53335571289062, logits tensor([  5.4760, -12.0070,  -2.2523,  -4.8010,  -4.7063,  -6.6930,  -3.2329,
         -6.8208,  -3.5108,  -4.3142], device='cuda:0',
       grad_fn=<SelectBackward>)
##### PGD attack: True label: 0, Tested against: ['all'] ######
pgd prediction: tensor([  3.7912, -10.3730,  -0.5675,  -3.4112,  -3.5502,  -6.5832,  -3.5378,
         -5.8723,  -2.9193,  -3.4716], device='cuda:0',
       grad_fn=<SqueezeBackward1>)
attack margin tensor([    inf, 14.1642,  4.3587,  7.2025,  7.3415, 10.3744,  7.3290,  9.6636,
         6.7105,  7.2629], device='cuda:0', grad_fn=<RsubBackward1>)
untargeted pgd failed
Model prediction is: tensor([[  5.4760, -12.0070,  -2.2523,  -4.8010,  -4.7063,  -6.6930,  -3.2329,
          -6.8208,  -3.5108,  -4.3142]], device='cuda:0')
alpha-CROWN optimizable variables initialized.
initial CROWN bounds: tensor([[ 2.0733, -3.1836, -1.1355, -2.8873, -0.9638, -1.9167, -2.9989, -2.0553,
         -1.9392]], device='cuda:0') None

all verified at 24th iter
best_l after optimization: -13.551738739013672 with beta sum per layer: []
alpha/beta optimization time: 3.6770644187927246
initial alpha-CROWN bounds: tensor([[5.6484e+00, 3.6612e-03, 1.9265e+00, 3.3540e-01, 2.1292e+00, 6.1019e-01,
         7.2375e-01, 9.4668e-01, 1.2280e+00]], device='cuda:0',
       grad_fn=<AsStridedBackward>)
worst class: tensor(0.0037, device='cuda:0', grad_fn=<MinBackward1>)
verified with init bound!
Result: image 91 verification success (with incomplete verifier)!
Wall time: 6.114853143692017

number of correctly classified examples: 1
incorrectly classified idx (total 0): []
attack success idx (total 0): []
verification success idx (total 1): [91]
verification failure idx (total 0): []
final verified acc: 100.0%[1]
verifier is called on 1 examples.
total verified: 1
mean time [cnt:1] (excluding attack success): 5.29545259475708
