/home/huan/miniconda3/envs/py37dup/lib/python3.7/site-packages/onnx2pytorch/convert/layer.py:25: UserWarning: The given NumPy array is not writeable, and PyTorch does not support non-writeable tensors. This means you can write to the underlying (supposedly non-writeable) NumPy array using the tensor. You may want to copy the array to protect its data or make it writeable before converting it to a tensor. This type of warning will be suppressed for the rest of this program. (Triggered internally at  /opt/conda/conda-bld/pytorch_1627336316785/work/torch/csrc/utils/tensor_numpy.cpp:143.)
  layer.weight.data = torch.from_numpy(numpy_helper.to_array(weight))
Experiments at Fri Nov  5 01:38:59 2021 on huan-Naples-server
Namespace(batch_size=200, beta_warmup=True, branching_candidates=10, branching_method='kfsb', branching_reduceop='max', complete_verifier='bab', conv_mode='patches', csv_name='cifar2020_instances.csv', data='CIFAR', decision_thresh=0, deterministic=False, device='cuda', double_fp=False, end=89, incomplete=True, increase_TO=False, init_iteration=100, intermediate_refinement_layers=[-1], iteration=50, load='../../../vnncomp2021/benchmarks/cifar2020', loss_reduction_func='sum', lr_alpha=0.01, lr_beta=0.01, lr_decay=0.98, lr_init_alpha=0.1, lr_intermediate_beta=0.05, max_refinement_domains=1000, max_subproblems_list=200000, mip_multi_proc=None, mip_perneuron_refine_timeout=15, mip_refine_timeout=0.8, mip_threads=1, model='cresnet5_16_avg_bn', no_beta=False, no_joint_opt=False, no_warm=False, norm=inf, onnx_path=None, opt_bias=False, opt_coeffs=False, opt_intermediate_beta=False, optimizer='adam', pgd_order='after', record_lb=False, refinement_batch_size=-1, results_file=None, seed=100, share_slopes=False, solve_slope=True, start=88, timeout=360, vnnlib_path=None)
saving results to vnn-comp_[cifar2020_instances]_start=88_end=89_iter=50_b=200_int-beta=False_timeout=360_branching=kfsb-max-10_lra-init=0.1_lra=0.01_lrb=0.01_PGD=after.npz
customized start/end sample from 88 to 89

 %%%%%%%%%%%%%%%%%%%%%%%%%%%%%%%%%%% idx: 0 %%%%%%%%%%%%%%%%%%%%%%%%%%%%%%%%%%%%%%%%
Model prediction is: tensor([[ 0.2143,  1.8228, -0.9533, -0.5661, -0.8441, -1.2326, -1.7310, -0.1352,
          1.3480,  2.7702]], device='cuda:0', grad_fn=<AddBackward0>)
alpha-CROWN optimizable variables initialized.

all verified at 15th iter
best_l after optimization: -13.648918151855469 with beta sum per layer: []
optimal alpha/beta time: 3.2128469944000244
initial alpha-CROWN bounds: tensor([[1.2559e+00, 6.0454e-05, 2.3079e+00, 1.9558e+00, 2.1818e+00, 2.4368e+00,
         2.6170e+00, 8.0034e-01, 9.3254e-02]], device='cuda:0',
       grad_fn=<AsStridedBackward>) None
verified with init bound!
Result: safe-incomplete in 5.8881 seconds


[]
############# Summary #############
Final verified acc: 100.0% [total 1 examples]
Total verification count: 1 , total verified safe: 1 , verified unsafe: 0 , timeout: 0
max time 5.888114929199219
safe-incomplete (total 1): [0]
