Configurations:

general:
  device: cuda
  seed: 100
  conv_mode: patches
  deterministic: false
  double_fp: false
  loss_reduction_func: sum
  record_bounds: false
  sparse_alpha: true
  save_adv_example: false
  precompile_jit: false
  complete_verifier: bab
  enable_incomplete_verification: true
  get_crown_verified_acc: false
  csv_name: null
  results_file: out.txt
  root_path: ''
model:
  name: cnn_4layer_b
  path: cifar_cnn_b_adv.model
  onnx_path: null
  onnx_path_prefix: ''
  cache_onnx_conversion: false
  onnx_quirks: null
  input_shape: null
  onnx_loader: default_onnx_and_vnnlib_loader
  onnx_optimization_flags: none
data:
  start: 6
  end: 7
  select_instance: null
  num_outputs: 10
  mean: 0.0
  std: 1.0
  pkl_path: null
  dataset: CIFAR_SDP
  data_filter_path: null
  data_idx_file: null
specification:
  type: lp
  robustness_type: verified-acc
  norm: .inf
  epsilon: 0.00784313725
  vnnlib_path: null
  vnnlib_path_prefix: ''
solver:
  batch_size: 256
  min_batch_size_ratio: 0.1
  use_float64_in_last_iteration: false
  early_stop_patience: 10
  start_save_best: 0.5
  bound_prop_method: alpha-crown
  prune_after_crown: false
  crown:
    batch_size: 1000000000
    max_crown_size: 1000000000
  alpha-crown:
    alpha: true
    lr_alpha: 0.1
    iteration: 100
    share_slopes: false
    no_joint_opt: false
    lr_decay: 0.98
    full_conv_alpha: true
  beta-crown:
    lr_alpha: 0.01
    lr_beta: 0.05
    lr_decay: 0.98
    optimizer: adam
    iteration: 20
    beta: true
    beta_warmup: true
    enable_opt_interm_bounds: false
    all_node_split_LP: false
  forward:
    refine: false
    dynamic: false
    max_dim: 10000
  multi_class:
    multi_class_method: allclass_domain
    label_batch_size: 32
    skip_with_refined_bound: true
  mip:
    parallel_solvers: null
    solver_threads: 1
    refine_neuron_timeout: 15
    refine_neuron_time_percentage: 0.8
    early_stop: true
    adv_warmup: true
    mip_solver: gurobi
bab:
  initial_max_domains: 1
  max_domains: .inf
  decision_thresh: 0
  timeout: 90
  timeout_scale: 1
  override_timeout: null
  get_upper_bound: false
  dfs_percent: 0.0
  pruning_in_iteration: true
  pruning_in_iteration_ratio: 0.2
  sort_targets: false
  batched_domain_list: true
  optimized_intermediate_layers: ''
  interm_transfer: true
  cut:
    enabled: false
    bab_cut: false
    lp_cut: false
    method: null
    lr: 0.01
    lr_decay: 1.0
    iteration: 100
    bab_iteration: -1
    early_stop_patience: -1
    lr_beta: 0.02
    number_cuts: 50
    topk_cuts_in_filter: 100
    batch_size_primal: 100
    _tmp_cuts: null
    max_num: 1000000000
    fixed_cuts: false
    patches_cut: false
    cplex_cuts: false
    cplex_cuts_wait: 0
    cplex_cuts_revpickup: true
    cut_reference_bounds: true
    fix_intermediate_bounds: false
  branching:
    method: kfsb
    candidates: 3
    reduceop: min
    sb_coeff_thresh: 0.001
    input_split:
      enable: false
      enhanced_bound_prop_method: alpha-crown
      enhanced_branching_method: naive
      enhanced_bound_patience: 100000000.0
      attack_patience: 100000000.0
      adv_check: 0
      sort_domain_interval: -1
  attack:
    enabled: false
    beam_candidates: 8
    beam_depth: 7
    max_dive_fix_ratio: 0.8
    min_local_free_ratio: 0.2
    mip_start_iteration: 5
    mip_timeout: 30.0
    adv_pool_threshold: null
    refined_mip_attacker: false
    refined_batch_size: null
attack:
  pgd_order: before
  pgd_steps: 100
  pgd_restarts: 50
  pgd_early_stop: true
  pgd_lr_decay: 0.99
  pgd_alpha: auto
  pgd_loss_mode: null
  enable_mip_attack: false
  cex_path: ./test_cex.txt
  attack_mode: PGD
  gama_lambda: 10.0
  gama_decay: 0.9
  check_clean: false
  input_split:
    pgd_steps: 100
    pgd_restarts: 30
    pgd_alpha: auto
  input_split_enhanced:
    pgd_steps: 200
    pgd_restarts: 5000000
    pgd_alpha: auto
  input_split_check_adv:
    pgd_steps: 5
    pgd_restarts: 5
    pgd_alpha: auto
debug:
  lp_test: null

Experiments at Wed Sep 14 15:06:59 2022 on diablo.cs.ucla.edu
Sequential(
  (0): ZeroPad2d((1, 2, 1, 2))
  (1): Conv2d(3, 32, kernel_size=(5, 5), stride=(2, 2))
  (2): ReLU()
  (3): Conv2d(32, 128, kernel_size=(4, 4), stride=(2, 2), padding=(1, 1))
  (4): ReLU()
  (5): Flatten()
  (6): Linear(in_features=8192, out_features=250, bias=True)
  (7): ReLU()
  (8): Linear(in_features=250, out_features=10, bias=True)
)
############################
Sampled data loaded. Data already preprocessed!
Shape: torch.Size([200, 3, 32, 32]) torch.Size([200]) torch.Size([200])
X range: tensor(2.12560368) tensor(-1.98888886) tensor(-0.01308715)
############################
Internal results will be saved to Verified_ret_[cnn_4layer_b]_start=6_end=7_iter=20_b=256_timeout=90_branching=kfsb-min-3_lra-init=0.1_lra=0.01_lrb=0.05_PGD=before_cplex_cuts=False_multiclass=allclass_domain.npy.

 %%%%%%%%%%%%%%%%%%%%%%%%%%%%%%%%%%% idx: 0, vnnlib ID: 6 %%%%%%%%%%%%%%%%%%%%%%%%%%%%%%%%%%%%%%%%
Attack parameters: initialization=uniform, steps=100, restarts=50, alpha=0.008051544427871704, initialization=uniform, GAMA=False
Model output of first 5 examples:
 tensor([[-110.02638245, -113.10056305, -117.19497681, -117.84760284,
         -117.69448090, -119.65793610, -119.75878906, -118.98503876,
         -114.49429321, -116.40372467]], device='cuda:0')
Adv example prediction (first 2 examples and 2 restarts):
 tensor([[[-110.76696014, -112.19245911, -117.47585297, -117.59148407,
          -117.74564362, -119.35880280, -119.64797211, -118.94258881,
          -114.24633789, -115.67421722],
         [-110.76696014, -112.19245911, -117.47585297, -117.59148407,
          -117.74564362, -119.35880280, -119.64797211, -118.94258881,
          -114.24633789, -115.67421722]]], device='cuda:0')
PGD attack margin (first 2 examles and 10 specs):
 tensor([[[1.42549896, 6.70889282, 6.82452393, 6.97868347, 8.59184265,
          8.88101196, 8.17562866, 3.47937775, 4.90725708]]], device='cuda:0')
number of violation:  0
Attack finished in 2.0366 seconds.
PGD attack failed
Model prediction is: tensor([[-110.02638245, -113.10056305, -117.19497681, -117.84760284,
         -117.69448090, -119.65793610, -119.75878906, -118.98503876,
         -114.49429321, -116.40372467]], device='cuda:0')
layer /input.7 using sparse-features alpha with shape [1305]; unstable size 1305; total size 8192 (torch.Size([1, 32, 16, 16]))
layer /input.7 start_node /input.11 using sparse-spec alpha with unstable size 93 total_size 128 output_shape 128
layer /input.7 start_node /input.15 using sparse-spec alpha with unstable size 62 total_size 250 output_shape torch.Size([250])
layer /input.7 start_node /48 using full alpha with unstable size None total_size 9 output_shape 9
layer /37 using sparse-features alpha with shape [787]; unstable size 787; total size 8192 (torch.Size([1, 128, 8, 8]))
layer /37 start_node /input.15 using sparse-spec alpha with unstable size 62 total_size 250 output_shape torch.Size([250])
layer /37 start_node /48 using full alpha with unstable size None total_size 9 output_shape 9
layer /47 using sparse-features alpha with shape [62]; unstable size 62; total size 250 (torch.Size([1, 250]))
layer /47 start_node /48 using full alpha with unstable size None total_size 9 output_shape 9
Optimizable variables initialized.
initial CROWN bounds: tensor([[-3.37882471,  1.88835812,  2.21217465,  2.50162601,  3.31968832,
          3.93583012,  2.33176899, -0.77680397,  0.47076046]], device='cuda:0') None
best_l after optimization: 15.44862174987793 with beta sum per layer: []
alpha/beta optimization time: 5.925371408462524
initial alpha-CROWN bounds: tensor([[-2.93084073,  2.18051767,  2.51157093,  2.76767492,  3.64283633,
          4.25178432,  2.70393705, -0.50170660,  0.82284701]], device='cuda:0')
Worst class: (+ rhs) -2.9308407306671143
Total VNNLIB file length: 9, max property batch size: 1, total number of batches: 9
lA shape: [torch.Size([1, 9, 32, 16, 16]), torch.Size([1, 9, 128, 8, 8]), torch.Size([1, 9, 250])]

Properties batch 0, size 1
Remaining timeout: 79.23455476760864
##### Instance 0 first 10 spec matrices: [[[ 1. -1.  0.  0.  0.  0.  0.  0.  0.  0.]]]
thresholds: [0] ######
Remaining spec index [0] with bounds tensor([[-2.93084073]], device='cuda:0') need to verify.
Model prediction is: tensor([-110.02638245, -113.10056305, -117.19497681, -117.84760284,
        -117.69448090, -119.65793610, -119.75878906, -118.98503876,
        -114.49429321, -116.40372467], device='cuda:0')
build_the_model_with_refined_bounds batch [0/1]
setting alpha for layer /input.7 start_node /48 with alignment adjustment
setting alpha for layer /37 start_node /48 with alignment adjustment
setting alpha for layer /47 start_node /48 with alignment adjustment
all slope initialized
directly get lb and ub from refined bounds
lA shapes: [torch.Size([1, 1, 32, 16, 16]), torch.Size([1, 1, 128, 8, 8]), torch.Size([1, 1, 250])]
c shape: torch.Size([1, 1, 10])
alpha-CROWN with fixed intermediate bounds: tensor([[-2.93084073]], device='cuda:0') tensor([[inf]], device='cuda:0')
Keeping slopes for these layers: ['/48']
Keeping slopes for these layers: ['/48']
layer 0 size torch.Size([8192]) unstable 1305
layer 1 size torch.Size([8192]) unstable 775
layer 2 size torch.Size([250]) unstable 59
-----------------
# of unstable neurons: 2139
-----------------

batch:  torch.Size([1, 32, 16, 16]) pre split depth:  4
batch:  torch.Size([1, 32, 16, 16]) post split depth:  4
splitting decisions: 
split level 0: [2, 74] 
split level 1: [2, 71] 
split level 2: [2, 131] 
split level 3: [2, 128] 
(16, 3, 32, 32) torch.Size([16, 1, 10]) torch.Size([16, 1])
pruning_in_iteration open status: False
ratio of positive domain = 1 / 16 = 0.0625
pruning-in-iteration extra time: 0.00011730194091796875
Tensors transferred: pre=0.5076M lA=0.2538M alpha=0.0657M beta=0.0001M
This batch time : update_bounds func: 0.6053	 prepare: 0.0026	 bound: 0.6008	 transfer: 0.0014	 finalize: 0.0005
Accumulated time: update_bounds func: 0.6053	 prepare: 0.0026	 bound: 0.6008	 transfer: 0.0014	 finalize: 0.0005
batch bounding time:  0.6053066253662109
Current worst splitting domains lb-rhs (depth):
-1.44786 (4), -1.29101 (4), -1.18626 (4), -1.09915 (4), -0.96917 (4), -0.92723 (4), -0.80337 (4), -0.67948 (4), -0.66260 (4), -0.66247 (4), -0.65870 (4), -0.20180 (4), -0.18515 (4), -0.16519 (4), -0.12187 (4), 
length of domains: 15
Total time: 1.0007	 pickout: 0.0011	 decision: 0.3882	 get_bound: 0.6075	 add_domain: 0.0038
Accumulated time:	 pickout: 0.0011	 decision: 0.3882	 get_bound: 0.6075	 add_domain: 0.0038
Current (lb-rhs): -1.4478574991226196
1 domains visited
Cumulative time: 1.1343286037445068

batch:  torch.Size([15, 32, 16, 16]) pre split depth:  1
batch:  torch.Size([15, 32, 16, 16]) post split depth:  1
splitting decisions: 
split level 0: [2, 1] [2, 1] [2, 1] [2, 1] [2, 1] [2, 1] [2, 1] [2, 1] [2, 1] [2, 1] 
(30, 3, 32, 32) torch.Size([30, 1, 10]) torch.Size([30, 1])
pruning_in_iteration open status: True
ratio of positive domain = 14 / 30 = 0.4666666666666667
pruning-in-iteration extra time: 0.01242828369140625
Tensors transferred: pre=0.9518M lA=0.2538M alpha=0.1233M beta=0.0001M
This batch time : update_bounds func: 0.2922	 prepare: 0.0035	 bound: 0.2858	 transfer: 0.0020	 finalize: 0.0008
Accumulated time: update_bounds func: 0.8975	 prepare: 0.0061	 bound: 0.8866	 transfer: 0.0034	 finalize: 0.0013
batch bounding time:  0.292278528213501
Current worst splitting domains lb-rhs (depth):
-1.17402 (5), -1.01373 (5), -0.91799 (5), -0.82927 (5), -0.70929 (5), -0.70408 (5), -0.65207 (5), -0.52680 (5), -0.50942 (5), -0.43415 (5), -0.41590 (5), -0.39368 (5), -0.38946 (5), -0.38223 (5), -0.31296 (5), -0.11770 (5), 
length of domains: 16
Total time: 0.3261	 pickout: 0.0011	 decision: 0.0290	 get_bound: 0.2923	 add_domain: 0.0037
Accumulated time:	 pickout: 0.0022	 decision: 0.4173	 get_bound: 0.8998	 add_domain: 0.0074
Current (lb-rhs): -1.1740154027938843
15 domains visited
Cumulative time: 1.4607689380645752

batch:  torch.Size([16, 32, 16, 16]) pre split depth:  1
batch:  torch.Size([16, 32, 16, 16]) post split depth:  1
splitting decisions: 
split level 0: [2, 54] [2, 54] [2, 54] [2, 54] [2, 54] [2, 54] [2, 54] [2, 54] [2, 54] [2, 54] 
(32, 3, 32, 32) torch.Size([32, 1, 10]) torch.Size([32, 1])
pruning_in_iteration open status: True
ratio of positive domain = 16 / 32 = 0.5
pruning-in-iteration extra time: 0.012217998504638672
Tensors transferred: pre=1.0153M lA=0.2538M alpha=0.1315M beta=0.0002M
This batch time : update_bounds func: 0.2860	 prepare: 0.0037	 bound: 0.2793	 transfer: 0.0021	 finalize: 0.0008
Accumulated time: update_bounds func: 1.1834	 prepare: 0.0098	 bound: 1.1658	 transfer: 0.0054	 finalize: 0.0021
batch bounding time:  0.28600621223449707
Current worst splitting domains lb-rhs (depth):
-1.00198 (6), -0.83199 (6), -0.72817 (6), -0.63839 (6), -0.52322 (6), -0.51760 (6), -0.45737 (6), -0.33049 (6), -0.32024 (6), -0.24232 (6), -0.22121 (6), -0.18525 (6), -0.18113 (6), -0.16672 (6), -0.11903 (6), -0.01245 (6), 
length of domains: 16
Total time: 0.3180	 pickout: 0.0011	 decision: 0.0276	 get_bound: 0.2860	 add_domain: 0.0033
Accumulated time:	 pickout: 0.0033	 decision: 0.4449	 get_bound: 1.1859	 add_domain: 0.0107
Current (lb-rhs): -1.0019792318344116
31 domains visited
Cumulative time: 1.7790799140930176

batch:  torch.Size([16, 32, 16, 16]) pre split depth:  1
batch:  torch.Size([16, 32, 16, 16]) post split depth:  1
splitting decisions: 
split level 0: [2, 75] [2, 75] [2, 75] [2, 75] [2, 75] [2, 75] [2, 75] [2, 75] [2, 75] [2, 75] 
(32, 3, 32, 32) torch.Size([32, 1, 10]) torch.Size([32, 1])
pruning_in_iteration open status: True
ratio of positive domain = 11 / 32 = 0.34375
pruning-in-iteration extra time: 0.012026548385620117
Tensors transferred: pre=1.0153M lA=0.3331M alpha=0.1315M beta=0.0002M
This batch time : update_bounds func: 0.2896	 prepare: 0.0037	 bound: 0.2828	 transfer: 0.0021	 finalize: 0.0008
Accumulated time: update_bounds func: 1.4730	 prepare: 0.0135	 bound: 1.4487	 transfer: 0.0075	 finalize: 0.0030
batch bounding time:  0.2896096706390381
Current worst splitting domains lb-rhs (depth):
-0.84893 (7), -0.67545 (7), -0.63173 (7), -0.58293 (7), -0.48376 (7), -0.43991 (7), -0.36339 (7), -0.35656 (7), -0.31973 (7), -0.30381 (7), -0.25602 (7), -0.17364 (7), -0.16682 (7), -0.15073 (7), -0.09179 (7), -0.07747 (7), -0.05731 (7), -0.02828 (7), -0.02339 (7), -0.01859 (7), 
length of domains: 21
Total time: 0.3221	 pickout: 0.0011	 decision: 0.0273	 get_bound: 0.2897	 add_domain: 0.0041
Accumulated time:	 pickout: 0.0043	 decision: 0.4722	 get_bound: 1.4755	 add_domain: 0.0148
Current (lb-rhs): -0.8489276170730591
42 domains visited
Cumulative time: 2.101503849029541

batch:  torch.Size([21, 32, 16, 16]) pre split depth:  1
batch:  torch.Size([21, 32, 16, 16]) post split depth:  1
splitting decisions: 
split level 0: [2, 193] [2, 193] [2, 193] [2, 193] [2, 193] [2, 193] [2, 193] [2, 193] [2, 193] [2, 193] 
(42, 3, 32, 32) torch.Size([42, 1, 10]) torch.Size([42, 1])
pruning_in_iteration open status: True
ratio of positive domain = 18 / 42 = 0.4285714285714286
pruning-in-iteration extra time: 0.011993169784545898
Tensors transferred: pre=1.3325M lA=0.3807M alpha=0.1726M beta=0.0003M
This batch time : update_bounds func: 0.2899	 prepare: 0.0044	 bound: 0.2820	 transfer: 0.0023	 finalize: 0.0011
Accumulated time: update_bounds func: 1.7629	 prepare: 0.0179	 bound: 1.7307	 transfer: 0.0098	 finalize: 0.0040
batch bounding time:  0.28992676734924316
Current worst splitting domains lb-rhs (depth):
-0.73944 (8), -0.57981 (8), -0.56670 (8), -0.52600 (8), -0.47823 (8), -0.39511 (8), -0.37249 (8), -0.33795 (8), -0.33292 (8), -0.28954 (8), -0.25463 (8), -0.24502 (8), -0.21997 (8), -0.21946 (8), -0.19619 (8), -0.14613 (8), -0.13439 (8), -0.10818 (8), -0.06562 (8), -0.06086 (8), 
length of domains: 24
Total time: 0.3249	 pickout: 0.0012	 decision: 0.0295	 get_bound: 0.2900	 add_domain: 0.0043
Accumulated time:	 pickout: 0.0055	 decision: 0.5017	 get_bound: 1.7655	 add_domain: 0.0191
Current (lb-rhs): -0.7394387125968933
60 domains visited
Cumulative time: 2.426792860031128

batch:  torch.Size([24, 32, 16, 16]) pre split depth:  1
batch:  torch.Size([24, 32, 16, 16]) post split depth:  1
splitting decisions: 
split level 0: [2, 57] [2, 57] [2, 62] [2, 62] [2, 62] [2, 57] [2, 57] [2, 57] [2, 62] [2, 57] 
(48, 3, 32, 32) torch.Size([48, 1, 10]) torch.Size([48, 1])
pruning_in_iteration open status: True
ratio of positive domain = 28 / 48 = 0.5833333333333333
pruning-in-iteration extra time: 0.012042760848999023
Tensors transferred: pre=1.5229M lA=0.3173M alpha=0.1972M beta=0.0004M
This batch time : update_bounds func: 0.2898	 prepare: 0.0048	 bound: 0.2813	 transfer: 0.0024	 finalize: 0.0012
Accumulated time: update_bounds func: 2.0527	 prepare: 0.0228	 bound: 2.0120	 transfer: 0.0122	 finalize: 0.0052
batch bounding time:  0.2898826599121094
Current worst splitting domains lb-rhs (depth):
-0.66113 (9), -0.49851 (9), -0.49779 (9), -0.45553 (9), -0.40678 (9), -0.32233 (9), -0.29712 (9), -0.26749 (9), -0.26571 (9), -0.26166 (9), -0.21269 (9), -0.18025 (9), -0.17684 (9), -0.14537 (9), -0.14032 (9), -0.12486 (9), -0.07079 (9), -0.06458 (9), -0.05952 (9), -0.03528 (9), 
length of domains: 20
Total time: 0.3238	 pickout: 0.0012	 decision: 0.0288	 get_bound: 0.2899	 add_domain: 0.0038
Accumulated time:	 pickout: 0.0067	 decision: 0.5305	 get_bound: 2.0554	 add_domain: 0.0230
Current (lb-rhs): -0.6611278653144836
88 domains visited
Cumulative time: 2.7509377002716064

batch:  torch.Size([20, 32, 16, 16]) pre split depth:  1
batch:  torch.Size([20, 32, 16, 16]) post split depth:  1
splitting decisions: 
split level 0: [2, 199] [2, 199] [2, 57] [2, 199] [2, 199] [2, 57] [2, 62] [2, 62] [2, 62] [2, 62] 
(40, 3, 32, 32) torch.Size([40, 1, 10]) torch.Size([40, 1])
pruning_in_iteration open status: True
ratio of positive domain = 21 / 40 = 0.525
pruning-in-iteration extra time: 0.012246131896972656
Tensors transferred: pre=1.2691M lA=0.3014M alpha=0.1643M beta=0.0004M
This batch time : update_bounds func: 0.2932	 prepare: 0.0042	 bound: 0.2835	 transfer: 0.0043	 finalize: 0.0010
Accumulated time: update_bounds func: 2.3459	 prepare: 0.0270	 bound: 2.2955	 transfer: 0.0166	 finalize: 0.0063
batch bounding time:  0.2932441234588623
Current worst splitting domains lb-rhs (depth):
-0.59286 (10), -0.42496 (10), -0.42170 (10), -0.37385 (10), -0.31981 (10), -0.24253 (10), -0.21768 (10), -0.18686 (10), -0.18413 (10), -0.18325 (10), -0.12276 (10), -0.09930 (10), -0.09360 (10), -0.05843 (10), -0.05817 (10), -0.04264 (10), -0.04094 (10), -0.02378 (10), -0.00162 (10), 
length of domains: 19
Total time: 0.3263	 pickout: 0.0011	 decision: 0.0280	 get_bound: 0.2933	 add_domain: 0.0039
Accumulated time:	 pickout: 0.0078	 decision: 0.5585	 get_bound: 2.3487	 add_domain: 0.0268
Current (lb-rhs): -0.59285569190979
109 domains visited
Cumulative time: 3.077531576156616

batch:  torch.Size([19, 32, 16, 16]) pre split depth:  1
batch:  torch.Size([19, 32, 16, 16]) post split depth:  1
splitting decisions: 
split level 0: [2, 13] [2, 13] [2, 13] [2, 199] [2, 199] [2, 199] [2, 199] [2, 199] [2, 199] [2, 199] 
(38, 3, 32, 32) torch.Size([38, 1, 10]) torch.Size([38, 1])
pruning_in_iteration open status: True
ratio of positive domain = 19 / 38 = 0.5
pruning-in-iteration extra time: 0.012104034423828125
Tensors transferred: pre=1.2056M lA=0.3014M alpha=0.1561M beta=0.0004M
This batch time : update_bounds func: 0.2915	 prepare: 0.0042	 bound: 0.2839	 transfer: 0.0022	 finalize: 0.0012
Accumulated time: update_bounds func: 2.6374	 prepare: 0.0311	 bound: 2.5794	 transfer: 0.0188	 finalize: 0.0074
batch bounding time:  0.29158806800842285
Current worst splitting domains lb-rhs (depth):
-0.51449 (11), -0.34809 (11), -0.34570 (11), -0.33986 (11), -0.29004 (11), -0.23975 (11), -0.18126 (11), -0.18112 (11), -0.16018 (11), -0.14508 (11), -0.14067 (11), -0.10103 (11), -0.09798 (11), -0.09735 (11), -0.07193 (11), -0.04065 (11), -0.01772 (11), -0.01369 (11), -0.00880 (11), 
length of domains: 19
Total time: 0.3250	 pickout: 0.0011	 decision: 0.0281	 get_bound: 0.2916	 add_domain: 0.0041
Accumulated time:	 pickout: 0.0089	 decision: 0.5866	 get_bound: 2.6403	 add_domain: 0.0309
Current (lb-rhs): -0.514490008354187
128 domains visited
Cumulative time: 3.402876377105713

batch:  torch.Size([19, 32, 16, 16]) pre split depth:  1
batch:  torch.Size([19, 32, 16, 16]) post split depth:  1
splitting decisions: 
split level 0: [2, 80] [2, 13] [2, 13] [2, 13] [2, 13] [2, 13] [2, 13] [2, 13] [2, 13] [2, 13] 
(38, 3, 32, 32) torch.Size([38, 1, 10]) torch.Size([38, 1])
pruning_in_iteration open status: True
ratio of positive domain = 18 / 38 = 0.4736842105263158
pruning-in-iteration extra time: 0.012011528015136719
Tensors transferred: pre=1.2056M lA=0.3173M alpha=0.1561M beta=0.0004M
This batch time : update_bounds func: 0.2881	 prepare: 0.0041	 bound: 0.2803	 transfer: 0.0022	 finalize: 0.0014
Accumulated time: update_bounds func: 2.9255	 prepare: 0.0353	 bound: 2.8597	 transfer: 0.0210	 finalize: 0.0089
batch bounding time:  0.28815650939941406
Current worst splitting domains lb-rhs (depth):
-0.43697 (12), -0.31826 (12), -0.26908 (12), -0.26764 (12), -0.26084 (12), -0.21752 (12), -0.16680 (12), -0.15516 (12), -0.14170 (12), -0.12581 (12), -0.10026 (12), -0.09950 (12), -0.08120 (12), -0.06843 (12), -0.06106 (12), -0.04152 (12), -0.02356 (12), -0.02290 (12), -0.02236 (12), -0.02086 (12), 
length of domains: 20
Total time: 0.3214	 pickout: 0.0012	 decision: 0.0280	 get_bound: 0.2882	 add_domain: 0.0040
Accumulated time:	 pickout: 0.0101	 decision: 0.6146	 get_bound: 2.9285	 add_domain: 0.0349
Current (lb-rhs): -0.43697214126586914
146 domains visited
Cumulative time: 3.724632740020752

batch:  torch.Size([20, 32, 16, 16]) pre split depth:  1
batch:  torch.Size([20, 32, 16, 16]) post split depth:  1
splitting decisions: 
split level 0: [2, 80] [2, 80] [2, 80] [2, 80] [2, 57] [2, 80] [2, 80] [2, 80] [2, 80] [2, 80] 
(40, 3, 32, 32) torch.Size([40, 1, 10]) torch.Size([40, 1])
pruning_in_iteration open status: True
ratio of positive domain = 18 / 40 = 0.44999999999999996
pruning-in-iteration extra time: 0.012196540832519531
Tensors transferred: pre=1.2691M lA=0.3490M alpha=0.1643M beta=0.0005M
This batch time : update_bounds func: 0.2877	 prepare: 0.0043	 bound: 0.2801	 transfer: 0.0022	 finalize: 0.0010
Accumulated time: update_bounds func: 3.2132	 prepare: 0.0395	 bound: 3.1398	 transfer: 0.0232	 finalize: 0.0099
batch bounding time:  0.2877981662750244
Current worst splitting domains lb-rhs (depth):
-0.36134 (13), -0.31895 (13), -0.24541 (13), -0.19234 (13), -0.18845 (13), -0.18650 (13), -0.18591 (13), -0.16138 (13), -0.15604 (13), -0.14390 (13), -0.13954 (13), -0.11552 (13), -0.09578 (13), -0.07980 (13), -0.06200 (13), -0.04901 (13), -0.02867 (13), -0.02440 (13), -0.02194 (13), -0.02013 (13), 
length of domains: 22
Total time: 0.3210	 pickout: 0.0011	 decision: 0.0278	 get_bound: 0.2878	 add_domain: 0.0043
Accumulated time:	 pickout: 0.0112	 decision: 0.6424	 get_bound: 3.2164	 add_domain: 0.0392
Current (lb-rhs): -0.36133691668510437
164 domains visited
Cumulative time: 4.046003818511963

batch:  torch.Size([22, 32, 16, 16]) pre split depth:  1
batch:  torch.Size([22, 32, 16, 16]) post split depth:  1
splitting decisions: 
split level 0: [2, 147] [2, 147] [2, 147] [2, 147] [2, 249] [2, 147] [2, 147] [2, 147] [2, 147] [2, 147] 
(44, 3, 32, 32) torch.Size([44, 1, 10]) torch.Size([44, 1])
pruning_in_iteration open status: True
ratio of positive domain = 27 / 44 = 0.6136363636363636
pruning-in-iteration extra time: 0.011963844299316406
Tensors transferred: pre=1.3960M lA=0.2697M alpha=0.1808M beta=0.0006M
This batch time : update_bounds func: 0.2880	 prepare: 0.0045	 bound: 0.2800	 transfer: 0.0023	 finalize: 0.0011
Accumulated time: update_bounds func: 3.5013	 prepare: 0.0441	 bound: 3.4198	 transfer: 0.0255	 finalize: 0.0110
batch bounding time:  0.2881143093109131
Current worst splitting domains lb-rhs (depth):
-0.30555 (14), -0.26287 (14), -0.18888 (14), -0.13571 (14), -0.13472 (14), -0.12990 (14), -0.12853 (14), -0.10809 (14), -0.09802 (14), -0.08573 (14), -0.08065 (14), -0.07689 (14), -0.05620 (14), -0.05183 (14), -0.04072 (14), -0.02261 (14), -0.00582 (14), 
length of domains: 17
Total time: 0.3215	 pickout: 0.0011	 decision: 0.0281	 get_bound: 0.2882	 add_domain: 0.0041
Accumulated time:	 pickout: 0.0124	 decision: 0.6705	 get_bound: 3.5045	 add_domain: 0.0433
Current (lb-rhs): -0.3055517375469208
191 domains visited
Cumulative time: 4.367959260940552

batch:  torch.Size([17, 32, 16, 16]) pre split depth:  1
batch:  torch.Size([17, 32, 16, 16]) post split depth:  1
splitting decisions: 
split level 0: [1, 2220] [1, 2220] [2, 249] [2, 147] [1, 2220] [1, 2220] [1, 2220] [2, 249] [2, 249] [1, 2220] 
(34, 3, 32, 32) torch.Size([34, 1, 10]) torch.Size([34, 1])
pruning_in_iteration open status: True
ratio of positive domain = 18 / 34 = 0.5294117647058824
pruning-in-iteration extra time: 0.012017011642456055
Tensors transferred: pre=1.0787M lA=0.2538M alpha=0.1397M beta=0.0005M
This batch time : update_bounds func: 0.2932	 prepare: 0.0042	 bound: 0.2859	 transfer: 0.0021	 finalize: 0.0009
Accumulated time: update_bounds func: 3.7945	 prepare: 0.0482	 bound: 3.7057	 transfer: 0.0276	 finalize: 0.0120
batch bounding time:  0.2932868003845215
Current worst splitting domains lb-rhs (depth):
-0.25020 (15), -0.20602 (15), -0.17768 (15), -0.13807 (15), -0.12677 (15), -0.08208 (15), -0.08140 (15), -0.07593 (15), -0.06262 (15), -0.06234 (15), -0.05590 (15), -0.04679 (15), -0.03097 (15), -0.02506 (15), -0.01008 (15), -0.00619 (15), 
length of domains: 16
Total time: 0.3265	 pickout: 0.0012	 decision: 0.0279	 get_bound: 0.2933	 add_domain: 0.0040
Accumulated time:	 pickout: 0.0136	 decision: 0.6984	 get_bound: 3.7979	 add_domain: 0.0474
Current (lb-rhs): -0.2501959204673767
209 domains visited
Cumulative time: 4.694788932800293

batch:  torch.Size([16, 32, 16, 16]) pre split depth:  1
batch:  torch.Size([16, 32, 16, 16]) post split depth:  1
splitting decisions: 
split level 0: [2, 249] [2, 249] [2, 249] [2, 249] [1, 2220] [1, 2220] [2, 249] [2, 249] [2, 249] [1, 2220] 
(32, 3, 32, 32) torch.Size([32, 1, 10]) torch.Size([32, 1])
pruning_in_iteration open status: True
ratio of positive domain = 21 / 32 = 0.65625
pruning-in-iteration extra time: 0.012010574340820312
Tensors transferred: pre=1.0153M lA=0.1745M alpha=0.1315M beta=0.0005M
This batch time : update_bounds func: 0.2908	 prepare: 0.0040	 bound: 0.2839	 transfer: 0.0020	 finalize: 0.0008
Accumulated time: update_bounds func: 4.0853	 prepare: 0.0523	 bound: 3.9896	 transfer: 0.0296	 finalize: 0.0128
batch bounding time:  0.2908761501312256
Current worst splitting domains lb-rhs (depth):
-0.19643 (16), -0.15356 (16), -0.11973 (16), -0.08109 (16), -0.07218 (16), -0.03300 (16), -0.02811 (16), -0.02331 (16), -0.00799 (16), -0.00494 (16), -0.00417 (16), 
length of domains: 11
Total time: 0.3226	 pickout: 0.0011	 decision: 0.0275	 get_bound: 0.2909	 add_domain: 0.0031
Accumulated time:	 pickout: 0.0146	 decision: 0.7259	 get_bound: 4.0888	 add_domain: 0.0505
Current (lb-rhs): -0.19642764329910278
230 domains visited
Cumulative time: 5.017757415771484

batch:  torch.Size([11, 32, 16, 16]) pre split depth:  1
batch:  torch.Size([11, 32, 16, 16]) post split depth:  1
splitting decisions: 
split level 0: [2, 156] [2, 89] [2, 156] [2, 156] [2, 156] [2, 156] [2, 156] [2, 156] [2, 156] [2, 156] 
(22, 3, 32, 32) torch.Size([22, 1, 10]) torch.Size([22, 1])
pruning_in_iteration open status: True
ratio of positive domain = 17 / 22 = 0.7727272727272727
pruning-in-iteration extra time: 0.012026309967041016
Tensors transferred: pre=0.6980M lA=0.0793M alpha=0.0904M beta=0.0004M
This batch time : update_bounds func: 0.2936	 prepare: 0.0031	 bound: 0.2882	 transfer: 0.0016	 finalize: 0.0006
Accumulated time: update_bounds func: 4.3790	 prepare: 0.0554	 bound: 4.2778	 transfer: 0.0313	 finalize: 0.0134
batch bounding time:  0.2936818599700928
Current worst splitting domains lb-rhs (depth):
-0.15811 (17), -0.11467 (17), -0.08204 (17), -0.04245 (17), -0.03363 (17), 
length of domains: 5
Total time: 0.3241	 pickout: 0.0010	 decision: 0.0269	 get_bound: 0.2937	 add_domain: 0.0024
Accumulated time:	 pickout: 0.0157	 decision: 0.7528	 get_bound: 4.3825	 add_domain: 0.0529
Current (lb-rhs): -0.15811419486999512
247 domains visited
Cumulative time: 5.342156171798706

batch:  torch.Size([5, 32, 16, 16]) pre split depth:  2
batch:  torch.Size([5, 32, 16, 16]) post split depth:  2
splitting decisions: 
split level 0: [2, 89] [2, 89] [2, 89] [2, 89] [2, 89] 
split level 1: [2, 93] [2, 93] [2, 93] [2, 93] [2, 93] 
(20, 3, 32, 32) torch.Size([20, 1, 10]) torch.Size([20, 1])
pruning_in_iteration open status: True
ratio of positive domain = 17 / 20 = 0.85
pruning-in-iteration extra time: 0.01189279556274414
Tensors transferred: pre=0.6345M lA=0.0476M alpha=0.0822M beta=0.0004M
This batch time : update_bounds func: 0.2867	 prepare: 0.0030	 bound: 0.2816	 transfer: 0.0015	 finalize: 0.0006
Accumulated time: update_bounds func: 4.6657	 prepare: 0.0584	 bound: 4.5594	 transfer: 0.0328	 finalize: 0.0140
batch bounding time:  0.28674769401550293
Current worst splitting domains lb-rhs (depth):
-0.09691 (19), -0.05406 (19), -0.02130 (19), 
length of domains: 3
Total time: 0.3181	 pickout: 0.0010	 decision: 0.0263	 get_bound: 0.2887	 add_domain: 0.0021
Accumulated time:	 pickout: 0.0167	 decision: 0.7792	 get_bound: 4.6712	 add_domain: 0.0550
Current (lb-rhs): -0.09690624475479126
264 domains visited
Cumulative time: 5.660531044006348

batch:  torch.Size([3, 32, 16, 16]) pre split depth:  3
batch:  torch.Size([3, 32, 16, 16]) post split depth:  3
splitting decisions: 
split level 0: [2, 94] [2, 94] [2, 94] 
split level 1: [2, 132] [2, 144] [2, 144] 
split level 2: [2, 144] [1, 1389] [2, 132] 
(24, 3, 32, 32) torch.Size([24, 1, 10]) torch.Size([24, 1])
pruning_in_iteration open status: True
ratio of positive domain = 22 / 24 = 0.9166666666666666
pruning-in-iteration extra time: 0.012118816375732422
Tensors transferred: pre=0.7614M lA=0.0317M alpha=0.0986M beta=0.0005M
This batch time : update_bounds func: 0.2887	 prepare: 0.0035	 bound: 0.2828	 transfer: 0.0016	 finalize: 0.0007
Accumulated time: update_bounds func: 4.9544	 prepare: 0.0619	 bound: 4.8422	 transfer: 0.0344	 finalize: 0.0147
batch bounding time:  0.2888059616088867
Current worst splitting domains lb-rhs (depth):
-0.04447 (22), -0.00382 (22), 
length of domains: 2
Total time: 0.3206	 pickout: 0.0009	 decision: 0.0258	 get_bound: 0.2919	 add_domain: 0.0020
Accumulated time:	 pickout: 0.0176	 decision: 0.8049	 get_bound: 4.9631	 add_domain: 0.0571
Current (lb-rhs): -0.04447281360626221
286 domains visited
Cumulative time: 5.981466293334961

batch:  torch.Size([2, 32, 16, 16]) pre split depth:  3
batch:  torch.Size([2, 32, 16, 16]) post split depth:  3
splitting decisions: 
split level 0: [1, 3222] [1, 3222] 
split level 1: [2, 132] [1, 4845] 
split level 2: [1, 116] [1, 1389] 
(16, 3, 32, 32) torch.Size([16, 1, 10]) torch.Size([16, 1])

all verified at 0th iter
pruning_in_iteration open status: False
ratio of positive domain = 16 / 16 = 1.0
pruning-in-iteration extra time: 0.00010323524475097656
Tensors transferred: pre=0.5076M lA=0.2538M alpha=0.0657M beta=0.0004M
This batch time : update_bounds func: 0.0132	 prepare: 0.0027	 bound: 0.0086	 transfer: 0.0013	 finalize: 0.0005
Accumulated time: update_bounds func: 4.9676	 prepare: 0.0646	 bound: 4.8508	 transfer: 0.0357	 finalize: 0.0151
batch bounding time:  0.013205528259277344
length of domains: 0
Total time: 0.0431	 pickout: 0.0010	 decision: 0.0255	 get_bound: 0.0155	 add_domain: 0.0012
Accumulated time:	 pickout: 0.0186	 decision: 0.8305	 get_bound: 4.9785	 add_domain: 0.0582
No domains left, verification finished!
302 domains visited
Cumulative time: 6.025234937667847


Properties batch 1, size 1
Remaining timeout: 73.0009434223175
##### Instance 0 first 10 spec matrices: [[[ 1.  0. -1.  0.  0.  0.  0.  0.  0.  0.]]]
thresholds: [0] ######
Initial alpha-CROWN verified for spec index [0] with bound 2.1805176734924316.

Properties batch 2, size 1
Remaining timeout: 72.92570495605469
##### Instance 0 first 10 spec matrices: [[[ 1.  0.  0. -1.  0.  0.  0.  0.  0.  0.]]]
thresholds: [0] ######
Initial alpha-CROWN verified for spec index [0] with bound 2.511570930480957.

Properties batch 3, size 1
Remaining timeout: 72.8843903541565
##### Instance 0 first 10 spec matrices: [[[ 1.  0.  0.  0. -1.  0.  0.  0.  0.  0.]]]
thresholds: [0] ######
Initial alpha-CROWN verified for spec index [0] with bound 2.7676749229431152.

Properties batch 4, size 1
Remaining timeout: 72.84363889694214
##### Instance 0 first 10 spec matrices: [[[ 1.  0.  0.  0.  0. -1.  0.  0.  0.  0.]]]
thresholds: [0] ######<frozen importlib._bootstrap>:219: RuntimeWarning: numpy.ufunc size changed, may indicate binary incompatibility. Expected 216 from C header, got 232 from PyObject
/home/zhouxingshi/miniconda3/envs/zshi/lib/python3.8/site-packages/onnx/mapping.py:27: DeprecationWarning: `np.object` is a deprecated alias for the builtin `object`. To silence this warning, use `object` by itself. Doing this will not modify any behavior and is safe. 
Deprecated in NumPy 1.20; for more details and guidance: https://numpy.org/devdocs/release/1.20.0-notes.html#deprecations
  int(TensorProto.STRING): np.dtype(np.object)
/home/zhouxingshi/gputest/CROWN-GENERAL_release/complete_verifier/utils.py:505: UserWarning: To copy construct from a tensor, it is recommended to use sourceTensor.clone().detach() or sourceTensor.clone().detach().requires_grad_(True), rather than torch.tensor(sourceTensor).
  eps_temp = torch.tensor(preprocess_cifar(eps_temp, perturbation=True)).reshape(1,-1,1,1)
/home/zhouxingshi/gputest/CROWN-GENERAL_release/complete_verifier/batch_branch_and_bound.py:319: UserWarning: To copy construct from a tensor, it is recommended to use sourceTensor.clone().detach() or sourceTensor.clone().detach().requires_grad_(True), rather than torch.tensor(sourceTensor).
  return torch.tensor(arguments.Config["bab"]["decision_thresh"] + 1e-7), np.inf

Initial alpha-CROWN verified for spec index [0] with bound 3.642836332321167.

Properties batch 5, size 1
Remaining timeout: 72.80206727981567
##### Instance 0 first 10 spec matrices: [[[ 1.  0.  0.  0.  0.  0. -1.  0.  0.  0.]]]
thresholds: [0] ######
Initial alpha-CROWN verified for spec index [0] with bound 4.251784324645996.

Properties batch 6, size 1
Remaining timeout: 72.7608699798584
##### Instance 0 first 10 spec matrices: [[[ 1.  0.  0.  0.  0.  0.  0. -1.  0.  0.]]]
thresholds: [0] ######
Initial alpha-CROWN verified for spec index [0] with bound 2.70393705368042.

Properties batch 7, size 1
Remaining timeout: 72.71968460083008
##### Instance 0 first 10 spec matrices: [[[ 1.  0.  0.  0.  0.  0.  0.  0. -1.  0.]]]
thresholds: [0] ######
Remaining spec index [0] with bounds tensor([[-0.50170660]], device='cuda:0') need to verify.
Model prediction is: tensor([-110.02638245, -113.10056305, -117.19497681, -117.84760284,
        -117.69448090, -119.65793610, -119.75878906, -118.98503876,
        -114.49429321, -116.40372467], device='cuda:0')
build_the_model_with_refined_bounds batch [0/1]
setting alpha for layer /input.7 start_node /48 with alignment adjustment
setting alpha for layer /37 start_node /48 with alignment adjustment
setting alpha for layer /47 start_node /48 with alignment adjustment
all slope initialized
directly get lb and ub from refined bounds
lA shapes: [torch.Size([1, 1, 32, 16, 16]), torch.Size([1, 1, 128, 8, 8]), torch.Size([1, 1, 250])]
c shape: torch.Size([1, 1, 10])
alpha-CROWN with fixed intermediate bounds: tensor([[-0.50170660]], device='cuda:0') tensor([[inf]], device='cuda:0')
Keeping slopes for these layers: ['/48']
Keeping slopes for these layers: ['/48']
layer 0 size torch.Size([8192]) unstable 1305
layer 1 size torch.Size([8192]) unstable 775
layer 2 size torch.Size([250]) unstable 59
-----------------
# of unstable neurons: 2139
-----------------

batch:  torch.Size([1, 32, 16, 16]) pre split depth:  4
batch:  torch.Size([1, 32, 16, 16]) post split depth:  4
splitting decisions: 
split level 0: [2, 199] 
split level 1: [2, 36] 
split level 2: [2, 49] 
split level 3: [2, 178] 
(16, 3, 32, 32) torch.Size([16, 1, 10]) torch.Size([16, 1])

all verified at 0th iter
pruning_in_iteration open status: False
ratio of positive domain = 16 / 16 = 1.0
pruning-in-iteration extra time: 0.00010633468627929688
Tensors transferred: pre=0.5076M lA=0.2538M alpha=0.0657M beta=0.0001M
This batch time : update_bounds func: 0.0158	 prepare: 0.0024	 bound: 0.0116	 transfer: 0.0013	 finalize: 0.0005
Accumulated time: update_bounds func: 4.9834	 prepare: 0.0670	 bound: 4.8624	 transfer: 0.0370	 finalize: 0.0156
batch bounding time:  0.015860557556152344
length of domains: 0
Total time: 0.0523	 pickout: 0.0009	 decision: 0.0321	 get_bound: 0.0180	 add_domain: 0.0012
Accumulated time:	 pickout: 0.0009	 decision: 0.0321	 get_bound: 0.0180	 add_domain: 0.0012
No domains left, verification finished!
16 domains visited
Cumulative time: 0.05910634994506836


Properties batch 8, size 1
Remaining timeout: 72.52037477493286
##### Instance 0 first 10 spec matrices: [[[ 1.  0.  0.  0.  0.  0.  0.  0.  0. -1.]]]
thresholds: [0] ######
Initial alpha-CROWN verified for spec index [0] with bound 0.8228470087051392.
Result: safe in 17.5259 seconds
############# Summary #############
Final verified acc: 100.0% (total 1 examples)
Problem instances count: 1 , total verified (safe/unsat): 1 , total falsified (unsafe/sat): 0 , timeout: 0
mean time (total 1): 17.525761345932683, max time: 17.525936603546143
safe (total 1): [0]
