Experiments at Sat Nov  6 00:24:42 2021 on CCI-2CPKMH3
Sequential(
  (0): Conv2d(3, 16, kernel_size=(4, 4), stride=(2, 2), padding=(1, 1))
  (1): ReLU()
  (2): Conv2d(16, 32, kernel_size=(4, 4), stride=(2, 2), padding=(1, 1))
  (3): ReLU()
  (4): Flatten()
  (5): Linear(in_features=2048, out_features=100, bias=True)
  (6): ReLU()
  (7): Linear(in_features=100, out_features=10, bias=True)
)
############################
Sampled data loaded. Data already preprocessed!
Shape: torch.Size([200, 3, 32, 32]) torch.Size([200]) torch.Size([200])
X range: tensor(2.1256) tensor(-1.9889) tensor(-0.0131)
############################
epsilon after preprocession: tensor([[[[0.0317]],

         [[0.0322]],

         [[0.0300]]]]), data_max = tensor([[[[2.0587]],

         [[2.1256]],

         [[2.1154]]]]), data_min = tensor([[[[-1.9889]],

         [[-1.9807]],

         [[-1.7076]]]])
Task length: 1
saving results to Verified_ret_[cnn_4layer_adv4]_start=199_end=200_iter=20_b=4096_int-beta=False_timeout=30_branching=kfsb-min-3_lra-init=0.1_lra=0.01_lrb=0.05_PGD=skip.npy

 %%%%%%%%%%%%%%%%%%%%%%%%%%%%%%%%%%% idx: 0 img ID: 199 %%%%%%%%%%%%%%%%%%%%%%%%%%%%%%%%%%%%%%%%
predicted label  6  correct label  6 logits tensor([-6.1802, -5.9800, -5.0660, -4.9451, -5.0898, -5.0150, -4.4718, -5.6071,
        -6.8761, -5.1820], device='cuda:0', grad_fn=<SelectBackward>)
Model prediction is: tensor([[-6.1802, -5.9800, -5.0660, -4.9451, -5.0898, -5.0150, -4.4718, -5.6071,
         -6.8761, -5.1820]], device='cuda:0', grad_fn=<AddBackward0>)
alpha-CROWN optimizable variables initialized.
initial CROWN bounds: tensor([[ 0.7373,  0.5094,  0.1153,  0.0642,  0.1335,  0.1235,  0.5090,  1.3784,
         -0.2645]], device='cuda:0') None
best_l after optimization: -3.542952537536621 with beta sum per layer: []
optimal alpha/beta time: 3.255774736404419
initial alpha-CROWN bounds: tensor([[ 0.7692,  0.5529,  0.1313,  0.0770,  0.1492,  0.1383,  0.5310,  1.4146,
         -0.2204]], device='cuda:0', grad_fn=<AsStridedBackward>) None
##### [0:199] Tested against 9 ######
Model prediction is: tensor([[-6.1802, -5.9800, -5.0660, -4.9451, -5.0898, -5.0150, -4.4718, -5.6071,
         -6.8761, -5.1820]], device='cuda:0', grad_fn=<AddBackward0>)
alpha-CROWN optimizable variables initialized.
setting alpha for layer /10 start_node /11
setting alpha for layer /10 start_node /21
not setting layer /10 start_node /23 because shape mismatch (torch.Size([2, 1, 1, 16, 16, 16]) != torch.Size([2, 9, 1, 16, 16, 16]))
setting alpha for layer /12 start_node /21
not setting layer /12 start_node /23 because shape mismatch (torch.Size([2, 1, 1, 32, 8, 8]) != torch.Size([2, 9, 1, 32, 8, 8]))
not setting layer /22 start_node /23 because shape mismatch (torch.Size([2, 1, 1, 100]) != torch.Size([2, 9, 1, 100]))
0 /9 torch.Size([1, 16, 16, 16])
1 /11 torch.Size([1, 32, 8, 8])
2 /21 torch.Size([1, 100])
best_l after optimization: 0.2203512191772461 with beta sum per layer: []
optimal alpha/beta time: 0.7344701290130615
alpha-CROWN with fixed intermediate bounds: tensor([[-0.2204]], device='cuda:0', grad_fn=<AsStridedBackward>) None
-0.2203512191772461
layer 0 size torch.Size([4096]) unstable 543
layer 1 size torch.Size([2048]) unstable 202
layer 2 size torch.Size([100]) unstable 6
# of unstable neurons: 751
remaining dive domains: 0/-1, dive_rate:0.0
splitting decisions: [[1, 924]]
single_node_split: True
regular batch size: 2*1, diving batch size 1*0
best_l after optimization: 0.42229604721069336 with beta sum per layer: [0.0, 0.013794457539916039, 0.0]
optimal alpha/beta time: 0.2953774929046631
This batch time : update_bounds func: 0.2965	 prepare: 0.0006	 bound: 0.2955	 transfer: 0.0002	 finalize: 0.0001
Accumulated time: update_bounds func: 0.2965	 prepare: 0.0006	 bound: 0.2955	 transfer: 0.0002	 finalize: 0.0001
batch bounding time:  0.2965404987335205
Current worst splitting domains [lb, ub] (depth):
[-0.21266, 98.779648] (1), [-0.20964, 98.779648] (1), 
length of domains: 2
Total time: 0.3056	 pickout: 0.0004	 decision: 0.0086	 get_bound: 0.2965	 add_domain: 0.0001
Current lb:-0.21265602111816406
2 neurons visited
0 diving domains visited
Cumulative time: 1.238569736480713

remaining dive domains: 0/-1, dive_rate:0.0
splitting decisions: [[2, 27], [2, 27]]
single_node_split: True
regular batch size: 2*2, diving batch size 1*0
best_l after optimization: 0.595527172088623 with beta sum per layer: [0.0, 0.015233260579407215, 0.34469401836395264]
optimal alpha/beta time: 0.1184079647064209
This batch time : update_bounds func: 0.1197	 prepare: 0.0007	 bound: 0.1185	 transfer: 0.0003	 finalize: 0.0001
Accumulated time: update_bounds func: 0.4162	 prepare: 0.0014	 bound: 0.4140	 transfer: 0.0003	 finalize: 0.0003
batch bounding time:  0.11973810195922852
Current worst splitting domains [lb, ub] (depth):
[-0.20584, 98.779648] (2), [-0.20276, 98.779648] (2), [-0.09366, 98.779648] (2), [-0.09327, 98.779648] (2), 
length of domains: 4
Total time: 0.1290	 pickout: 0.0004	 decision: 0.0088	 get_bound: 0.1197	 add_domain: 0.0001
Current lb:-0.2058405876159668
6 neurons visited
0 diving domains visited
Cumulative time: 1.3675892353057861

remaining dive domains: 0/-1, dive_rate:0.0
splitting decisions: [[2, 62], [2, 62], [2, 62], [2, 62]]
single_node_split: True
regular batch size: 2*4, diving batch size 1*0
best_l after optimization: 0.5213837623596191 with beta sum per layer: [0.0, 0.3240683972835541, 1.687116265296936]
optimal alpha/beta time: 0.11923408508300781
This batch time : update_bounds func: 0.1209	 prepare: 0.0009	 bound: 0.1193	 transfer: 0.0003	 finalize: 0.0003
Accumulated time: update_bounds func: 0.5371	 prepare: 0.0022	 bound: 0.5333	 transfer: 0.0003	 finalize: 0.0006
batch bounding time:  0.12090468406677246
Current worst splitting domains [lb, ub] (depth):
[-0.20021, 98.779648] (3), [-0.19719, 98.779648] (3), [-0.08652, 98.779648] (3), [-0.08624, 98.779648] (3), [-0.03867, 98.779648] (3), [-0.03451, 98.779648] (3), 
length of domains: 6
Total time: 0.1303	 pickout: 0.0005	 decision: 0.0088	 get_bound: 0.1209	 add_domain: 0.0001
Current lb:-0.20021486282348633
14 neurons visited
0 diving domains visited
Cumulative time: 1.4979684352874756

remaining dive domains: 0/-1, dive_rate:0.0
splitting decisions: [[1, 555], [1, 555], [1, 996], [1, 996], [1, 996], [1, 996]]
single_node_split: True
regular batch size: 2*6, diving batch size 1*0
best_l after optimization: 1.1330475807189941 with beta sum per layer: [0.0, 2.925464391708374, 1.490492343902588]
optimal alpha/beta time: 0.12082624435424805
This batch time : update_bounds func: 0.1228	 prepare: 0.0010	 bound: 0.1209	 transfer: 0.0004	 finalize: 0.0004
Accumulated time: update_bounds func: 0.6598	 prepare: 0.0033	 bound: 0.6543	 transfer: 0.0004	 finalize: 0.0009
batch bounding time:  0.12279415130615234
Current worst splitting domains [lb, ub] (depth):
[-0.19451, 98.779648] (4), [-0.19148, 98.779648] (4), [-0.19016, 98.779648] (4), [-0.18729, 98.779648] (4), [-0.08008, 98.779648] (4), [-0.07979, 98.779648] (4), [-0.06452, 98.779648] (4), [-0.06428, 98.779648] (4), [-0.02730, 98.779648] (4), [-0.02279, 98.779648] (4), [-0.01748, 98.779648] (4), [-0.01337, 98.779648] (4), 
length of domains: 12
Total time: 0.1327	 pickout: 0.0006	 decision: 0.0091	 get_bound: 0.1228	 add_domain: 0.0002
Current lb:-0.19450759887695312
26 neurons visited
0 diving domains visited
Cumulative time: 1.6307601928710938

remaining dive domains: 0/-1, dive_rate:0.0
splitting decisions: [[1, 1243], [1, 996], [1, 1243], [1, 996], [1, 1243], [1, 1243], [1, 370], [1, 1243], [1, 349], [1, 349]]
single_node_split: True
regular batch size: 2*12, diving batch size 1*0
best_l after optimization: 1.9550261497497559 with beta sum per layer: [0.0, 10.172078132629395, 3.1534042358398438]
optimal alpha/beta time: 0.12077713012695312
This batch time : update_bounds func: 0.1235	 prepare: 0.0014	 bound: 0.1209	 transfer: 0.0006	 finalize: 0.0006
Accumulated time: update_bounds func: 0.7833	 prepare: 0.0047	 bound: 0.7752	 transfer: 0.0006	 finalize: 0.0015
batch bounding time:  0.12353277206420898
Current worst splitting domains [lb, ub] (depth):
[-0.19005, 98.779648] (5), [-0.18691, 98.779648] (5), [-0.18549, 98.779648] (5), [-0.18229, 98.779648] (5), [-0.18030, 98.779648] (5), [-0.17626, 98.779648] (5), [-0.17586, 98.779648] (5), [-0.17232, 98.779648] (5), [-0.07603, 98.779648] (5), [-0.07511, 98.779648] (5), [-0.06178, 98.779648] (5), [-0.06064, 98.779648] (5), [-0.05946, 98.779648] (5), [-0.05652, 98.779648] (5), [-0.04353, 98.779648] (5), [-0.03624, 98.779648] (5), [-0.02050, 98.779648] (5), [-0.01619, 98.779648] (5), [-0.01083, 98.779648] (5), [-0.00714, 98.779648] (5), 
length of domains: 20
Total time: 0.1347	 pickout: 0.0010	 decision: 0.0097	 get_bound: 0.1236	 add_domain: 0.0005
Current lb:-0.19005107879638672
50 neurons visited
0 diving domains visited
Cumulative time: 1.7655818462371826

remaining dive domains: 0/-1, dive_rate:0.0
splitting decisions: [[1, 373], [1, 373], [1, 996], [1, 373], [1, 373], [1, 373], [1, 373], [1, 373], [1, 370], [1, 916]]
single_node_split: True
regular batch size: 2*20, diving batch size 1*0
best_l after optimization: 3.464291572570801 with beta sum per layer: [0.0, 23.236896514892578, 4.704281806945801]
optimal alpha/beta time: 0.11952376365661621
This batch time : update_bounds func: 0.1233	 prepare: 0.0019	 bound: 0.1196	 transfer: 0.0007	 finalize: 0.0009
Accumulated time: update_bounds func: 0.9066	 prepare: 0.0066	 bound: 0.8948	 transfer: 0.0007	 finalize: 0.0025
batch bounding time:  0.12333273887634277
Current worst splitting domains [lb, ub] (depth):
[-0.18578, 98.779648] (6), [-0.18262, 98.779648] (6), [-0.18096, 98.779648] (6), [-0.17786, 98.779648] (6), [-0.17599, 98.779648] (6), [-0.17185, 98.779648] (6), [-0.17153, 98.779648] (6), [-0.17110, 98.779648] (6), [-0.16885, 98.779648] (6), [-0.16795, 98.779648] (6), [-0.16567, 98.779648] (6), [-0.16285, 98.779648] (6), [-0.15906, 98.779648] (6), [-0.15683, 98.779648] (6), [-0.15460, 98.779648] (6), [-0.15264, 98.779648] (6), [-0.07248, 98.779648] (6), [-0.07107, 98.779648] (6), [-0.05729, 98.779648] (6), [-0.05677, 98.779648] (6), 
length of domains: 38
Total time: 0.1408	 pickout: 0.0017	 decision: 0.0150	 get_bound: 0.1234	 add_domain: 0.0007
Current lb:-0.18578433990478516
90 neurons visited
0 diving domains visited
Cumulative time: 1.9064841270446777

remaining dive domains: 0/-1, dive_rate:0.0
splitting decisions: [[1, 996], [1, 1243], [1, 373], [1, 1243], [1, 996], [1, 996], [1, 1243], [1, 373], [1, 996], [1, 1243]]
single_node_split: True
regular batch size: 2*38, diving batch size 1*0
best_l after optimization: 6.130904197692871 with beta sum per layer: [0.0, 54.8445930480957, 8.485555648803711]
optimal alpha/beta time: 0.12256193161010742
This batch time : update_bounds func: 0.1296	 prepare: 0.0031	 bound: 0.1227	 transfer: 0.0021	 finalize: 0.0017
Accumulated time: update_bounds func: 1.0362	 prepare: 0.0098	 bound: 1.0174	 transfer: 0.0021	 finalize: 0.0041
batch bounding time:  0.12966108322143555
Current worst splitting domains [lb, ub] (depth):
[-0.18144, 98.779648] (7), [-0.17866, 98.779648] (7), [-0.17664, 98.779648] (7), [-0.17386, 98.779648] (7), [-0.17205, 98.779648] (7), [-0.17015, 98.779648] (7), [-0.16807, 98.779648] (7), [-0.16774, 98.779648] (7), [-0.16671, 98.779648] (7), [-0.16449, 98.779648] (7), [-0.16435, 98.779648] (7), [-0.16343, 98.779648] (7), [-0.16163, 98.779648] (7), [-0.16154, 98.779648] (7), [-0.15901, 98.779648] (7), [-0.15890, 98.779648] (7), [-0.15861, 98.779648] (7), [-0.15557, 98.779648] (7), [-0.15497, 98.779648] (7), [-0.15312, 98.779648] (7), 
length of domains: 67
Total time: 0.1449	 pickout: 0.0024	 decision: 0.0116	 get_bound: 0.1297	 add_domain: 0.0012
Current lb:-0.18144464492797852
166 neurons visited
0 diving domains visited
Cumulative time: 2.051572561264038

remaining dive domains: 0/-1, dive_rate:0.0
splitting decisions: [[1, 370], [1, 370], [1, 947], [1, 947], [1, 370], [1, 370], [1, 370], [1, 947], [1, 947], [1, 947]]
single_node_split: True
regular batch size: 2*67, diving batch size 1*0
best_l after optimization: 10.699939727783203 with beta sum per layer: [0.0, 135.5277099609375, 13.093358993530273]
optimal alpha/beta time: 0.14601778984069824
This batch time : update_bounds func: 0.1579	 prepare: 0.0054	 bound: 0.1461	 transfer: 0.0032	 finalize: 0.0030
Accumulated time: update_bounds func: 1.1941	 prepare: 0.0151	 bound: 1.1636	 transfer: 0.0032	 finalize: 0.0072
batch bounding time:  0.15797042846679688
Current worst splitting domains [lb, ub] (depth):
[-0.17780, 98.779648] (8), [-0.17503, 98.779648] (8), [-0.17297, 98.779648] (8), [-0.17021, 98.779648] (8), [-0.16840, 98.779648] (8), [-0.16645, 98.779648] (8), [-0.16445, 98.779648] (8), [-0.16401, 98.779648] (8), [-0.16300, 98.779648] (8), [-0.16091, 98.779648] (8), [-0.16063, 98.779648] (8), [-0.15958, 98.779648] (8), [-0.15877, 98.779648] (8), [-0.15786, 98.779648] (8), [-0.15763, 98.779648] (8), [-0.15593, 98.779648] (8), [-0.15527, 98.779648] (8), [-0.15504, 98.779648] (8), [-0.15497, 98.779648] (8), [-0.15187, 98.779648] (8), 
length of domains: 124
Total time: 0.1814	 pickout: 0.0042	 decision: 0.0168	 get_bound: 0.1581	 add_domain: 0.0024
Current lb:-0.17779541015625
300 neurons visited
0 diving domains visited
Cumulative time: 2.2333357334136963

remaining dive domains: 0/-1, dive_rate:0.0
splitting decisions: [[1, 916], [1, 947], [1, 370], [1, 370], [1, 916], [1, 916], [1, 947], [1, 916], [1, 370], [1, 370]]
single_node_split: True
regular batch size: 2*124, diving batch size 1*0
best_l after optimization: 18.711318969726562 with beta sum per layer: [0.0, 296.8090515136719, 22.135995864868164]
optimal alpha/beta time: 0.13724231719970703
This batch time : update_bounds func: 0.1574	 prepare: 0.0090	 bound: 0.1374	 transfer: 0.0054	 finalize: 0.0054
Accumulated time: update_bounds func: 1.3515	 prepare: 0.0242	 bound: 1.3009	 transfer: 0.0054	 finalize: 0.0126
batch bounding time:  0.1575469970703125
Current worst splitting domains [lb, ub] (depth):
[-0.17412, 98.779648] (9), [-0.17152, 98.779648] (9), [-0.16947, 98.779648] (9), [-0.16670, 98.779648] (9), [-0.16438, 98.779648] (9), [-0.16273, 98.779648] (9), [-0.16094, 98.779648] (9), [-0.16022, 98.779648] (9), [-0.16000, 98.779648] (9), [-0.15946, 98.779648] (9), [-0.15732, 98.779648] (9), [-0.15686, 98.779648] (9), [-0.15609, 98.779648] (9), [-0.15530, 98.779648] (9), [-0.15513, 98.779648] (9), [-0.15411, 98.779648] (9), [-0.15394, 98.779648] (9), [-0.15301, 98.779648] (9), [-0.15227, 98.779648] (9), [-0.15131, 98.779648] (9), 
length of domains: 233
Total time: 0.1910	 pickout: 0.0077	 decision: 0.0209	 get_bound: 0.1577	 add_domain: 0.0047
Current lb:-0.17412042617797852
548 neurons visited
0 diving domains visited
Cumulative time: 2.4249048233032227

remaining dive domains: 0/-1, dive_rate:0.0
splitting decisions: [[1, 947], [1, 349], [1, 916], [1, 349], [1, 947], [1, 947], [1, 348], [1, 947], [1, 370], [1, 916]]
single_node_split: True
regular batch size: 2*233, diving batch size 1*0
best_l after optimization: 32.1376953125 with beta sum per layer: [0.0, 670.781494140625, 38.62064743041992]
optimal alpha/beta time: 0.17906427383422852
This batch time : update_bounds func: 0.2154	 prepare: 0.0163	 bound: 0.1792	 transfer: 0.0093	 finalize: 0.0102
Accumulated time: update_bounds func: 1.5669	 prepare: 0.0405	 bound: 1.4801	 transfer: 0.0093	 finalize: 0.0229
batch bounding time:  0.21556758880615234
Current worst splitting domains [lb, ub] (depth):
[-0.17059, 98.779648] (10), [-0.16859, 98.779648] (10), [-0.16576, 98.779648] (10), [-0.16373, 98.779648] (10), [-0.16088, 98.779648] (10), [-0.15914, 98.779648] (10), [-0.15795, 98.779648] (10), [-0.15652, 98.779648] (10), [-0.15631, 98.779648] (10), [-0.15586, 98.779648] (10), [-0.15576, 98.779648] (10), [-0.15450, 98.779648] (10), [-0.15442, 98.779648] (10), [-0.15315, 98.779648] (10), [-0.15241, 98.779648] (10), [-0.15210, 98.779648] (10), [-0.15187, 98.779648] (10), [-0.15112, 98.779648] (10), [-0.15101, 98.779648] (10), [-0.15092, 98.779648] (10), 
length of domains: 427
Total time: 0.2684	 pickout: 0.0143	 decision: 0.0291	 get_bound: 0.2158	 add_domain: 0.0092
Current lb:-0.17058658599853516
1014 neurons visited
0 diving domains visited
Cumulative time: 2.694424867630005

remaining dive domains: 0/-1, dive_rate:0.0
splitting decisions: [[1, 1633], [1, 1633], [1, 1633], [1, 1633], [1, 1633], [1, 1633], [1, 1633], [1, 1633], [1, 1633], [1, 1633]]
single_node_split: True
regular batch size: 2*427, diving batch size 1*0
best_l after optimization: 57.05785369873047 with beta sum per layer: [0.0, 1359.669677734375, 63.46124267578125]
optimal alpha/beta time: 0.2511606216430664
This batch time : update_bounds func: 0.3179	 prepare: 0.0304	 bound: 0.2513	 transfer: 0.0166	 finalize: 0.0190
Accumulated time: update_bounds func: 1.8847	 prepare: 0.0708	 bound: 1.7314	 transfer: 0.0166	 finalize: 0.0418
batch bounding time:  0.3181889057159424
Current worst splitting domains [lb, ub] (depth):
[-0.16573, 98.779648] (11), [-0.16492, 98.779648] (11), [-0.16375, 98.779648] (11), [-0.16294, 98.779648] (11), [-0.16088, 98.779648] (11), [-0.16009, 98.779648] (11), [-0.15886, 98.779648] (11), [-0.15807, 98.779648] (11), [-0.15597, 98.779648] (11), [-0.15519, 98.779648] (11), [-0.15425, 98.779648] (11), [-0.15344, 98.779648] (11), [-0.15312, 98.779648] (11), [-0.15231, 98.779648] (11), [-0.15165, 98.779648] (11), [-0.15103, 98.779648] (11), [-0.15087, 98.779648] (11), [-0.15087, 98.779648] (11), [-0.15076, 98.779648] (11), [-0.15022, 98.779648] (11), 
length of domains: 736
Total time: 0.4288	 pickout: 0.0265	 decision: 0.0658	 get_bound: 0.3187	 add_domain: 0.0179
Current lb:-0.1657257080078125
1868 neurons visited
0 diving domains visited
Cumulative time: 3.126128911972046

remaining dive domains: 0/-1, dive_rate:0.0
splitting decisions: [[1, 349], [1, 349], [1, 916], [1, 916], [1, 349], [1, 349], [1, 916], [1, 916], [1, 349], [1, 349]]
single_node_split: True
regular batch size: 2*736, diving batch size 1*0
best_l after optimization: 100.50523376464844 with beta sum per layer: [0.8689712285995483, 2688.153564453125, 83.09172821044922]
optimal alpha/beta time: 0.37216806411743164
This batch time : update_bounds func: 0.4878	 prepare: 0.0521	 bound: 0.3723	 transfer: 0.0295	 finalize: 0.0328
Accumulated time: update_bounds func: 2.3726	 prepare: 0.1229	 bound: 2.1037	 transfer: 0.0295	 finalize: 0.0746
batch bounding time:  0.48831772804260254
Current worst splitting domains [lb, ub] (depth):
[-0.16252, 98.779648] (12), [-0.16170, 98.779648] (12), [-0.16090, 98.779648] (12), [-0.16008, 98.779648] (12), [-0.15767, 98.779648] (12), [-0.15687, 98.779648] (12), [-0.15602, 98.779648] (12), [-0.15522, 98.779648] (12), [-0.15286, 98.779648] (12), [-0.15207, 98.779648] (12), [-0.15120, 98.779648] (12), [-0.15038, 98.779648] (12), [-0.15013, 98.779648] (12), [-0.15002, 98.779648] (12), [-0.14932, 98.779648] (12), [-0.14921, 98.779648] (12), [-0.14850, 98.779648] (12), [-0.14782, 98.779648] (12), [-0.14770, 98.779648] (12), [-0.14752, 98.779648] (12), 
length of domains: 1307
Total time: 0.6649	 pickout: 0.0469	 decision: 0.0952	 get_bound: 0.4892	 add_domain: 0.0336
Current lb:-0.16251611709594727
3340 neurons visited
0 diving domains visited
Cumulative time: 3.79641056060791

remaining dive domains: 0/-1, dive_rate:0.0
splitting decisions: [[1, 1746], [1, 1746], [1, 348], [1, 348], [1, 1746], [1, 1746], [1, 348], [1, 348], [1, 1746], [1, 1746]]
single_node_split: True
regular batch size: 2*1307, diving batch size 1*0
best_l after optimization: 177.68687438964844 with beta sum per layer: [1.6390635967254639, 5512.37890625, 104.25711059570312]
optimal alpha/beta time: 0.6474392414093018
This batch time : update_bounds func: 0.8947	 prepare: 0.0921	 bound: 0.6476	 transfer: 0.0524	 finalize: 0.0776
Accumulated time: update_bounds func: 3.2672	 prepare: 0.2149	 bound: 2.7513	 transfer: 0.0524	 finalize: 0.1523
batch bounding time:  0.8955261707305908
Current worst splitting domains [lb, ub] (depth):
[-0.15965, 98.779648] (13), [-0.15883, 98.779648] (13), [-0.15796, 98.779648] (13), [-0.15714, 98.779648] (13), [-0.15481, 98.779648] (13), [-0.15471, 98.779648] (13), [-0.15402, 98.779648] (13), [-0.15394, 98.779648] (13), [-0.15309, 98.779648] (13), [-0.15229, 98.779648] (13), [-0.15004, 98.779648] (13), [-0.14987, 98.779648] (13), [-0.14925, 98.779648] (13), [-0.14912, 98.779648] (13), [-0.14835, 98.779648] (13), [-0.14753, 98.779648] (13), [-0.14717, 98.779648] (13), [-0.14704, 98.779648] (13), [-0.14633, 98.779648] (13), [-0.14622, 98.779648] (13), 
length of domains: 2411
Total time: 1.2326	 pickout: 0.0878	 decision: 0.1521	 get_bound: 0.8970	 add_domain: 0.0957
Current lb:-0.15964889526367188
5954 neurons visited
0 diving domains visited
Cumulative time: 5.040494680404663

remaining dive domains: 0/-1, dive_rate:0.0
splitting decisions: [[1, 180], [1, 180], [1, 180], [1, 180], [1, 180], [1, 180], [1, 180], [1, 180], [1, 180], [1, 180]]
single_node_split: True
regular batch size: 2*2411, diving batch size 1*0
best_l after optimization: 324.5753173828125 with beta sum per layer: [1.6309343576431274, 11607.83984375, 138.28334045410156]
optimal alpha/beta time: 1.0764882564544678
This batch time : update_bounds func: 1.5146	 prepare: 0.1739	 bound: 1.0766	 transfer: 0.1168	 finalize: 0.1435
Accumulated time: update_bounds func: 4.7818	 prepare: 0.3888	 bound: 3.8279	 transfer: 0.1168	 finalize: 0.2958
batch bounding time:  1.5160796642303467
Current worst splitting domains [lb, ub] (depth):
[-0.15618, 98.779648] (14), [-0.15536, 98.779648] (14), [-0.15456, 98.779648] (14), [-0.15374, 98.779648] (14), [-0.15211, 98.779648] (14), [-0.15139, 98.779648] (14), [-0.15128, 98.779648] (14), [-0.15122, 98.779648] (14), [-0.15060, 98.779648] (14), [-0.15047, 98.779648] (14), [-0.15042, 98.779648] (14), [-0.14976, 98.779648] (14), [-0.14965, 98.779648] (14), [-0.14895, 98.779648] (14), [-0.14714, 98.779648] (14), [-0.14658, 98.779648] (14), [-0.14644, 98.779648] (14), [-0.14636, 98.779648] (14), [-0.14618, 98.779648] (14), [-0.14578, 98.779648] (14), 
length of domains: 4520
Total time: 2.1635	 pickout: 0.1768	 decision: 0.2960	 get_bound: 1.5188	 add_domain: 0.1719
Current lb:-0.15618133544921875
10776 neurons visited
0 diving domains visited
Cumulative time: 7.226483106613159

remaining dive domains: 0/-1, dive_rate:0.0
splitting decisions: [[1, 926], [1, 926], [1, 926], [1, 926], [1, 926], [1, 926], [1, 926], [1, 926], [1, 926], [1, 926]]
single_node_split: True
regular batch size: 2*4096, diving batch size 1*0
best_l after optimization: 605.3935546875 with beta sum per layer: [0.0, 21043.8515625, 58.95515823364258]
optimal alpha/beta time: 1.7369697093963623
This batch time : update_bounds func: 2.6036	 prepare: 0.3019	 bound: 1.7371	 transfer: 0.1912	 finalize: 0.3139
Accumulated time: update_bounds func: 7.3854	 prepare: 0.6907	 bound: 5.5650	 transfer: 0.1912	 finalize: 0.6097
batch bounding time:  2.606383800506592
Current worst splitting domains [lb, ub] (depth):
[-0.15232, 98.779648] (15), [-0.15172, 98.779648] (15), [-0.15149, 98.779648] (15), [-0.15088, 98.779648] (15), [-0.15069, 98.779648] (15), [-0.15002, 98.779648] (15), [-0.14987, 98.779648] (15), [-0.14920, 98.779648] (15), [-0.14817, 98.779648] (15), [-0.14756, 98.779648] (15), [-0.14753, 98.779648] (15), [-0.14735, 98.779648] (15), [-0.14734, 98.779648] (15), [-0.14692, 98.779648] (15), [-0.14676, 98.779648] (15), [-0.14673, 98.779648] (15), [-0.14673, 98.779648] (15), [-0.14656, 98.779648] (15), [-0.14654, 98.779648] (15), [-0.14612, 98.779648] (15), 
length of domains: 8612
Total time: 3.7223	 pickout: 0.2994	 decision: 0.5636	 get_bound: 2.6117	 add_domain: 0.2476
Current lb:-0.15231895446777344
18968 neurons visited
0 diving domains visited
Cumulative time: 10.978800296783447

remaining dive domains: 0/-1, dive_rate:0.0
splitting decisions: [[1, 348], [1, 348], [1, 348], [1, 348], [1, 1746], [1, 1746], [1, 1746], [1, 1746], [1, 348], [1, 348]]
single_node_split: True
regular batch size: 2*4096, diving batch size 1*0
best_l after optimization: 732.5680541992188 with beta sum per layer: [0.0, 17050.0390625, 0.0]
optimal alpha/beta time: 1.803875207901001
This batch time : update_bounds func: 2.6865	 prepare: 0.2955	 bound: 1.8040	 transfer: 0.1942	 finalize: 0.3858
Accumulated time: update_bounds func: 10.0719	 prepare: 0.9862	 bound: 7.3691	 transfer: 0.1942	 finalize: 0.9955
batch bounding time:  2.689403533935547
Current worst splitting domains [lb, ub] (depth):/home/kx46@drexel.edu/workspace/CROWN-GENERAL/complete_verifier/utils.py:312: UserWarning: To copy construct from a tensor, it is recommended to use sourceTensor.clone().detach() or sourceTensor.clone().detach().requires_grad_(True), rather than torch.tensor(sourceTensor).
  eps_temp = torch.tensor(preprocess_cifar(eps_temp, perturbation=True)).reshape(1,-1,1,1)

[-0.14965, 98.779648] (16), [-0.14903, 98.779648] (16), [-0.14883, 98.779648] (16), [-0.14821, 98.779648] (16), [-0.14781, 98.779648] (16), [-0.14715, 98.779648] (16), [-0.14699, 98.779648] (16), [-0.14633, 98.779648] (16), [-0.14547, 98.779648] (16), [-0.14489, 98.779648] (16), [-0.14486, 98.779648] (16), [-0.14469, 98.779648] (16), [-0.14466, 98.779648] (16), [-0.14427, 98.779648] (16), [-0.14409, 98.779648] (16), [-0.14407, 98.779648] (16), [-0.14404, 98.779648] (16), [-0.14390, 98.779648] (16), [-0.14361, 98.779648] (16), [-0.14348, 98.779648] (16), 
length of domains: 12708
Total time: 3.9212	 pickout: 0.3162	 decision: 0.6524	 get_bound: 2.6948	 add_domain: 0.2579
Current lb:-0.14964771270751953
27160 neurons visited
0 diving domains visited
Cumulative time: 14.931462526321411

remaining dive domains: 0/-1, dive_rate:0.0
splitting decisions: [[1, 1241], [1, 1241], [1, 1241], [1, 1241], [1, 1241], [1, 1241], [1, 1241], [1, 1241], [1, 1241], [1, 1241]]
single_node_split: True
regular batch size: 2*4096, diving batch size 1*0
best_l after optimization: 817.5155029296875 with beta sum per layer: [3.276369094848633, 13830.453125, 0.0]
optimal alpha/beta time: 1.7639975547790527
This batch time : update_bounds func: 2.7544	 prepare: 0.2959	 bound: 1.7641	 transfer: 0.2035	 finalize: 0.3453
Accumulated time: update_bounds func: 12.8263	 prepare: 1.2821	 bound: 9.1332	 transfer: 0.2035	 finalize: 1.3407
batch bounding time:  2.7573561668395996
Current worst splitting domains [lb, ub] (depth):
[-0.14661, 98.779648] (17), [-0.14598, 98.779648] (17), [-0.14574, 98.779648] (17), [-0.14511, 98.779648] (17), [-0.14507, 98.779648] (17), [-0.14475, 98.779648] (17), [-0.14444, 98.779648] (17), [-0.14412, 98.779648] (17), [-0.14396, 98.779648] (17), [-0.14390, 98.779648] (17), [-0.14333, 98.779648] (17), [-0.14327, 98.779648] (17), [-0.14321, 98.779648] (17), [-0.14257, 98.779648] (17), [-0.14241, 98.779648] (17), [-0.14212, 98.779648] (17), [-0.14186, 98.779648] (17), [-0.14178, 98.779648] (17), [-0.14155, 98.779648] (17), [-0.14147, 98.779648] (17), 
length of domains: 16804
Total time: 4.0241	 pickout: 0.3179	 decision: 0.6617	 get_bound: 2.7630	 add_domain: 0.2815
Current lb:-0.1466069221496582
35352 neurons visited
0 diving domains visited
Cumulative time: 18.990894317626953

remaining dive domains: 0/-1, dive_rate:0.0
splitting decisions: [[1, 715], [1, 715], [1, 715], [1, 715], [1, 715], [1, 715], [1, 715], [1, 715], [1, 715], [1, 715]]
single_node_split: True
regular batch size: 2*4096, diving batch size 1*0
best_l after optimization: 818.6224975585938 with beta sum per layer: [3.643984079360962, 13242.416015625, 0.0]
optimal alpha/beta time: 1.7295868396759033
This batch time : update_bounds func: 2.6270	 prepare: 0.3053	 bound: 1.7297	 transfer: 0.1977	 finalize: 0.3861
Accumulated time: update_bounds func: 15.4533	 prepare: 1.5874	 bound: 10.8630	 transfer: 0.1977	 finalize: 1.7269
batch bounding time:  2.629984140396118
Current worst splitting domains [lb, ub] (depth):
[-0.14400, 98.779648] (18), [-0.14339, 98.779648] (18), [-0.14317, 98.779648] (18), [-0.14253, 98.779648] (18), [-0.14248, 98.779648] (18), [-0.14200, 98.779648] (18), [-0.14187, 98.779648] (18), [-0.14139, 98.779648] (18), [-0.14136, 98.779648] (18), [-0.14115, 98.779648] (18), [-0.14075, 98.779648] (18), [-0.14051, 98.779648] (18), [-0.14047, 98.779648] (18), [-0.13984, 98.779648] (18), [-0.13981, 98.779648] (18), [-0.13935, 98.779648] (18), [-0.13927, 98.779648] (18), [-0.13918, 98.779648] (18), [-0.13896, 98.779648] (18), [-0.13873, 98.779648] (18), 
length of domains: 20900
Total time: 4.0070	 pickout: 0.3247	 decision: 0.7496	 get_bound: 2.6356	 add_domain: 0.2971
Current lb:-0.14400482177734375
43544 neurons visited
0 diving domains visited
Cumulative time: 23.029303789138794

remaining dive domains: 0/-1, dive_rate:0.0
splitting decisions: [[1, 1], [1, 1], [1, 1], [1, 1], [1, 1], [1, 1], [1, 1], [1, 1], [1, 1], [1, 1]]
single_node_split: True
regular batch size: 2*4096, diving batch size 1*0
best_l after optimization: 853.0108642578125 with beta sum per layer: [1.7733843326568604, 11000.6123046875, 0.0]
optimal alpha/beta time: 1.7685277462005615
This batch time : update_bounds func: 2.7244	 prepare: 0.3078	 bound: 1.7687	 transfer: 0.1988	 finalize: 0.4410
Accumulated time: update_bounds func: 18.1778	 prepare: 1.8952	 bound: 12.6316	 transfer: 0.1988	 finalize: 2.1679
batch bounding time:  2.727912187576294
Current worst splitting domains [lb, ub] (depth):
[-0.14115, 98.779648] (19), [-0.14053, 98.779648] (19), [-0.14031, 98.779648] (19), [-0.13966, 98.779648] (19), [-0.13963, 98.779648] (19), [-0.13920, 98.779648] (19), [-0.13916, 98.779648] (19), [-0.13902, 98.779648] (19), [-0.13858, 98.779648] (19), [-0.13855, 98.779648] (19), [-0.13851, 98.779648] (19), [-0.13836, 98.779648] (19), [-0.13831, 98.779648] (19), [-0.13790, 98.779648] (19), [-0.13772, 98.779648] (19), [-0.13768, 98.779648] (19), [-0.13767, 98.779648] (19), [-0.13764, 98.779648] (19), [-0.13723, 98.779648] (19), [-0.13707, 98.779648] (19), 
length of domains: 24996
Total time: 4.2178	 pickout: 0.3244	 decision: 0.8498	 get_bound: 2.7337	 add_domain: 0.3099
Current lb:-0.14114618301391602
51736 neurons visited
0 diving domains visited
Time out!!!!!!!!
Image 199 pidx 9 verify end, final lower bound -0.14114618301391602, upper bound 98.77964782714844, time: 27.55651068687439
199 -0.14114618301391602
[[  199.             0.             0.             3.59788156
      0.            -1.                    inf            inf]
 [  199.            -0.14114618 51736.            27.55651069
      0.             9.            98.77964783            inf]]
final verified acc: 0.0%[1]
Total verification count: 1 total verified: 0
mean time [cnt:1] (excluding attack success): 31.15439224243164
