Experiments at Fri Nov  5 23:07:56 2021 on CCI-2CPKMH3
Namespace(batch_size=1024, beta_warmup=True, branching_candidates=1, branching_method='fsb', branching_reduceop='min', conv_mode='patches', data='CIFAR', decision_thresh=0, deterministic=False, device='cuda', double_fp=False, end=21, init_iteration=100, intermediate_refinement_layers=[-1], iteration=50, load='../data/cifar_deep_kw.pth', loss_reduction_func='sum', lp_test=None, lr_alpha=0.01, lr_beta=0.05, lr_decay=0.98, lr_init_alpha=0.1, lr_intermediate_beta=0.05, max_refinement_domains=1000, max_subproblems_list=200000, mip_multi_proc=None, mip_perneuron_refine_timeout=15, mip_refine_timeout=0.8, mip_threads=1, mode='complete', model='cifar_model_deep', no_beta=False, no_joint_opt=False, no_warm=False, norm=inf, opt_bias=False, opt_coeffs=False, opt_intermediate_beta=False, optimizer='adam', record_lb=False, refinement_batch_size=-1, seed=100, share_slopes=False, solve_slope=True, start=20, timeout=18.0)
Sequential(
  (0): Conv2d(3, 8, kernel_size=(4, 4), stride=(2, 2), padding=(1, 1))
  (1): ReLU()
  (2): Conv2d(8, 8, kernel_size=(3, 3), stride=(1, 1), padding=(1, 1))
  (3): ReLU()
  (4): Conv2d(8, 8, kernel_size=(3, 3), stride=(1, 1), padding=(1, 1))
  (5): ReLU()
  (6): Conv2d(8, 8, kernel_size=(4, 4), stride=(2, 2), padding=(1, 1))
  (7): ReLU()
  (8): Flatten()
  (9): Linear(in_features=512, out_features=100, bias=True)
  (10): ReLU()
  (11): Linear(in_features=100, out_features=10, bias=True)
)
Files already downloaded and verified
saving results to Verified_ret_[cifar_model_deep]_start=20_end=21_iter=50_b=1024_int-beta=False_timeout=18.0_branching=fsb-min-1_lra-init=0.1_lra=0.01_lrb=0.05_shares=False_joint_opt=True.npy

 %%%%%%%%%%%%%%%%%%%%%%%%%%%%%%%%%%% idx: 0 img ID: 51 %%%%%%%%%%%%%%%%%%%%%%%%%%%%%%%%%%%%%%%%
Idx     51.000
Eps      0.063
prop     4.000
Name: 20, dtype: float64
predicted label  8  correct label  8
##### [0:51] Tested against 4 ######
beta splits: True
alpha-CROWN optimizable variables initialized.
best_l after optimization: 0.2912771701812744 with beta sum per layer: []
optimal alpha/beta time: 5.887263536453247
initial alpha-CROWN bounds: tensor([[-0.2913]], device='cuda:0', grad_fn=<AsStridedBackward>) None
-0.2912771701812744
layer 0 size torch.Size([2048]) unstable 160
layer 1 size torch.Size([2048]) unstable 209
layer 2 size torch.Size([2048]) unstable 233
layer 3 size torch.Size([512]) unstable 67
layer 4 size torch.Size([100]) unstable 31
# of unstable neurons: 700
splitting decisions: [[4, 49]]
single_node_split: True
best_l after optimization: 0.20774030685424805 with beta sum per layer: [0.0, 0.0, 0.0, 0.0, 0.4664480686187744]
optimal alpha/beta time: 0.4810447692871094
This batch time : update_bounds func: 0.4825	 prepare: 0.0008	 bound: 0.4812	 transfer: 0.0004	 finalize: 0.0002
Accumulated time: update_bounds func: 0.4825	 prepare: 0.0008	 bound: 0.4812	 transfer: 0.0004	 finalize: 0.0002
batch bounding time:  0.48249220848083496
Current worst domains: [-0.21329522132873535]
length of domains: 1
Total time: 0.5283	 pickout: 0.0005	 decision: 0.0452	 get_bound: 0.4825	 add_domain: 0.0000
Current lb:-0.21329522132873535
2 neurons visited

splitting decisions: [[4, 10]]
single_node_split: True
best_l after optimization: 0.24207770824432373 with beta sum per layer: [0.0, 0.0, 0.0, 0.0, 0.0]
optimal alpha/beta time: 0.48175549507141113
This batch time : update_bounds func: 0.4832	 prepare: 0.0008	 bound: 0.4819	 transfer: 0.0004	 finalize: 0.0002
Accumulated time: update_bounds func: 0.9657	 prepare: 0.0016	 bound: 0.9630	 transfer: 0.0004	 finalize: 0.0003
batch bounding time:  0.4832272529602051
Current worst domains: [-0.1284846067428589, -0.11359310150146484]
length of domains: 2
Total time: 0.5041	 pickout: 0.0005	 decision: 0.0204	 get_bound: 0.4832	 add_domain: 0.0001
Current lb:-0.1284846067428589
4 neurons visited

splitting decisions: [[4, 51], [4, 51]]
single_node_split: True
best_l after optimization: 0.21972620487213135 with beta sum per layer: [0.0, 0.0, 0.0, 0.0, 0.4517173171043396]
optimal alpha/beta time: 0.4763815402984619
This batch time : update_bounds func: 0.4780	 prepare: 0.0009	 bound: 0.4765	 transfer: 0.0004	 finalize: 0.0002
Accumulated time: update_bounds func: 1.4437	 prepare: 0.0024	 bound: 1.4395	 transfer: 0.0004	 finalize: 0.0005
batch bounding time:  0.4780714511871338
Current worst domains: [-0.07249104976654053, -0.05674028396606445, -0.05571389198303223, -0.03478097915649414]
length of domains: 4
Total time: 0.4998	 pickout: 0.0005	 decision: 0.0211	 get_bound: 0.4781	 add_domain: 0.0001
Current lb:-0.07249104976654053
8 neurons visited

splitting decisions: [[4, 83], [4, 83], [4, 83], [4, 83]]
single_node_split: True
best_l after optimization: 0.02335798740386963 with beta sum per layer: [0.0, 0.0, 0.0, 0.0, 1.2294747829437256]
optimal alpha/beta time: 0.48781490325927734
This batch time : update_bounds func: 0.4900	 prepare: 0.0011	 bound: 0.4879	 transfer: 0.0006	 finalize: 0.0004
Accumulated time: update_bounds func: 1.9337	 prepare: 0.0035	 bound: 1.9274	 transfer: 0.0006	 finalize: 0.0009
batch bounding time:  0.48997926712036133
Current worst domains: [-0.045188188552856445, -0.029731154441833496, -0.029195547103881836, -0.008585929870605469]
length of domains: 4
Total time: 0.5126	 pickout: 0.0007	 decision: 0.0218	 get_bound: 0.4900	 add_domain: 0.0001
Current lb:-0.045188188552856445
16 neurons visited

splitting decisions: [[1, 153], [2, 1945], [2, 1945], [2, 1945]]
single_node_split: True
best_l after optimization: 0.13820481300354004 with beta sum per layer: [0.0, 0.006276166066527367, 0.4648789167404175, 0.0, 0.8645264506340027]
optimal alpha/beta time: 0.4968383312225342
This batch time : update_bounds func: 0.4990	 prepare: 0.0012	 bound: 0.4969	 transfer: 0.0005	 finalize: 0.0004
Accumulated time: update_bounds func: 2.4327	 prepare: 0.0047	 bound: 2.4244	 transfer: 0.0005	 finalize: 0.0013
batch bounding time:  0.49902868270874023
Current worst domains: [-0.04174339771270752, -0.0417170524597168, -0.026414871215820312, -0.02590620517730713, -0.005583286285400391, -0.001026749610900879]
length of domains: 6
Total time: 0.5218	 pickout: 0.0007	 decision: 0.0219	 get_bound: 0.4990	 add_domain: 0.0001
Current lb:-0.04174339771270752
24 neurons visited

splitting decisions: [[2, 1945], [2, 1945], [3, 101], [3, 101], [3, 101], [3, 101]]
single_node_split: True
best_l after optimization: 0.08415579795837402 with beta sum per layer: [0.0, 0.13357612490653992, 0.9267332553863525, 0.5169709920883179, 0.9267310500144958]
optimal alpha/beta time: 0.49775242805480957
This batch time : update_bounds func: 0.5004	 prepare: 0.0015	 bound: 0.4979	 transfer: 0.0005	 finalize: 0.0005
Accumulated time: update_bounds func: 2.9331	 prepare: 0.0061	 bound: 2.9222	 transfer: 0.0005	 finalize: 0.0018
batch bounding time:  0.5004293918609619
Current worst domains: [-0.03841507434844971, -0.038370370864868164, -0.022799134254455566, -0.022797226905822754, -0.011399984359741211, -0.00987398624420166, -0.002872467041015625]
length of domains: 7
Total time: 0.5242	 pickout: 0.0009	 decision: 0.0227	 get_bound: 0.5004	 add_domain: 0.0001
Current lb:-0.03841507434844971
36 neurons visited

splitting decisions: [[3, 101], [3, 101], [3, 92], [3, 92], [3, 101], [3, 101], [3, 92]]
single_node_split: True
best_l after optimization: 0.10998225212097168 with beta sum per layer: [0.0, 0.19752737879753113, 0.8827590346336365, 0.6825644373893738, 0.8768652677536011]
optimal alpha/beta time: 0.4987506866455078
This batch time : update_bounds func: 0.5019	 prepare: 0.0016	 bound: 0.4989	 transfer: 0.0008	 finalize: 0.0006
Accumulated time: update_bounds func: 3.4350	 prepare: 0.0077	 bound: 3.4211	 transfer: 0.0008	 finalize: 0.0024
batch bounding time:  0.5019826889038086
Current worst domains: [-0.03493010997772217, -0.034880876541137695, -0.01874375343322754, -0.018445134162902832, -0.013303518295288086, -0.012414216995239258, -0.007354021072387695, -0.0056951045989990234]
length of domains: 8
Total time: 0.5263	 pickout: 0.0010	 decision: 0.0231	 get_bound: 0.5020	 add_domain: 0.0002
Current lb:-0.03493010997772217
50 neurons visited

splitting decisions: [[3, 92], [3, 92], [3, 93], [3, 93], [3, 93], [3, 93], [3, 92], [3, 92]]
single_node_split: True
best_l after optimization: 0.18598294258117676 with beta sum per layer: [0.0, 0.2082226276397705, 0.8919745087623596, 0.30549854040145874, 0.31861358880996704]
optimal alpha/beta time: 0.49851250648498535
This batch time : update_bounds func: 0.5017	 prepare: 0.0017	 bound: 0.4986	 transfer: 0.0006	 finalize: 0.0007
Accumulated time: update_bounds func: 3.9367	 prepare: 0.0094	 bound: 3.9197	 transfer: 0.0006	 finalize: 0.0031
batch bounding time:  0.5016777515411377
Current worst domains: [-0.03020477294921875, -0.03015291690826416, -0.023604989051818848, -0.023585081100463867, -0.014754176139831543, -0.013832688331604004, -0.012133598327636719, -0.010779023170471191, -0.008179068565368652, -0.007799983024597168]
length of domains: 14
Total time: 0.5295	 pickout: 0.0014	 decision: 0.0260	 get_bound: 0.5017	 add_domain: 0.0003
Current lb:-0.03020477294921875
66 neurons visited

splitting decisions: [[3, 93], [3, 93], [3, 93], [3, 93], [1, 153], [1, 153], [1, 153], [1, 153], [4, 41], [1, 153]]
single_node_split: True
best_l after optimization: -0.3266579508781433 with beta sum per layer: [0.0, 0.40276074409484863, 0.8959898948669434, 0.7462506294250488, 0.6469391584396362]
optimal alpha/beta time: 0.5001039505004883
This batch time : update_bounds func: 0.5049	 prepare: 0.0027	 bound: 0.5002	 transfer: 0.0008	 finalize: 0.0012
Accumulated time: update_bounds func: 4.4415	 prepare: 0.0121	 bound: 4.4200	 transfer: 0.0008	 finalize: 0.0043
batch bounding time:  0.504885196685791
Current worst domains: [-0.02651846408843994, -0.026482105255126953, -0.019932866096496582, -0.01976799964904785, -0.01940762996673584, -0.019378304481506348, -0.014789938926696777, -0.01478421688079834, -0.011819839477539062, -0.011017203330993652]
length of domains: 22
Total time: 0.5324	 pickout: 0.0017	 decision: 0.0253	 get_bound: 0.5049	 add_domain: 0.0005
Current lb:-0.02651846408843994
94 neurons visited

splitting decisions: [[4, 41], [4, 41], [4, 41], [4, 41], [4, 41], [4, 41], [4, 41], [4, 41], [1, 425], [4, 41]]
single_node_split: True
best_l after optimization: -4.632796764373779 with beta sum per layer: [0.0, 1.606819748878479, 0.0, 1.3395633697509766, 1.3510816097259521]
optimal alpha/beta time: 0.5029311180114746
This batch time : update_bounds func: 0.5094	 prepare: 0.0035	 bound: 0.5031	 transfer: 0.0010	 finalize: 0.0018
Accumulated time: update_bounds func: 4.9510	 prepare: 0.0156	 bound: 4.9230	 transfer: 0.0010	 finalize: 0.0061
batch bounding time:  0.5094420909881592
Current worst domains: [-0.024512767791748047, -0.024469494819641113, -0.01795804500579834, -0.01777338981628418, -0.01736736297607422, -0.017367243766784668, -0.012766361236572266, -0.012739896774291992, -0.009539604187011719, -0.009059548377990723]
length of domains: 22
Total time: 0.5402	 pickout: 0.0023	 decision: 0.0280	 get_bound: 0.5095	 add_domain: 0.0004
Current lb:-0.024512767791748047
138 neurons visited

splitting decisions: [[4, 59], [4, 59], [4, 59], [4, 59], [4, 59], [4, 59], [4, 59], [4, 59], [1, 168], [4, 59]]
single_node_split: True
best_l after optimization: 0.07755416631698608 with beta sum per layer: [0.0, 1.8294200897216797, 0.0, 1.283642292022705, 2.039581537246704]
optimal alpha/beta time: 0.49964261054992676
This batch time : update_bounds func: 0.5067	 prepare: 0.0034	 bound: 0.4998	 transfer: 0.0017	 finalize: 0.0018
Accumulated time: update_bounds func: 5.4577	 prepare: 0.0190	 bound: 5.4228	 transfer: 0.0017	 finalize: 0.0079
batch bounding time:  0.5067794322967529
Current worst domains: [-0.018037080764770508, -0.01800072193145752, -0.017833232879638672, -0.017792820930480957, -0.011453032493591309, -0.011327743530273438, -0.011268854141235352, -0.011142611503601074, -0.010931611061096191, -0.010915398597717285]
length of domains: 26
Total time: 0.5381	 pickout: 0.0026	 decision: 0.0281	 get_bound: 0.5068	 add_domain: 0.0005
Current lb:-0.018037080764770508
182 neurons visited

splitting decisions: [[4, 17], [4, 17], [4, 17], [4, 17], [4, 17], [4, 17], [4, 17], [4, 17], [4, 17], [4, 17]]
single_node_split: True
best_l after optimization: -1.3110275268554688 with beta sum per layer: [0.0, 2.4248759746551514, 0.0, 1.4096624851226807, 1.179734468460083]
optimal alpha/beta time: 0.5104622840881348
This batch time : update_bounds func: 0.5180	 prepare: 0.0041	 bound: 0.5106	 transfer: 0.0012	 finalize: 0.0021
Accumulated time: update_bounds func: 5.9757	 prepare: 0.0230	 bound: 5.9334	 transfer: 0.0012	 finalize: 0.0101
batch bounding time:  0.5180749893188477
Current worst domains: [-0.016124844551086426, -0.01609194278717041, -0.015929579734802246, -0.01587235927581787, -0.009553790092468262, -0.009435415267944336, -0.009362936019897461, -0.009267687797546387, -0.009053945541381836, -0.009016275405883789]
length of domains: 24
Total time: 0.5510	 pickout: 0.0027	 decision: 0.0295	 get_bound: 0.5181	 add_domain: 0.0006
Current lb:-0.016124844551086426
234 neurons visited

splitting decisions: [[4, 90], [4, 90], [4, 90], [4, 90], [4, 90], [4, 90], [4, 90], [4, 90], [4, 90], [4, 90]]
single_node_split: True
best_l after optimization: -2.1161420345306396 with beta sum per layer: [0.0, 3.0199503898620605, 0.0, 1.2962470054626465, 4.703465461730957]
optimal alpha/beta time: 0.5005052089691162
This batch time : update_bounds func: 0.5085	 prepare: 0.0038	 bound: 0.5006	 transfer: 0.0018	 finalize: 0.0023
Accumulated time: update_bounds func: 6.4843	 prepare: 0.0268	 bound: 6.4340	 transfer: 0.0018	 finalize: 0.0124
batch bounding time:  0.5085852146148682
Current worst domains: [-0.013906240463256836, -0.013868570327758789, -0.013673543930053711, -0.013631820678710938, -0.007347464561462402, -0.007191777229309082, -0.0071680545806884766, -0.007024645805358887, -0.0068225860595703125, -0.006801486015319824]
length of domains: 20
Total time: 0.5403	 pickout: 0.0026	 decision: 0.0286	 get_bound: 0.5086	 add_domain: 0.0005
Current lb:-0.013906240463256836
282 neurons visited

splitting decisions: [[1, 425], [4, 60], [1, 425], [3, 476], [1, 425], [1, 425], [4, 60], [3, 476], [4, 60], [1, 425]]
single_node_split: True
best_l after optimization: -0.0585482120513916 with beta sum per layer: [0.0, 3.970524787902832, 0.0, 1.245842456817627, 1.112375259399414]
optimal alpha/beta time: 0.5094304084777832
This batch time : update_bounds func: 0.5158	 prepare: 0.0033	 bound: 0.5096	 transfer: 0.0010	 finalize: 0.0019
Accumulated time: update_bounds func: 7.0001	 prepare: 0.0301	 bound: 6.9436	 transfer: 0.0010	 finalize: 0.0143
batch bounding time:  0.5158169269561768
Current worst domains: [-0.012533187866210938, -0.012430667877197266, -0.01229250431060791, -0.012244939804077148, -0.005895376205444336, -0.005834341049194336, -0.005770444869995117, -0.005624175071716309, -0.00548553466796875, -0.0053473711013793945]
length of domains: 18
Total time: 0.5462	 pickout: 0.0022	 decision: 0.0277	 get_bound: 0.5159	 add_domain: 0.0004
Current lb:-0.012533187866210938
322 neurons visited

splitting decisions: [[3, 476], [1, 168], [3, 494], [1, 168], [1, 168], [3, 476], [1, 168], [3, 494], [1, 425], [1, 168]]
single_node_split: True
best_l after optimization: 0.024283289909362793 with beta sum per layer: [0.0, 3.672295570373535, 0.0, 1.5814733505249023, 0.1041862741112709]
optimal alpha/beta time: 0.5214300155639648
This batch time : update_bounds func: 0.5272	 prepare: 0.0031	 bound: 0.5216	 transfer: 0.0009	 finalize: 0.0015
Accumulated time: update_bounds func: 7.5272	 prepare: 0.0333	 bound: 7.4651	 transfer: 0.0009	 finalize: 0.0158
batch bounding time:  0.5272140502929688
Current worst domains: [-0.011221885681152344, -0.010659217834472656, -0.010657906532287598, -0.010124802589416504, -0.00874948501586914, -0.008515715599060059, -0.0044825077056884766, -0.004253983497619629, -0.0041964054107666016, -0.004123568534851074]
length of domains: 22
Total time: 0.5597	 pickout: 0.0021	 decision: 0.0298	 get_bound: 0.5272	 add_domain: 0.0006
Current lb:-0.011221885681152344
358 neurons visited

splitting decisions: [[3, 494], [1, 119], [1, 119], [3, 467], [1, 119], [1, 119], [3, 494], [1, 168], [1, 119], [1, 119]]/home/kx46@drexel.edu/anaconda3/envs/pyt18/lib/python3.7/site-packages/onnx/mapping.py:27: DeprecationWarning: `np.object` is a deprecated alias for the builtin `object`. To silence this warning, use `object` by itself. Doing this will not modify any behavior and is safe. 
Deprecated in NumPy 1.20; for more details and guidance: https://numpy.org/devdocs/release/1.20.0-notes.html#deprecations
  int(TensorProto.STRING): np.dtype(np.object)

single_node_split: True
best_l after optimization: 0.04428732395172119 with beta sum per layer: [0.0, 6.814963340759277, 0.0, 1.7895939350128174, 0.08981248736381531]
optimal alpha/beta time: 0.5214042663574219
This batch time : update_bounds func: 0.5279	 prepare: 0.0035	 bound: 0.5215	 transfer: 0.0010	 finalize: 0.0018
Accumulated time: update_bounds func: 8.0552	 prepare: 0.0368	 bound: 7.9867	 transfer: 0.0010	 finalize: 0.0176
batch bounding time:  0.5279562473297119
Current worst domains: [-0.009049415588378906, -0.00831449031829834, -0.00829470157623291, -0.008127570152282715, -0.00800466537475586, -0.007919907569885254, -0.006390094757080078, -0.006181597709655762, -0.006060481071472168, -0.005750298500061035]
length of domains: 27
Total time: 0.5608	 pickout: 0.0029	 decision: 0.0293	 get_bound: 0.5280	 add_domain: 0.0006
Current lb:-0.009049415588378906
402 neurons visited

splitting decisions: [[3, 467], [1, 395], [1, 395], [3, 469], [1, 395], [1, 395], [1, 395], [1, 395], [1, 395], [1, 395]]
single_node_split: True
best_l after optimization: -0.05256307125091553 with beta sum per layer: [0.0, 5.953457355499268, 0.0, 1.6026008129119873, 0.08423076570034027]
optimal alpha/beta time: 0.4949197769165039
This batch time : update_bounds func: 0.5029	 prepare: 0.0041	 bound: 0.4950	 transfer: 0.0012	 finalize: 0.0024
Accumulated time: update_bounds func: 8.5581	 prepare: 0.0409	 bound: 8.4817	 transfer: 0.0012	 finalize: 0.0201
batch bounding time:  0.5029387474060059
Current worst domains: [-0.0070226192474365234, -0.006323575973510742, -0.006285548210144043, -0.006275773048400879, -0.005966901779174805, -0.005865812301635742, -0.004354715347290039, -0.004134058952331543, -0.004042625427246094, -0.0037131309509277344]
length of domains: 24
Total time: 0.5367	 pickout: 0.0028	 decision: 0.0303	 get_bound: 0.5030	 add_domain: 0.0006
Current lb:-0.0070226192474365234
456 neurons visited

splitting decisions: [[3, 469], [4, 60], [3, 476], [3, 476], [4, 60], [4, 60], [3, 476], [3, 476], [3, 476], [4, 60]]
single_node_split: True
best_l after optimization: -0.13758385181427002 with beta sum per layer: [0.0, 5.180821418762207, 0.0, 0.7709680199623108, 0.09962815046310425]
optimal alpha/beta time: 0.46141576766967773
This batch time : update_bounds func: 0.4683	 prepare: 0.0037	 bound: 0.4615	 transfer: 0.0010	 finalize: 0.0020
Accumulated time: update_bounds func: 9.0263	 prepare: 0.0446	 bound: 8.9432	 transfer: 0.0010	 finalize: 0.0220
batch bounding time:  0.4683380126953125
Current worst domains: [-0.005294084548950195, -0.004990220069885254, -0.004914045333862305, -0.00489354133605957, -0.004623055458068848, -0.004514336585998535, -0.0029802322387695312, -0.0027170181274414062, -0.0027037858963012695, -0.0023505687713623047]
length of domains: 16
Total time: 0.4997	 pickout: 0.0025	 decision: 0.0284	 get_bound: 0.4684	 add_domain: 0.0004
Current lb:-0.005294084548950195
504 neurons visited

splitting decisions: [[1, 425], [1, 425], [3, 494], [3, 494], [3, 476], [3, 476], [3, 494], [3, 494], [3, 494], [3, 476]]
single_node_split: True
best_l after optimization: -0.07450330257415771 with beta sum per layer: [0.0, 4.189178466796875, 0.0, 0.0, 0.026768449693918228]
optimal alpha/beta time: 0.4937093257904053
This batch time : update_bounds func: 0.4988	 prepare: 0.0027	 bound: 0.4938	 transfer: 0.0008	 finalize: 0.0013
Accumulated time: update_bounds func: 9.5251	 prepare: 0.0473	 bound: 9.4371	 transfer: 0.0008	 finalize: 0.0234
batch bounding time:  0.49881410598754883
Current worst domains: [-0.004033923149108887, -0.0037828683853149414, -0.003308892250061035, -0.0031871795654296875, -0.0027337074279785156, -0.002727508544921875, -0.0009998083114624023, -0.0007708072662353516, -0.0007044076919555664, -0.0005459785461425781]
length of domains: 13
Total time: 0.5272	 pickout: 0.0019	 decision: 0.0261	 get_bound: 0.4988	 add_domain: 0.0004
Current lb:-0.004033923149108887
536 neurons visited

splitting decisions: [[1, 168], [1, 168], [3, 494], [3, 494], [3, 467], [3, 467], [3, 494], [3, 467], [3, 494], [3, 467]]
single_node_split: True
best_l after optimization: -0.0671318769454956 with beta sum per layer: [0.0, 2.834620237350464, 0.0, 0.0, 0.02870958298444748]
optimal alpha/beta time: 0.47904181480407715
This batch time : update_bounds func: 0.4841	 prepare: 0.0026	 bound: 0.4792	 transfer: 0.0011	 finalize: 0.0011
Accumulated time: update_bounds func: 10.0092	 prepare: 0.0500	 bound: 9.9162	 transfer: 0.0011	 finalize: 0.0245
batch bounding time:  0.48413753509521484
Current worst domains: [-0.0022798776626586914, -0.0022536516189575195, -0.0011353492736816406, -0.001039266586303711, -0.0007116794586181641, -0.000691533088684082, -0.00036537647247314453, -6.818771362304688e-05]
length of domains: 8
Total time: 0.5109	 pickout: 0.0016	 decision: 0.0250	 get_bound: 0.4842	 add_domain: 0.0002
Current lb:-0.0022798776626586914
562 neurons visited

splitting decisions: [[1, 119], [1, 119], [3, 467], [3, 467], [3, 469], [3, 469], [1, 119], [1, 119]]
single_node_split: True

all verified at 0th iter
best_l after optimization: -0.0389246940612793 with beta sum per layer: [0.0, 1.0857348442077637, 0.0, 0.0, 0.009196692146360874]
optimal alpha/beta time: 0.007344484329223633
This batch time : update_bounds func: 0.0105	 prepare: 0.0018	 bound: 0.0074	 transfer: 0.0005	 finalize: 0.0007
Accumulated time: update_bounds func: 10.0198	 prepare: 0.0518	 bound: 9.9237	 transfer: 0.0005	 finalize: 0.0252
batch bounding time:  0.010547161102294922
Current worst domains: []
length of domains: 0
Total time: 0.0350	 pickout: 0.0011	 decision: 0.0234	 get_bound: 0.0106	 add_domain: 0.0000
No domains left, verification finished!
Image 0 verify end, Time cost: 18.56782054901123
Idx     51.000
Eps      0.063
prop     4.000
Name: 20, dtype: float64 999
[[51, 999, 578, 18.56782341003418, 0, 4]]
[[ 51.         999.         578.          18.56782341   0.
    4.        ]]
time mean: 18.56782341003418, branches mean: 578.0, number of timeout: 0
time median: 18.56782341003418, branches median: 578.0, number of timeout: 0
