Experiments at Fri Nov  5 03:40:20 2021 on huan-Super-Server
saving results to vnn-comp_[mnistfc_instances]_start=15_end=16_iter=20_b=500_int-beta=False_timeout=360_branching=kfsb-max-5_lra-init=0.1_lra=0.01_lrb=0.03_PGD=skip.npz
customized start/end sample from 15 to 16

 %%%%%%%%%%%%%%%%%%%%%%%%%%%%%%%%%%% idx: 0 %%%%%%%%%%%%%%%%%%%%%%%%%%%%%%%%%%%%%%%%
Unexpected input shape in onnx: (784, 1), given (1, 28, 28)
arguments.Config["general"]["complete_verifier"] change: mip -> mip
Model prediction is: tensor([[-1.8291e-02, -2.1606e-02,  2.4616e-02, -1.6876e-02,  1.6772e-03,
          1.2303e-02, -5.0772e-04, -9.5398e-03,  1.0126e+00, -9.5219e-03]],
       device='cuda:0', grad_fn=<AddBackward0>)
alpha-CROWN optimizable variables initialized.
initial CROWN bounds: tensor([[-2.8841, -2.5641, -2.9526, -3.4328, -3.4401, -2.9589, -2.5067, -3.4670,
         -4.9299]], device='cuda:0') None
best_l after optimization: 7.746384143829346 with beta sum per layer: []
optimal alpha/beta time: 1.9468870162963867
initial alpha-CROWN bounds: tensor([[-0.5918, -0.5977, -0.8830, -0.9782, -0.8344, -0.7663, -0.6094, -0.9568,
         -1.5287]], device='cuda:0', grad_fn=<AsStridedBackward0>) None
Academic license - for non-commercial use only - expires 2022-07-16
Using license file /home/shiqi/gurobi.lic
The program tries to detect if we are inside a docker. Hiding ourselves!!
mip_multi_proc: 16, mip_threads: 1, total threads used: 16
build_mip_time: 2.428391218185425
finished building Gurobi MIP model, calling optimize function
lower bounds for all target labels: tensor([-0.5918, -0.5977, -0.8830, -0.9782, -0.8344, -0.7663, -0.6094, -0.9568,
         0.0000, -1.5287], device='cuda:0')
Starting MIP solver for these labels: (9, 3, 7, 2, 4, 5, 6, 1, 0)
/home/shiqi/miniconda3/envs/py37/lib/python3.7/site-packages/onnx/mapping.py:27: DeprecationWarning: `np.object` is a deprecated alias for the builtin `object`. To silence this warning, use `object` by itself. Doing this will not modify any behavior and is safe. 
Deprecated in NumPy 1.20; for more details and guidance: https://numpy.org/devdocs/release/1.20.0-notes.html#deprecations
  int(TensorProto.STRING): np.dtype(np.object)
/home/shiqi/miniconda3/envs/py37/lib/python3.7/site-packages/onnx2pytorch/convert/layer.py:25: UserWarning: The given NumPy array is not writeable, and PyTorch does not support non-writeable tensors. This means you can write to the underlying (supposedly non-writeable) NumPy array using the tensor. You may want to copy the array to protect its data or make it writeable before converting it to a tensor. This type of warning will be suppressed for the rest of this program. (Triggered internally at  /opt/conda/conda-bld/pytorch_1634272168290/work/torch/csrc/utils/tensor_numpy.cpp:189.)
  layer.weight.data = torch.from_numpy(numpy_helper.to_array(weight))
solving MIP for lay6_2, status:15, [-0.8829530477523804]=>[0.0025596667142148664], time: 2.2926185131073s
solving MIP for lay6_9, status:15, [-1.5287351608276367]=>[-0.07726844195308728], time: 2.4212534427642822s
solving MIP for lay6_1, status:15, [-0.5976654291152954]=>[0.06379519311739153], time: 2.4631431102752686s
solving MIP for lay6_0, status:15, [-0.5917753577232361]=>[0.023264643163517784], time: 3.0382754802703857s
solving MIP for lay6_4, status:15, [-0.8344484567642212]=>[0.006203222404923403], time: 3.486967086791992s
solving MIP for lay6_7, status:15, [-0.9568265080451965]=>[0.003912180514388188], time: 3.551783323287964s
solving MIP for lay6_5, status:15, [-0.7663422226905823]=>[0.02489619923991859], time: 3.832923173904419s
solving MIP for lay6_6, status:15, [-0.6094307899475098]=>[0.002401723246388692], time: 3.985926628112793s
solving MIP for lay6_3, status:15, [-0.9782069325447083]=>[0.002625075864491892], time: 4.378965616226196s
MIP solved global bound=tensor([[ 0.0233,  0.0638,  0.0026,  0.0026,  0.0062,  0.0249,  0.0024,  0.0039,
          0.0000, -0.0773]], device='cuda:0')
verified unsafe-mip with init mip!
time threshold left for bab: 112.7557852268219
Result: unsafe-mip in 12.2710 seconds


[]
############# Summary #############
Final verified acc: 0.0% [total 1 examples]
Total verification count: 1 , total verified safe: 0 , verified unsafe: 1 , timeout: 0
max time 12.271017074584961
unsafe-mip (total 1): [0]
