Configurations:

general:
  device: cuda
  seed: 100
  conv_mode: patches
  deterministic: false
  double_fp: false
  loss_reduction_func: sum
  record_bounds: false
  sparse_alpha: true
  save_adv_example: false
  precompile_jit: false
  mode: verified-acc
  complete_verifier: bab
  enable_incomplete_verification: true
  get_crown_verified_acc: false
  csv_name: null
  results_file: null
  root_path: ''
model:
  path: cifar_cnn_a_mix4.model
  cache_onnx_conversion: false
  onnx_quirks: null
  name: cnn_4layer_mix4
  onnx_path: null
  onnx_path_prefix: ''
  onnx_optimization_flags: none
data:
  start: 194
  end: 195
  select_instance: null
  num_outputs: 10
  mean: 0.0
  std: 1.0
  pkl_path: null
  dataset: CIFAR_SDP
  data_filter_path: null
  data_idx_file: null
specification:
  type: lp
  norm: .inf
  epsilon: 0.00784313725
  vnnlib_path: null
  vnnlib_path_prefix: ''
solver:
  batch_size: 4096
  no_float64_last_iter: true
  no_amp: false
  early_stop_patience: 10
  start_save_best: 2
  bound_prop_method: alpha-crown
  prune_after_crown: false
  crown:
    batch_size: 1000000000
    max_crown_size: 1000000000
  alpha-crown:
    alpha: true
    lr_alpha: 0.1
    iteration: 100
    share_slopes: false
    no_joint_opt: false
    lr_decay: 0.98
    full_conv_alpha: true
  beta-crown:
    min_batch_size_ratio: 0.1
    lr_alpha: 0.01
    lr_beta: 0.05
    lr_decay: 0.98
    optimizer: adam
    iteration: 20
    beta: true
    beta_warmup: true
    enable_opt_interm_bounds: false
    all_node_split_LP: false
  forward:
    refine: false
    dynamic: false
    max_dim: 10000
  intermediate_refinement:
    enabled: false
    batch_size: 10
    opt_coeffs: false
    opt_bias: false
    lr: 0.05
    layers: [-1]
    max_domains: 1000
    solver_pkg: gurobi
  multi_class:
    multi_class_method: allclass_domain
    label_batch_size: 32
    skip_with_refined_bound: true
  mip:
    parallel_solvers: null
    solver_threads: 1
    refine_neuron_timeout: 15
    refine_neuron_time_percentage: 0.8
    early_stop: true
    adv_warmup: true
bab:
  initial_max_domains: 1
  max_domains: 200000
  decision_thresh: 0
  timeout: 30
  timeout_scale: 1
  override_timeout: null
  get_upper_bound: false
  dfs_percent: 0.0
  pruning_in_iteration: true
  pruning_in_iteration_ratio: 0.2
  sort_targets: false
  batched_domain_list: true
  optimized_intermediate_layers: ''
  interm_transfer: true
  cut:
    enabled: false
    bab_cut: false
    lp_cut: false
    method: null
    lr_decay: 1.0
    iteration: 100
    bab_iteration: -1
    early_stop_patience: -1
    lr_beta: 0.02
    number_cuts: 50
    topk_cuts_in_filter: 100
    batch_size_primal: 100
    add_implied_cuts: false
    add_input_cuts: false
    _tmp_cuts: null
    _eran_cuts: null
    max_num: 1000000000
    fixed_cuts: false
    patches_cut: false
    cplex_cuts: false
    cplex_cuts_wait: 0
    cplex_cuts_revpickup: true
    cut_reference_bounds: true
    fix_intermediate_bounds: false
    lr: 0.01
  branching:
    method: kfsb
    candidates: 3
    reduceop: min
    sb_coeff_thresh: 0.001
    input_split:
      enable: false
      enhanced_bound_prop_method: alpha-crown
      enhanced_branching_method: naive
      enhanced_bound_patience: 100000000.0
      attack_patience: 100000000.0
      adv_check: 0
      sort_domain_interval: -1
  attack:
    enabled: false
    beam_candidates: 8
    beam_depth: 7
    max_dive_fix_ratio: 0.8
    min_local_free_ratio: 0.2
    mip_timeout: 30.0
    mip_start_iteration: 5
    max_dive_domains: -1
    num_dive_constraints: 50
    dive_rate: 0.2
    adv_dive: false
    adv_pool_threshold: null
    refined_mip_attacker: false
    refined_batch_size: null
attack:
  pgd_order: skip
  pgd_steps: 100
  pgd_restarts: 50
  pgd_early_stop: true
  pgd_lr_decay: 0.99
  pgd_alpha: auto
  pgd_loss_mode: null
  attack_mode: PGD
  gama_lambda: 10.0
  gama_decay: 0.9
  check_clean: false
  input_split:
    pgd_steps: 100
    pgd_restarts: 30
    pgd_alpha: auto
  input_split_enhanced:
    pgd_steps: 200
    pgd_restarts: 5000000
    pgd_alpha: auto
  input_split_check_adv:
    pgd_steps: 5
    pgd_restarts: 5
    pgd_alpha: auto
  enable_mip_attack: false
  cex_path: ./test_cex.txt
debug:
  lp_test: null

Experiments at Tue Aug 23 12:05:48 2022 on diablo.cs.ucla.edu
Sequential(
  (0): Conv2d(3, 16, kernel_size=(4, 4), stride=(2, 2), padding=(1, 1))
  (1): ReLU()
  (2): Conv2d(16, 32, kernel_size=(4, 4), stride=(2, 2), padding=(1, 1))
  (3): ReLU()
  (4): Flatten()
  (5): Linear(in_features=2048, out_features=100, bias=True)
  (6): ReLU()
  (7): Linear(in_features=100, out_features=10, bias=True)
)
############################
Sampled data loaded. Data already preprocessed!
Shape: torch.Size([200, 3, 32, 32]) torch.Size([200]) torch.Size([200])
X range: tensor(2.12560368) tensor(-1.98888886) tensor(-0.01308715)
############################
saving results to Verified_ret_[cnn_4layer_mix4]_start=194_end=195_iter=20_b=4096_timeout=30_branching=kfsb-min-3_lra-init=0.1_lra=0.01_lrb=0.05_PGD=skip_cplex_cuts=False_multiclass=allclass_domain.npy

 %%%%%%%%%%%%%%%%%%%%%%%%%%%%%%%%%%% idx: 0, vnnlib ID: 194 %%%%%%%%%%%%%%%%%%%%%%%%%%%%%%%%%%%%%%%%
Model prediction is: tensor([[-20.57879448, -25.87275696, -18.40335274, -22.53392982, -18.78348923,
         -22.35590363, -20.82909012, -22.13958740, -23.90252686, -25.55131531]],
       device='cuda:0')
layer /input.4 using sparse-features alpha with shape [942]; unstable size 942; total size 4096 (torch.Size([1, 16, 16, 16]))
layer /input.4 start_node /input.8 using sparse-spec alpha with unstable size 298 total_size 2048 output_shape (32, 8, 8)
layer /input.4 start_node /input.12 using sparse-spec alpha with unstable size 22 total_size 100 output_shape torch.Size([100])
layer /input.4 start_node /23 using full alpha with unstable size None total_size 9 output_shape 9
layer /12 using sparse-features alpha with shape [298]; unstable size 298; total size 2048 (torch.Size([1, 32, 8, 8]))
layer /12 start_node /input.12 using sparse-spec alpha with unstable size 22 total_size 100 output_shape torch.Size([100])
layer /12 start_node /23 using full alpha with unstable size None total_size 9 output_shape 9
layer /22 using sparse-features alpha with shape [22]; unstable size 22; total size 100 (torch.Size([1, 100]))
layer /22 start_node /23 using full alpha with unstable size None total_size 9 output_shape 9
Optimizable variables initialized.
initial CROWN bounds: tensor([[ 0.78787971,  5.47186184,  3.06105709, -0.50585920,  2.82687855,
          1.17288101,  2.26738620,  3.64541554,  5.32217312]], device='cuda:0') None
best_l after optimization: 24.71967124938965 with beta sum per layer: []
alpha/beta optimization time: 5.474197626113892
initial alpha-CROWN bounds: tensor([[ 0.86355162,  5.58445072,  3.10567021, -0.45334372,  2.87721634,
          1.22832274,  2.34381008,  3.75303125,  5.41696072]], device='cuda:0')
Worst class: (+ rhs) -0.4533437192440033
Total VNNLIB file length: 9, max property batch size: 1, total number of batches: 9
lA shape: [torch.Size([1, 9, 16, 16, 16]), torch.Size([1, 9, 32, 8, 8]), torch.Size([1, 9, 100])]

Properties batch 0, size 1
Remaining timeout: 20.430696487426758
##### [0] Spec matrix: [[[-1.  0.  1.  0.  0.  0.  0.  0.  0.  0.]]], thresh: [0] ######
Init opt crown verified for spec index [0] with bound tensor([[0.86355162]], device='cuda:0').

Properties batch 1, size 1
Remaining timeout: 20.35617208480835
##### [0] Spec matrix: [[[ 0. -1.  1.  0.  0.  0.  0.  0.  0.  0.]]], thresh: [0] ######
Init opt crown verified for spec index [0] with bound tensor([[5.58445072]], device='cuda:0').

Properties batch 2, size 1
Remaining timeout: 20.311865091323853
##### [0] Spec matrix: [[[ 0.  0.  1. -1.  0.  0.  0.  0.  0.  0.]]], thresh: [0] ######
Init opt crown verified for spec index [0] with bound tensor([[3.10567021]], device='cuda:0').

Properties batch 3, size 1
Remaining timeout: 20.266953706741333
##### [0] Spec matrix: [[[ 0.  0.  1.  0. -1.  0.  0.  0.  0.  0.]]], thresh: [0] ######
Remaining spec index [0] with bounds tensor([[-0.45334372]], device='cuda:0') need to verify.
Model prediction is: tensor([-20.57879448, -25.87275696, -18.40335274, -22.53392982, -18.78348923,
        -22.35590363, -20.82909012, -22.13958740, -23.90252686, -25.55131531],
       device='cuda:0')
build_the_model_with_refined_bounds batch [0/1]
setting alpha for layer /input.4 start_node /23 with alignment adjustment
setting alpha for layer /12 start_node /23 with alignment adjustment
setting alpha for layer /22 start_node /23 with alignment adjustment
all slope initialized
directly get lb and ub from refined bounds
lA shapes: [torch.Size([1, 1, 16, 16, 16]), torch.Size([1, 1, 32, 8, 8]), torch.Size([1, 1, 100])]
c shape: torch.Size([1, 1, 10])
alpha-CROWN with fixed intermediate bounds: tensor([[-0.45334372]], device='cuda:0') tensor([[inf]], device='cuda:0')
Keeping slopes for these layers: ['/23']
Keeping slopes for these layers: ['/23']
layer 0 size torch.Size([4096]) unstable 942
layer 1 size torch.Size([2048]) unstable 292
layer 2 size torch.Size([100]) unstable 22
-----------------
# of unstable neurons: 1256
-----------------

remaining dive domains: 0/-1, dive_rate:0.0
batch:  torch.Size([1, 16, 16, 16]) pre split depth:  8
batch:  torch.Size([1, 16, 16, 16]) post split depth:  8
splitting decisions: 
split level 0: [2, 58] 
split level 1: [2, 97] 
split level 2: [2, 90] 
split level 3: [2, 67] 
split level 4: [2, 2] 
split level 5: [2, 79] 
split level 6: [2, 86] 
split level 7: [2, 56] 
regular batch size: 2*128, diving batch size 1*0
(256, 3, 32, 32) torch.Size([256, 1, 10]) torch.Size([256, 1])
pruning_in_iteration open status: True
ratio of positive domain = 227 / 256 = 0.88671875
pruning-in-iteration extra time: 0.011639118194580078
Tensors transferred: pre=3.0488M lA=0.1727M alpha=0.6162M beta=0.0020M
This batch time : update_bounds func: 0.6823	 prepare: 0.0165	 bound: 0.6498	 transfer: 0.0105	 finalize: 0.0048
Accumulated time: update_bounds func: 0.6823	 prepare: 0.0165	 bound: 0.6498	 transfer: 0.0105	 finalize: 0.0048
batch bounding time:  0.6823318004608154
Current worst splitting domains lb-rhs (depth):
-0.22263 (8), -0.19840 (8), -0.19636 (8), -0.17825 (8), -0.17363 (8), -0.15425 (8), -0.14625 (8), -0.12844 (8), -0.12529 (8), -0.12447 (8), -0.10528 (8), -0.10504 (8), -0.10228 (8), -0.07824 (8), -0.06121 (8), -0.06039 (8), -0.05229 (8), -0.04668 (8), -0.04667 (8), -0.03108 (8), 
length of domains: 29
Total time: 1.1705	 pickout: 0.0010	 decision: 0.4529	 get_bound: 0.7122	 add_domain: 0.0044
Accumulated time:	 pickout: 0.0010	 decision: 0.4529	 get_bound: 0.7122	 add_domain: 0.0044
Current (lb-rhs): -0.22263267636299133
227 domains visited
Cumulative time: 1.219918966293335

remaining dive domains: 0/-1, dive_rate:0.0
batch:  torch.Size([29, 16, 16, 16]) pre split depth:  3
batch:  torch.Size([29, 16, 16, 16]) post split depth:  3
splitting decisions: 
split level 0: [1, 170] [1, 170] [2, 83] [2, 83] [2, 83] [1, 170] [1, 170] [2, 83] [2, 83] [1, 170] 
split level 1: [1, 1364] [1, 1364] [1, 170] [2, 14] [2, 14] [2, 83] [2, 83] [1, 170] [2, 14] [2, 83] 
split level 2: [1, 1573] [1, 1573] [2, 14] [1, 170] [1, 170] [2, 14] [2, 14] [2, 14] [1, 170] [2, 14] 
regular batch size: 2*116, diving batch size 1*0
(232, 3, 32, 32) torch.Size([232, 1, 10]) torch.Size([232, 1])
pruning_in_iteration open status: True
ratio of positive domain = 179 / 232 = 0.771551724137931
pruning-in-iteration extra time: 0.012228727340698242
Tensors transferred: pre=2.7630M lA=0.3156M alpha=0.5584M beta=0.0029M
This batch time : update_bounds func: 0.2670	 prepare: 0.0177	 bound: 0.2379	 transfer: 0.0044	 finalize: 0.0065
Accumulated time: update_bounds func: 0.9492	 prepare: 0.0343	 bound: 0.8878	 transfer: 0.0150	 finalize: 0.0113
batch bounding time:  0.26705312728881836
Current worst splitting domains lb-rhs (depth):
-0.20684 (11), -0.20155 (11), -0.18132 (11), -0.18085 (11), -0.17715 (11), -0.17491 (11), -0.16156 (11), -0.15673 (11), -0.15633 (11), -0.15232 (11), -0.13375 (11), -0.13116 (11), -0.12857 (11), -0.12497 (11), -0.11104 (11), -0.10674 (11), -0.10606 (11), -0.10378 (11), -0.10264 (11), -0.10183 (11), 
length of domains: 53
Total time: 0.3260	 pickout: 0.0014	 decision: 0.0304	 get_bound: 0.2885	 add_domain: 0.0057
Accumulated time:	 pickout: 0.0024	 decision: 0.4832	 get_bound: 1.0008	 add_domain: 0.0101
Current (lb-rhs): -0.20683711767196655
406 domains visited
Cumulative time: 1.546485185623169

remaining dive domains: 0/-1, dive_rate:0.0
batch:  torch.Size([53, 16, 16, 16]) pre split depth:  2
batch:  torch.Size([53, 16, 16, 16]) post split depth:  2
splitting decisions: 
split level 0: [1, 1113] [1, 1113] [1, 1382] [1, 1355] [1, 1995] [1, 1113] [1, 1113] [1, 1113] [1, 1113] [1, 1113] 
split level 1: [1, 615] [0, 2919] [1, 1073] [1, 1113] [1, 1355] [1, 30] [1, 31] [1, 1363] [0, 2950] [0, 2950] 
regular batch size: 2*106, diving batch size 1*0
(212, 3, 32, 32) torch.Size([212, 1, 10]) torch.Size([212, 1])
pruning_in_iteration open status: False
ratio of positive domain = 35 / 212 = 0.16509433962264153
pruning-in-iteration extra time: 0.00011515617370605469
Tensors transferred: pre=2.5248M lA=1.2624M alpha=0.5103M beta=0.0028M
This batch time : update_bounds func: 0.2243	 prepare: 0.0164	 bound: 0.1982	 transfer: 0.0049	 finalize: 0.0043
Accumulated time: update_bounds func: 1.1735	 prepare: 0.0507	 bound: 1.0860	 transfer: 0.0199	 finalize: 0.0157
batch bounding time:  0.22435641288757324
Current worst splitting domains lb-rhs (depth):
-0.19919 (13), -0.19655 (13), -0.19559 (13), -0.19391 (13), -0.19295 (13), -0.19127 (13), -0.19061 (13), -0.18796 (13), -0.17457 (13), -0.17383 (13), -0.17142 (13), -0.17109 (13), -0.17103 (13), -0.16918 (13), -0.16819 (13), -0.16751 (13), -0.16740 (13), -0.16602 (13), -0.16559 (13), -0.16503 (13), 
length of domains: 176
Total time: 0.2839	 pickout: 0.0012	 decision: 0.0318	 get_bound: 0.2381	 add_domain: 0.0128
Accumulated time:	 pickout: 0.0036	 decision: 0.5150	 get_bound: 1.2389	 add_domain: 0.0229
Current (lb-rhs): -0.19919118285179138
442 domains visited
Cumulative time: 1.8309361934661865

remaining dive domains: 0/-1, dive_rate:0.0
batch:  torch.Size([176, 16, 16, 16]) pre split depth:  1
batch:  torch.Size([176, 16, 16, 16]) post split depth:  1
splitting decisions: 
split level 0: [0, 2919] [0, 2950] [1, 1354] [1, 1113] [1, 17] [1, 1363] [1, 17] [1, 1995] [1, 1354] [1, 1995] 
regular batch size: 2*176, diving batch size 1*0
(352, 3, 32, 32) torch.Size([352, 1, 10]) torch.Size([352, 1])
pruning_in_iteration open status: False
ratio of positive domain = 7 / 352 = 0.019886363636363646
pruning-in-iteration extra time: 0.00011372566223144531
Tensors transferred: pre=4.1921M lA=2.0961M alpha=0.8473M beta=0.0054M
This batch time : update_bounds func: 0.2485	 prepare: 0.0257	 bound: 0.1991	 transfer: 0.0159	 finalize: 0.0073
Accumulated time: update_bounds func: 1.4221	 prepare: 0.0764	 bound: 1.2850	 transfer: 0.0357	 finalize: 0.0230
batch bounding time:  0.24859070777893066
Current worst splitting domains lb-rhs (depth):
-0.19625 (14), -0.19461 (14), -0.19270 (14), -0.19269 (14), -0.19104 (14), -0.18987 (14), -0.18941 (14), -0.18914 (14), -0.18774 (14), -0.18748 (14), -0.18675 (14), -0.18632 (14), -0.18466 (14), -0.18417 (14), -0.18179 (14), -0.18136 (14), -0.17113 (14), -0.17053 (14), -0.16885 (14), -0.16833 (14), 
length of domains: 337
Total time: 0.3227	 pickout: 0.0024	 decision: 0.0491	 get_bound: 0.2486	 add_domain: 0.0225
Accumulated time:	 pickout: 0.0060	 decision: 0.5641	 get_bound: 1.4876	 add_domain: 0.0454
Current (lb-rhs): -0.19625259935855865
457 domains visited
Cumulative time: 2.1546545028686523

remaining dive domains: 0/-1, dive_rate:0.0
batch:  torch.Size([337, 16, 16, 16]) pre split depth:  1
batch:  torch.Size([337, 16, 16, 16]) post split depth:  1
splitting decisions: 
split level 0: [1, 623] [1, 1997] [1, 1364] [1, 1354] [1, 1354] [1, 1355] [1, 30] [1, 1364] [1, 1363] [1, 1356] 
regular batch size: 2*337, diving batch size 1*0
(674, 3, 32, 32) torch.Size([674, 1, 10]) torch.Size([674, 1])
pruning_in_iteration open status: False
ratio of positive domain = 12 / 674 = 0.017804154302670572
pruning-in-iteration extra time: 0.0001201629638671875
Tensors transferred: pre=8.0270M lA=4.0135M alpha=1.6224M beta=0.0109M
This batch time : update_bounds func: 0.3389	 prepare: 0.0476	 bound: 0.2505	 transfer: 0.0251	 finalize: 0.0145
Accumulated time: update_bounds func: 1.7610	 prepare: 0.1241	 bound: 1.5355	 transfer: 0.0609	 finalize: 0.0375
batch bounding time:  0.3390810489654541
Current worst splitting domains lb-rhs (depth):
-0.19347 (15), -0.19183 (15), -0.19003 (15), -0.18995 (15), -0.18830 (15), -0.18829 (15), -0.18805 (15), -0.18755 (15), -0.18716 (15), -0.18666 (15), -0.18652 (15), -0.18585 (15), -0.18520 (15), -0.18498 (15), -0.18486 (15), -0.18450 (15), -0.18392 (15), -0.18362 (15), -0.18332 (15), -0.18287 (15), 
length of domains: 642
Total time: 0.4617	 pickout: 0.0042	 decision: 0.0760	 get_bound: 0.3391	 add_domain: 0.0423
Accumulated time:	 pickout: 0.0102	 decision: 0.6401	 get_bound: 1.8267	 add_domain: 0.0877
Current (lb-rhs): -0.19346749782562256
489 domains visited
Cumulative time: 2.617968797683716

remaining dive domains: 0/-1, dive_rate:0.0
batch:  torch.Size([642, 16, 16, 16]) pre split depth:  1
batch:  torch.Size([642, 16, 16, 16]) post split depth:  1
splitting decisions: 
split level 0: [0, 2950] [1, 615] [1, 1995] [1, 31] [1, 2000] [1, 2000] [1, 2000] [1, 1356] [1, 1356] [1, 31] 
regular batch size: 2*642, diving batch size 1*0
(1284, 3, 32, 32) torch.Size([1284, 1, 10]) torch.Size([1284, 1])
pruning_in_iteration open status: False
ratio of positive domain = 40 / 1284 = 0.031152647975077885
pruning-in-iteration extra time: 0.0001418590545654297
Tensors transferred: pre=15.2918M lA=7.6459M alpha=3.0907M beta=0.0220M
This batch time : update_bounds func: 0.4775	 prepare: 0.0901	 bound: 0.3162	 transfer: 0.0442	 finalize: 0.0249
Accumulated time: update_bounds func: 2.2386	 prepare: 0.2141	 bound: 1.8517	 transfer: 0.1051	 finalize: 0.0623
batch bounding time:  0.47758913040161133
Current worst splitting domains lb-rhs (depth):
-0.19059 (16), -0.18989 (16), -0.18912 (16), -0.18828 (16), -0.18708 (16), -0.18673 (16), -0.18641 (16), -0.18634 (16), -0.18558 (16), -0.18541 (16), -0.18473 (16), -0.18471 (16), -0.18468 (16), -0.18457 (16), -0.18437 (16), -0.18409 (16), -0.18399 (16), -0.18394 (16), -0.18344 (16), -0.18321 (16), 
length of domains: 1223
Total time: 0.8354	 pickout: 0.0076	 decision: 0.1894	 get_bound: 0.4776	 add_domain: 0.1607
Accumulated time:	 pickout: 0.0178	 decision: 0.8296	 get_bound: 2.3043	 add_domain: 0.2484
Current (lb-rhs): -0.1905927062034607
550 domains visited
Cumulative time: 3.457150459289551

remaining dive domains: 0/-1, dive_rate:0.0
batch:  torch.Size([1223, 16, 16, 16]) pre split depth:  1
batch:  torch.Size([1223, 16, 16, 16]) post split depth:  1
splitting decisions: 
split level 0: [1, 1048] [1, 1356] [0, 921] [1, 1363] [1, 27] [1, 1981] [1, 1113] [0, 921] [1, 1997] [0, 921] 
regular batch size: 2*1223, diving batch size 1*0
(2446, 3, 32, 32) torch.Size([2446, 1, 10]) torch.Size([2446, 1])
pruning_in_iteration open status: False
ratio of positive domain = 181 / 2446 = 0.0739983646770237
pruning-in-iteration extra time: 0.0001323223114013672
Tensors transferred: pre=29.1306M lA=14.5653M alpha=5.8877M beta=0.0467M
This batch time : update_bounds func: 0.8722	 prepare: 0.1763	 bound: 0.5446	 transfer: 0.0987	 finalize: 0.0484
Accumulated time: update_bounds func: 3.1108	 prepare: 0.3905	 bound: 2.3963	 transfer: 0.2038	 finalize: 0.1107
batch bounding time:  0.8725764751434326
Current worst splitting domains lb-rhs (depth):
-0.18758 (17), -0.18690 (17), -0.18678 (17), -0.18634 (17), -0.18592 (17), -0.18564 (17), -0.18497 (17), -0.18478 (17), -0.18407 (17), -0.18375 (17), -0.18351 (17), -0.18339 (17), -0.18322 (17), -0.18289 (17), -0.18279 (17), -0.18248 (17), -0.18241 (17), -0.18239 (17), -0.18224 (17), -0.18211 (17), 
length of domains: 2252
Total time: 1.4602	 pickout: 0.0158	 decision: 0.2924	 get_bound: 0.8728	 add_domain: 0.2792
Accumulated time:	 pickout: 0.0336	 decision: 1.1219	 get_bound: 3.1771	 add_domain: 0.5277
Current (lb-rhs): -0.1875794529914856
744 domains visited
Cumulative time: 4.923375606536865

remaining dive domains: 0/-1, dive_rate:0.0
batch:  torch.Size([2252, 16, 16, 16]) pre split depth:  1
batch:  torch.Size([2252, 16, 16, 16]) post split depth:  1
splitting decisions: 
split level 0: [1, 375] [0, 921] [1, 1364] [1, 1992] [1, 1354] [1, 1363] [1, 27] [1, 1996] [1, 2000] [1, 2000] 
regular batch size: 2*2252, diving batch size 1*0
(4504, 3, 32, 32) torch.Size([4504, 1, 10]) torch.Size([4504, 1])
pruning_in_iteration open status: False
ratio of positive domain = 256 / 4504 = 0.056838365896980436
pruning-in-iteration extra time: 0.00017333030700683594
Tensors transferred: pre=53.6403M lA=26.8202M alpha=10.8415M beta=0.0902M
This batch time : update_bounds func: 1.6332	 prepare: 0.3199	 bound: 1.0281	 transfer: 0.1867	 finalize: 0.0912
Accumulated time: update_bounds func: 4.7440	 prepare: 0.7103	 bound: 3.4244	 transfer: 0.3905	 finalize: 0.2019
batch bounding time:  1.633843183517456
Current worst splitting domains lb-rhs (depth):
-0.18520 (18), -0.18453 (18), -0.18439 (18), -0.18396 (18), -0.18355 (18), -0.18323 (18), -0.18308 (18), -0.18260 (18), -0.18241 (18), -0.18241 (18), -0.18227 (18), -0.18184 (18), -0.18168 (18), -0.18143 (18), -0.18138 (18), -0.18113 (18), -0.18113 (18), -0.18101 (18), -0.18084 (18), -0.18053 (18), 
length of domains: 4213
Total time: 2.8476	 pickout: 0.0277	 decision: 0.5603	 get_bound: 1.6340	 add_domain: 0.6255
Accumulated time:	 pickout: 0.0613	 decision: 1.6822	 get_bound: 4.8111	 add_domain: 1.1532
Current (lb-rhs): -0.18519800901412964
1035 domains visited
Cumulative time: 7.7820210456848145

remaining dive domains: 0/-1, dive_rate:0.0
batch:  torch.Size([4096, 16, 16, 16]) pre split depth:  1
batch:  torch.Size([4096, 16, 16, 16]) post split depth:  1
splitting decisions: 
split level 0: [1, 1981] [1, 17] [1, 1048] [1, 1386] [1, 2000] [1, 31] [1, 772] [1, 1981] [1, 27] [1, 2000] 
regular batch size: 2*4096, diving batch size 1*0
(8192, 3, 32, 32) torch.Size([8192, 1, 10]) torch.Size([8192, 1])
pruning_in_iteration open status: False
ratio of positive domain = 397 / 8192 = 0.0484619140625
pruning-in-iteration extra time: 0.0003037452697753906
Tensors transferred: pre=97.5625M lA=48.7812M alpha=19.7188M beta=0.1719M
This batch time : update_bounds func: 3.0340	 prepare: 0.5777	 bound: 1.8712	 transfer: 0.3318	 finalize: 0.1703
Accumulated time: update_bounds func: 7.7781	 prepare: 1.2881	 bound: 5.2956	 transfer: 0.7223	 finalize: 0.3721
batch bounding time:  3.034977912902832
Current worst splitting domains lb-rhs (depth):
-0.18260 (19), -0.18207 (19), -0.18194 (19), -0.18180 (19), -0.18141 (19), -0.18137 (19), -0.18127 (19), -0.18096 (19), -0.18083 (19), -0.18064 (19), -0.18047 (19), -0.18043 (19), -0.18011 (19), -0.18002 (19), -0.17994 (19), -0.17982 (19), -0.17980 (19), -0.17966 (19), -0.17949 (19), -0.17929 (19), 
length of domains: 7816
Total time: 4.8064	 pickout: 0.0480	 decision: 1.0214	 get_bound: 3.0352	 add_domain: 0.7018
Accumulated time:	 pickout: 0.1093	 decision: 2.7037	 get_bound: 7.8463	 add_domain: 1.8550
Current (lb-rhs): -0.1826004683971405
1528 domains visited
Cumulative time: 12.606495380401611

remaining dive domains: 0/-1, dive_rate:0.0
batch:  torch.Size([4096, 16, 16, 16]) pre split depth:  1
batch:  torch.Size([4096, 16, 16, 16]) post split depth:  1
splitting decisions: 
split level 0: [1, 166] [1, 27] [1, 1356] [1, 1354] [1, 17] [1, 2000] [0, 921] [1, 2000] [1, 27] [1, 166] 
regular batch size: 2*4096, diving batch size 1*0
(8192, 3, 32, 32) torch.Size([8192, 1, 10]) torch.Size([8192, 1])
pruning_in_iteration open status: False
ratio of positive domain = 539 / 8192 = 0.0657958984375
pruning-in-iteration extra time: 0.0003376007080078125
Tensors transferred: pre=97.5625M lA=48.7812M alpha=19.7188M beta=0.1875M
This batch time : update_bounds func: 2.9540	 prepare: 0.5848	 bound: 1.8699	 transfer: 0.3212	 finalize: 0.1649
Accumulated time: update_bounds func: 10.7321	 prepare: 1.8728	 bound: 7.1655	 transfer: 1.0435	 finalize: 0.5370
batch bounding time:  2.954913854598999
Current worst splitting domains lb-rhs (depth):
-0.18260 (19), -0.18194 (19), -0.18180 (19), -0.18137 (19), -0.18096 (19), -0.18064 (19), -0.18002 (19), -0.17993 (20), -0.17982 (19), -0.17980 (19), -0.17966 (19), -0.17927 (20), -0.17923 (19), -0.17914 (20), -0.17908 (19), -0.17882 (19), -0.17880 (19), -0.17876 (18), -0.17871 (20), -0.17854 (19), 
length of domains:/home/zhouxingshi/gputest/CROWN-GENERAL/complete_verifier/utils.py:584: UserWarning: To copy construct from a tensor, it is recommended to use sourceTensor.clone().detach() or sourceTensor.clone().detach().requires_grad_(True), rather than torch.tensor(sourceTensor).
  eps_temp = torch.tensor(preprocess_cifar(eps_temp, perturbation=True)).reshape(1,-1,1,1)
/home/zhouxingshi/gputest/CROWN-GENERAL/complete_verifier/abcrown.py:95: UserWarning: Creating a tensor from a list of numpy.ndarrays is extremely slow. Please consider converting the list to a single numpy.ndarray with numpy.array() before converting to a tensor. (Triggered internally at  /opt/conda/conda-bld/pytorch_1646755953518/work/torch/csrc/utils/tensor_new.cpp:210.)
  arguments.Config["bab"]["decision_thresh"] = torch.tensor([item[1] for item in vnnlib[1]]).to(data)
 11244
Total time: 5.1218	 pickout: 0.0491	 decision: 0.9534	 get_bound: 2.9550	 add_domain: 1.1643
Accumulated time:	 pickout: 0.1583	 decision: 3.6571	 get_bound: 10.8013	 add_domain: 3.0193
Current (lb-rhs): -0.1826004683971405
2196 domains visited
Cumulative time: 17.74818229675293

remaining dive domains: 0/-1, dive_rate:0.0
batch:  torch.Size([4096, 16, 16, 16]) pre split depth:  1
batch:  torch.Size([4096, 16, 16, 16]) post split depth:  1
splitting decisions: 
split level 0: [0, 434] [1, 1992] [1, 166] [1, 1981] [1, 1246] [0, 2919] [1, 166] [1, 27] [1, 1363] [1, 1060] 
regular batch size: 2*4096, diving batch size 1*0
(8192, 3, 32, 32) torch.Size([8192, 1, 10]) torch.Size([8192, 1])
pruning_in_iteration open status: False
ratio of positive domain = 446 / 8192 = 0.054443359375
pruning-in-iteration extra time: 0.0003058910369873047
Tensors transferred: pre=97.5625M lA=48.7812M alpha=19.7188M beta=0.1953M
This batch time : update_bounds func: 3.1013	 prepare: 0.5885	 bound: 1.8706	 transfer: 0.3307	 finalize: 0.2965
Accumulated time: update_bounds func: 13.8333	 prepare: 2.4613	 bound: 9.0361	 transfer: 1.3742	 finalize: 0.8336
batch bounding time:  3.1020407676696777
Current worst splitting domains lb-rhs (depth):
-0.18260 (19), -0.18194 (19), -0.18180 (19), -0.18137 (19), -0.18096 (19), -0.18064 (19), -0.18002 (19), -0.17993 (20), -0.17982 (19), -0.17980 (19), -0.17966 (19), -0.17927 (20), -0.17923 (19), -0.17914 (20), -0.17908 (19), -0.17882 (19), -0.17880 (19), -0.17876 (18), -0.17871 (20), -0.17854 (19), 
length of domains: 14798
Total time: 4.7792	 pickout: 0.0530	 decision: 0.9840	 get_bound: 3.1022	 add_domain: 0.6401
Accumulated time:	 pickout: 0.2113	 decision: 4.6411	 get_bound: 13.9035	 add_domain: 3.6593
Current (lb-rhs): -0.1826004683971405
2738 domains visited
Time out!!!!!!!!
Result: unknown in 32.4420 seconds
############# Summary #############
Final verified acc: 0.0% [total 1 examples]
Total verification count: 1 , total verified safe: 0 , verified unsafe: 0 , timeout: 1
mean time (bab) [total:1]: 22.872262954711914
mean time [1] 32.442041873931885 max time 32.442041873931885
unknown (total 1): [0]
