Configurations:

general:
  device: cuda
  seed: 100
  conv_mode: patches
  deterministic: false
  double_fp: false
  loss_reduction_func: sum
  record_bounds: false
  sparse_alpha: true
  save_adv_example: false
  precompile_jit: false
  mode: verified-acc
  complete_verifier: bab
  enable_incomplete_verification: true
  get_crown_verified_acc: false
  csv_name: null
  results_file: null
  root_path: ''
model:
  path: cifar_cnn_a_mix4.model
  cache_onnx_conversion: false
  onnx_quirks: null
  name: cnn_4layer_mix4
  onnx_path: null
  onnx_path_prefix: ''
  onnx_optimization_flags: none
data:
  start: 92
  end: 93
  select_instance: null
  num_outputs: 10
  mean: 0.0
  std: 1.0
  pkl_path: null
  dataset: CIFAR_SDP
  data_filter_path: null
  data_idx_file: null
specification:
  type: lp
  norm: .inf
  epsilon: 0.00784313725
  vnnlib_path: null
  vnnlib_path_prefix: ''
solver:
  batch_size: 4096
  no_float64_last_iter: true
  no_amp: false
  early_stop_patience: 10
  start_save_best: 2
  bound_prop_method: alpha-crown
  prune_after_crown: false
  crown:
    batch_size: 1000000000
    max_crown_size: 1000000000
  alpha-crown:
    alpha: true
    lr_alpha: 0.1
    iteration: 100
    share_slopes: false
    no_joint_opt: false
    lr_decay: 0.98
    full_conv_alpha: true
  beta-crown:
    min_batch_size_ratio: 0.1
    lr_alpha: 0.01
    lr_beta: 0.05
    lr_decay: 0.98
    optimizer: adam
    iteration: 20
    beta: true
    beta_warmup: true
    enable_opt_interm_bounds: false
    all_node_split_LP: false
  forward:
    refine: false
    dynamic: false
    max_dim: 10000
  intermediate_refinement:
    enabled: false
    batch_size: 10
    opt_coeffs: false
    opt_bias: false
    lr: 0.05
    layers: [-1]
    max_domains: 1000
    solver_pkg: gurobi
  multi_class:
    multi_class_method: allclass_domain
    label_batch_size: 32
    skip_with_refined_bound: true
  mip:
    parallel_solvers: null
    solver_threads: 1
    refine_neuron_timeout: 15
    refine_neuron_time_percentage: 0.8
    early_stop: true
    adv_warmup: true
bab:
  initial_max_domains: 1
  max_domains: 200000
  decision_thresh: 0
  timeout: 30
  timeout_scale: 1
  override_timeout: null
  get_upper_bound: false
  dfs_percent: 0.0
  pruning_in_iteration: true
  pruning_in_iteration_ratio: 0.2
  sort_targets: false
  batched_domain_list: true
  optimized_intermediate_layers: ''
  interm_transfer: true
  cut:
    enabled: false
    bab_cut: false
    lp_cut: false
    method: null
    lr_decay: 1.0
    iteration: 100
    bab_iteration: -1
    early_stop_patience: -1
    lr_beta: 0.02
    number_cuts: 50
    topk_cuts_in_filter: 100
    batch_size_primal: 100
    add_implied_cuts: false
    add_input_cuts: false
    _tmp_cuts: null
    _eran_cuts: null
    max_num: 1000000000
    fixed_cuts: false
    patches_cut: false
    cplex_cuts: false
    cplex_cuts_wait: 0
    cplex_cuts_revpickup: true
    cut_reference_bounds: true
    fix_intermediate_bounds: false
    lr: 0.01
  branching:
    method: kfsb
    candidates: 3
    reduceop: min
    sb_coeff_thresh: 0.001
    input_split:
      enable: false
      enhanced_bound_prop_method: alpha-crown
      enhanced_branching_method: naive
      enhanced_bound_patience: 100000000.0
      attack_patience: 100000000.0
      adv_check: 0
      sort_domain_interval: -1
  attack:
    enabled: false
    beam_candidates: 8
    beam_depth: 7
    max_dive_fix_ratio: 0.8
    min_local_free_ratio: 0.2
    mip_timeout: 30.0
    mip_start_iteration: 5
    max_dive_domains: -1
    num_dive_constraints: 50
    dive_rate: 0.2
    adv_dive: false
    adv_pool_threshold: null
    refined_mip_attacker: false
    refined_batch_size: null
attack:
  pgd_order: skip
  pgd_steps: 100
  pgd_restarts: 50
  pgd_early_stop: true
  pgd_lr_decay: 0.99
  pgd_alpha: auto
  pgd_loss_mode: null
  attack_mode: PGD
  gama_lambda: 10.0
  gama_decay: 0.9
  check_clean: false
  input_split:
    pgd_steps: 100
    pgd_restarts: 30
    pgd_alpha: auto
  input_split_enhanced:
    pgd_steps: 200
    pgd_restarts: 5000000
    pgd_alpha: auto
  input_split_check_adv:
    pgd_steps: 5
    pgd_restarts: 5
    pgd_alpha: auto
  enable_mip_attack: false
  cex_path: ./test_cex.txt
debug:
  lp_test: null

Experiments at Tue Aug 23 12:06:24 2022 on diablo.cs.ucla.edu
Sequential(
  (0): Conv2d(3, 16, kernel_size=(4, 4), stride=(2, 2), padding=(1, 1))
  (1): ReLU()
  (2): Conv2d(16, 32, kernel_size=(4, 4), stride=(2, 2), padding=(1, 1))
  (3): ReLU()
  (4): Flatten()
  (5): Linear(in_features=2048, out_features=100, bias=True)
  (6): ReLU()
  (7): Linear(in_features=100, out_features=10, bias=True)
)
############################
Sampled data loaded. Data already preprocessed!
Shape: torch.Size([200, 3, 32, 32]) torch.Size([200]) torch.Size([200])
X range: tensor(2.12560368) tensor(-1.98888886) tensor(-0.01308715)
############################
saving results to Verified_ret_[cnn_4layer_mix4]_start=92_end=93_iter=20_b=4096_timeout=30_branching=kfsb-min-3_lra-init=0.1_lra=0.01_lrb=0.05_PGD=skip_cplex_cuts=False_multiclass=allclass_domain.npy

 %%%%%%%%%%%%%%%%%%%%%%%%%%%%%%%%%%% idx: 0, vnnlib ID: 92 %%%%%%%%%%%%%%%%%%%%%%%%%%%%%%%%%%%%%%%%
Model prediction is: tensor([[-22.87058258, -22.74460030, -18.83897972, -17.07898903, -18.22540283,
         -16.89878845, -19.11079788, -18.79213905, -26.21195984, -21.30853271]],
       device='cuda:0')
layer /input.4 using sparse-features alpha with shape [669]; unstable size 669; total size 4096 (torch.Size([1, 16, 16, 16]))
layer /input.4 start_node /input.8 using sparse-spec alpha with unstable size 240 total_size 2048 output_shape (32, 8, 8)
layer /input.4 start_node /input.12 using sparse-spec alpha with unstable size 16 total_size 100 output_shape torch.Size([100])
layer /input.4 start_node /23 using full alpha with unstable size None total_size 9 output_shape 9
layer /12 using sparse-features alpha with shape [240]; unstable size 240; total size 2048 (torch.Size([1, 32, 8, 8]))
layer /12 start_node /input.12 using sparse-spec alpha with unstable size 16 total_size 100 output_shape torch.Size([100])
layer /12 start_node /23 using full alpha with unstable size None total_size 9 output_shape 9
layer /22 using sparse-features alpha with shape [16]; unstable size 16; total size 100 (torch.Size([1, 100]))
layer /22 start_node /23 using full alpha with unstable size None total_size 9 output_shape 9
Optimizable variables initialized.
initial CROWN bounds: tensor([[ 4.66332340,  4.03361416,  0.93628335, -0.12254739,  0.23944306,
          1.05922604,  0.79270160,  7.63720036,  2.90536666]], device='cuda:0') None
best_l after optimization: 22.54953384399414 with beta sum per layer: []
alpha/beta optimization time: 5.587910890579224
initial alpha-CROWN bounds: tensor([[ 4.70606518,  4.09735060,  0.97577882, -0.09944105,  0.27335644,
          1.08453560,  0.84932864,  7.69661140,  2.96594787]], device='cuda:0')
Worst class: (+ rhs) -0.0994410514831543
Total VNNLIB file length: 9, max property batch size: 1, total number of batches: 9
lA shape: [torch.Size([1, 9, 16, 16, 16]), torch.Size([1, 9, 32, 8, 8]), torch.Size([1, 9, 100])]

Properties batch 0, size 1
Remaining timeout: 20.243219137191772
##### [0] Spec matrix: [[[-1.  0.  0.  0.  0.  1.  0.  0.  0.  0.]]], thresh: [0] ######
Init opt crown verified for spec index [0] with bound tensor([[4.70606518]], device='cuda:0').

Properties batch 1, size 1
Remaining timeout: 20.1213436126709
##### [0] Spec matrix: [[[ 0. -1.  0.  0.  0.  1.  0.  0.  0.  0.]]], thresh: [0] ######
Init opt crown verified for spec index [0] with bound tensor([[4.09735060]], device='cuda:0').

Properties batch 2, size 1
Remaining timeout: 20.07526993751526
##### [0] Spec matrix: [[[ 0.  0. -1.  0.  0.  1.  0.  0.  0.  0.]]], thresh: [0] ######
Init opt crown verified for spec index [0] with bound tensor([[0.97577882]], device='cuda:0').

Properties batch 3, size 1
Remaining timeout: 20.02829074859619
##### [0] Spec matrix: [[[ 0.  0.  0. -1.  0.  1.  0.  0.  0.  0.]]], thresh: [0] ######
Remaining spec index [0] with bounds tensor([[-0.09944105]], device='cuda:0') need to verify.
Model prediction is: tensor([-22.87058258, -22.74460030, -18.83897972, -17.07898903, -18.22540283,
        -16.89878845, -19.11079788, -18.79213905, -26.21195984, -21.30853271],
       device='cuda:0')
build_the_model_with_refined_bounds batch [0/1]
setting alpha for layer /input.4 start_node /23 with alignment adjustment
setting alpha for layer /12 start_node /23 with alignment adjustment
setting alpha for layer /22 start_node /23 with alignment adjustment
all slope initialized
directly get lb and ub from refined bounds
lA shapes: [torch.Size([1, 1, 16, 16, 16]), torch.Size([1, 1, 32, 8, 8]), torch.Size([1, 1, 100])]
c shape: torch.Size([1, 1, 10])
alpha-CROWN with fixed intermediate bounds: tensor([[-0.09944105]], device='cuda:0') tensor([[inf]], device='cuda:0')
Keeping slopes for these layers: ['/23']
Keeping slopes for these layers: ['/23']
layer 0 size torch.Size([4096]) unstable 669
layer 1 size torch.Size([2048]) unstable 235
layer 2 size torch.Size([100]) unstable 16
-----------------
# of unstable neurons: 920
-----------------

remaining dive domains: 0/-1, dive_rate:0.0
batch:  torch.Size([1, 16, 16, 16]) pre split depth:  8
batch:  torch.Size([1, 16, 16, 16]) post split depth:  8
splitting decisions: 
split level 0: [2, 67] 
split level 1: [2, 7] 
split level 2: [2, 83] 
split level 3: [2, 57] 
split level 4: [2, 0] 
split level 5: [2, 4] 
split level 6: [2, 31] 
split level 7: [1, 1699] 
regular batch size: 2*128, diving batch size 1*0
(256, 3, 32, 32) torch.Size([256, 1, 10]) torch.Size([256, 1])
pruning_in_iteration open status: True
ratio of positive domain = 194 / 256 = 0.7578125
pruning-in-iteration extra time: 0.013302326202392578
Tensors transferred: pre=3.0488M lA=0.3692M alpha=0.4517M beta=0.0020M
This batch time : update_bounds func: 0.6745	 prepare: 0.0164	 bound: 0.6426	 transfer: 0.0099	 finalize: 0.0050
Accumulated time: update_bounds func: 0.6745	 prepare: 0.0164	 bound: 0.6426	 transfer: 0.0099	 finalize: 0.0050
batch bounding time:  0.6745767593383789
Current worst splitting domains lb-rhs (depth):
-0.05123 (8), -0.05019 (8), -0.05017 (8), -0.04997 (8), -0.04950 (8), -0.04934 (8), -0.04907 (8), -0.04894 (8), -0.04862 (8), -0.04844 (8), -0.04822 (8), -0.04810 (8), -0.04772 (8), -0.04754 (8), -0.04729 (8), -0.04653 (8), -0.03711 (8), -0.03640 (8), -0.03597 (8), -0.03593 (8), 
length of domains: 62
Total time: 1.1596	 pickout: 0.0011	 decision: 0.4494	 get_bound: 0.7034	 add_domain: 0.0057
Accumulated time:	 pickout: 0.0011	 decision: 0.4494	 get_bound: 0.7034	 add_domain: 0.0057
Current (lb-rhs): -0.051232993602752686
194 domains visited
Cumulative time: 1.206446647644043

remaining dive domains: 0/-1, dive_rate:0.0
batch:  torch.Size([62, 16, 16, 16]) pre split depth:  2
batch:  torch.Size([62, 16, 16, 16]) post split depth:  2
splitting decisions: 
split level 0: [1, 606] [1, 1592] [1, 606] [1, 905] [1, 606] [1, 1592] [1, 606] [1, 1592] [2, 53] [1, 905] 
split level 1: [2, 53] [1, 905] [2, 53] [1, 912] [2, 53] [1, 905] [2, 53] [1, 905] [1, 219] [1, 912] 
regular batch size: 2*124, diving batch size 1*0
(248, 3, 32, 32) torch.Size([248, 1, 10]) torch.Size([248, 1])
pruning_in_iteration open status: True
ratio of positive domain = 117 / 248 = 0.4717741935483871
pruning-in-iteration extra time: 0.010853290557861328
Tensors transferred: pre=2.9536M lA=0.7860M alpha=0.4375M beta=0.0026M
This batch time : update_bounds func: 0.2687	 prepare: 0.0183	 bound: 0.2408	 transfer: 0.0044	 finalize: 0.0049
Accumulated time: update_bounds func: 0.9433	 prepare: 0.0347	 bound: 0.8834	 transfer: 0.0143	 finalize: 0.0099
batch bounding time:  0.2688016891479492
Current worst splitting domains lb-rhs (depth):
-0.04923 (10), -0.04843 (10), -0.04815 (10), -0.04814 (10), -0.04798 (10), -0.04737 (10), -0.04733 (10), -0.04732 (10), -0.04720 (10), -0.04715 (10), -0.04708 (10), -0.04700 (10), -0.04675 (10), -0.04657 (10), -0.04644 (10), -0.04638 (10), -0.04626 (10), -0.04626 (10), -0.04619 (10), -0.04615 (10), 
length of domains: 131
Total time: 0.3280	 pickout: 0.0012	 decision: 0.0338	 get_bound: 0.2838	 add_domain: 0.0092
Accumulated time:	 pickout: 0.0023	 decision: 0.4832	 get_bound: 0.9873	 add_domain: 0.0148
Current (lb-rhs): -0.049225568771362305
311 domains visited
Cumulative time: 1.535093069076538

remaining dive domains: 0/-1, dive_rate:0.0
batch:  torch.Size([131, 16, 16, 16]) pre split depth:  1
batch:  torch.Size([131, 16, 16, 16]) post split depth:  1
splitting decisions: 
split level 0: [2, 53] [2, 53] [2, 53] [2, 53] [1, 1592] [1, 133] [2, 53] [1, 133] [1, 1592] [2, 53] 
regular batch size: 2*131, diving batch size 1*0
(262, 3, 32, 32) torch.Size([262, 1, 10]) torch.Size([262, 1])
pruning_in_iteration open status: False
ratio of positive domain = 32 / 262 = 0.12213740458015265
pruning-in-iteration extra time: 0.00011754035949707031
Tensors transferred: pre=3.1203M lA=1.5601M alpha=0.4622M beta=0.0030M
This batch time : update_bounds func: 0.2370	 prepare: 0.0190	 bound: 0.2054	 transfer: 0.0069	 finalize: 0.0053
Accumulated time: update_bounds func: 1.1803	 prepare: 0.0538	 bound: 1.0888	 transfer: 0.0212	 finalize: 0.0151
batch bounding time:  0.23708391189575195
Current worst splitting domains lb-rhs (depth):
-0.04806 (11), -0.04767 (11), -0.04727 (11), -0.04708 (11), -0.04701 (11), -0.04688 (11), -0.04682 (11), -0.04661 (11), -0.04659 (11), -0.04648 (11), -0.04626 (11), -0.04625 (11), -0.04618 (11), -0.04608 (11), -0.04603 (11), -0.04602 (11), -0.04584 (11), -0.04582 (11), -0.04581 (11), -0.04578 (11), 
length of domains: 228
Total time: 0.2931	 pickout: 0.0015	 decision: 0.0400	 get_bound: 0.2371	 add_domain: 0.0145
Accumulated time:	 pickout: 0.0038	 decision: 0.5232	 get_bound: 1.2244	 add_domain: 0.0293
Current (lb-rhs): -0.0480574369430542
345 domains visited
Cumulative time: 1.8290185928344727

remaining dive domains: 0/-1, dive_rate:0.0
batch:  torch.Size([228, 16, 16, 16]) pre split depth:  1
batch:  torch.Size([228, 16, 16, 16]) post split depth:  1
splitting decisions: 
split level 0: [1, 905] [2, 53] [1, 1683] [2, 53] [2, 53] [1, 905] [1, 905] [1, 905] [1, 133] [1, 133] 
regular batch size: 2*228, diving batch size 1*0
(456, 3, 32, 32) torch.Size([456, 1, 10]) torch.Size([456, 1])
pruning_in_iteration open status: False
ratio of positive domain = 56 / 456 = 0.1228070175438597
pruning-in-iteration extra time: 0.00011682510375976562
Tensors transferred: pre=5.4307M lA=2.7154M alpha=0.8045M beta=0.0057M
This batch time : update_bounds func: 0.2803	 prepare: 0.0323	 bound: 0.2234	 transfer: 0.0135	 finalize: 0.0105
Accumulated time: update_bounds func: 1.4606	 prepare: 0.0861	 bound: 1.3122	 transfer: 0.0347	 finalize: 0.0256
batch bounding time:  0.28038954734802246
Current worst splitting domains lb-rhs (depth):
-0.04704 (12), -0.04664 (12), -0.04642 (12), -0.04625 (12), -0.04608 (12), -0.04606 (12), -0.04601 (12), -0.04586 (12), -0.04582 (12), -0.04578 (12), -0.04563 (12), -0.04560 (12), -0.04553 (12), -0.04546 (12), -0.04545 (12), -0.04534 (12), -0.04532 (12), -0.04528 (12), -0.04525 (12), -0.04524 (12), 
length of domains: 392
Total time: 0.3748	 pickout: 0.0028	 decision: 0.0565	 get_bound: 0.2804	 add_domain: 0.0349
Accumulated time:	 pickout: 0.0066	 decision: 0.5797	 get_bound: 1.5048	 add_domain: 0.0643
Current (lb-rhs): -0.04703706502914429
409 domains visited
Cumulative time: 2.2050230503082275

remaining dive domains: 0/-1, dive_rate:0.0
batch:  torch.Size([392, 16, 16, 16]) pre split depth:  1
batch:  torch.Size([392, 16, 16, 16]) post split depth:  1
splitting decisions: 
split level 0: [2, 53] [2, 53] [1, 1592] [1, 905] [1, 1592] [1, 723] [1, 905] [1, 219] [1, 421] [1, 905] 
regular batch size: 2*392, diving batch size 1*0
(784, 3, 32, 32) torch.Size([784, 1, 10]) torch.Size([784, 1])
pruning_in_iteration open status: False
ratio of positive domain = 52 / 784 = 0.06632653061224492
pruning-in-iteration extra time: 0.00012969970703125
Tensors transferred: pre=9.3370M lA=4.6685M alpha=1.3832M beta=0.0112M
This batch time : update_bounds func: 0.3537	 prepare: 0.0562	 bound: 0.2616	 transfer: 0.0191	 finalize: 0.0155
Accumulated time: update_bounds func: 1.8143	 prepare: 0.1423	 bound: 1.5738	 transfer: 0.0538	 finalize: 0.0411
batch bounding time:  0.35376811027526855
Current worst splitting domains lb-rhs (depth):
-0.04615 (13), -0.04577 (13), -0.04547 (13), -0.04536 (13), -0.04521 (13), -0.04519 (13), -0.04512 (13), -0.04499 (13), -0.04498 (13), -0.04495 (13), -0.04473 (13), -0.04469 (13), -0.04467 (13), -0.04462 (13), -0.04453 (13), -0.04445 (13), -0.04444 (13), -0.04444 (13), -0.04435 (13), -0.04433 (13), 
length of domains: 725
Total time: 0.5012	 pickout: 0.0050	 decision: 0.0984	 get_bound: 0.3538	 add_domain: 0.0440
Accumulated time:	 pickout: 0.0116	 decision: 0.6781	 get_bound: 1.8587	 add_domain: 0.1082
Current (lb-rhs): -0.046148598194122314
468 domains visited
Cumulative time: 2.709878921508789

remaining dive domains: 0/-1, dive_rate:0.0
batch:  torch.Size([725, 16, 16, 16]) pre split depth:  1
batch:  torch.Size([725, 16, 16, 16]) post split depth:  1
splitting decisions: 
split level 0: [0, 293] [1, 739] [0, 293] [1, 739] [1, 133] [1, 905] [1, 905] [1, 421] [1, 1592] [1, 723] 
regular batch size: 2*725, diving batch size 1*0
(1450, 3, 32, 32) torch.Size([1450, 1, 10]) torch.Size([1450, 1])
pruning_in_iteration open status: False
ratio of positive domain = 47 / 1450 = 0.032413793103448274
pruning-in-iteration extra time: 0.00013780593872070312
Tensors transferred: pre=17.2688M lA=8.6344M alpha=2.5582M beta=0.0221M
This batch time : update_bounds func: 0.5292	 prepare: 0.1025	 bound: 0.3428	 transfer: 0.0532	 finalize: 0.0282
Accumulated time: update_bounds func: 2.3435	 prepare: 0.2448	 bound: 1.9166	 transfer: 0.1070	 finalize: 0.0693
batch bounding time:  0.5292203426361084
Current worst splitting domains lb-rhs (depth):
-0.04538 (14), -0.04500 (14), -0.04491 (14), -0.04464 (14), -0.04460 (14), -0.04454 (14), -0.04440 (14), -0.04437 (14), -0.04429 (14), -0.04422 (14), -0.04418 (14), -0.04417 (14), -0.04415 (14), -0.04413 (14), -0.04397 (14), -0.04394 (14), -0.04394 (14), -0.04386 (14), -0.04386 (14), -0.04382 (14), 
length of domains: 1395
Total time: 0.8738	 pickout: 0.0081	 decision: 0.1896	 get_bound: 0.5293	 add_domain: 0.1468
Accumulated time:	 pickout: 0.0197	 decision: 0.8677	 get_bound: 2.3880	 add_domain: 0.2551
Current (lb-rhs): -0.045380353927612305
523 domains visited
Cumulative time: 3.588275194168091

remaining dive domains: 0/-1, dive_rate:0.0
batch:  torch.Size([1395, 16, 16, 16]) pre split depth:  1
batch:  torch.Size([1395, 16, 16, 16]) post split depth:  1
splitting decisions: 
split level 0: [1, 739] [1, 1683] [1, 1683] [1, 1594] [1, 421] [1, 421] [1, 581] [1, 81] [0, 293] [0, 293] 
regular batch size: 2*1395, diving batch size 1*0
(2790, 3, 32, 32) torch.Size([2790, 1, 10]) torch.Size([2790, 1])
pruning_in_iteration open status: False
ratio of positive domain = 141 / 2790 = 0.05053763440860215
pruning-in-iteration extra time: 0.00011897087097167969
Tensors transferred: pre=33.2275M lA=16.6137M alpha=4.9224M beta=0.0426M
This batch time : update_bounds func: 0.9548	 prepare: 0.1944	 bound: 0.6031	 transfer: 0.0998	 finalize: 0.0531
Accumulated time: update_bounds func: 3.2983	 prepare: 0.4392	 bound: 2.5197	 transfer: 0.2068	 finalize: 0.1224
batch bounding time:  0.9551558494567871
Current worst splitting domains lb-rhs (depth):
-0.04463 (15), -0.04432 (15), -0.04426 (15), -0.04416 (15), -0.04398 (15), -0.04387 (15), -0.04385 (15), -0.04384 (15), -0.04379 (15), -0.04360 (15), -0.04356 (15), -0.04354 (15), -0.04353 (15), -0.04351 (15), -0.04350 (15), -0.04348 (15), -0.04340 (15), -0.04338 (15), -0.04337 (15), -0.04330 (15), 
length of domains: 2596
Total time: 1.6261	 pickout: 0.0155	 decision: 0.3171	 get_bound: 0.9553	 add_domain: 0.3381
Accumulated time:	 pickout: 0.0352	 decision: 1.1848	 get_bound: 3.3432	 add_domain: 0.5932
Current (lb-rhs): -0.04462611675262451
717 domains visited
Cumulative time: 5.22067928314209

remaining dive domains: 0/-1, dive_rate:0.0
batch:  torch.Size([2596, 16, 16, 16]) pre split depth:  1
batch:  torch.Size([2596, 16, 16, 16]) post split depth:  1
splitting decisions: 
split level 0: [1, 1683] [1, 1594] [1, 739] [1, 905] [1, 81] [1, 81] [1, 723] [1, 581] [1, 1683] [1, 1683] 
regular batch size: 2*2596, diving batch size 1*0
(5192, 3, 32, 32) torch.Size([5192, 1, 10]) torch.Size([5192, 1])
pruning_in_iteration open status: False
ratio of positive domain = 182 / 5192 = 0.03505392912172578
pruning-in-iteration extra time: 0.00012159347534179688
Tensors transferred: pre=61.8340M lA=30.9170M alpha=9.1602M beta=0.0891M
This batch time : update_bounds func: 1.8687	 prepare: 0.3639	 bound: 1.1718	 transfer: 0.1681	 finalize: 0.1019
Accumulated time: update_bounds func: 5.1671	 prepare: 0.8031	 bound: 3.6915	 transfer: 0.3750	 finalize: 0.2243
batch bounding time:  1.8693327903747559
Current worst splitting domains lb-rhs (depth):
-0.04392 (16), -0.04360 (16), -0.04356 (16), -0.04345 (16), -0.04326 (16), -0.04316 (16), -0.04313 (16), -0.04313 (16), -0.04309 (16), -0.04286 (16), -0.04284 (16), -0.04281 (16), -0.04280 (16), -0.04279 (16), -0.04279 (16), -0.04274 (16), -0.04269 (16), -0.04266 (16), -0.04265 (16), -0.04255 (16), 
length of domains: 4890
Total time: 3.0032	 pickout: 0.0291	 decision: 0.5452	 get_bound: 1.8695	 add_domain: 0.5594
Accumulated time:	 pickout: 0.0644	 decision: 1.7301	 get_bound: 5.2127	 add_domain: 1.1526
Current (lb-rhs): -0.043916165828704834
1019 domains visited
Cumulative time: 8.237931489944458

remaining dive domains: 0/-1, dive_rate:0.0
batch:  torch.Size([4096, 16, 16, 16]) pre split depth:  1
batch:  torch.Size([4096, 16, 16, 16]) post split depth:  1
splitting decisions: 
split level 0: [1, 581] [1, 581] [1, 739] [1, 581] [1, 912] [1, 581] [1, 739] [1, 1683] [1, 739] [1, 739] 
regular batch size: 2*4096, diving batch size 1*0
(8192, 3, 32, 32) torch.Size([8192, 1, 10]) torch.Size([8192, 1])
pruning_in_iteration open status: False
ratio of positive domain = 375 / 8192 = 0.0457763671875
pruning-in-iteration extra time: 0.00020384788513183594
Tensors transferred: pre=97.5625M lA=48.7812M alpha=14.4531M beta=0.1484M
This batch time : update_bounds func: 2.9500	 prepare: 0.5730	 bound: 1.8519	 transfer: 0.2767	 finalize: 0.2348
Accumulated time: update_bounds func: 8.1171	 prepare: 1.3761	 bound: 5.5433	 transfer: 0.6516	 finalize: 0.4591
batch bounding time:  2.9510223865509033
Current worst splitting domains lb-rhs (depth):
-0.04348 (17), -0.04316 (17), -0.04312 (17), -0.04301 (17), -0.04283 (17), -0.04272 (17), -0.04269 (17), -0.04269 (17), -0.04265 (17), -0.04240 (17), -0.04237 (17), -0.04236 (17), -0.04236 (17), -0.04234 (17), -0.04226 (17), -0.04226 (17), -0.04225 (17), -0.04222 (17), -0.04219 (17), -0.04209 (17), 
length of domains: 8518
Total time: 5.1380	 pickout: 0.1146	 decision: 0.9984	 get_bound: 2.9512	 add_domain: 1.0736
Accumulated time:	 pickout: 0.1790	 decision: 2.7285	 get_bound: 8.1639	 add_domain: 2.2262
Current (lb-rhs): -0.043477773666381836
1487 domains visited
Cumulative time: 13.39387845993042

remaining dive domains: 0/-1, dive_rate:0.0
batch:  torch.Size([4096, 16, 16, 16]) pre split depth:  1
batch:  torch.Size([4096, 16, 16, 16]) post split depth:  1
splitting decisions: 
split level 0: [1, 1943] [1, 581] [1, 581] [1, 905] [1, 1594] [1, 1943] [1, 912] [1, 1943] [1, 739] [1, 581] 
regular batch size: 2*4096, diving batch size 1*0
(8192, 3, 32, 32) torch.Size([8192, 1, 10]) torch.Size([8192, 1])
pruning_in_iteration open status: False
ratio of positive domain = 226 / 8192 = 0.027587890625
pruning-in-iteration extra time: 0.00014066696166992188
Tensors transferred: pre=97.5625M lA=48.7812M alpha=14.4531M beta=0.1562M
This batch time : update_bounds func: 2.9733	 prepare: 0.5777	 bound: 1.8573	 transfer: 0.2773	 finalize: 0.2482
Accumulated time: update_bounds func: 11.0904	 prepare: 1.9538	 bound: 7.4006	 transfer: 0.9289	 finalize: 0.7074
batch bounding time:  2.974043130874634
Current worst splitting domains lb-rhs (depth):
-0.04348 (17), -0.04316 (17), -0.04301 (17), -0.04283 (17), -0.04274 (18), -0.04272 (17), -0.04269 (17), -0.04269 (17), -0.04265 (17), -0.04240 (17), -0.04237 (17), -0.04236 (17), -0.04234 (17), -0.04226 (17), -0.04226 (17), -0.04225 (17), -0.04222 (17), -0.04219 (17), -0.04207 (17), -0.04204 (17), 
length of domains: 12263
Total time: 4.4862	 pickout: 0.0474	 decision: 0.8929	 get_bound: 2.9742	 add_domain: 0.5717
Accumulated time:	 pickout: 0.2264	 decision: 3.6214	 get_bound: 11.1381	 add_domain: 2.7979/home/zhouxingshi/gputest/CROWN-GENERAL/complete_verifier/utils.py:584: UserWarning: To copy construct from a tensor, it is recommended to use sourceTensor.clone().detach() or sourceTensor.clone().detach().requires_grad_(True), rather than torch.tensor(sourceTensor).
  eps_temp = torch.tensor(preprocess_cifar(eps_temp, perturbation=True)).reshape(1,-1,1,1)
/home/zhouxingshi/gputest/CROWN-GENERAL/complete_verifier/abcrown.py:95: UserWarning: Creating a tensor from a list of numpy.ndarrays is extremely slow. Please consider converting the list to a single numpy.ndarray with numpy.array() before converting to a tensor. (Triggered internally at  /opt/conda/conda-bld/pytorch_1646755953518/work/torch/csrc/utils/tensor_new.cpp:210.)
  arguments.Config["bab"]["decision_thresh"] = torch.tensor([item[1] for item in vnnlib[1]]).to(data)

Current (lb-rhs): -0.043477773666381836
1838 domains visited
Cumulative time: 17.903643369674683

remaining dive domains: 0/-1, dive_rate:0.0
batch:  torch.Size([4096, 16, 16, 16]) pre split depth:  1
batch:  torch.Size([4096, 16, 16, 16]) post split depth:  1
splitting decisions: 
split level 0: [1, 912] [1, 582] [1, 1594] [1, 581] [1, 133] [1, 739] [1, 912] [1, 912] [1, 912] [1, 219] 
regular batch size: 2*4096, diving batch size 1*0
(8192, 3, 32, 32) torch.Size([8192, 1, 10]) torch.Size([8192, 1])
pruning_in_iteration open status: False
ratio of positive domain = 596 / 8192 = 0.07275390625
pruning-in-iteration extra time: 0.00019693374633789062
Tensors transferred: pre=97.5625M lA=48.7812M alpha=14.4531M beta=0.1797M
This batch time : update_bounds func: 2.9204	 prepare: 0.6131	 bound: 1.8439	 transfer: 0.2747	 finalize: 0.1745
Accumulated time: update_bounds func: 14.0108	 prepare: 2.5670	 bound: 9.2445	 transfer: 1.2036	 finalize: 0.8818
batch bounding time:  2.9211461544036865
Current worst splitting domains lb-rhs (depth):
-0.04348 (17), -0.04316 (17), -0.04301 (17), -0.04283 (17), -0.04274 (18), -0.04272 (17), -0.04269 (17), -0.04269 (17), -0.04265 (17), -0.04240 (17), -0.04237 (17), -0.04236 (17), -0.04234 (17), -0.04226 (17), -0.04226 (17), -0.04225 (17), -0.04222 (17), -0.04219 (17), -0.04207 (17), -0.04204 (17), 
length of domains: 15669
Total time: 4.7065	 pickout: 0.1303	 decision: 0.9850	 get_bound: 2.9214	 add_domain: 0.6698
Accumulated time:	 pickout: 0.3566	 decision: 4.6064	 get_bound: 14.0594	 add_domain: 3.4678
Current (lb-rhs): -0.043477773666381836
2528 domains visited
Time out!!!!!!!!
Result: unknown in 32.7550 seconds
############# Summary #############
Final verified acc: 0.0% [total 1 examples]
Total verification count: 1 , total verified safe: 0 , verified unsafe: 0 , timeout: 1
mean time (bab) [total:1]: 22.99771523475647
mean time [1] 32.754979610443115 max time 32.754979610443115
unknown (total 1): [0]
