Experiments at Wed Apr 13 13:36:15 2022 on diablo.cs.ucla.edu
Sequential(
  (0): ZeroPad2d(padding=(1, 2, 1, 2), value=0.0)
  (1): Conv2d(3, 32, kernel_size=(5, 5), stride=(2, 2))
  (2): ReLU()
  (3): Conv2d(32, 128, kernel_size=(4, 4), stride=(2, 2), padding=(1, 1))
  (4): ReLU()
  (5): Flatten()
  (6): Linear(in_features=8192, out_features=250, bias=True)
  (7): ReLU()
  (8): Linear(in_features=250, out_features=10, bias=True)
)
############################
Sampled data loaded. Data already preprocessed!
Shape: torch.Size([200, 3, 32, 32]) torch.Size([200]) torch.Size([200])
X range: tensor(2.1256) tensor(-1.9889) tensor(-0.0131)
############################
epsilon after preprocession: tensor([[[[0.0317]],

         [[0.0322]],

         [[0.0300]]]]), data_max = tensor([[[[2.0587]],

         [[2.1256]],

         [[2.1154]]]]), data_min = tensor([[[[-1.9889]],

         [[-1.9807]],

         [[-1.7076]]]])
Task length: 1
saving results to Verified_ret_[cnn_4layer_b4]_start=13_end=14_iter=20_b=256_int-beta=False_timeout=60_branching=kfsb-min-3_lra-init=0.1_lra=0.01_lrb=0.05_PGD=before.npy

 %%%%%%%%%%%%%%%%%%%%%%%%%%%%%%%%%%% idx: 0 img ID: 13 %%%%%%%%%%%%%%%%%%%%%%%%%%%%%%%%%%%%%%%%
predicted label  1  correct label  1 logits tensor([-69.5804, -68.2390, -72.2027, -73.9836, -74.2991, -74.8349, -73.7351,
        -76.1907, -70.3856, -71.3245], device='cuda:0',
       grad_fn=<SelectBackward>)
False
##### PGD attack: True label: 1, Tested against: ['all'] ######
pgd prediction: tensor([-67.1816, -66.6194, -69.7446, -71.6599, -71.7837, -72.5129, -71.3946,
        -73.7710, -68.0119, -69.3857], device='cuda:0',
       grad_fn=<SqueezeBackward1>)
attack margin tensor([0.5622,    inf, 3.1252, 5.0405, 5.1643, 5.8935, 4.7752, 7.1516, 1.3925,
        2.7663], device='cuda:0', grad_fn=<RsubBackward1>)
untargeted pgd failed
Model prediction is: tensor([[-69.5804, -68.2390, -72.2027, -73.9836, -74.2991, -74.8349, -73.7351,
         -76.1907, -70.3856, -71.3245]], device='cuda:0',
       grad_fn=<AddBackward0>)
alpha-CROWN optimizable variables initialized.
initial CROWN bounds: tensor([[-0.5070,  1.6392,  3.6869,  3.4012,  4.4871,  3.3828,  5.0388,  0.3471,
          2.0109]], device='cuda:0') None
best_l after optimization: -24.182865142822266 with beta sum per layer: []
optimal alpha/beta time: 7.248880386352539
initial alpha-CROWN bounds: tensor([[-0.4432,  1.7155,  3.7651,  3.4988,  4.5655,  3.4551,  5.1522,  0.4165,
          2.0573]], device='cuda:0', grad_fn=<AsStridedBackward>) None
##### [0:13] Tested against 0 ######
Model prediction is: tensor([[-69.5804, -68.2390, -72.2027, -73.9836, -74.2991, -74.8349, -73.7351,
         -76.1907, -70.3856, -71.3245]], device='cuda:0',
       grad_fn=<AddBackward0>)
alpha-CROWN optimizable variables initialized.
setting alpha for layer /34 start_node /35
setting alpha for layer /34 start_node /45
not setting layer /34 start_node /47 because shape mismatch (torch.Size([2, 1, 1, 32, 16, 16]) != torch.Size([2, 9, 1, 32, 16, 16]))
setting alpha for layer /36 start_node /45
not setting layer /36 start_node /47 because shape mismatch (torch.Size([2, 1, 1, 128, 8, 8]) != torch.Size([2, 9, 1, 128, 8, 8]))
not setting layer /46 start_node /47 because shape mismatch (torch.Size([2, 1, 1, 250]) != torch.Size([2, 9, 1, 250]))
0 /33 torch.Size([1, 32, 16, 16])
1 /35 torch.Size([1, 128, 8, 8])
2 /45 torch.Size([1, 250])
best_l after optimization: 0.44314098358154297 with beta sum per layer: []
optimal alpha/beta time: 1.877960443496704
alpha-CROWN with fixed intermediate bounds: tensor([[-0.4431]], device='cuda:0', grad_fn=<AsStridedBackward>) None
-0.44314098358154297
layer 0 size torch.Size([8192]) unstable 1364
layer 1 size torch.Size([8192]) unstable 469
layer 2 size torch.Size([250]) unstable 32
# of unstable neurons: 1865
remaining dive domains: 0/-1, dive_rate:0.0
splitting decisions: [[2, 28]]
single_node_split: True
regular batch size: 2*1, diving batch size 1*0
best_l after optimization: 0.6233949661254883 with beta sum per layer: [0.0, 0.0, 0.0]
optimal alpha/beta time: 0.7505931854248047
This batch time : update_bounds func: 0.7543	 prepare: 0.0022	 bound: 0.7509	 transfer: 0.0009	 finalize: 0.0004
Accumulated time: update_bounds func: 0.7543	 prepare: 0.0022	 bound: 0.7509	 transfer: 0.0009	 finalize: 0.0004
batch bounding time:  0.7544500827789307
Current worst splitting domains [lb, ub] (depth):
[-0.31175, 98.556862] (1), [-0.31165, 98.556862] (1), 
length of domains: 2
Total time: 0.7864	 pickout: 0.0012	 decision: 0.0307	 get_bound: 0.7545	 add_domain: 0.0001
Current lb:-0.31174755096435547
2 neurons visited
0 diving domains visited
Cumulative time: 3.140958309173584

remaining dive domains: 0/-1, dive_rate:0.0
splitting decisions: [[2, 54], [2, 54]]
single_node_split: True
regular batch size: 2*2, diving batch size 1*0
best_l after optimization: 0.4967231750488281 with beta sum per layer: [0.0, 0.0, 0.17433658242225647]
optimal alpha/beta time: 0.33226966857910156
This batch time : update_bounds func: 0.3366	 prepare: 0.0024	 bound: 0.3326	 transfer: 0.0010	 finalize: 0.0005
Accumulated time: update_bounds func: 1.0909	 prepare: 0.0046	 bound: 1.0834	 transfer: 0.0010	 finalize: 0.0009
batch bounding time:  0.3366520404815674
Current worst splitting domains [lb, ub] (depth):
[-0.22485, 98.556862] (2), [-0.22271, 98.556862] (2), [-0.03940, 98.556862] (2), [-0.00976, 98.556862] (2), 
length of domains: 4
Total time: 0.3687	 pickout: 0.0014	 decision: 0.0304	 get_bound: 0.3367	 add_domain: 0.0002
Current lb:-0.22484874725341797
6 neurons visited
0 diving domains visited
Cumulative time: 3.509752035140991

remaining dive domains: 0/-1, dive_rate:0.0
splitting decisions: [[2, 95], [2, 95], [2, 95], [2, 95]]
single_node_split: True
regular batch size: 2*4, diving batch size 1*0
best_l after optimization: -0.06601619720458984 with beta sum per layer: [0.0, 0.0, 0.5456950664520264]
optimal alpha/beta time: 0.33303308486938477
This batch time : update_bounds func: 0.3388	 prepare: 0.0030	 bound: 0.3333	 transfer: 0.0015	 finalize: 0.0008
Accumulated time: update_bounds func: 1.4296	 prepare: 0.0076	 bound: 1.4168	 transfer: 0.0015	 finalize: 0.0017
batch bounding time:  0.33886146545410156
Current worst splitting domains [lb, ub] (depth):
[-0.14409, 98.556862] (3), [-0.14089, 98.556862] (3), [-0.02535, 98.556862] (3), [-0.01210, 98.556862] (3), 
length of domains: 4
Total time: 0.3761	 pickout: 0.0019	 decision: 0.0351	 get_bound: 0.3389	 add_domain: 0.0003
Current lb:-0.1440877914428711
14 neurons visited
0 diving domains visited
Cumulative time: 3.886021137237549

remaining dive domains: 0/-1, dive_rate:0.0
splitting decisions: [[2, 31], [2, 31], [2, 31], [2, 31]]
single_node_split: True
regular batch size: 2*4, diving batch size 1*0
best_l after optimization: 0.2803916931152344 with beta sum per layer: [0.0, 0.0, 0.4280509352684021]
optimal alpha/beta time: 0.3325660228729248
This batch time : update_bounds func: 0.3381	 prepare: 0.0029	 bound: 0.3328	 transfer: 0.0012	 finalize: 0.0010
Accumulated time: update_bounds func: 1.7677	 prepare: 0.0106	 bound: 1.7496	 transfer: 0.0012	 finalize: 0.0028
batch bounding time:  0.33817195892333984
Current worst splitting domains [lb, ub] (depth):
[-0.10358, 98.556862] (4), [-0.09987, 98.556862] (4), [-0.09120, 98.556862] (4), [-0.08941, 98.556862] (4), 
length of domains: 4
Total time: 0.3715	 pickout: 0.0020	 decision: 0.0311	 get_bound: 0.3382	 add_domain: 0.0002
Current lb:-0.10358047485351562
22 neurons visited
0 diving domains visited
Cumulative time: 4.257662057876587

remaining dive domains: 0/-1, dive_rate:0.0
splitting decisions: [[2, 145], [2, 145], [2, 145], [2, 145]]
single_node_split: True
regular batch size: 2*4, diving batch size 1*0
best_l after optimization: 0.027960777282714844 with beta sum per layer: [0.0, 0.0, 0.7539098262786865]
optimal alpha/beta time: 0.3328878879547119
This batch time : update_bounds func: 0.3380	 prepare: 0.0029	 bound: 0.3332	 transfer: 0.0010	 finalize: 0.0008
Accumulated time: update_bounds func: 2.1057	 prepare: 0.0135	 bound: 2.0828	 transfer: 0.0010	 finalize: 0.0036
batch bounding time:  0.3381061553955078
Current worst splitting domains [lb, ub] (depth):/home/zhouxingshi/gputest/CROWN-GENERAL_41a3/complete_verifier/utils.py:312: UserWarning: To copy construct from a tensor, it is recommended to use sourceTensor.clone().detach() or sourceTensor.clone().detach().requires_grad_(True), rather than torch.tensor(sourceTensor).
  eps_temp = torch.tensor(preprocess_cifar(eps_temp, perturbation=True)).reshape(1,-1,1,1)

[-0.07307, 98.556862] (5), [-0.07049, 98.556862] (5), [-0.06055, 98.556862] (5), [-0.05989, 98.556862] (5), 
length of domains: 4
Total time: 0.3713	 pickout: 0.0019	 decision: 0.0309	 get_bound: 0.3381	 add_domain: 0.0003
Current lb:-0.07306766510009766
30 neurons visited
0 diving domains visited
Cumulative time: 4.629072904586792

remaining dive domains: 0/-1, dive_rate:0.0
splitting decisions: [[2, 97], [2, 97], [2, 97], [2, 97]]
single_node_split: True
regular batch size: 2*4, diving batch size 1*0
best_l after optimization: 0.30857276916503906 with beta sum per layer: [0.0, 0.0, 0.06878719478845596]
optimal alpha/beta time: 0.3324246406555176
This batch time : update_bounds func: 0.3377	 prepare: 0.0030	 bound: 0.3327	 transfer: 0.0011	 finalize: 0.0010
Accumulated time: update_bounds func: 2.4435	 prepare: 0.0164	 bound: 2.4155	 transfer: 0.0011	 finalize: 0.0046
batch bounding time:  0.33784055709838867
Current worst splitting domains [lb, ub] (depth):
[-0.04591, 98.556862] (6), [-0.04533, 98.556862] (6), [-0.04349, 98.556862] (6), [-0.04284, 98.556862] (6), [-0.03393, 98.556862] (6), [-0.03338, 98.556862] (6), [-0.03218, 98.556862] (6), [-0.03151, 98.556862] (6), 
length of domains: 8
Total time: 0.3712	 pickout: 0.0019	 decision: 0.0310	 get_bound: 0.3379	 add_domain: 0.0004
Current lb:-0.045914649963378906
38 neurons visited
0 diving domains visited
Cumulative time: 5.000355005264282

remaining dive domains: 0/-1, dive_rate:0.0
splitting decisions: [[2, 18], [2, 18], [2, 18], [2, 18], [2, 18], [2, 18], [2, 18], [2, 18]]
single_node_split: True
regular batch size: 2*8, diving batch size 1*0
best_l after optimization: -0.24764060974121094 with beta sum per layer: [0.0, 0.0, 0.1385394036769867]
optimal alpha/beta time: 0.3362584114074707
This batch time : update_bounds func: 0.3441	 prepare: 0.0040	 bound: 0.3366	 transfer: 0.0019	 finalize: 0.0016
Accumulated time: update_bounds func: 2.7876	 prepare: 0.0204	 bound: 2.7520	 transfer: 0.0019	 finalize: 0.0062
batch bounding time:  0.34421205520629883
Current worst splitting domains [lb, ub] (depth):
[-0.02032, 98.556862] (7), [-0.01961, 98.556862] (7), [-0.01773, 98.556862] (7), [-0.01717, 98.556862] (7), [-0.00776, 98.556862] (7), [-0.00762, 98.556862] (7), [-0.00614, 98.556862] (7), [-0.00576, 98.556862] (7), 
length of domains: 8
Total time: 0.3817	 pickout: 0.0029	 decision: 0.0342	 get_bound: 0.3442	 add_domain: 0.0004
Current lb:-0.020318031311035156
54 neurons visited
0 diving domains visited
Cumulative time: 5.382240056991577

remaining dive domains: 0/-1, dive_rate:0.0
splitting decisions: [[2, 171], [2, 171], [2, 171], [2, 171], [2, 171], [2, 171], [2, 171], [2, 171]]
single_node_split: True
regular batch size: 2*8, diving batch size 1*0
best_l after optimization: -0.15886497497558594 with beta sum per layer: [0.0, 0.0, 0.13950440287590027]
optimal alpha/beta time: 0.3352365493774414
This batch time : update_bounds func: 0.3429	 prepare: 0.0040	 bound: 0.3355	 transfer: 0.0018	 finalize: 0.0016
Accumulated time: update_bounds func: 3.1305	 prepare: 0.0244	 bound: 3.0875	 transfer: 0.0018	 finalize: 0.0077
batch bounding time:  0.34299397468566895
Current worst splitting domains [lb, ub] (depth):
[-0.00157, 98.556862] (8), [-0.00089, 98.556862] (8), 
length of domains: 2
Total time: 0.3780	 pickout: 0.0028	 decision: 0.0319	 get_bound: 0.3430	 add_domain: 0.0001
Current lb:-0.0015735626220703125
70 neurons visited
0 diving domains visited
Cumulative time: 5.760415315628052

remaining dive domains: 0/-1, dive_rate:0.0
splitting decisions: [[1, 6819], [1, 6819]]
single_node_split: True
regular batch size: 2*2, diving batch size 1*0

all verified at 0th iter
best_l after optimization: -0.061496734619140625 with beta sum per layer: [0.0, 0.0, 0.0]
optimal alpha/beta time: 0.013045072555541992
This batch time : update_bounds func: 0.0172	 prepare: 0.0025	 bound: 0.0133	 transfer: 0.0008	 finalize: 0.0005
Accumulated time: update_bounds func: 3.1476	 prepare: 0.0269	 bound: 3.1009	 transfer: 0.0008	 finalize: 0.0082
batch bounding time:  0.01722860336303711
Current worst splitting domains [lb, ub] (depth):

length of domains: 0
Total time: 0.0489	 pickout: 0.0013	 decision: 0.0303	 get_bound: 0.0172	 add_domain: 0.0000
No domains left, verification finished!
Cumulative time: 5.809468984603882

Image 13 pidx 0 verify end, final lower bound 999, upper bound 98.5568618774414, time: 5.89854097366333
13 999
##### [0:13] Tested against 8 ######
Initial alpha-CROWN verified for label 8 with bound 0.4164724349975586
Image 13 pidx 8 verify end, final lower bound 0.4164724349975586, upper bound inf, time: 0.0006735324859619141
13 0.4164724349975586
##### [0:13] Tested against 9 ######
Initial alpha-CROWN verified for label 9 with bound 2.057317018508911
Image 13 pidx 9 verify end, final lower bound 2.057317018508911, upper bound inf, time: 0.0006034374237060547
13 2.057317018508911
##### [0:13] Tested against 2 ######
Initial alpha-CROWN verified for label 2 with bound 1.7155380249023438
Image 13 pidx 2 verify end, final lower bound 1.7155380249023438, upper bound inf, time: 0.0006222724914550781
13 1.7155380249023438
##### [0:13] Tested against 6 ######
Initial alpha-CROWN verified for label 6 with bound 3.455136299133301
Image 13 pidx 6 verify end, final lower bound 3.455136299133301, upper bound inf, time: 0.0006008148193359375
13 3.455136299133301
##### [0:13] Tested against 3 ######
Initial alpha-CROWN verified for label 3 with bound 3.765101909637451
Image 13 pidx 3 verify end, final lower bound 3.765101909637451, upper bound inf, time: 0.0006024837493896484
13 3.765101909637451
##### [0:13] Tested against 4 ######
Initial alpha-CROWN verified for label 4 with bound 3.4988479614257812
Image 13 pidx 4 verify end, final lower bound 3.4988479614257812, upper bound inf, time: 0.0005931854248046875
13 3.4988479614257812
##### [0:13] Tested against 5 ######
Initial alpha-CROWN verified for label 5 with bound 4.565492630004883
Image 13 pidx 5 verify end, final lower bound 4.565492630004883, upper bound inf, time: 0.0005993843078613281
13 4.565492630004883
##### [0:13] Tested against 7 ######
Initial alpha-CROWN verified for label 7 with bound 5.152200698852539
Image 13 pidx 7 verify end, final lower bound 5.152200698852539, upper bound inf, time: 0.0006077289581298828
13 5.152200698852539
##### [0:13] Tested against 1 ######
correct label, skip!
[[ 13.           0.           0.           1.86141348   0.
   -3.                  inf          inf]
 [ 13.           0.           0.           8.09676051   0.
   -1.                  inf          inf]
 [ 13.         999.          74.           5.89854097   0.
    0.          98.55686188   0.56223297]
 [ 13.           0.41647243   0.           0.00067353   0.
    8.                  inf   1.39253998]
 [ 13.           2.05731702   0.           0.00060344   0.
    9.                  inf   2.76628113]
 [ 13.           1.71553802   0.           0.00062227   0.
    2.                  inf   3.12516022]
 [ 13.           3.4551363    0.           0.00060081   0.
    6.                  inf   4.77523804]
 [ 13.           3.76510191   0.           0.00060248   0.
    3.                  inf   5.0404892 ]
 [ 13.           3.49884796   0.           0.00059319   0.
    4.                  inf   5.16430664]
 [ 13.           4.56549263   0.           0.00059938   0.
    5.                  inf   5.89347076]
 [ 13.           5.1522007    0.           0.00060773   0.
    7.                  inf   7.15157318]
 [ 13.           0.           0.           0.           0.
    1.                  inf          inf]]
final verified acc: 100.0%[1]
Total verification count: 1 total verified: 1
mean time [cnt:1] (excluding attack success): 14.00020432472229
