Configurations:

general:
  device: cuda
  seed: 100
  conv_mode: patches
  deterministic: false
  double_fp: false
  loss_reduction_func: sum
  record_bounds: false
  mode: verified-acc
  complete_verifier: bab
  enable_incomplete_verification: true
  get_crown_verified_acc: false
  csv_name: marabou-cifar10_instances.csv
  onnx_path: null
  vnnlib_path: null
  results_file: null
  root_path: ../../../../../vnncomp2021/benchmarks/marabou-cifar10
model:
  path: null
  name: mnist_9_200
data:
  start: 25
  end: 26
  num_classes: 10
  mean: 0.0
  std: 1.0
  pkl_path: null
  dataset: CIFAR
  data_filter_path: null
specification:
  norm: .inf
  epsilon: null
solver:
  alpha-crown:
    lr_alpha: 0.1
    iteration: 100
    share_slopes: false
    no_joint_opt: false
  beta-crown:
    batch_size: 1000
    lr_alpha: 0.01
    lr_beta: 0.5
    lr_decay: 0.98
    optimizer: adam
    iteration: 50
    beta: true
    beta_warmup: true
  intermediate_refinement:
    enabled: false
    batch_size: 10
    opt_coeffs: false
    opt_bias: false
    lr: 0.05
    layers: [-1]
    max_domains: 1000
  mip:
    parallel_solvers: null
    solver_threads: 1
    refine_neuron_timeout: 15
    refine_neuron_time_percentage: 0.8
bab:
  max_domains: 200000
  decision_thresh: 0
  timeout: 360
  get_upper_bound: false
  dfs_percent: 0.0
  branching:
    method: kfsb
    candidates: 5
    reduceop: min
  attack:
    enabled: false
    beam_candidates: 8
    beam_depth: 7
    max_dive_fix_ratio: 0.8
    min_local_free_ratio: 0.2
    mip_timeout: 30.0
    mip_start_iteration: 5
    max_dive_domains: -1
    num_dive_constraints: 50
    dive_rate: 0.2
    adv_dive: false
attack:
  pgd_order: before
  enable_mip_attack: false
  pgd_steps: 100
  pgd_restarts: 30
  pgd_early_stop: true
  pgd_lr_decay: 0.99
  pgd_alpha: auto
debug:
  lp_test: null

Experiments at Wed Nov 10 12:37:56 2021 on ubuntu
saving results to vnn-comp_[marabou-cifar10_instances]_start=25_end=26_iter=50_b=1000_timeout=360_branching=kfsb-min-5_lra-init=0.1_lra=0.01_lrb=0.5_PGD=before.npz
customized start/end sample from 25 to 26

 %%%%%%%%%%%%%%%%%%%%%%%%%%%%%%%%%%% idx: 0 %%%%%%%%%%%%%%%%%%%%%%%%%%%%%%%%%%%%%%%%
Notice: this ONNX file has NHWC order. We assume the X in vnnlib is also flattend in in NHWC order (1, 32, 32, 3)
model output: [-1.4803865  1.6622013 -3.0830772 -2.676809  -1.7574977 -3.3276696
 -5.091779  -1.7337637 -1.5491275  6.3140154]
##### PGD attack: True label: 9, Tested against: [0] ######
pgd prediction: tensor([-0.5407,  2.5102, -2.6441, -2.4692, -1.6224, -3.0497, -4.7252, -1.0697,
        -1.0556,  4.1360], device='cuda:0', grad_fn=<SqueezeBackward1>)
attack margin 4.676681816577911
targeted pgd failed, margin 4.676681816577911
[-1.4803865  1.6622013 -3.0830772 -2.676809  -1.7574977 -3.3276696
 -5.091779  -1.7337637 -1.5491275  6.3140154]
Model prediction is: tensor([[-1.4804,  1.6622, -3.0831, -2.6768, -1.7575, -3.3277, -5.0918, -1.7338,
         -1.5491,  6.3140]], device='cuda:0', grad_fn=<AddBackward0>)
alpha-CROWN optimizable variables initialized.
initial CROWN bounds: tensor([[ -9.0940, -11.8457,  -9.3550,  -7.7955,  -9.1677,  -9.1472,  -8.7093,
         -11.3130,  -7.0697]], device='cuda:0') None
best_l after optimization: 28.345897674560547 with beta sum per layer: []
alpha/beta optimization time: 11.411144256591797
initial alpha-CROWN bounds: tensor([[-3.5653, -6.8873, -2.4176, -2.0912, -2.1434, -2.3970, -2.4627, -3.9681,
         -2.4133]], device='cuda:0', grad_fn=<AsStridedBackward>) None
##### [0] True label: 9, Tested against: 3, onnx_path: ./nets/cifar10_small.onnx, vnnlib_path: ./specs/networkcifar10_small_index9409_eps0.012_target0_orig9.vnnlib ######
Model prediction is: tensor([[-1.4804,  1.6622, -3.0831, -2.6768, -1.7575, -3.3277, -5.0918, -1.7338,
         -1.5491,  6.3140]], device='cuda:0', grad_fn=<AddBackward0>)
alpha-CROWN optimizable variables initialized.
setting alpha for layer /12 start_node /13
setting alpha for layer /12 start_node /16
setting alpha for layer /12 start_node /18
not setting layer /12 start_node /20 because shape mismatch (torch.Size([2, 1, 1, 8, 15, 15]) != torch.Size([2, 9, 1, 8, 15, 15]))
setting alpha for layer /14 start_node /16
setting alpha for layer /14 start_node /18
not setting layer /14 start_node /20 because shape mismatch (torch.Size([2, 1, 1, 16, 6, 6]) != torch.Size([2, 9, 1, 16, 6, 6]))
setting alpha for layer /17 start_node /18
not setting layer /17 start_node /20 because shape mismatch (torch.Size([2, 1, 1, 128]) != torch.Size([2, 9, 1, 128]))
not setting layer /19 start_node /20 because shape mismatch (torch.Size([2, 1, 1, 64]) != torch.Size([2, 9, 1, 64]))
0 /11 torch.Size([1, 8, 15, 15])
1 /13 torch.Size([1, 16, 6, 6])
2 /16 torch.Size([1, 128])
3 /18 torch.Size([1, 64])
best_l after optimization: 2.089956283569336 with beta sum per layer: []
alpha/beta optimization time: 2.471158027648926
alpha-CROWN with fixed intermediate bounds: tensor([[-2.0900]], device='cuda:0', grad_fn=<AsStridedBackward>) None
-2.089956283569336
layer 0 size torch.Size([1800]) unstable 507
layer 1 size torch.Size([576]) unstable 179
layer 2 size torch.Size([128]) unstable 58
layer 3 size torch.Size([64]) unstable 52
# of unstable neurons: 796
remaining dive domains: 0/-1, dive_rate:0.0
splitting decisions: [[3, 49]]
single_node_split: True
regular batch size: 2*1, diving batch size 1*0
best_l after optimization: 3.0473594665527344 with beta sum per layer: [0.0, 0.0, 0.0, 0.0]
alpha/beta optimization time: 1.7164804935455322
This batch time : update_bounds func: 1.7206	 prepare: 0.0024	 bound: 1.7168	 transfer: 0.0008	 finalize: 0.0005
Accumulated time: update_bounds func: 1.7206	 prepare: 0.0024	 bound: 1.7168	 transfer: 0.0008	 finalize: 0.0005
batch bounding time:  1.7208261489868164
Current worst splitting domains [lb, ub] (depth):
[-1.54377, 96.910042] (1), [-1.50359, 96.910042] (1), 
length of domains: 2
Total time: 1.7712	 pickout: 0.0013	 decision: 0.0486	 get_bound: 1.7209	 add_domain: 0.0004
Current lb:-1.5437688827514648
2 neurons visited
0 diving domains visited
Cumulative time: 4.996323347091675

remaining dive domains: 0/-1, dive_rate:0.0
splitting decisions: [[3, 20], [3, 44]]
single_node_split: True
regular batch size: 2*2, diving batch size 1*0
best_l after optimization: 4.24990177154541 with beta sum per layer: [0.0, 0.0, 0.0, 0.0]
alpha/beta optimization time: 0.9567158222198486
This batch time : update_bounds func: 0.9614	 prepare: 0.0028	 bound: 0.9571	 transfer: 0.0008	 finalize: 0.0007
Accumulated time: update_bounds func: 2.6820	 prepare: 0.0052	 bound: 2.6739	 transfer: 0.0008	 finalize: 0.0012
batch bounding time:  0.9615757465362549
Current worst splitting domains [lb, ub] (depth):
[-1.08925, 96.910042] (2), [-1.07418, 96.910042] (2), [-1.04982, 96.910042] (2), [-1.03665, 96.910042] (2), 
length of domains: 4
Total time: 1.0127	 pickout: 0.0016	 decision: 0.0490	 get_bound: 0.9616	 add_domain: 0.0004
Current lb:-1.0892486572265625
6 neurons visited
0 diving domains visited
Cumulative time: 6.009155988693237

remaining dive domains: 0/-1, dive_rate:0.0
splitting decisions: [[3, 20], [3, 20], [3, 44], [3, 44]]
single_node_split: True
regular batch size: 2*4, diving batch size 1*0
best_l after optimization: 4.583467483520508 with beta sum per layer: [0.0, 0.0, 0.0, 2.869507074356079]
alpha/beta optimization time: 0.9685781002044678
This batch time : update_bounds func: 0.9744	 prepare: 0.0033	 bound: 0.9689	 transfer: 0.0009	 finalize: 0.0012
Accumulated time: update_bounds func: 3.6564	 prepare: 0.0085	 bound: 3.6428	 transfer: 0.0009	 finalize: 0.0024
batch bounding time:  0.9745934009552002
Current worst splitting domains [lb, ub] (depth):
[-0.68618, 96.910042] (3), [-0.66570, 96.910042] (3), [-0.64694, 96.910042] (3), [-0.62665, 96.910042] (3), [-0.60276, 96.910042] (3), [-0.56732, 96.910042] (3), [-0.40999, 96.910042] (3), [-0.37792, 96.910042] (3), 
length of domains: 8
Total time: 1.0264	 pickout: 0.0018	 decision: 0.0493	 get_bound: 0.9746	 add_domain: 0.0007
Current lb:-0.6861820220947266
14 neurons visited
0 diving domains visited
Cumulative time: 7.035810470581055

remaining dive domains: 0/-1, dive_rate:0.0
/home/zhouxingshi/conda/miniconda3/envs/alpha-beta-crown/lib/python3.7/site-packages/onnx2pytorch/convert/layer.py:25: UserWarning: The given NumPy array is not writeable, and PyTorch does not support non-writeable tensors. This means you can write to the underlying (supposedly non-writeable) NumPy array using the tensor. You may want to copy the array to protect its data or make it writeable before converting it to a tensor. This type of warning will be suppressed for the rest of this program. (Triggered internally at  /opt/conda/conda-bld/pytorch_1627336316785/work/torch/csrc/utils/tensor_numpy.cpp:143.)
  layer.weight.data = torch.from_numpy(numpy_helper.to_array(weight))
splitting decisions: [[3, 25], [3, 37], [3, 25], [3, 25], [3, 25], [3, 25], [3, 25], [3, 25]]
single_node_split: True
regular batch size: 2*8, diving batch size 1*0
best_l after optimization: 1.0184988975524902 with beta sum per layer: [0.0, 0.0, 0.0, 8.583309173583984]
alpha/beta optimization time: 0.9671084880828857
This batch time : update_bounds func: 0.9754	 prepare: 0.0045	 bound: 0.9674	 transfer: 0.0012	 finalize: 0.0022
Accumulated time: update_bounds func: 4.6318	 prepare: 0.0129	 bound: 4.6102	 transfer: 0.0012	 finalize: 0.0046
batch bounding time:  0.9756436347961426
Current worst splitting domains [lb, ub] (depth):
[-0.30182, 96.910042] (4), [-0.29884, 96.910042] (4), [-0.29640, 96.910042] (4), [-0.27074, 96.910042] (4), [-0.23381, 96.910042] (4), [-0.19420, 96.910042] (4), [-0.06069, 96.910042] (4), 
length of domains: 7
Total time: 1.0301	 pickout: 0.0026	 decision: 0.0511	 get_bound: 0.9757	 add_domain: 0.0006
Current lb:-0.30181884765625
30 neurons visited
0 diving domains visited
Cumulative time: 8.066372156143188

remaining dive domains: 0/-1, dive_rate:0.0
splitting decisions: [[3, 37], [3, 24], [3, 25], [3, 24], [3, 24], [3, 24], [3, 25]]
single_node_split: True
regular batch size: 2*7, diving batch size 1*0

all verified at 0th iter
best_l after optimization: -2.143847942352295 with beta sum per layer: [0.0, 0.0, 0.0, 1.5482897758483887]
alpha/beta optimization time: 0.014181137084960938
This batch time : update_bounds func: 0.0217	 prepare: 0.0042	 bound: 0.0145	 transfer: 0.0010	 finalize: 0.0019
Accumulated time: update_bounds func: 4.6536	 prepare: 0.0171	 bound: 4.6247	 transfer: 0.0010	 finalize: 0.0065
batch bounding time:  0.021814346313476562
Current worst splitting domains [lb, ub] (depth):

length of domains: 0
Total time: 0.0753	 pickout: 0.0025	 decision: 0.0508	 get_bound: 0.0219	 add_domain: 0.0000
No domains left, verification finished!
Cumulative time: 8.142022609710693

Image 0 against label 3 verification end, Time cost: 8.244508266448975
Result: safe-bab in 26.6828 seconds


[[ 0.          0.0000001  44.          8.24450827  3.        ]]
############# Summary #############
Final verified acc: 100.0% [total 1 examples]
Total verification count: 1 , total verified safe: 1 , verified unsafe: 0 , timeout: 0
mean time [total:1]: 8.244508266448975
mean time [cnt:1]: 8.244508266448975
max time 26.682847261428833
safe-bab (total 1): [0]
